MPLINK 4.48, Linker
Linker Map File - Created Mon Oct 24 23:58:38 2016

                                 Section Info
                  Section       Type    Address   Location Size(Bytes)
                ---------  ---------  ---------  ---------  ---------
               _entry_scn       code   0x000000    program   0x000006
       .code__user_putc.o       code   0x000006    program   0x000002
    high_interrupt_vector       code   0x000008    program   0x000006
           .code___init.o       code   0x00000e    program   0x000002
.code_UserinterfaceInitialise.o       code   0x000010    program   0x000002
          .idata_main.o_i    romdata   0x000012    program   0x000002
     low_interrupt_vector       code   0x000018    program   0x000006
                   .cinit    romdata   0x00001e    program   0x000032
  .code_StateTransition.o       code   0x000050    program   0x0016e6
.code_PrimaryInterfaceOutput.o       code   0x001736    program   0x000e58
         .code_vfprintf.o       code   0x00258e    program   0x000c22
.code_SecondaryInterfaceOutput.o       code   0x0031b0    program   0x0008d4
             .stringtable    romdata   0x003a84    program   0x00075b
    .romdata__user_putc.o    romdata   0x0041df    program   0x000000
    .idata__user_putc.o_i    romdata   0x0041df    program   0x000000
.idata_SecondaryInterfaceOutput.o_i    romdata   0x0041df    program   0x000000
.romdata_SecondaryInterfaceOutput.o    romdata   0x0041df    program   0x000000
          .romdata_putc.o    romdata   0x0041df    program   0x000000
.romdata_StateTransition.o    romdata   0x0041df    program   0x000000
          .idata_putc.o_i    romdata   0x0041df    program   0x000000
     .idata_UserInput.o_i    romdata   0x0041df    program   0x000000
     .romdata_UserInput.o    romdata   0x0041df    program   0x000000
 .romdata_UserInterface.o    romdata   0x0041df    program   0x000000
    .idata_xlcddelays.o_i    romdata   0x0041df    program   0x000000
    .romdata_xlcddelays.o    romdata   0x0041df    program   0x000000
      .idata_putsuart.o_i    romdata   0x0041df    program   0x000000
       .romdata_fxm3232.o    romdata   0x0041df    program   0x000000
      .romdata_putsuart.o    romdata   0x0041df    program   0x000000
.idata_Communications.o_i    romdata   0x0041df    program   0x000000
       .romdata_sprintf.o    romdata   0x0041df    program   0x000000
       .idata_sprintf.o_i    romdata   0x0041df    program   0x000000
      .idata_vfprintf.o_i    romdata   0x0041df    program   0x000000
        .romdata___init.o    romdata   0x0041df    program   0x000000
        .idata___init.o_i    romdata   0x0041df    program   0x000000
         .romdata_udefs.o    romdata   0x0041df    program   0x000000
         .idata_udefs.o_i    romdata   0x0041df    program   0x000000
        .romdata_uwrite.o    romdata   0x0041df    program   0x000000
        .idata_uwrite.o_i    romdata   0x0041df    program   0x000000
         .romdata_uopen.o    romdata   0x0041df    program   0x000000
         .idata_uopen.o_i    romdata   0x0041df    program   0x000000
      .idata_fxd3232u.o_i    romdata   0x0041df    program   0x000000
      .romdata_fxd3232u.o    romdata   0x0041df    program   0x000000
          .romdata_main.o    romdata   0x0041df    program   0x000000
       .idata_fxm3232.o_i    romdata   0x0041df    program   0x000000
    .romdata_Navigation.o    romdata   0x0041df    program   0x000000
.romdata_Communications.o    romdata   0x0041df    program   0x000000
.idata_UserinterfaceInitialise.o_i    romdata   0x0041df    program   0x000000
      .romdata_setddram.o    romdata   0x0041df    program   0x000000
      .idata_setddram.o_i    romdata   0x0041df    program   0x000000
      .romdata_setcgram.o    romdata   0x0041df    program   0x000000
      .idata_setcgram.o_i    romdata   0x0041df    program   0x000000
      .romdata_readdata.o    romdata   0x0041df    program   0x000000
      .idata_readdata.o_i    romdata   0x0041df    program   0x000000
      .romdata_readaddr.o    romdata   0x0041df    program   0x000000
      .idata_readaddr.o_i    romdata   0x0041df    program   0x000000
      .romdata_putsxlcd.o    romdata   0x0041df    program   0x000000
      .idata_putsxlcd.o_i    romdata   0x0041df    program   0x000000
      .romdata_putrxlcd.o    romdata   0x0041df    program   0x000000
      .idata_putrxlcd.o_i    romdata   0x0041df    program   0x000000
      .romdata_openxlcd.o    romdata   0x0041df    program   0x000000
      .idata_openxlcd.o_i    romdata   0x0041df    program   0x000000
      .romdata_busyxlcd.o    romdata   0x0041df    program   0x000000
      .idata_busyxlcd.o_i    romdata   0x0041df    program   0x000000
         .romdata_c018i.o    romdata   0x0041df    program   0x000000
         .idata_c018i.o_i    romdata   0x0041df    program   0x000000
.romdata_PrimaryInterfaceOutput.o    romdata   0x0041df    program   0x000000
      .idata_writdata.o_i    romdata   0x0041df    program   0x000000
      .romdata_wcmdxlcd.o    romdata   0x0041df    program   0x000000
.romdata_UserinterfaceInitialise.o    romdata   0x0041df    program   0x000000
      .romdata_writdata.o    romdata   0x0041df    program   0x000000
      .idata_wcmdxlcd.o_i    romdata   0x0041df    program   0x000000
      .idata_LCDWrite.o_i    romdata   0x0041df    program   0x000000
      .romdata_LCDWrite.o    romdata   0x0041df    program   0x000000
.idata_PrimaryInterfaceOutput.o_i    romdata   0x0041df    program   0x000000
            .code_udefs.o       code   0x0041e0    program   0x000000
            .code_c018i.o       code   0x0041e0    program   0x000000
             .code_main.o       code   0x0041e0    program   0x00067e
       .code_Navigation.o       code   0x00485e    program   0x000378
        .code_UserInput.o       code   0x004bd6    program   0x00020a
         .code_LCDWrite.o       code   0x004de0    program   0x00014a
    .code_UserInterface.o       code   0x004f2a    program   0x00010a
   .code_Communications.o       code   0x005034    program   0x000100
         .code_openxlcd.o       code   0x005134    program   0x0000de
       .code_xlcddelays.o       code   0x005212    program   0x0000ac
          .code_sprintf.o       code   0x0052be    program   0x0000ac
               _cinit_scn       code   0x00536a    program   0x00009e
            .code_uopen.o       code   0x005408    program   0x00008a
                 UARTCODE       code   0x005492    program   0x000088
             .code_putc.o       code   0x00551a    program   0x000084
          .code_fxm3232.o       code   0x00559e    program   0x000070
         .code_putrxlcd.o       code   0x00560e    program   0x000068
                   STRING       code   0x005676    program   0x000066
                     PROG       code   0x0056dc    program   0x00005a
         .code_setddram.o       code   0x005736    program   0x000050
         .code_setcgram.o       code   0x005786    program   0x000050
         .code_writdata.o       code   0x0057d6    program   0x00004e
         .code_wcmdxlcd.o       code   0x005824    program   0x00004e
         .code_putsxlcd.o       code   0x005872    program   0x00004e
         .code_fxd3232u.o       code   0x0058c0    program   0x000048
         .code_readdata.o       code   0x005908    program   0x000046
         .code_readaddr.o       code   0x00594e    program   0x000046
         .code_busyxlcd.o       code   0x005994    program   0x00003e
         .code_putsuart.o       code   0x0059d2    program   0x00003c
             D10KTCYXCODE       code   0x005a0e    program   0x00002e
           .code_uwrite.o       code   0x005a3c    program   0x00002e
                    CTYPE       code   0x005a6a    program   0x000024
                    .code       code   0x005a8e    program   0x000020
             _startup_scn       code   0x005aae    program   0x00001c
                    STDIO       code   0x005aca    program   0x00001c
             D100TCYXCODE       code   0x005ae6    program   0x00001c
              D10TCYXCODE       code   0x005b02    program   0x000016
      .romdata_vfprintf.o    romdata   0x005b18    program   0x000011
 .idata_UserInterface.o_i    romdata   0x005b29    program   0x000008
.idata_StateTransition.o_i    romdata   0x005b31    program   0x000007
    .idata_Navigation.o_i    romdata   0x005b38    program   0x00000e
    .config_300001_main.o    romdata   0x300001    program   0x000001
    .config_300002_main.o    romdata   0x300002    program   0x000001
    .config_300003_main.o    romdata   0x300003    program   0x000001
    .config_300005_main.o    romdata   0x300005    program   0x000001
    .config_300006_main.o    romdata   0x300006    program   0x000001
    .config_300008_main.o    romdata   0x300008    program   0x000001
    .config_300009_main.o    romdata   0x300009    program   0x000001
    .config_30000a_main.o    romdata   0x30000a    program   0x000001
    .config_30000b_main.o    romdata   0x30000b    program   0x000001
    .config_30000c_main.o    romdata   0x30000c    program   0x000001
    .config_30000d_main.o    romdata   0x30000d    program   0x000001
                MATH_DATA      udata   0x000000       data   0x000014
                 .tmpdata      udata   0x000014       data   0x000008
                DELAYDAT2      udata   0x00001c       data   0x000001
                DELAYDAT1      udata   0x00001d       data   0x000001
.udata_SecondaryInterfaceOutput.o      udata   0x000080       data   0x000050
            .udata_main.o      udata   0x0000d0       data   0x000020
.udata_PrimaryInterfaceOutput.o      udata   0x0000f0       data   0x000010
      .idata_Navigation.o      idata   0x000100       data   0x00000e
           .udata_c018i.o      udata   0x00010e       data   0x00000a
   .idata_UserInterface.o      idata   0x000118       data   0x000008
 .idata_StateTransition.o      idata   0x000120       data   0x000007
                 UARTDATA      udata   0x000127       data   0x000002
 .udata_StateTransition.o      udata   0x000129       data   0x000002
  .udata_Communications.o      udata   0x00012b       data   0x000002
            .idata_main.o      idata   0x00012d       data   0x000002
           .udata_udefs.o      udata   0x00012f       data   0x000001
   .udata_UserInterface.o      udata   0x000130       data   0x000001
      .udata_Navigation.o      udata   0x000131       data   0x000000
        .idata_putrxlcd.o      idata   0x000131       data   0x000000
        .udata_putrxlcd.o      udata   0x000131       data   0x000000
        .idata_openxlcd.o      idata   0x000131       data   0x000000
        .udata_openxlcd.o      udata   0x000131       data   0x000000
        .idata_busyxlcd.o      idata   0x000131       data   0x000000
        .udata_busyxlcd.o      udata   0x000131       data   0x000000
           .udata_uopen.o      udata   0x000131       data   0x000000
           .idata_uopen.o      idata   0x000131       data   0x000000
          .udata_uwrite.o      udata   0x000131       data   0x000000
          .idata_uwrite.o      idata   0x000131       data   0x000000
           .idata_c018i.o      idata   0x000131       data   0x000000
           .idata_udefs.o      idata   0x000131       data   0x000000
          .udata___init.o      udata   0x000131       data   0x000000
          .idata___init.o      idata   0x000131       data   0x000000
         .udata_sprintf.o      udata   0x000131       data   0x000000
         .idata_sprintf.o      idata   0x000131       data   0x000000
        .udata_vfprintf.o      udata   0x000131       data   0x000000
        .idata_vfprintf.o      idata   0x000131       data   0x000000
        .udata_fxd3232u.o      udata   0x000131       data   0x000000
        .idata_fxd3232u.o      idata   0x000131       data   0x000000
         .udata_fxm3232.o      udata   0x000131       data   0x000000
         .idata_fxm3232.o      idata   0x000131       data   0x000000
            .udata_putc.o      udata   0x000131       data   0x000000
            .idata_putc.o      idata   0x000131       data   0x000000
      .udata__user_putc.o      udata   0x000131       data   0x000000
      .idata__user_putc.o      idata   0x000131       data   0x000000
        .idata_setcgram.o      idata   0x000131       data   0x000000
        .udata_setddram.o      udata   0x000131       data   0x000000
        .idata_setddram.o      idata   0x000131       data   0x000000
.udata_UserinterfaceInitialise.o      udata   0x000131       data   0x000000
.idata_UserinterfaceInitialise.o      idata   0x000131       data   0x000000
        .udata_wcmdxlcd.o      udata   0x000131       data   0x000000
        .idata_wcmdxlcd.o      idata   0x000131       data   0x000000
        .udata_writdata.o      udata   0x000131       data   0x000000
        .idata_writdata.o      idata   0x000131       data   0x000000
        .udata_LCDWrite.o      udata   0x000131       data   0x000000
        .idata_LCDWrite.o      idata   0x000131       data   0x000000
        .udata_setcgram.o      udata   0x000131       data   0x000000
.idata_PrimaryInterfaceOutput.o      idata   0x000131       data   0x000000
        .idata_readdata.o      idata   0x000131       data   0x000000
.idata_SecondaryInterfaceOutput.o      idata   0x000131       data   0x000000
        .udata_readdata.o      udata   0x000131       data   0x000000
        .idata_readaddr.o      idata   0x000131       data   0x000000
       .udata_UserInput.o      udata   0x000131       data   0x000000
       .idata_UserInput.o      idata   0x000131       data   0x000000
        .udata_readaddr.o      udata   0x000131       data   0x000000
        .idata_putsxlcd.o      idata   0x000131       data   0x000000
      .udata_xlcddelays.o      udata   0x000131       data   0x000000
      .idata_xlcddelays.o      idata   0x000131       data   0x000000
        .udata_putsuart.o      udata   0x000131       data   0x000000
        .idata_putsuart.o      idata   0x000131       data   0x000000
        .udata_putsxlcd.o      udata   0x000131       data   0x000000
  .idata_Communications.o      idata   0x000131       data   0x000000
                   .stack      udata   0x000500       data   0x000100
            SFR_UNBANKED0      udata   0x000f80       data   0x000080



                              Program Memory Usage 
                               Start         End      
                           ---------   ---------      
                            0x000000    0x000013      
                            0x000018    0x0041de      
                            0x0041e0    0x005b45      
                            0x300001    0x300003      
                            0x300005    0x300006      
                            0x300008    0x30000d      
            23372 out of 33048 program addresses used, program memory utilization is 70%



                              Symbols - Sorted by Name
                     Name    Address   Location    Storage File                     
                ---------  ---------  ---------  --------- ---------                
                 BusyXLCD   0x005994    program     extern C:\Users\sgle6040\MTRX3_Major\CommanderMain.X\UISourcefiles\XLCD\busyxlcd.c
           CheckUserInput   0x004c32    program     extern C:\Users\sgle6040\MTRX3_Major\CommanderMain.X\UISourcefiles\UserInput.c
     ClearUserInputBuffer   0x004d96    program     extern C:\Users\sgle6040\MTRX3_Major\CommanderMain.X\UISourcefiles\UserInput.c
                   D100_1   0x005af4    program     static E:\c18v3.46\pic18-lt\cxx-framework\src\traditional\delays\d100tcyx.asm
                    D100x   0x005af2    program     static E:\c18v3.46\pic18-lt\cxx-framework\src\traditional\delays\d100tcyx.asm
                   D10K_1   0x005a1a    program     static E:\c18v3.46\pic18-lt\cxx-framework\src\traditional\delays\d10ktcyx.asm
                    D10Kl   0x005a26    program     static E:\c18v3.46\pic18-lt\cxx-framework\src\traditional\delays\d10ktcyx.asm
                    D10Kx   0x005a18    program     static E:\c18v3.46\pic18-lt\cxx-framework\src\traditional\delays\d10ktcyx.asm
                    D10_1   0x005b12    program     static E:\c18v3.46\pic18-lt\cxx-framework\src\traditional\delays\d10tcyx.asm
                     D10x   0x005b0a    program     static E:\c18v3.46\pic18-lt\cxx-framework\src\traditional\delays\d10tcyx.asm
             Delay100TCYx   0x005ae6    program     extern E:\c18v3.46\pic18-lt\cxx-framework\src\traditional\delays\d100tcyx.asm
             Delay10KTCYx   0x005a0e    program     extern E:\c18v3.46\pic18-lt\cxx-framework\src\traditional\delays\d10ktcyx.asm
              Delay10TCYx   0x005b02    program     extern E:\c18v3.46\pic18-lt\cxx-framework\src\traditional\delays\d10tcyx.asm
            DelayFor18TCY   0x005212    program     extern C:\Users\sgle6040\MTRX3_Major\CommanderMain.X\UISourcefiles\xlcddelays.c
             DelayPORXLCD   0x005230    program     extern C:\Users\sgle6040\MTRX3_Major\CommanderMain.X\UISourcefiles\xlcddelays.c
           DelayRXBitUART   0x005110    program     extern C:\Users\sgle6040\MTRX3_Major\CommanderMain.X\Communications.c
       DelayRXHalfBitUART   0x0050f8    program     extern C:\Users\sgle6040\MTRX3_Major\CommanderMain.X\Communications.c
           DelayTXBitUART   0x0050d0    program     extern C:\Users\sgle6040\MTRX3_Major\CommanderMain.X\Communications.c
                DelayXLCD   0x005278    program     extern C:\Users\sgle6040\MTRX3_Major\CommanderMain.X\UISourcefiles\xlcddelays.c
           Emergency_Stop   0x004dbe    program     extern C:\Users\sgle6040\MTRX3_Major\CommanderMain.X\UISourcefiles\UserInput.c
                 FXD3232U   0x0058c0    program     extern E:\c18v3.46\pic18-lt\cxx-framework\src\traditional\math\fxd3232u.c
                 FXM1616S   0x0056dc    program     extern E:\c18v3.46\pic18-lt\cxx-framework\src\traditional\math\fxm1616s.asm
                  FXM3232   0x00559e    program     extern E:\c18v3.46\pic18-lt\cxx-framework\src\traditional\math\fxm3232.c
                  GetChar   0x0054ba    program     static C:\Users\sgle6040\MTRX3_Major\CommanderMain.X\readuart.asm
              GetPasscode   0x000050    program     extern C:\Users\sgle6040\MTRX3_Major\CommanderMain.X\UISourcefiles\StateTransition.c
                 LCDClear   0x004f14    program     extern C:\Users\sgle6040\MTRX3_Major\CommanderMain.X\UISourcefiles\LCDWrite.c
            LCDInitialise   0x004de0    program     extern C:\Users\sgle6040\MTRX3_Major\CommanderMain.X\UISourcefiles\LCDWrite.c
         LCDLine1RAMWrite   0x004e3e    program     extern C:\Users\sgle6040\MTRX3_Major\CommanderMain.X\UISourcefiles\LCDWrite.c
         LCDLine1ROMWrite   0x004dec    program     extern C:\Users\sgle6040\MTRX3_Major\CommanderMain.X\UISourcefiles\LCDWrite.c
         LCDLine2RAMWrite   0x004ed2    program     extern C:\Users\sgle6040\MTRX3_Major\CommanderMain.X\UISourcefiles\LCDWrite.c
         LCDLine2ROMWrite   0x004e80    program     extern C:\Users\sgle6040\MTRX3_Major\CommanderMain.X\UISourcefiles\LCDWrite.c
                LEDOutput   0x001740    program     extern C:\Users\sgle6040\MTRX3_Major\CommanderMain.X\UISourcefiles\PrimaryInterfaceOutput.c
                 LEDSetup   0x001736    program     extern C:\Users\sgle6040\MTRX3_Major\CommanderMain.X\UISourcefiles\PrimaryInterfaceOutput.c
                   ON_OFF   0x004db4    program     extern C:\Users\sgle6040\MTRX3_Major\CommanderMain.X\UISourcefiles\UserInput.c
                 OpenUART   0x005492    program     extern C:\Users\sgle6040\MTRX3_Major\CommanderMain.X\openuart.asm
                OpenUSART   0x005408    program     extern E:\c18v3.46\pic18-lt\cxx-framework\src\pmc_common\USART\uopen.c
                 OpenXLCD   0x005134    program     extern C:\Users\sgle6040\MTRX3_Major\CommanderMain.X\UISourcefiles\XLCD\openxlcd.c
              PCLineClear   0x003264    program     extern C:\Users\sgle6040\MTRX3_Major\CommanderMain.X\UISourcefiles\SecondaryInterfaceOutput.c
               PCRAMWrite   0x00321e    program     extern C:\Users\sgle6040\MTRX3_Major\CommanderMain.X\UISourcefiles\SecondaryInterfaceOutput.c
               PCROMWrite   0x0031d4    program     extern C:\Users\sgle6040\MTRX3_Major\CommanderMain.X\UISourcefiles\SecondaryInterfaceOutput.c
   PrimaryInterfaceOutput   0x001780    program     extern C:\Users\sgle6040\MTRX3_Major\CommanderMain.X\UISourcefiles\PrimaryInterfaceOutput.c
             ReadAddrXLCD   0x00594e    program     extern C:\Users\sgle6040\MTRX3_Major\CommanderMain.X\UISourcefiles\XLCD\readaddr.c
             ReadDataXLCD   0x005908    program     extern C:\Users\sgle6040\MTRX3_Major\CommanderMain.X\UISourcefiles\XLCD\readdata.c
                 ReadUART   0x0054a0    program     extern C:\Users\sgle6040\MTRX3_Major\CommanderMain.X\readuart.asm
      ReadUserInputBuffer   0x004d60    program     extern C:\Users\sgle6040\MTRX3_Major\CommanderMain.X\UISourcefiles\UserInput.c
 SecondaryInterfaceOutput   0x003274    program     extern C:\Users\sgle6040\MTRX3_Major\CommanderMain.X\UISourcefiles\SecondaryInterfaceOutput.c
                  SendBit   0x0054f6    program     static C:\Users\sgle6040\MTRX3_Major\CommanderMain.X\writuart.asm
                SendStart   0x0054fa    program     static C:\Users\sgle6040\MTRX3_Major\CommanderMain.X\writuart.asm
             SetCGRamAddr   0x005786    program     extern C:\Users\sgle6040\MTRX3_Major\CommanderMain.X\UISourcefiles\XLCD\setcgram.c
             SetDDRamAddr   0x005736    program     extern C:\Users\sgle6040\MTRX3_Major\CommanderMain.X\UISourcefiles\XLCD\setddram.c
          StateTransition   0x00011c    program     extern C:\Users\sgle6040\MTRX3_Major\CommanderMain.X\UISourcefiles\StateTransition.c
               TSIGN1616A   0x005728    program     static E:\c18v3.46\pic18-lt\cxx-framework\src\traditional\math\fxm1616s.asm
                  UISetup   0x004f2a    program     extern C:\Users\sgle6040\MTRX3_Major\CommanderMain.X\UISourcefiles\UserInterface.c
           UserInputSetup   0x004bd6    program     extern C:\Users\sgle6040\MTRX3_Major\CommanderMain.X\UISourcefiles\UserInput.c
                 WaitChar   0x0054a8    program     static C:\Users\sgle6040\MTRX3_Major\CommanderMain.X\readuart.asm
             WriteCmdXLCD   0x005824    program     extern C:\Users\sgle6040\MTRX3_Major\CommanderMain.X\UISourcefiles\XLCD\wcmdxlcd.c
            WriteDataXLCD   0x0057d6    program     extern C:\Users\sgle6040\MTRX3_Major\CommanderMain.X\UISourcefiles\XLCD\writdata.c
                WriteUART   0x0054e2    program     extern C:\Users\sgle6040\MTRX3_Major\CommanderMain.X\writuart.asm
               WriteUSART   0x005a3c    program     extern E:\c18v3.46\pic18-lt\cxx-framework\src\pmc_common\USART\uwrite.c
     WriteUserInputBuffer   0x004bfe    program     extern C:\Users\sgle6040\MTRX3_Major\CommanderMain.X\UISourcefiles\UserInput.c
                   _2jEnd   0x0056c6    program     static E:\c18v3.46\pic18-lt\cxx-framework\src\traditional\stdclib\slenpgm.asm
       _D100TCYXCODE_0008   0x005aee    program     static E:\c18v3.46\pic18-lt\cxx-framework\src\traditional\delays\d100tcyx.asm
       _D100TCYXCODE_0012   0x005af8    program     static E:\c18v3.46\pic18-lt\cxx-framework\src\traditional\delays\d100tcyx.asm
       _D100TCYXCODE_0018   0x005afe    program     static E:\c18v3.46\pic18-lt\cxx-framework\src\traditional\delays\d100tcyx.asm
       _D10KTCYXCODE_0010   0x005a1e    program     static E:\c18v3.46\pic18-lt\cxx-framework\src\traditional\delays\d10ktcyx.asm
       _D10KTCYXCODE_001C   0x005a2a    program     static E:\c18v3.46\pic18-lt\cxx-framework\src\traditional\delays\d10ktcyx.asm
        _D10TCYXCODE_000A   0x005b0c    program     static E:\c18v3.46\pic18-lt\cxx-framework\src\traditional\delays\d10tcyx.asm
        _D10TCYXCODE_000C   0x005b0e    program     static E:\c18v3.46\pic18-lt\cxx-framework\src\traditional\delays\d10tcyx.asm
        _D10TCYXCODE_000E   0x005b10    program     static E:\c18v3.46\pic18-lt\cxx-framework\src\traditional\delays\d10tcyx.asm
       ___return_lbl00000   0x00560c    program     static                          
       ___return_lbl00000   0x000004    program     static                          
       ___return_lbl00000   0x005906    program     static                          
       ___return_lbl00000   0x00522e    program     static                          
       ___return_lbl00000   0x00000c    program     static                          
       ___return_lbl00001   0x005ac8    program     static                          
       ___return_lbl00001   0x005264    program     static                          
       ___return_lbl00001   0x00001c    program     static                          
       ___return_lbl00002   0x005406    program     static                          
       ___return_lbl00004   0x0052aa    program     static                          
       ___return_lbl00006   0x0050f6    program     static                          
       ___return_lbl00007   0x00510e    program     static                          
       ___return_lbl00008   0x005132    program     static                          
        ___while_lbl00002   0x00524c    program     static                          
        ___while_lbl00003   0x005264    program     static                          
        ___while_lbl00005   0x005292    program     static                          
        ___while_lbl00006   0x0052aa    program     static                          
               __config_0   0x300001    program     static C:\Users\sgle6040\MTRX3_Major\CommanderMain.X\main.c
               __config_1   0x300002    program     static C:\Users\sgle6040\MTRX3_Major\CommanderMain.X\main.c
              __config_10   0x30000d    program     static C:\Users\sgle6040\MTRX3_Major\CommanderMain.X\main.c
               __config_2   0x300003    program     static C:\Users\sgle6040\MTRX3_Major\CommanderMain.X\main.c
               __config_3   0x300005    program     static C:\Users\sgle6040\MTRX3_Major\CommanderMain.X\main.c
               __config_4   0x300006    program     static C:\Users\sgle6040\MTRX3_Major\CommanderMain.X\main.c
               __config_5   0x300008    program     static C:\Users\sgle6040\MTRX3_Major\CommanderMain.X\main.c
               __config_6   0x300009    program     static C:\Users\sgle6040\MTRX3_Major\CommanderMain.X\main.c
               __config_7   0x30000a    program     static C:\Users\sgle6040\MTRX3_Major\CommanderMain.X\main.c
               __config_8   0x30000b    program     static C:\Users\sgle6040\MTRX3_Major\CommanderMain.X\main.c
               __config_9   0x30000c    program     static C:\Users\sgle6040\MTRX3_Major\CommanderMain.X\main.c
                   __init   0x00000e    program     extern E:\c18v3.46\pic18-lt\cxx-framework\src\traditional\stdclib\__init.c
                   __pa_0   0x002ece    program     static E:\c18v3.46\pic18-lt\cxx-framework\src\traditional\stdclib\vfprintf.c
                   __pa_1   0x002ed6    program     static E:\c18v3.46\pic18-lt\cxx-framework\src\traditional\stdclib\vfprintf.c
                  __pa_10   0x002f8a    program     static E:\c18v3.46\pic18-lt\cxx-framework\src\traditional\stdclib\vfprintf.c
                  __pa_11   0x002f98    program     static E:\c18v3.46\pic18-lt\cxx-framework\src\traditional\stdclib\vfprintf.c
                  __pa_12   0x002fae    program     static E:\c18v3.46\pic18-lt\cxx-framework\src\traditional\stdclib\vfprintf.c
                  __pa_13   0x002fc8    program     static E:\c18v3.46\pic18-lt\cxx-framework\src\traditional\stdclib\vfprintf.c
                  __pa_14   0x002fe0    program     static E:\c18v3.46\pic18-lt\cxx-framework\src\traditional\stdclib\vfprintf.c
                  __pa_15   0x002ff0    program     static E:\c18v3.46\pic18-lt\cxx-framework\src\traditional\stdclib\vfprintf.c
                  __pa_16   0x003006    program     static E:\c18v3.46\pic18-lt\cxx-framework\src\traditional\stdclib\vfprintf.c
                  __pa_17   0x003018    program     static E:\c18v3.46\pic18-lt\cxx-framework\src\traditional\stdclib\vfprintf.c
                  __pa_18   0x00302a    program     static E:\c18v3.46\pic18-lt\cxx-framework\src\traditional\stdclib\vfprintf.c
                  __pa_19   0x003034    program     static E:\c18v3.46\pic18-lt\cxx-framework\src\traditional\stdclib\vfprintf.c
                   __pa_2   0x002ee0    program     static E:\c18v3.46\pic18-lt\cxx-framework\src\traditional\stdclib\vfprintf.c
                  __pa_20   0x003044    program     static E:\c18v3.46\pic18-lt\cxx-framework\src\traditional\stdclib\vfprintf.c
                  __pa_21   0x003054    program     static E:\c18v3.46\pic18-lt\cxx-framework\src\traditional\stdclib\vfprintf.c
                  __pa_22   0x003064    program     static E:\c18v3.46\pic18-lt\cxx-framework\src\traditional\stdclib\vfprintf.c
                  __pa_23   0x003070    program     static E:\c18v3.46\pic18-lt\cxx-framework\src\traditional\stdclib\vfprintf.c
                  __pa_24   0x00307e    program     static E:\c18v3.46\pic18-lt\cxx-framework\src\traditional\stdclib\vfprintf.c
                  __pa_25   0x003086    program     static E:\c18v3.46\pic18-lt\cxx-framework\src\traditional\stdclib\vfprintf.c
                  __pa_26   0x003090    program     static E:\c18v3.46\pic18-lt\cxx-framework\src\traditional\stdclib\vfprintf.c
                  __pa_27   0x00309a    program     static E:\c18v3.46\pic18-lt\cxx-framework\src\traditional\stdclib\vfprintf.c
                  __pa_28   0x0030a2    program     static E:\c18v3.46\pic18-lt\cxx-framework\src\traditional\stdclib\vfprintf.c
                  __pa_29   0x0030b0    program     static E:\c18v3.46\pic18-lt\cxx-framework\src\traditional\stdclib\vfprintf.c
                   __pa_3   0x002eea    program     static E:\c18v3.46\pic18-lt\cxx-framework\src\traditional\stdclib\vfprintf.c
                  __pa_30   0x0030cc    program     static E:\c18v3.46\pic18-lt\cxx-framework\src\traditional\stdclib\vfprintf.c
                  __pa_31   0x0030e6    program     static E:\c18v3.46\pic18-lt\cxx-framework\src\traditional\stdclib\vfprintf.c
                  __pa_32   0x003100    program     static E:\c18v3.46\pic18-lt\cxx-framework\src\traditional\stdclib\vfprintf.c
                  __pa_33   0x003118    program     static E:\c18v3.46\pic18-lt\cxx-framework\src\traditional\stdclib\vfprintf.c
                  __pa_34   0x003122    program     static E:\c18v3.46\pic18-lt\cxx-framework\src\traditional\stdclib\vfprintf.c
                  __pa_35   0x003130    program     static E:\c18v3.46\pic18-lt\cxx-framework\src\traditional\stdclib\vfprintf.c
                  __pa_36   0x003138    program     static E:\c18v3.46\pic18-lt\cxx-framework\src\traditional\stdclib\vfprintf.c
                  __pa_37   0x003142    program     static E:\c18v3.46\pic18-lt\cxx-framework\src\traditional\stdclib\vfprintf.c
                  __pa_38   0x003152    program     static E:\c18v3.46\pic18-lt\cxx-framework\src\traditional\stdclib\vfprintf.c
                  __pa_39   0x003160    program     static E:\c18v3.46\pic18-lt\cxx-framework\src\traditional\stdclib\vfprintf.c
                   __pa_4   0x002f02    program     static E:\c18v3.46\pic18-lt\cxx-framework\src\traditional\stdclib\vfprintf.c
                  __pa_40   0x00316c    program     static E:\c18v3.46\pic18-lt\cxx-framework\src\traditional\stdclib\vfprintf.c
                  __pa_41   0x003178    program     static E:\c18v3.46\pic18-lt\cxx-framework\src\traditional\stdclib\vfprintf.c
                  __pa_42   0x003180    program     static E:\c18v3.46\pic18-lt\cxx-framework\src\traditional\stdclib\vfprintf.c
                  __pa_43   0x00318a    program     static E:\c18v3.46\pic18-lt\cxx-framework\src\traditional\stdclib\vfprintf.c
                  __pa_44   0x003190    program     static E:\c18v3.46\pic18-lt\cxx-framework\src\traditional\stdclib\vfprintf.c
                  __pa_45   0x00319a    program     static E:\c18v3.46\pic18-lt\cxx-framework\src\traditional\stdclib\vfprintf.c
                  __pa_46   0x0031a6    program     static E:\c18v3.46\pic18-lt\cxx-framework\src\traditional\stdclib\vfprintf.c
                   __pa_5   0x002f16    program     static E:\c18v3.46\pic18-lt\cxx-framework\src\traditional\stdclib\vfprintf.c
                   __pa_6   0x002f32    program     static E:\c18v3.46\pic18-lt\cxx-framework\src\traditional\stdclib\vfprintf.c
                   __pa_7   0x002f3c    program     static E:\c18v3.46\pic18-lt\cxx-framework\src\traditional\stdclib\vfprintf.c
                   __pa_8   0x002f48    program     static E:\c18v3.46\pic18-lt\cxx-framework\src\traditional\stdclib\vfprintf.c
                   __pa_9   0x002f6a    program     static E:\c18v3.46\pic18-lt\cxx-framework\src\traditional\stdclib\vfprintf.c
               __string_0   0x0041dd    program     static C:\Users\sgle6040\MTRX3_Major\CommanderMain.X\UISourcefiles\UserInput.c
               __string_0   0x004193    program     static C:\Users\sgle6040\MTRX3_Major\CommanderMain.X\UISourcefiles\SecondaryInterfaceOutput.c
               __string_0   0x003cdc    program     static C:\Users\sgle6040\MTRX3_Major\CommanderMain.X\UISourcefiles\PrimaryInterfaceOutput.c
               __string_1   0x004123    program     static C:\Users\sgle6040\MTRX3_Major\CommanderMain.X\UISourcefiles\SecondaryInterfaceOutput.c
               __string_1   0x0041c0    program     static C:\Users\sgle6040\MTRX3_Major\CommanderMain.X\UISourcefiles\StateTransition.c
               __string_1   0x003ccb    program     static C:\Users\sgle6040\MTRX3_Major\CommanderMain.X\UISourcefiles\PrimaryInterfaceOutput.c
               __string_1   0x0041db    program     static C:\Users\sgle6040\MTRX3_Major\CommanderMain.X\UISourcefiles\UserInput.c
              __string_10   0x003c3f    program     static C:\Users\sgle6040\MTRX3_Major\CommanderMain.X\UISourcefiles\PrimaryInterfaceOutput.c
              __string_10   0x003fd9    program     static C:\Users\sgle6040\MTRX3_Major\CommanderMain.X\UISourcefiles\SecondaryInterfaceOutput.c
              __string_11   0x003fca    program     static C:\Users\sgle6040\MTRX3_Major\CommanderMain.X\UISourcefiles\SecondaryInterfaceOutput.c
              __string_11   0x003c2d    program     static C:\Users\sgle6040\MTRX3_Major\CommanderMain.X\UISourcefiles\PrimaryInterfaceOutput.c
              __string_12   0x003fbb    program     static C:\Users\sgle6040\MTRX3_Major\CommanderMain.X\UISourcefiles\SecondaryInterfaceOutput.c
              __string_12   0x003c1c    program     static C:\Users\sgle6040\MTRX3_Major\CommanderMain.X\UISourcefiles\PrimaryInterfaceOutput.c
              __string_13   0x003faa    program     static C:\Users\sgle6040\MTRX3_Major\CommanderMain.X\UISourcefiles\SecondaryInterfaceOutput.c
              __string_13   0x003c0b    program     static C:\Users\sgle6040\MTRX3_Major\CommanderMain.X\UISourcefiles\PrimaryInterfaceOutput.c
              __string_14   0x003f6d    program     static C:\Users\sgle6040\MTRX3_Major\CommanderMain.X\UISourcefiles\SecondaryInterfaceOutput.c
              __string_14   0x003bfa    program     static C:\Users\sgle6040\MTRX3_Major\CommanderMain.X\UISourcefiles\PrimaryInterfaceOutput.c
              __string_15   0x003f5a    program     static C:\Users\sgle6040\MTRX3_Major\CommanderMain.X\UISourcefiles\SecondaryInterfaceOutput.c
              __string_15   0x003be9    program     static C:\Users\sgle6040\MTRX3_Major\CommanderMain.X\UISourcefiles\PrimaryInterfaceOutput.c
              __string_16   0x003bd8    program     static C:\Users\sgle6040\MTRX3_Major\CommanderMain.X\UISourcefiles\PrimaryInterfaceOutput.c
              __string_16   0x003f42    program     static C:\Users\sgle6040\MTRX3_Major\CommanderMain.X\UISourcefiles\SecondaryInterfaceOutput.c
              __string_17   0x003bc7    program     static C:\Users\sgle6040\MTRX3_Major\CommanderMain.X\UISourcefiles\PrimaryInterfaceOutput.c
              __string_17   0x003f30    program     static C:\Users\sgle6040\MTRX3_Major\CommanderMain.X\UISourcefiles\SecondaryInterfaceOutput.c
              __string_18   0x003e7e    program     static C:\Users\sgle6040\MTRX3_Major\CommanderMain.X\UISourcefiles\SecondaryInterfaceOutput.c
              __string_18   0x003bb6    program     static C:\Users\sgle6040\MTRX3_Major\CommanderMain.X\UISourcefiles\PrimaryInterfaceOutput.c
              __string_19   0x003ba5    program     static C:\Users\sgle6040\MTRX3_Major\CommanderMain.X\UISourcefiles\PrimaryInterfaceOutput.c
              __string_19   0x003e6d    program     static C:\Users\sgle6040\MTRX3_Major\CommanderMain.X\UISourcefiles\SecondaryInterfaceOutput.c
               __string_2   0x003cba    program     static C:\Users\sgle6040\MTRX3_Major\CommanderMain.X\UISourcefiles\PrimaryInterfaceOutput.c
               __string_2   0x0040f6    program     static C:\Users\sgle6040\MTRX3_Major\CommanderMain.X\UISourcefiles\SecondaryInterfaceOutput.c
               __string_2   0x0041d9    program     static C:\Users\sgle6040\MTRX3_Major\CommanderMain.X\UISourcefiles\UserInput.c
              __string_20   0x003b94    program     static C:\Users\sgle6040\MTRX3_Major\CommanderMain.X\UISourcefiles\PrimaryInterfaceOutput.c
              __string_20   0x003e5c    program     static C:\Users\sgle6040\MTRX3_Major\CommanderMain.X\UISourcefiles\SecondaryInterfaceOutput.c
              __string_21   0x003b83    program     static C:\Users\sgle6040\MTRX3_Major\CommanderMain.X\UISourcefiles\PrimaryInterfaceOutput.c
              __string_21   0x003e48    program     static C:\Users\sgle6040\MTRX3_Major\CommanderMain.X\UISourcefiles\SecondaryInterfaceOutput.c
              __string_22   0x003b72    program     static C:\Users\sgle6040\MTRX3_Major\CommanderMain.X\UISourcefiles\PrimaryInterfaceOutput.c
              __string_22   0x003e29    program     static C:\Users\sgle6040\MTRX3_Major\CommanderMain.X\UISourcefiles\SecondaryInterfaceOutput.c
              __string_23   0x003e13    program     static C:\Users\sgle6040\MTRX3_Major\CommanderMain.X\UISourcefiles\SecondaryInterfaceOutput.c
              __string_23   0x003b61    program     static C:\Users\sgle6040\MTRX3_Major\CommanderMain.X\UISourcefiles\PrimaryInterfaceOutput.c
              __string_24   0x003b50    program     static C:\Users\sgle6040\MTRX3_Major\CommanderMain.X\UISourcefiles\PrimaryInterfaceOutput.c
              __string_24   0x003df4    program     static C:\Users\sgle6040\MTRX3_Major\CommanderMain.X\UISourcefiles\SecondaryInterfaceOutput.c
              __string_25   0x003b3f    program     static C:\Users\sgle6040\MTRX3_Major\CommanderMain.X\UISourcefiles\PrimaryInterfaceOutput.c
              __string_25   0x003ddc    program     static C:\Users\sgle6040\MTRX3_Major\CommanderMain.X\UISourcefiles\SecondaryInterfaceOutput.c
              __string_26   0x003b2e    program     static C:\Users\sgle6040\MTRX3_Major\CommanderMain.X\UISourcefiles\PrimaryInterfaceOutput.c
              __string_26   0x003dca    program     static C:\Users\sgle6040\MTRX3_Major\CommanderMain.X\UISourcefiles\SecondaryInterfaceOutput.c
              __string_27   0x003dad    program     static C:\Users\sgle6040\MTRX3_Major\CommanderMain.X\UISourcefiles\SecondaryInterfaceOutput.c
              __string_27   0x003b1d    program     static C:\Users\sgle6040\MTRX3_Major\CommanderMain.X\UISourcefiles\PrimaryInterfaceOutput.c
              __string_28   0x003b0c    program     static C:\Users\sgle6040\MTRX3_Major\CommanderMain.X\UISourcefiles\PrimaryInterfaceOutput.c
              __string_28   0x003d99    program     static C:\Users\sgle6040\MTRX3_Major\CommanderMain.X\UISourcefiles\SecondaryInterfaceOutput.c
              __string_29   0x003d7c    program     static C:\Users\sgle6040\MTRX3_Major\CommanderMain.X\UISourcefiles\SecondaryInterfaceOutput.c
              __string_29   0x003afb    program     static C:\Users\sgle6040\MTRX3_Major\CommanderMain.X\UISourcefiles\PrimaryInterfaceOutput.c
               __string_3   0x004084    program     static C:\Users\sgle6040\MTRX3_Major\CommanderMain.X\UISourcefiles\SecondaryInterfaceOutput.c
               __string_3   0x003ca9    program     static C:\Users\sgle6040\MTRX3_Major\CommanderMain.X\UISourcefiles\PrimaryInterfaceOutput.c
               __string_3   0x0041d7    program     static C:\Users\sgle6040\MTRX3_Major\CommanderMain.X\UISourcefiles\UserInput.c
              __string_30   0x003d65    program     static C:\Users\sgle6040\MTRX3_Major\CommanderMain.X\UISourcefiles\SecondaryInterfaceOutput.c
              __string_30   0x003aea    program     static C:\Users\sgle6040\MTRX3_Major\CommanderMain.X\UISourcefiles\PrimaryInterfaceOutput.c
              __string_31   0x003d52    program     static C:\Users\sgle6040\MTRX3_Major\CommanderMain.X\UISourcefiles\SecondaryInterfaceOutput.c
              __string_31   0x003ad9    program     static C:\Users\sgle6040\MTRX3_Major\CommanderMain.X\UISourcefiles\PrimaryInterfaceOutput.c
              __string_32   0x003d3d    program     static C:\Users\sgle6040\MTRX3_Major\CommanderMain.X\UISourcefiles\SecondaryInterfaceOutput.c
              __string_32   0x003ac8    program     static C:\Users\sgle6040\MTRX3_Major\CommanderMain.X\UISourcefiles\PrimaryInterfaceOutput.c
              __string_33   0x003d2a    program     static C:\Users\sgle6040\MTRX3_Major\CommanderMain.X\UISourcefiles\SecondaryInterfaceOutput.c
              __string_33   0x003ab7    program     static C:\Users\sgle6040\MTRX3_Major\CommanderMain.X\UISourcefiles\PrimaryInterfaceOutput.c
              __string_34   0x003aa6    program     static C:\Users\sgle6040\MTRX3_Major\CommanderMain.X\UISourcefiles\PrimaryInterfaceOutput.c
              __string_34   0x003d19    program     static C:\Users\sgle6040\MTRX3_Major\CommanderMain.X\UISourcefiles\SecondaryInterfaceOutput.c
              __string_35   0x003a95    program     static C:\Users\sgle6040\MTRX3_Major\CommanderMain.X\UISourcefiles\PrimaryInterfaceOutput.c
              __string_35   0x003d0a    program     static C:\Users\sgle6040\MTRX3_Major\CommanderMain.X\UISourcefiles\SecondaryInterfaceOutput.c
              __string_36   0x003ced    program     static C:\Users\sgle6040\MTRX3_Major\CommanderMain.X\UISourcefiles\SecondaryInterfaceOutput.c
              __string_36   0x003a84    program     static C:\Users\sgle6040\MTRX3_Major\CommanderMain.X\UISourcefiles\PrimaryInterfaceOutput.c
               __string_4   0x004040    program     static C:\Users\sgle6040\MTRX3_Major\CommanderMain.X\UISourcefiles\SecondaryInterfaceOutput.c
               __string_4   0x0041d5    program     static C:\Users\sgle6040\MTRX3_Major\CommanderMain.X\UISourcefiles\UserInput.c
               __string_4   0x003c98    program     static C:\Users\sgle6040\MTRX3_Major\CommanderMain.X\UISourcefiles\PrimaryInterfaceOutput.c
               __string_5   0x004030    program     static C:\Users\sgle6040\MTRX3_Major\CommanderMain.X\UISourcefiles\SecondaryInterfaceOutput.c
               __string_5   0x0041d3    program     static C:\Users\sgle6040\MTRX3_Major\CommanderMain.X\UISourcefiles\UserInput.c
               __string_5   0x003c87    program     static C:\Users\sgle6040\MTRX3_Major\CommanderMain.X\UISourcefiles\PrimaryInterfaceOutput.c
               __string_6   0x003c76    program     static C:\Users\sgle6040\MTRX3_Major\CommanderMain.X\UISourcefiles\PrimaryInterfaceOutput.c
               __string_6   0x0041d1    program     static C:\Users\sgle6040\MTRX3_Major\CommanderMain.X\UISourcefiles\UserInput.c
               __string_6   0x00401f    program     static C:\Users\sgle6040\MTRX3_Major\CommanderMain.X\UISourcefiles\SecondaryInterfaceOutput.c
               __string_7   0x003c65    program     static C:\Users\sgle6040\MTRX3_Major\CommanderMain.X\UISourcefiles\PrimaryInterfaceOutput.c
               __string_7   0x00400f    program     static C:\Users\sgle6040\MTRX3_Major\CommanderMain.X\UISourcefiles\SecondaryInterfaceOutput.c
               __string_7   0x0041cf    program     static C:\Users\sgle6040\MTRX3_Major\CommanderMain.X\UISourcefiles\UserInput.c
               __string_8   0x003c54    program     static C:\Users\sgle6040\MTRX3_Major\CommanderMain.X\UISourcefiles\PrimaryInterfaceOutput.c
               __string_8   0x003ffa    program     static C:\Users\sgle6040\MTRX3_Major\CommanderMain.X\UISourcefiles\SecondaryInterfaceOutput.c
               __string_9   0x003fe7    program     static C:\Users\sgle6040\MTRX3_Major\CommanderMain.X\UISourcefiles\SecondaryInterfaceOutput.c
               __string_9   0x003c4a    program     static C:\Users\sgle6040\MTRX3_Major\CommanderMain.X\UISourcefiles\PrimaryInterfaceOutput.c
              __tmplbl_35   0x00211a    program     static                          
              __tmplbl_40   0x00172e    program     static                          
              __tmplbl_41   0x00172e    program     static                          
              __tmplbl_42   0x003064    program     static                          
              __tmplbl_43   0x002eac    program     static                          
              __tmplbl_44   0x0016b2    program     static                          
              __tmplbl_44   0x002e92    program     static                          
              __tmplbl_47   0x0016b2    program     static                          
              __tmplbl_49   0x0016b2    program     static                          
              __tmplbl_52   0x0016b0    program     static                          
              __tmplbl_53   0x0016b0    program     static                          
              __tmplbl_54   0x0016b0    program     static                          
              __tmplbl_85   0x0025e4    program     static                          
            __zero_memory   0x005a8e    program     extern E:\c18v3.46\pic18-lt\cxx-framework\src\traditional\proc\p18f4520.asm
                _do_cinit   0x00536a    program     extern E:\c18v3.46\pic18-lt\cxx-framework\src\traditional\startup\c018i.c
                   _entry   0x000000    program     extern E:\c18v3.46\pic18-lt\cxx-framework\src\traditional\startup\c018i.c
                   _false   0x005902    program     static                          
                 _startup   0x005aae    program     extern E:\c18v3.46\pic18-lt\cxx-framework\src\traditional\startup\c018i.c
              _usart_putc   0x005aca    program     extern E:\c18v3.46\pic18-lt\cxx-framework\src\pmc_common\USART\_usartpc.asm
               _user_putc   0x000006    program     extern E:\c18v3.46\pic18-lt\cxx-framework\src\traditional\stdclib\_user_putc.c
                checkScan   0x0049dc    program     extern C:\Users\sgle6040\MTRX3_Major\CommanderMain.X\Navigation.c
                commSetup   0x005034    program     extern C:\Users\sgle6040\MTRX3_Major\CommanderMain.X\Communications.c
                compare_l   0x005aa4    program     static E:\c18v3.46\pic18-lt\cxx-framework\src\traditional\proc\p18f4520.asm
                copy_loop   0x0053dc    program     static                          
            copy_one_byte   0x0053e2    program     static                          
                     done   0x005406    program     static                          
             done_copying   0x0053f0    program     static                          
            goto_high_ISR   0x000008    program     extern C:\Users\sgle6040\MTRX3_Major\CommanderMain.X\main.c
             goto_low_ISR   0x000018    program     extern C:\Users\sgle6040\MTRX3_Major\CommanderMain.X\main.c
           high_interrupt   0x00478e    program     extern C:\Users\sgle6040\MTRX3_Major\CommanderMain.X\main.c
               initialise   0x000010    program     extern C:\Users\sgle6040\MTRX3_Major\CommanderMain.X\UISourcefiles\XLCD\UserinterfaceInitialise.c
           initialiseComs   0x0031b0    program     extern C:\Users\sgle6040\MTRX3_Major\CommanderMain.X\UISourcefiles\SecondaryInterfaceOutput.c
       initialising_state   0x0000b0    program     extern C:\Users\sgle6040\MTRX3_Major\CommanderMain.X\UISourcefiles\StateTransition.c
                  inputUI   0x004f4e    program     extern C:\Users\sgle6040\MTRX3_Major\CommanderMain.X\UISourcefiles\UserInterface.c
                  isdigit   0x005a6a    program     extern E:\c18v3.46\pic18-lt\cxx-framework\src\traditional\stdclib\isdigit.asm
                     jEnd   0x005690    program     static E:\c18v3.46\pic18-lt\cxx-framework\src\traditional\stdclib\strlen.asm
                     jEnd   0x0056c8    program     static E:\c18v3.46\pic18-lt\cxx-framework\src\traditional\stdclib\slenpgm.asm
                    jLoop   0x0056b0    program     static E:\c18v3.46\pic18-lt\cxx-framework\src\traditional\stdclib\slenpgm.asm
                    jLoop   0x005686    program     static E:\c18v3.46\pic18-lt\cxx-framework\src\traditional\stdclib\strlen.asm
                   jMatch   0x005a8a    program     static E:\c18v3.46\pic18-lt\cxx-framework\src\traditional\stdclib\isdigit.asm
                 jNoMatch   0x005a8c    program     static E:\c18v3.46\pic18-lt\cxx-framework\src\traditional\stdclib\isdigit.asm
                     loop   0x005abe    program     static                          
                     loop   0x0058ce    program     static                          
                     loop   0x005ada    program     static E:\c18v3.46\pic18-lt\cxx-framework\src\pmc_common\USART\_usartpc.asm
                   loop_h   0x005a9c    program     static E:\c18v3.46\pic18-lt\cxx-framework\src\traditional\proc\p18f4520.asm
                   loop_l   0x005aa6    program     static E:\c18v3.46\pic18-lt\cxx-framework\src\traditional\proc\p18f4520.asm
            low_interrupt   0x0046ce    program     extern C:\Users\sgle6040\MTRX3_Major\CommanderMain.X\main.c
                     main   0x0041e0    program     extern C:\Users\sgle6040\MTRX3_Major\CommanderMain.X\main.c
                 navSetup   0x00485e    program     extern C:\Users\sgle6040\MTRX3_Major\CommanderMain.X\Navigation.c
                 outputUI   0x004fb6    program     extern C:\Users\sgle6040\MTRX3_Major\CommanderMain.X\UISourcefiles\UserInterface.c
         parseUIDirection   0x004ab0    program     extern C:\Users\sgle6040\MTRX3_Major\CommanderMain.X\Navigation.c
          processReceived   0x0050c0    program     extern C:\Users\sgle6040\MTRX3_Major\CommanderMain.X\Communications.c
                     putc   0x00551a    program     extern E:\c18v3.46\pic18-lt\cxx-framework\src\traditional\stdclib\putc.c
                putrsXLCD   0x00560e    program     extern C:\Users\sgle6040\MTRX3_Major\CommanderMain.X\UISourcefiles\XLCD\putrxlcd.c
                 putsUART   0x0059d2    program     extern C:\Users\sgle6040\MTRX3_Major\CommanderMain.X\putsuart.c
                 putsXLCD   0x005872    program     extern C:\Users\sgle6040\MTRX3_Major\CommanderMain.X\UISourcefiles\XLCD\putsxlcd.c
             receiveComms   0x005050    program     extern C:\Users\sgle6040\MTRX3_Major\CommanderMain.X\Communications.c
                robotMove   0x004860    program     extern C:\Users\sgle6040\MTRX3_Major\CommanderMain.X\Navigation.c
                 s_digits   0x005b18    program     static E:\c18v3.46\pic18-lt\cxx-framework\src\traditional\stdclib\vfprintf.c
            s_put_n_chars   0x00258e    program     static E:\c18v3.46\pic18-lt\cxx-framework\src\traditional\stdclib\vfprintf.c
                  sprintf   0x0052be    program     extern E:\c18v3.46\pic18-lt\cxx-framework\src\traditional\stdclib\sprintf.c
             stateControl   0x004848    program     extern C:\Users\sgle6040\MTRX3_Major\CommanderMain.X\main.c
                  storeUI   0x004f3a    program     extern C:\Users\sgle6040\MTRX3_Major\CommanderMain.X\UISourcefiles\UserInterface.c
                   strlen   0x005676    program     extern E:\c18v3.46\pic18-lt\cxx-framework\src\traditional\stdclib\strlen.asm
                strlenpgm   0x005692    program     extern E:\c18v3.46\pic18-lt\cxx-framework\src\traditional\stdclib\slenpgm.asm
                     test   0x005384    program     static                          
            transmitComms   0x0050b0    program     extern C:\Users\sgle6040\MTRX3_Major\CommanderMain.X\Communications.c
                 vfprintf   0x0025ba    program     extern E:\c18v3.46\pic18-lt\cxx-framework\src\traditional\stdclib\vfprintf.c
               zero_block   0x005a9c    program     static E:\c18v3.46\pic18-lt\cxx-framework\src\traditional\proc\p18f4520.asm
                   ADCON0   0x000fc2       data     extern E:\c18v3.46\pic18-lt\cxx-framework\src\traditional\proc\p18f4520.asm
               ADCON0bits   0x000fc2       data     extern E:\c18v3.46\pic18-lt\cxx-framework\src\traditional\proc\p18f4520.asm
                   ADCON1   0x000fc1       data     extern E:\c18v3.46\pic18-lt\cxx-framework\src\traditional\proc\p18f4520.asm
               ADCON1bits   0x000fc1       data     extern E:\c18v3.46\pic18-lt\cxx-framework\src\traditional\proc\p18f4520.asm
                   ADCON2   0x000fc0       data     extern E:\c18v3.46\pic18-lt\cxx-framework\src\traditional\proc\p18f4520.asm
               ADCON2bits   0x000fc0       data     extern E:\c18v3.46\pic18-lt\cxx-framework\src\traditional\proc\p18f4520.asm
                    ADRES   0x000fc3       data     extern E:\c18v3.46\pic18-lt\cxx-framework\src\traditional\proc\p18f4520.asm
                   ADRESH   0x000fc4       data     extern E:\c18v3.46\pic18-lt\cxx-framework\src\traditional\proc\p18f4520.asm
                   ADRESL   0x000fc3       data     extern E:\c18v3.46\pic18-lt\cxx-framework\src\traditional\proc\p18f4520.asm
                  BAUDCON   0x000fb8       data     extern E:\c18v3.46\pic18-lt\cxx-framework\src\traditional\proc\p18f4520.asm
              BAUDCONbits   0x000fb8       data     extern E:\c18v3.46\pic18-lt\cxx-framework\src\traditional\proc\p18f4520.asm
                  BAUDCTL   0x000fb8       data     extern E:\c18v3.46\pic18-lt\cxx-framework\src\traditional\proc\p18f4520.asm
              BAUDCTLbits   0x000fb8       data     extern E:\c18v3.46\pic18-lt\cxx-framework\src\traditional\proc\p18f4520.asm
                      BSR   0x000fe0       data     extern E:\c18v3.46\pic18-lt\cxx-framework\src\traditional\proc\p18f4520.asm
                 BitCount   0x000128       data     extern E:\c18v3.46\pic18-lt\cxx-framework\src\pmc_common\SW_UART\uartdata.asm
                  CCP1CON   0x000fbd       data     extern E:\c18v3.46\pic18-lt\cxx-framework\src\traditional\proc\p18f4520.asm
              CCP1CONbits   0x000fbd       data     extern E:\c18v3.46\pic18-lt\cxx-framework\src\traditional\proc\p18f4520.asm
                  CCP2CON   0x000fba       data     extern E:\c18v3.46\pic18-lt\cxx-framework\src\traditional\proc\p18f4520.asm
              CCP2CONbits   0x000fba       data     extern E:\c18v3.46\pic18-lt\cxx-framework\src\traditional\proc\p18f4520.asm
                    CCPR1   0x000fbe       data     extern E:\c18v3.46\pic18-lt\cxx-framework\src\traditional\proc\p18f4520.asm
                   CCPR1H   0x000fbf       data     extern E:\c18v3.46\pic18-lt\cxx-framework\src\traditional\proc\p18f4520.asm
                   CCPR1L   0x000fbe       data     extern E:\c18v3.46\pic18-lt\cxx-framework\src\traditional\proc\p18f4520.asm
                    CCPR2   0x000fbb       data     extern E:\c18v3.46\pic18-lt\cxx-framework\src\traditional\proc\p18f4520.asm
                   CCPR2H   0x000fbc       data     extern E:\c18v3.46\pic18-lt\cxx-framework\src\traditional\proc\p18f4520.asm
                   CCPR2L   0x000fbb       data     extern E:\c18v3.46\pic18-lt\cxx-framework\src\traditional\proc\p18f4520.asm
                    CMCON   0x000fb4       data     extern E:\c18v3.46\pic18-lt\cxx-framework\src\traditional\proc\p18f4520.asm
                CMCONbits   0x000fb4       data     extern E:\c18v3.46\pic18-lt\cxx-framework\src\traditional\proc\p18f4520.asm
                   CVRCON   0x000fb5       data     extern E:\c18v3.46\pic18-lt\cxx-framework\src\traditional\proc\p18f4520.asm
               CVRCONbits   0x000fb5       data     extern E:\c18v3.46\pic18-lt\cxx-framework\src\traditional\proc\p18f4520.asm
                     DDRA   0x000f92       data     extern E:\c18v3.46\pic18-lt\cxx-framework\src\traditional\proc\p18f4520.asm
                 DDRAbits   0x000f92       data     extern E:\c18v3.46\pic18-lt\cxx-framework\src\traditional\proc\p18f4520.asm
                     DDRB   0x000f93       data     extern E:\c18v3.46\pic18-lt\cxx-framework\src\traditional\proc\p18f4520.asm
                 DDRBbits   0x000f93       data     extern E:\c18v3.46\pic18-lt\cxx-framework\src\traditional\proc\p18f4520.asm
                     DDRC   0x000f94       data     extern E:\c18v3.46\pic18-lt\cxx-framework\src\traditional\proc\p18f4520.asm
                 DDRCbits   0x000f94       data     extern E:\c18v3.46\pic18-lt\cxx-framework\src\traditional\proc\p18f4520.asm
                     DDRD   0x000f95       data     extern E:\c18v3.46\pic18-lt\cxx-framework\src\traditional\proc\p18f4520.asm
                 DDRDbits   0x000f95       data     extern E:\c18v3.46\pic18-lt\cxx-framework\src\traditional\proc\p18f4520.asm
                     DDRE   0x000f96       data     extern E:\c18v3.46\pic18-lt\cxx-framework\src\traditional\proc\p18f4520.asm
                 DDREbits   0x000f96       data     extern E:\c18v3.46\pic18-lt\cxx-framework\src\traditional\proc\p18f4520.asm
            DelayCounter1   0x00001d       data     extern E:\c18v3.46\pic18-lt\cxx-framework\src\traditional\delays\delayd1.asm
            DelayCounter2   0x00001c       data     extern E:\c18v3.46\pic18-lt\cxx-framework\src\traditional\delays\delayd2.asm
                  ECCP1AS   0x000fb6       data     extern E:\c18v3.46\pic18-lt\cxx-framework\src\traditional\proc\p18f4520.asm
              ECCP1ASbits   0x000fb6       data     extern E:\c18v3.46\pic18-lt\cxx-framework\src\traditional\proc\p18f4520.asm
                 ECCP1DEL   0x000fb7       data     extern E:\c18v3.46\pic18-lt\cxx-framework\src\traditional\proc\p18f4520.asm
             ECCP1DELbits   0x000fb7       data     extern E:\c18v3.46\pic18-lt\cxx-framework\src\traditional\proc\p18f4520.asm
                   ECCPAS   0x000fb6       data     extern E:\c18v3.46\pic18-lt\cxx-framework\src\traditional\proc\p18f4520.asm
               ECCPASbits   0x000fb6       data     extern E:\c18v3.46\pic18-lt\cxx-framework\src\traditional\proc\p18f4520.asm
                    EEADR   0x000fa9       data     extern E:\c18v3.46\pic18-lt\cxx-framework\src\traditional\proc\p18f4520.asm
                   EECON1   0x000fa6       data     extern E:\c18v3.46\pic18-lt\cxx-framework\src\traditional\proc\p18f4520.asm
               EECON1bits   0x000fa6       data     extern E:\c18v3.46\pic18-lt\cxx-framework\src\traditional\proc\p18f4520.asm
                   EECON2   0x000fa7       data     extern E:\c18v3.46\pic18-lt\cxx-framework\src\traditional\proc\p18f4520.asm
                   EEDATA   0x000fa8       data     extern E:\c18v3.46\pic18-lt\cxx-framework\src\traditional\proc\p18f4520.asm
                     FSR0   0x000fe9       data     extern E:\c18v3.46\pic18-lt\cxx-framework\src\traditional\proc\p18f4520.asm
                    FSR0H   0x000fea       data     extern E:\c18v3.46\pic18-lt\cxx-framework\src\traditional\proc\p18f4520.asm
                    FSR0L   0x000fe9       data     extern E:\c18v3.46\pic18-lt\cxx-framework\src\traditional\proc\p18f4520.asm
                     FSR1   0x000fe1       data     extern E:\c18v3.46\pic18-lt\cxx-framework\src\traditional\proc\p18f4520.asm
                    FSR1H   0x000fe2       data     extern E:\c18v3.46\pic18-lt\cxx-framework\src\traditional\proc\p18f4520.asm
                    FSR1L   0x000fe1       data     extern E:\c18v3.46\pic18-lt\cxx-framework\src\traditional\proc\p18f4520.asm
                     FSR2   0x000fd9       data     extern E:\c18v3.46\pic18-lt\cxx-framework\src\traditional\proc\p18f4520.asm
                    FSR2H   0x000fda       data     extern E:\c18v3.46\pic18-lt\cxx-framework\src\traditional\proc\p18f4520.asm
                    FSR2L   0x000fd9       data     extern E:\c18v3.46\pic18-lt\cxx-framework\src\traditional\proc\p18f4520.asm
                  HLVDCON   0x000fd2       data     extern E:\c18v3.46\pic18-lt\cxx-framework\src\traditional\proc\p18f4520.asm
              HLVDCONbits   0x000fd2       data     extern E:\c18v3.46\pic18-lt\cxx-framework\src\traditional\proc\p18f4520.asm
                    INDF0   0x000fef       data     extern E:\c18v3.46\pic18-lt\cxx-framework\src\traditional\proc\p18f4520.asm
                    INDF1   0x000fe7       data     extern E:\c18v3.46\pic18-lt\cxx-framework\src\traditional\proc\p18f4520.asm
                    INDF2   0x000fdf       data     extern E:\c18v3.46\pic18-lt\cxx-framework\src\traditional\proc\p18f4520.asm
                   INTCON   0x000ff2       data     extern E:\c18v3.46\pic18-lt\cxx-framework\src\traditional\proc\p18f4520.asm
                  INTCON2   0x000ff1       data     extern E:\c18v3.46\pic18-lt\cxx-framework\src\traditional\proc\p18f4520.asm
              INTCON2bits   0x000ff1       data     extern E:\c18v3.46\pic18-lt\cxx-framework\src\traditional\proc\p18f4520.asm
                  INTCON3   0x000ff0       data     extern E:\c18v3.46\pic18-lt\cxx-framework\src\traditional\proc\p18f4520.asm
              INTCON3bits   0x000ff0       data     extern E:\c18v3.46\pic18-lt\cxx-framework\src\traditional\proc\p18f4520.asm
               INTCONbits   0x000ff2       data     extern E:\c18v3.46\pic18-lt\cxx-framework\src\traditional\proc\p18f4520.asm
                     IPR1   0x000f9f       data     extern E:\c18v3.46\pic18-lt\cxx-framework\src\traditional\proc\p18f4520.asm
                 IPR1bits   0x000f9f       data     extern E:\c18v3.46\pic18-lt\cxx-framework\src\traditional\proc\p18f4520.asm
                     IPR2   0x000fa2       data     extern E:\c18v3.46\pic18-lt\cxx-framework\src\traditional\proc\p18f4520.asm
                 IPR2bits   0x000fa2       data     extern E:\c18v3.46\pic18-lt\cxx-framework\src\traditional\proc\p18f4520.asm
                     LATA   0x000f89       data     extern E:\c18v3.46\pic18-lt\cxx-framework\src\traditional\proc\p18f4520.asm
                 LATAbits   0x000f89       data     extern E:\c18v3.46\pic18-lt\cxx-framework\src\traditional\proc\p18f4520.asm
                     LATB   0x000f8a       data     extern E:\c18v3.46\pic18-lt\cxx-framework\src\traditional\proc\p18f4520.asm
                 LATBbits   0x000f8a       data     extern E:\c18v3.46\pic18-lt\cxx-framework\src\traditional\proc\p18f4520.asm
                     LATC   0x000f8b       data     extern E:\c18v3.46\pic18-lt\cxx-framework\src\traditional\proc\p18f4520.asm
                 LATCbits   0x000f8b       data     extern E:\c18v3.46\pic18-lt\cxx-framework\src\traditional\proc\p18f4520.asm
                     LATD   0x000f8c       data     extern E:\c18v3.46\pic18-lt\cxx-framework\src\traditional\proc\p18f4520.asm
                 LATDbits   0x000f8c       data     extern E:\c18v3.46\pic18-lt\cxx-framework\src\traditional\proc\p18f4520.asm
                     LATE   0x000f8d       data     extern E:\c18v3.46\pic18-lt\cxx-framework\src\traditional\proc\p18f4520.asm
                 LATEbits   0x000f8d       data     extern E:\c18v3.46\pic18-lt\cxx-framework\src\traditional\proc\p18f4520.asm
                   LVDCON   0x000fd2       data     extern E:\c18v3.46\pic18-lt\cxx-framework\src\traditional\proc\p18f4520.asm
               LVDCONbits   0x000fd2       data     extern E:\c18v3.46\pic18-lt\cxx-framework\src\traditional\proc\p18f4520.asm
                   OSCCON   0x000fd3       data     extern E:\c18v3.46\pic18-lt\cxx-framework\src\traditional\proc\p18f4520.asm
               OSCCONbits   0x000fd3       data     extern E:\c18v3.46\pic18-lt\cxx-framework\src\traditional\proc\p18f4520.asm
                  OSCTUNE   0x000f9b       data     extern E:\c18v3.46\pic18-lt\cxx-framework\src\traditional\proc\p18f4520.asm
              OSCTUNEbits   0x000f9b       data     extern E:\c18v3.46\pic18-lt\cxx-framework\src\traditional\proc\p18f4520.asm
                       PC   0x000ff9       data     extern E:\c18v3.46\pic18-lt\cxx-framework\src\traditional\proc\p18f4520.asm
                      PCL   0x000ff9       data     extern E:\c18v3.46\pic18-lt\cxx-framework\src\traditional\proc\p18f4520.asm
                   PCLATH   0x000ffa       data     extern E:\c18v3.46\pic18-lt\cxx-framework\src\traditional\proc\p18f4520.asm
                   PCLATU   0x000ffb       data     extern E:\c18v3.46\pic18-lt\cxx-framework\src\traditional\proc\p18f4520.asm
                     PIE1   0x000f9d       data     extern E:\c18v3.46\pic18-lt\cxx-framework\src\traditional\proc\p18f4520.asm
                 PIE1bits   0x000f9d       data     extern E:\c18v3.46\pic18-lt\cxx-framework\src\traditional\proc\p18f4520.asm
                     PIE2   0x000fa0       data     extern E:\c18v3.46\pic18-lt\cxx-framework\src\traditional\proc\p18f4520.asm
                 PIE2bits   0x000fa0       data     extern E:\c18v3.46\pic18-lt\cxx-framework\src\traditional\proc\p18f4520.asm
                     PIR1   0x000f9e       data     extern E:\c18v3.46\pic18-lt\cxx-framework\src\traditional\proc\p18f4520.asm
                 PIR1bits   0x000f9e       data     extern E:\c18v3.46\pic18-lt\cxx-framework\src\traditional\proc\p18f4520.asm
                     PIR2   0x000fa1       data     extern E:\c18v3.46\pic18-lt\cxx-framework\src\traditional\proc\p18f4520.asm
                 PIR2bits   0x000fa1       data     extern E:\c18v3.46\pic18-lt\cxx-framework\src\traditional\proc\p18f4520.asm
                   PLUSW0   0x000feb       data     extern E:\c18v3.46\pic18-lt\cxx-framework\src\traditional\proc\p18f4520.asm
                   PLUSW1   0x000fe3       data     extern E:\c18v3.46\pic18-lt\cxx-framework\src\traditional\proc\p18f4520.asm
                   PLUSW2   0x000fdb       data     extern E:\c18v3.46\pic18-lt\cxx-framework\src\traditional\proc\p18f4520.asm
                    PORTA   0x000f80       data     extern E:\c18v3.46\pic18-lt\cxx-framework\src\traditional\proc\p18f4520.asm
                PORTAbits   0x000f80       data     extern E:\c18v3.46\pic18-lt\cxx-framework\src\traditional\proc\p18f4520.asm
                    PORTB   0x000f81       data     extern E:\c18v3.46\pic18-lt\cxx-framework\src\traditional\proc\p18f4520.asm
                PORTBbits   0x000f81       data     extern E:\c18v3.46\pic18-lt\cxx-framework\src\traditional\proc\p18f4520.asm
                    PORTC   0x000f82       data     extern E:\c18v3.46\pic18-lt\cxx-framework\src\traditional\proc\p18f4520.asm
                PORTCbits   0x000f82       data     extern E:\c18v3.46\pic18-lt\cxx-framework\src\traditional\proc\p18f4520.asm
                    PORTD   0x000f83       data     extern E:\c18v3.46\pic18-lt\cxx-framework\src\traditional\proc\p18f4520.asm
                PORTDbits   0x000f83       data     extern E:\c18v3.46\pic18-lt\cxx-framework\src\traditional\proc\p18f4520.asm
                    PORTE   0x000f84       data     extern E:\c18v3.46\pic18-lt\cxx-framework\src\traditional\proc\p18f4520.asm
                PORTEbits   0x000f84       data     extern E:\c18v3.46\pic18-lt\cxx-framework\src\traditional\proc\p18f4520.asm
                 POSTDEC0   0x000fed       data     extern E:\c18v3.46\pic18-lt\cxx-framework\src\traditional\proc\p18f4520.asm
                 POSTDEC1   0x000fe5       data     extern E:\c18v3.46\pic18-lt\cxx-framework\src\traditional\proc\p18f4520.asm
                 POSTDEC2   0x000fdd       data     extern E:\c18v3.46\pic18-lt\cxx-framework\src\traditional\proc\p18f4520.asm
                 POSTINC0   0x000fee       data     extern E:\c18v3.46\pic18-lt\cxx-framework\src\traditional\proc\p18f4520.asm
                 POSTINC1   0x000fe6       data     extern E:\c18v3.46\pic18-lt\cxx-framework\src\traditional\proc\p18f4520.asm
                 POSTINC2   0x000fde       data     extern E:\c18v3.46\pic18-lt\cxx-framework\src\traditional\proc\p18f4520.asm
                      PR2   0x000fcb       data     extern E:\c18v3.46\pic18-lt\cxx-framework\src\traditional\proc\p18f4520.asm
                  PREINC0   0x000fec       data     extern E:\c18v3.46\pic18-lt\cxx-framework\src\traditional\proc\p18f4520.asm
                  PREINC1   0x000fe4       data     extern E:\c18v3.46\pic18-lt\cxx-framework\src\traditional\proc\p18f4520.asm
                  PREINC2   0x000fdc       data     extern E:\c18v3.46\pic18-lt\cxx-framework\src\traditional\proc\p18f4520.asm
                     PROD   0x000ff3       data     extern E:\c18v3.46\pic18-lt\cxx-framework\src\traditional\proc\p18f4520.asm
                    PRODH   0x000ff4       data     extern E:\c18v3.46\pic18-lt\cxx-framework\src\traditional\proc\p18f4520.asm
                    PRODL   0x000ff3       data     extern E:\c18v3.46\pic18-lt\cxx-framework\src\traditional\proc\p18f4520.asm
                  PWM1CON   0x000fb7       data     extern E:\c18v3.46\pic18-lt\cxx-framework\src\traditional\proc\p18f4520.asm
              PWM1CONbits   0x000fb7       data     extern E:\c18v3.46\pic18-lt\cxx-framework\src\traditional\proc\p18f4520.asm
                     RCON   0x000fd0       data     extern E:\c18v3.46\pic18-lt\cxx-framework\src\traditional\proc\p18f4520.asm
                 RCONbits   0x000fd0       data     extern E:\c18v3.46\pic18-lt\cxx-framework\src\traditional\proc\p18f4520.asm
                    RCREG   0x000fae       data     extern E:\c18v3.46\pic18-lt\cxx-framework\src\traditional\proc\p18f4520.asm
                    RCSTA   0x000fab       data     extern E:\c18v3.46\pic18-lt\cxx-framework\src\traditional\proc\p18f4520.asm
                RCSTAbits   0x000fab       data     extern E:\c18v3.46\pic18-lt\cxx-framework\src\traditional\proc\p18f4520.asm
                     SIGN   0x000009       data     extern E:\c18v3.46\pic18-lt\cxx-framework\src\traditional\math\cmath18.asm
                    SPBRG   0x000faf       data     extern E:\c18v3.46\pic18-lt\cxx-framework\src\traditional\proc\p18f4520.asm
                   SPBRGH   0x000fb0       data     extern E:\c18v3.46\pic18-lt\cxx-framework\src\traditional\proc\p18f4520.asm
                   SSPADD   0x000fc8       data     extern E:\c18v3.46\pic18-lt\cxx-framework\src\traditional\proc\p18f4520.asm
                   SSPBUF   0x000fc9       data     extern E:\c18v3.46\pic18-lt\cxx-framework\src\traditional\proc\p18f4520.asm
                  SSPCON1   0x000fc6       data     extern E:\c18v3.46\pic18-lt\cxx-framework\src\traditional\proc\p18f4520.asm
              SSPCON1bits   0x000fc6       data     extern E:\c18v3.46\pic18-lt\cxx-framework\src\traditional\proc\p18f4520.asm
                  SSPCON2   0x000fc5       data     extern E:\c18v3.46\pic18-lt\cxx-framework\src\traditional\proc\p18f4520.asm
              SSPCON2bits   0x000fc5       data     extern E:\c18v3.46\pic18-lt\cxx-framework\src\traditional\proc\p18f4520.asm
                  SSPSTAT   0x000fc7       data     extern E:\c18v3.46\pic18-lt\cxx-framework\src\traditional\proc\p18f4520.asm
              SSPSTATbits   0x000fc7       data     extern E:\c18v3.46\pic18-lt\cxx-framework\src\traditional\proc\p18f4520.asm
                   STATUS   0x000fd8       data     extern E:\c18v3.46\pic18-lt\cxx-framework\src\traditional\proc\p18f4520.asm
               STATUSbits   0x000fd8       data     extern E:\c18v3.46\pic18-lt\cxx-framework\src\traditional\proc\p18f4520.asm
                   STKPTR   0x000ffc       data     extern E:\c18v3.46\pic18-lt\cxx-framework\src\traditional\proc\p18f4520.asm
               STKPTRbits   0x000ffc       data     extern E:\c18v3.46\pic18-lt\cxx-framework\src\traditional\proc\p18f4520.asm
                    T0CON   0x000fd5       data     extern E:\c18v3.46\pic18-lt\cxx-framework\src\traditional\proc\p18f4520.asm
                T0CONbits   0x000fd5       data     extern E:\c18v3.46\pic18-lt\cxx-framework\src\traditional\proc\p18f4520.asm
                    T1CON   0x000fcd       data     extern E:\c18v3.46\pic18-lt\cxx-framework\src\traditional\proc\p18f4520.asm
                T1CONbits   0x000fcd       data     extern E:\c18v3.46\pic18-lt\cxx-framework\src\traditional\proc\p18f4520.asm
                    T2CON   0x000fca       data     extern E:\c18v3.46\pic18-lt\cxx-framework\src\traditional\proc\p18f4520.asm
                T2CONbits   0x000fca       data     extern E:\c18v3.46\pic18-lt\cxx-framework\src\traditional\proc\p18f4520.asm
                    T3CON   0x000fb1       data     extern E:\c18v3.46\pic18-lt\cxx-framework\src\traditional\proc\p18f4520.asm
                T3CONbits   0x000fb1       data     extern E:\c18v3.46\pic18-lt\cxx-framework\src\traditional\proc\p18f4520.asm
                   TABLAT   0x000ff5       data     extern E:\c18v3.46\pic18-lt\cxx-framework\src\traditional\proc\p18f4520.asm
                   TBLPTR   0x000ff6       data     extern E:\c18v3.46\pic18-lt\cxx-framework\src\traditional\proc\p18f4520.asm
                  TBLPTRH   0x000ff7       data     extern E:\c18v3.46\pic18-lt\cxx-framework\src\traditional\proc\p18f4520.asm
                  TBLPTRL   0x000ff6       data     extern E:\c18v3.46\pic18-lt\cxx-framework\src\traditional\proc\p18f4520.asm
                  TBLPTRU   0x000ff8       data     extern E:\c18v3.46\pic18-lt\cxx-framework\src\traditional\proc\p18f4520.asm
                    TMR0H   0x000fd7       data     extern E:\c18v3.46\pic18-lt\cxx-framework\src\traditional\proc\p18f4520.asm
                    TMR0L   0x000fd6       data     extern E:\c18v3.46\pic18-lt\cxx-framework\src\traditional\proc\p18f4520.asm
                    TMR1H   0x000fcf       data     extern E:\c18v3.46\pic18-lt\cxx-framework\src\traditional\proc\p18f4520.asm
                    TMR1L   0x000fce       data     extern E:\c18v3.46\pic18-lt\cxx-framework\src\traditional\proc\p18f4520.asm
                     TMR2   0x000fcc       data     extern E:\c18v3.46\pic18-lt\cxx-framework\src\traditional\proc\p18f4520.asm
                    TMR3H   0x000fb3       data     extern E:\c18v3.46\pic18-lt\cxx-framework\src\traditional\proc\p18f4520.asm
                    TMR3L   0x000fb2       data     extern E:\c18v3.46\pic18-lt\cxx-framework\src\traditional\proc\p18f4520.asm
                      TOS   0x000ffd       data     extern E:\c18v3.46\pic18-lt\cxx-framework\src\traditional\proc\p18f4520.asm
                     TOSH   0x000ffe       data     extern E:\c18v3.46\pic18-lt\cxx-framework\src\traditional\proc\p18f4520.asm
                     TOSL   0x000ffd       data     extern E:\c18v3.46\pic18-lt\cxx-framework\src\traditional\proc\p18f4520.asm
                     TOSU   0x000fff       data     extern E:\c18v3.46\pic18-lt\cxx-framework\src\traditional\proc\p18f4520.asm
                    TRISA   0x000f92       data     extern E:\c18v3.46\pic18-lt\cxx-framework\src\traditional\proc\p18f4520.asm
                TRISAbits   0x000f92       data     extern E:\c18v3.46\pic18-lt\cxx-framework\src\traditional\proc\p18f4520.asm
                    TRISB   0x000f93       data     extern E:\c18v3.46\pic18-lt\cxx-framework\src\traditional\proc\p18f4520.asm
                TRISBbits   0x000f93       data     extern E:\c18v3.46\pic18-lt\cxx-framework\src\traditional\proc\p18f4520.asm
                    TRISC   0x000f94       data     extern E:\c18v3.46\pic18-lt\cxx-framework\src\traditional\proc\p18f4520.asm
                TRISCbits   0x000f94       data     extern E:\c18v3.46\pic18-lt\cxx-framework\src\traditional\proc\p18f4520.asm
                    TRISD   0x000f95       data     extern E:\c18v3.46\pic18-lt\cxx-framework\src\traditional\proc\p18f4520.asm
                TRISDbits   0x000f95       data     extern E:\c18v3.46\pic18-lt\cxx-framework\src\traditional\proc\p18f4520.asm
                    TRISE   0x000f96       data     extern E:\c18v3.46\pic18-lt\cxx-framework\src\traditional\proc\p18f4520.asm
                TRISEbits   0x000f96       data     extern E:\c18v3.46\pic18-lt\cxx-framework\src\traditional\proc\p18f4520.asm
                    TXREG   0x000fad       data     extern E:\c18v3.46\pic18-lt\cxx-framework\src\traditional\proc\p18f4520.asm
                    TXSTA   0x000fac       data     extern E:\c18v3.46\pic18-lt\cxx-framework\src\traditional\proc\p18f4520.asm
                TXSTAbits   0x000fac       data     extern E:\c18v3.46\pic18-lt\cxx-framework\src\traditional\proc\p18f4520.asm
                 UIbuffer   0x0000ef       data     extern C:\Users\sgle6040\MTRX3_Major\CommanderMain.X\main.c
                  UIdelay   0x00012d       data     extern C:\Users\sgle6040\MTRX3_Major\CommanderMain.X\main.c
             USART_Status   0x00012f       data     extern E:\c18v3.46\pic18-lt\cxx-framework\src\pmc_common\USART\udefs.c
                        W   0x000fe8       data     extern E:\c18v3.46\pic18-lt\cxx-framework\src\traditional\proc\p18f4520.asm
                   WDTCON   0x000fd1       data     extern E:\c18v3.46\pic18-lt\cxx-framework\src\traditional\proc\p18f4520.asm
               WDTCONbits   0x000fd1       data     extern E:\c18v3.46\pic18-lt\cxx-framework\src\traditional\proc\p18f4520.asm
                     WREG   0x000fe8       data     extern E:\c18v3.46\pic18-lt\cxx-framework\src\traditional\proc\p18f4520.asm
                 __AARGB0   0x000007       data     extern E:\c18v3.46\pic18-lt\cxx-framework\src\traditional\math\aarg.asm
                 __AARGB1   0x000006       data     extern E:\c18v3.46\pic18-lt\cxx-framework\src\traditional\math\aarg.asm
                 __AARGB2   0x000005       data     extern E:\c18v3.46\pic18-lt\cxx-framework\src\traditional\math\aarg.asm
                 __AARGB3   0x000004       data     extern E:\c18v3.46\pic18-lt\cxx-framework\src\traditional\math\aarg.asm
                 __AARGB4   0x000003       data     extern E:\c18v3.46\pic18-lt\cxx-framework\src\traditional\math\aarg.asm
                 __AARGB5   0x000002       data     extern E:\c18v3.46\pic18-lt\cxx-framework\src\traditional\math\aarg.asm
                 __AARGB6   0x000001       data     extern E:\c18v3.46\pic18-lt\cxx-framework\src\traditional\math\aarg.asm
                 __AARGB7   0x000000       data     extern E:\c18v3.46\pic18-lt\cxx-framework\src\traditional\math\aarg.asm
                   __AEXP   0x000008       data     extern E:\c18v3.46\pic18-lt\cxx-framework\src\traditional\math\aarg.asm
                 __BARGB0   0x00000e       data     extern E:\c18v3.46\pic18-lt\cxx-framework\src\traditional\math\barg.asm
                 __BARGB1   0x00000d       data     extern E:\c18v3.46\pic18-lt\cxx-framework\src\traditional\math\barg.asm
                 __BARGB2   0x00000c       data     extern E:\c18v3.46\pic18-lt\cxx-framework\src\traditional\math\barg.asm
                 __BARGB3   0x00000b       data     extern E:\c18v3.46\pic18-lt\cxx-framework\src\traditional\math\barg.asm
                   __BEXP   0x00000f       data     extern E:\c18v3.46\pic18-lt\cxx-framework\src\traditional\math\barg.asm
                __FPFLAGS   0x00000a       data     extern E:\c18v3.46\pic18-lt\cxx-framework\src\traditional\math\cmath18.asm
            __FPFLAGSbits   0x00000a       data     extern E:\c18v3.46\pic18-lt\cxx-framework\src\traditional\math\cmath18.asm
                  __REMB0   0x000003       data     extern E:\c18v3.46\pic18-lt\cxx-framework\src\traditional\math\aarg.asm
[...]
                     DDRD   0x000f95       data     extern E:\c18v3.46\pic18-lt\cxx-framework\src\traditional\proc\p18f4520.asm
                 DDRDbits   0x000f95       data     extern E:\c18v3.46\pic18-lt\cxx-framework\src\traditional\proc\p18f4520.asm
                    TRISD   0x000f95       data     extern E:\c18v3.46\pic18-lt\cxx-framework\src\traditional\proc\p18f4520.asm
                     DDRE   0x000f96       data     extern E:\c18v3.46\pic18-lt\cxx-framework\src\traditional\proc\p18f4520.asm
                 DDREbits   0x000f96       data     extern E:\c18v3.46\pic18-lt\cxx-framework\src\traditional\proc\p18f4520.asm
                    TRISE   0x000f96       data     extern E:\c18v3.46\pic18-lt\cxx-framework\src\traditional\proc\p18f4520.asm
                TRISEbits   0x000f96       data     extern E:\c18v3.46\pic18-lt\cxx-framework\src\traditional\proc\p18f4520.asm
              OSCTUNEbits   0x000f9b       data     extern E:\c18v3.46\pic18-lt\cxx-framework\src\traditional\proc\p18f4520.asm
                  OSCTUNE   0x000f9b       data     extern E:\c18v3.46\pic18-lt\cxx-framework\src\traditional\proc\p18f4520.asm
                 PIE1bits   0x000f9d       data     extern E:\c18v3.46\pic18-lt\cxx-framework\src\traditional\proc\p18f4520.asm
                     PIE1   0x000f9d       data     extern E:\c18v3.46\pic18-lt\cxx-framework\src\traditional\proc\p18f4520.asm
                 PIR1bits   0x000f9e       data     extern E:\c18v3.46\pic18-lt\cxx-framework\src\traditional\proc\p18f4520.asm
                     PIR1   0x000f9e       data     extern E:\c18v3.46\pic18-lt\cxx-framework\src\traditional\proc\p18f4520.asm
                     IPR1   0x000f9f       data     extern E:\c18v3.46\pic18-lt\cxx-framework\src\traditional\proc\p18f4520.asm
                 IPR1bits   0x000f9f       data     extern E:\c18v3.46\pic18-lt\cxx-framework\src\traditional\proc\p18f4520.asm
                 PIE2bits   0x000fa0       data     extern E:\c18v3.46\pic18-lt\cxx-framework\src\traditional\proc\p18f4520.asm
                     PIE2   0x000fa0       data     extern E:\c18v3.46\pic18-lt\cxx-framework\src\traditional\proc\p18f4520.asm
                 PIR2bits   0x000fa1       data     extern E:\c18v3.46\pic18-lt\cxx-framework\src\traditional\proc\p18f4520.asm
                     PIR2   0x000fa1       data     extern E:\c18v3.46\pic18-lt\cxx-framework\src\traditional\proc\p18f4520.asm
                 IPR2bits   0x000fa2       data     extern E:\c18v3.46\pic18-lt\cxx-framework\src\traditional\proc\p18f4520.asm
                     IPR2   0x000fa2       data     extern E:\c18v3.46\pic18-lt\cxx-framework\src\traditional\proc\p18f4520.asm
               EECON1bits   0x000fa6       data     extern E:\c18v3.46\pic18-lt\cxx-framework\src\traditional\proc\p18f4520.asm
                   EECON1   0x000fa6       data     extern E:\c18v3.46\pic18-lt\cxx-framework\src\traditional\proc\p18f4520.asm
                   EECON2   0x000fa7       data     extern E:\c18v3.46\pic18-lt\cxx-framework\src\traditional\proc\p18f4520.asm
                   EEDATA   0x000fa8       data     extern E:\c18v3.46\pic18-lt\cxx-framework\src\traditional\proc\p18f4520.asm
                    EEADR   0x000fa9       data     extern E:\c18v3.46\pic18-lt\cxx-framework\src\traditional\proc\p18f4520.asm
                RCSTAbits   0x000fab       data     extern E:\c18v3.46\pic18-lt\cxx-framework\src\traditional\proc\p18f4520.asm
                    RCSTA   0x000fab       data     extern E:\c18v3.46\pic18-lt\cxx-framework\src\traditional\proc\p18f4520.asm
                    TXSTA   0x000fac       data     extern E:\c18v3.46\pic18-lt\cxx-framework\src\traditional\proc\p18f4520.asm
                TXSTAbits   0x000fac       data     extern E:\c18v3.46\pic18-lt\cxx-framework\src\traditional\proc\p18f4520.asm
                    TXREG   0x000fad       data     extern E:\c18v3.46\pic18-lt\cxx-framework\src\traditional\proc\p18f4520.asm
                    RCREG   0x000fae       data     extern E:\c18v3.46\pic18-lt\cxx-framework\src\traditional\proc\p18f4520.asm
                    SPBRG   0x000faf       data     extern E:\c18v3.46\pic18-lt\cxx-framework\src\traditional\proc\p18f4520.asm
                   SPBRGH   0x000fb0       data     extern E:\c18v3.46\pic18-lt\cxx-framework\src\traditional\proc\p18f4520.asm
                    T3CON   0x000fb1       data     extern E:\c18v3.46\pic18-lt\cxx-framework\src\traditional\proc\p18f4520.asm
                T3CONbits   0x000fb1       data     extern E:\c18v3.46\pic18-lt\cxx-framework\src\traditional\proc\p18f4520.asm
                    TMR3L   0x000fb2       data     extern E:\c18v3.46\pic18-lt\cxx-framework\src\traditional\proc\p18f4520.asm
                    TMR3H   0x000fb3       data     extern E:\c18v3.46\pic18-lt\cxx-framework\src\traditional\proc\p18f4520.asm
                CMCONbits   0x000fb4       data     extern E:\c18v3.46\pic18-lt\cxx-framework\src\traditional\proc\p18f4520.asm
                    CMCON   0x000fb4       data     extern E:\c18v3.46\pic18-lt\cxx-framework\src\traditional\proc\p18f4520.asm
               CVRCONbits   0x000fb5       data     extern E:\c18v3.46\pic18-lt\cxx-framework\src\traditional\proc\p18f4520.asm
                   CVRCON   0x000fb5       data     extern E:\c18v3.46\pic18-lt\cxx-framework\src\traditional\proc\p18f4520.asm
               ECCPASbits   0x000fb6       data     extern E:\c18v3.46\pic18-lt\cxx-framework\src\traditional\proc\p18f4520.asm
                   ECCPAS   0x000fb6       data     extern E:\c18v3.46\pic18-lt\cxx-framework\src\traditional\proc\p18f4520.asm
              ECCP1ASbits   0x000fb6       data     extern E:\c18v3.46\pic18-lt\cxx-framework\src\traditional\proc\p18f4520.asm
                  ECCP1AS   0x000fb6       data     extern E:\c18v3.46\pic18-lt\cxx-framework\src\traditional\proc\p18f4520.asm
             ECCP1DELbits   0x000fb7       data     extern E:\c18v3.46\pic18-lt\cxx-framework\src\traditional\proc\p18f4520.asm
              PWM1CONbits   0x000fb7       data     extern E:\c18v3.46\pic18-lt\cxx-framework\src\traditional\proc\p18f4520.asm
                 ECCP1DEL   0x000fb7       data     extern E:\c18v3.46\pic18-lt\cxx-framework\src\traditional\proc\p18f4520.asm
                  PWM1CON   0x000fb7       data     extern E:\c18v3.46\pic18-lt\cxx-framework\src\traditional\proc\p18f4520.asm
              BAUDCTLbits   0x000fb8       data     extern E:\c18v3.46\pic18-lt\cxx-framework\src\traditional\proc\p18f4520.asm
                  BAUDCTL   0x000fb8       data     extern E:\c18v3.46\pic18-lt\cxx-framework\src\traditional\proc\p18f4520.asm
              BAUDCONbits   0x000fb8       data     extern E:\c18v3.46\pic18-lt\cxx-framework\src\traditional\proc\p18f4520.asm
                  BAUDCON   0x000fb8       data     extern E:\c18v3.46\pic18-lt\cxx-framework\src\traditional\proc\p18f4520.asm
              CCP2CONbits   0x000fba       data     extern E:\c18v3.46\pic18-lt\cxx-framework\src\traditional\proc\p18f4520.asm
                  CCP2CON   0x000fba       data     extern E:\c18v3.46\pic18-lt\cxx-framework\src\traditional\proc\p18f4520.asm
                    CCPR2   0x000fbb       data     extern E:\c18v3.46\pic18-lt\cxx-framework\src\traditional\proc\p18f4520.asm
                   CCPR2L   0x000fbb       data     extern E:\c18v3.46\pic18-lt\cxx-framework\src\traditional\proc\p18f4520.asm
                   CCPR2H   0x000fbc       data     extern E:\c18v3.46\pic18-lt\cxx-framework\src\traditional\proc\p18f4520.asm
                  CCP1CON   0x000fbd       data     extern E:\c18v3.46\pic18-lt\cxx-framework\src\traditional\proc\p18f4520.asm
              CCP1CONbits   0x000fbd       data     extern E:\c18v3.46\pic18-lt\cxx-framework\src\traditional\proc\p18f4520.asm
                   CCPR1L   0x000fbe       data     extern E:\c18v3.46\pic18-lt\cxx-framework\src\traditional\proc\p18f4520.asm
                    CCPR1   0x000fbe       data     extern E:\c18v3.46\pic18-lt\cxx-framework\src\traditional\proc\p18f4520.asm
                   CCPR1H   0x000fbf       data     extern E:\c18v3.46\pic18-lt\cxx-framework\src\traditional\proc\p18f4520.asm
                   ADCON2   0x000fc0       data     extern E:\c18v3.46\pic18-lt\cxx-framework\src\traditional\proc\p18f4520.asm
               ADCON2bits   0x000fc0       data     extern E:\c18v3.46\pic18-lt\cxx-framework\src\traditional\proc\p18f4520.asm
                   ADCON1   0x000fc1       data     extern E:\c18v3.46\pic18-lt\cxx-framework\src\traditional\proc\p18f4520.asm
               ADCON1bits   0x000fc1       data     extern E:\c18v3.46\pic18-lt\cxx-framework\src\traditional\proc\p18f4520.asm
                   ADCON0   0x000fc2       data     extern E:\c18v3.46\pic18-lt\cxx-framework\src\traditional\proc\p18f4520.asm
               ADCON0bits   0x000fc2       data     extern E:\c18v3.46\pic18-lt\cxx-framework\src\traditional\proc\p18f4520.asm
                    ADRES   0x000fc3       data     extern E:\c18v3.46\pic18-lt\cxx-framework\src\traditional\proc\p18f4520.asm
                   ADRESL   0x000fc3       data     extern E:\c18v3.46\pic18-lt\cxx-framework\src\traditional\proc\p18f4520.asm
                   ADRESH   0x000fc4       data     extern E:\c18v3.46\pic18-lt\cxx-framework\src\traditional\proc\p18f4520.asm
                  SSPCON2   0x000fc5       data     extern E:\c18v3.46\pic18-lt\cxx-framework\src\traditional\proc\p18f4520.asm
              SSPCON2bits   0x000fc5       data     extern E:\c18v3.46\pic18-lt\cxx-framework\src\traditional\proc\p18f4520.asm
                  SSPCON1   0x000fc6       data     extern E:\c18v3.46\pic18-lt\cxx-framework\src\traditional\proc\p18f4520.asm
              SSPCON1bits   0x000fc6       data     extern E:\c18v3.46\pic18-lt\cxx-framework\src\traditional\proc\p18f4520.asm
                  SSPSTAT   0x000fc7       data     extern E:\c18v3.46\pic18-lt\cxx-framework\src\traditional\proc\p18f4520.asm
              SSPSTATbits   0x000fc7       data     extern E:\c18v3.46\pic18-lt\cxx-framework\src\traditional\proc\p18f4520.asm
                   SSPADD   0x000fc8       data     extern E:\c18v3.46\pic18-lt\cxx-framework\src\traditional\proc\p18f4520.asm
                   SSPBUF   0x000fc9       data     extern E:\c18v3.46\pic18-lt\cxx-framework\src\traditional\proc\p18f4520.asm
                T2CONbits   0x000fca       data     extern E:\c18v3.46\pic18-lt\cxx-framework\src\traditional\proc\p18f4520.asm
                    T2CON   0x000fca       data     extern E:\c18v3.46\pic18-lt\cxx-framework\src\traditional\proc\p18f4520.asm
                      PR2   0x000fcb       data     extern E:\c18v3.46\pic18-lt\cxx-framework\src\traditional\proc\p18f4520.asm
                     TMR2   0x000fcc       data     extern E:\c18v3.46\pic18-lt\cxx-framework\src\traditional\proc\p18f4520.asm
                T1CONbits   0x000fcd       data     extern E:\c18v3.46\pic18-lt\cxx-framework\src\traditional\proc\p18f4520.asm
                    T1CON   0x000fcd       data     extern E:\c18v3.46\pic18-lt\cxx-framework\src\traditional\proc\p18f4520.asm
                    TMR1L   0x000fce       data     extern E:\c18v3.46\pic18-lt\cxx-framework\src\traditional\proc\p18f4520.asm
                    TMR1H   0x000fcf       data     extern E:\c18v3.46\pic18-lt\cxx-framework\src\traditional\proc\p18f4520.asm
                 RCONbits   0x000fd0       data     extern E:\c18v3.46\pic18-lt\cxx-framework\src\traditional\proc\p18f4520.asm
                     RCON   0x000fd0       data     extern E:\c18v3.46\pic18-lt\cxx-framework\src\traditional\proc\p18f4520.asm
                   WDTCON   0x000fd1       data     extern E:\c18v3.46\pic18-lt\cxx-framework\src\traditional\proc\p18f4520.asm
               WDTCONbits   0x000fd1       data     extern E:\c18v3.46\pic18-lt\cxx-framework\src\traditional\proc\p18f4520.asm
                  HLVDCON   0x000fd2       data     extern E:\c18v3.46\pic18-lt\cxx-framework\src\traditional\proc\p18f4520.asm
              HLVDCONbits   0x000fd2       data     extern E:\c18v3.46\pic18-lt\cxx-framework\src\traditional\proc\p18f4520.asm
                   LVDCON   0x000fd2       data     extern E:\c18v3.46\pic18-lt\cxx-framework\src\traditional\proc\p18f4520.asm
               LVDCONbits   0x000fd2       data     extern E:\c18v3.46\pic18-lt\cxx-framework\src\traditional\proc\p18f4520.asm
                   OSCCON   0x000fd3       data     extern E:\c18v3.46\pic18-lt\cxx-framework\src\traditional\proc\p18f4520.asm
               OSCCONbits   0x000fd3       data     extern E:\c18v3.46\pic18-lt\cxx-framework\src\traditional\proc\p18f4520.asm
                    T0CON   0x000fd5       data     extern E:\c18v3.46\pic18-lt\cxx-framework\src\traditional\proc\p18f4520.asm
                T0CONbits   0x000fd5       data     extern E:\c18v3.46\pic18-lt\cxx-framework\src\traditional\proc\p18f4520.asm
                    TMR0L   0x000fd6       data     extern E:\c18v3.46\pic18-lt\cxx-framework\src\traditional\proc\p18f4520.asm
                    TMR0H   0x000fd7       data     extern E:\c18v3.46\pic18-lt\cxx-framework\src\traditional\proc\p18f4520.asm
               STATUSbits   0x000fd8       data     extern E:\c18v3.46\pic18-lt\cxx-framework\src\traditional\proc\p18f4520.asm
                   STATUS   0x000fd8       data     extern E:\c18v3.46\pic18-lt\cxx-framework\src\traditional\proc\p18f4520.asm
                     FSR2   0x000fd9       data     extern E:\c18v3.46\pic18-lt\cxx-framework\src\traditional\proc\p18f4520.asm
                    FSR2L   0x000fd9       data     extern E:\c18v3.46\pic18-lt\cxx-framework\src\traditional\proc\p18f4520.asm
                    FSR2H   0x000fda       data     extern E:\c18v3.46\pic18-lt\cxx-framework\src\traditional\proc\p18f4520.asm
                   PLUSW2   0x000fdb       data     extern E:\c18v3.46\pic18-lt\cxx-framework\src\traditional\proc\p18f4520.asm
                  PREINC2   0x000fdc       data     extern E:\c18v3.46\pic18-lt\cxx-framework\src\traditional\proc\p18f4520.asm
                 POSTDEC2   0x000fdd       data     extern E:\c18v3.46\pic18-lt\cxx-framework\src\traditional\proc\p18f4520.asm
                 POSTINC2   0x000fde       data     extern E:\c18v3.46\pic18-lt\cxx-framework\src\traditional\proc\p18f4520.asm
                    INDF2   0x000fdf       data     extern E:\c18v3.46\pic18-lt\cxx-framework\src\traditional\proc\p18f4520.asm
                      BSR   0x000fe0       data     extern E:\c18v3.46\pic18-lt\cxx-framework\src\traditional\proc\p18f4520.asm
                    FSR1L   0x000fe1       data     extern E:\c18v3.46\pic18-lt\cxx-framework\src\traditional\proc\p18f4520.asm
                     FSR1   0x000fe1       data     extern E:\c18v3.46\pic18-lt\cxx-framework\src\traditional\proc\p18f4520.asm
                    FSR1H   0x000fe2       data     extern E:\c18v3.46\pic18-lt\cxx-framework\src\traditional\proc\p18f4520.asm
                   PLUSW1   0x000fe3       data     extern E:\c18v3.46\pic18-lt\cxx-framework\src\traditional\proc\p18f4520.asm
                  PREINC1   0x000fe4       data     extern E:\c18v3.46\pic18-lt\cxx-framework\src\traditional\proc\p18f4520.asm
                 POSTDEC1   0x000fe5       data     extern E:\c18v3.46\pic18-lt\cxx-framework\src\traditional\proc\p18f4520.asm
                 POSTINC1   0x000fe6       data     extern E:\c18v3.46\pic18-lt\cxx-framework\src\traditional\proc\p18f4520.asm
                    INDF1   0x000fe7       data     extern E:\c18v3.46\pic18-lt\cxx-framework\src\traditional\proc\p18f4520.asm
                        W   0x000fe8       data     extern E:\c18v3.46\pic18-lt\cxx-framework\src\traditional\proc\p18f4520.asm
                     WREG   0x000fe8       data     extern E:\c18v3.46\pic18-lt\cxx-framework\src\traditional\proc\p18f4520.asm
                    FSR0L   0x000fe9       data     extern E:\c18v3.46\pic18-lt\cxx-framework\src\traditional\proc\p18f4520.asm
                     FSR0   0x000fe9       data     extern E:\c18v3.46\pic18-lt\cxx-framework\src\traditional\proc\p18f4520.asm
                    FSR0H   0x000fea       data     extern E:\c18v3.46\pic18-lt\cxx-framework\src\traditional\proc\p18f4520.asm
                   PLUSW0   0x000feb       data     extern E:\c18v3.46\pic18-lt\cxx-framework\src\traditional\proc\p18f4520.asm
                  PREINC0   0x000fec       data     extern E:\c18v3.46\pic18-lt\cxx-framework\src\traditional\proc\p18f4520.asm
                 POSTDEC0   0x000fed       data     extern E:\c18v3.46\pic18-lt\cxx-framework\src\traditional\proc\p18f4520.asm
                 POSTINC0   0x000fee       data     extern E:\c18v3.46\pic18-lt\cxx-framework\src\traditional\proc\p18f4520.asm
                    INDF0   0x000fef       data     extern E:\c18v3.46\pic18-lt\cxx-framework\src\traditional\proc\p18f4520.asm
              INTCON3bits   0x000ff0       data     extern E:\c18v3.46\pic18-lt\cxx-framework\src\traditional\proc\p18f4520.asm
                  INTCON3   0x000ff0       data     extern E:\c18v3.46\pic18-lt\cxx-framework\src\traditional\proc\p18f4520.asm
              INTCON2bits   0x000ff1       data     extern E:\c18v3.46\pic18-lt\cxx-framework\src\traditional\proc\p18f4520.asm
                  INTCON2   0x000ff1       data     extern E:\c18v3.46\pic18-lt\cxx-framework\src\traditional\proc\p18f4520.asm
                   INTCON   0x000ff2       data     extern E:\c18v3.46\pic18-lt\cxx-framework\src\traditional\proc\p18f4520.asm
               INTCONbits   0x000ff2       data     extern E:\c18v3.46\pic18-lt\cxx-framework\src\traditional\proc\p18f4520.asm
                    PRODL   0x000ff3       data     extern E:\c18v3.46\pic18-lt\cxx-framework\src\traditional\proc\p18f4520.asm
                     PROD   0x000ff3       data     extern E:\c18v3.46\pic18-lt\cxx-framework\src\traditional\proc\p18f4520.asm
                    PRODH   0x000ff4       data     extern E:\c18v3.46\pic18-lt\cxx-framework\src\traditional\proc\p18f4520.asm
                   TABLAT   0x000ff5       data     extern E:\c18v3.46\pic18-lt\cxx-framework\src\traditional\proc\p18f4520.asm
                  TBLPTRL   0x000ff6       data     extern E:\c18v3.46\pic18-lt\cxx-framework\src\traditional\proc\p18f4520.asm
                   TBLPTR   0x000ff6       data     extern E:\c18v3.46\pic18-lt\cxx-framework\src\traditional\proc\p18f4520.asm
                  TBLPTRH   0x000ff7       data     extern E:\c18v3.46\pic18-lt\cxx-framework\src\traditional\proc\p18f4520.asm
                  TBLPTRU   0x000ff8       data     extern E:\c18v3.46\pic18-lt\cxx-framework\src\traditional\proc\p18f4520.asm
                       PC   0x000ff9       data     extern E:\c18v3.46\pic18-lt\cxx-framework\src\traditional\proc\p18f4520.asm
                      PCL   0x000ff9       data     extern E:\c18v3.46\pic18-lt\cxx-framework\src\traditional\proc\p18f4520.asm
                   PCLATH   0x000ffa       data     extern E:\c18v3.46\pic18-lt\cxx-framework\src\traditional\proc\p18f4520.asm
                   PCLATU   0x000ffb       data     extern E:\c18v3.46\pic18-lt\cxx-framework\src\traditional\proc\p18f4520.asm
                   STKPTR   0x000ffc       data     extern E:\c18v3.46\pic18-lt\cxx-framework\src\traditional\proc\p18f4520.asm
               STKPTRbits   0x000ffc       data     extern E:\c18v3.46\pic18-lt\cxx-framework\src\traditional\proc\p18f4520.asm
                     TOSL   0x000ffd       data     extern E:\c18v3.46\pic18-lt\cxx-framework\src\traditional\proc\p18f4520.asm
                      TOS   0x000ffd       data     extern E:\c18v3.46\pic18-lt\cxx-framework\src\traditional\proc\p18f4520.asm
                     TOSH   0x000ffe       data     extern E:\c18v3.46\pic18-lt\cxx-framework\src\traditional\proc\p18f4520.asm
                     TOSU   0x000fff       data     extern E:\c18v3.46\pic18-lt\cxx-framework\src\traditional\proc\p18f4520.asm


