MPLINK 4.48, Linker
Linker Map File - Created Thu Oct 27 02:26:19 2016

                                 Section Info
                  Section       Type    Address   Location Size(Bytes)
                ---------  ---------  ---------  ---------  ---------
               _entry_scn       code   0x000000    program   0x000006
       .code__user_putc.o       code   0x000006    program   0x000002
    high_interrupt_vector       code   0x000008    program   0x000006
           .code___init.o       code   0x00000e    program   0x000002
.code_UserinterfaceInitialise.o       code   0x000010    program   0x000002
      .idata_fxd0808u.o_i    romdata   0x000012    program   0x000000
          .romdata_main.o    romdata   0x000012    program   0x000000
    .romdata_Navigation.o    romdata   0x000012    program   0x000000
.romdata_Communications.o    romdata   0x000012    program   0x000000
.idata_Communications.o_i    romdata   0x000012    program   0x000001
      .romdata_putsuart.o    romdata   0x000012    program   0x000000
      .idata_putsuart.o_i    romdata   0x000012    program   0x000000
         .romdata_servo.o    romdata   0x000012    program   0x000000
         .idata_servo.o_i    romdata   0x000012    program   0x000000
    .romdata_xlcddelays.o    romdata   0x000012    program   0x000000
    .idata_xlcddelays.o_i    romdata   0x000012    program   0x000000
 .romdata_UserInterface.o    romdata   0x000012    program   0x000000
     .romdata_UserInput.o    romdata   0x000012    program   0x000000
     .idata_UserInput.o_i    romdata   0x000012    program   0x000000
.romdata_StateTransition.o    romdata   0x000012    program   0x000000
.romdata_SecondaryInterfaceOutput.o    romdata   0x000012    program   0x000000
.idata_SecondaryInterfaceOutput.o_i    romdata   0x000012    program   0x000000
.romdata_PrimaryInterfaceOutput.o    romdata   0x000012    program   0x000000
    .romdata__user_putc.o    romdata   0x000012    program   0x000000
    .idata__user_putc.o_i    romdata   0x000012    program   0x000000
          .romdata_putc.o    romdata   0x000012    program   0x000000
          .idata_putc.o_i    romdata   0x000012    program   0x000000
       .romdata_fxm3232.o    romdata   0x000012    program   0x000000
       .idata_fxm3232.o_i    romdata   0x000012    program   0x000000
      .romdata_fxd3232u.o    romdata   0x000012    program   0x000000
      .idata_fxd3232u.o_i    romdata   0x000012    program   0x000000
      .idata_vfprintf.o_i    romdata   0x000012    program   0x000000
       .romdata_sprintf.o    romdata   0x000012    program   0x000000
       .idata_sprintf.o_i    romdata   0x000012    program   0x000000
        .romdata___init.o    romdata   0x000012    program   0x000000
        .idata___init.o_i    romdata   0x000012    program   0x000000
         .romdata_udefs.o    romdata   0x000012    program   0x000000
         .idata_udefs.o_i    romdata   0x000012    program   0x000000
        .romdata_uwrite.o    romdata   0x000012    program   0x000000
        .idata_uwrite.o_i    romdata   0x000012    program   0x000000
         .romdata_uopen.o    romdata   0x000012    program   0x000000
         .idata_uopen.o_i    romdata   0x000012    program   0x000000
      .romdata_fxd0808u.o    romdata   0x000012    program   0x000000
      .romdata_setcgram.o    romdata   0x000012    program   0x000000
      .idata_setcgram.o_i    romdata   0x000012    program   0x000000
      .romdata_readdata.o    romdata   0x000012    program   0x000000
      .idata_setddram.o_i    romdata   0x000012    program   0x000000
      .romdata_setddram.o    romdata   0x000012    program   0x000000
      .idata_readdata.o_i    romdata   0x000012    program   0x000000
      .romdata_readaddr.o    romdata   0x000012    program   0x000000
.idata_UserinterfaceInitialise.o_i    romdata   0x000012    program   0x000000
      .idata_readaddr.o_i    romdata   0x000012    program   0x000000
      .romdata_putsxlcd.o    romdata   0x000012    program   0x000000
.romdata_UserinterfaceInitialise.o    romdata   0x000012    program   0x000000
      .idata_wcmdxlcd.o_i    romdata   0x000012    program   0x000000
      .romdata_wcmdxlcd.o    romdata   0x000012    program   0x000000
      .idata_putsxlcd.o_i    romdata   0x000012    program   0x000000
.idata_PrimaryInterfaceOutput.o_i    romdata   0x000012    program   0x000000
         .idata_c018i.o_i    romdata   0x000012    program   0x000000
         .romdata_c018i.o    romdata   0x000012    program   0x000000
      .romdata_LCDWrite.o    romdata   0x000012    program   0x000000
      .idata_busyxlcd.o_i    romdata   0x000012    program   0x000000
      .idata_LCDWrite.o_i    romdata   0x000012    program   0x000000
      .romdata_busyxlcd.o    romdata   0x000012    program   0x000000
      .idata_openxlcd.o_i    romdata   0x000012    program   0x000000
      .romdata_writdata.o    romdata   0x000012    program   0x000000
      .romdata_openxlcd.o    romdata   0x000012    program   0x000000
      .idata_putrxlcd.o_i    romdata   0x000012    program   0x000000
      .idata_writdata.o_i    romdata   0x000012    program   0x000000
      .romdata_putrxlcd.o    romdata   0x000012    program   0x000000
            .code_c018i.o       code   0x000014    program   0x000000
            .code_udefs.o       code   0x000014    program   0x000000
     low_interrupt_vector       code   0x000018    program   0x000006
                   .cinit    romdata   0x00001e    program   0x00003e
  .code_StateTransition.o       code   0x00005c    program   0x00167e
.code_PrimaryInterfaceOutput.o       code   0x0016da    program   0x000ef8
         .code_vfprintf.o       code   0x0025d2    program   0x000c22
.code_SecondaryInterfaceOutput.o       code   0x0031f4    program   0x000958
             .stringtable    romdata   0x003b4c    program   0x00074e
       .code_Navigation.o       code   0x00429a    program   0x000672
   .code_Communications.o       code   0x00490c    program   0x000620
             .code_main.o       code   0x004f2c    program   0x000434
        .code_UserInput.o       code   0x005360    program   0x00036c
            .code_servo.o       code   0x0056cc    program   0x00035e
         .code_LCDWrite.o       code   0x005a2a    program   0x00014a
    .code_UserInterface.o       code   0x005b74    program   0x00010a
         .code_openxlcd.o       code   0x005c7e    program   0x0000de
       .code_xlcddelays.o       code   0x005d5c    program   0x0000ac
          .code_sprintf.o       code   0x005e08    program   0x0000ac
               _cinit_scn       code   0x005eb4    program   0x00009e
                     PROG       code   0x005f52    program   0x00008e
            .code_uopen.o       code   0x005fe0    program   0x00008a
                 UARTCODE       code   0x00606a    program   0x000088
             .code_putc.o       code   0x0060f2    program   0x000084
          .code_fxm3232.o       code   0x006176    program   0x000070
         .code_putrxlcd.o       code   0x0061e6    program   0x000068
                   STRING       code   0x00624e    program   0x000066
         .code_setddram.o       code   0x0062b4    program   0x000050
         .code_setcgram.o       code   0x006304    program   0x000050
         .code_writdata.o       code   0x006354    program   0x00004e
         .code_wcmdxlcd.o       code   0x0063a2    program   0x00004e
         .code_putsxlcd.o       code   0x0063f0    program   0x00004e
         .code_fxd3232u.o       code   0x00643e    program   0x000048
         .code_readdata.o       code   0x006486    program   0x000046
         .code_readaddr.o       code   0x0064cc    program   0x000046
         .code_busyxlcd.o       code   0x006512    program   0x00003e
         .code_putsuart.o       code   0x006550    program   0x00003c
             D10KTCYXCODE       code   0x00658c    program   0x00002e
           .code_uwrite.o       code   0x0065ba    program   0x00002e
                    CTYPE       code   0x0065e8    program   0x000024
                    .code       code   0x00660c    program   0x000020
             _startup_scn       code   0x00662c    program   0x00001c
                    STDIO       code   0x006648    program   0x00001c
             D100TCYXCODE       code   0x006664    program   0x00001c
         .code_fxd0808u.o       code   0x006680    program   0x00001c
              D10TCYXCODE       code   0x00669c    program   0x000016
      .romdata_vfprintf.o    romdata   0x0066b2    program   0x000011
          .idata_main.o_i    romdata   0x0066c3    program   0x00000b
 .idata_UserInterface.o_i    romdata   0x0066ce    program   0x000008
.idata_StateTransition.o_i    romdata   0x0066d6    program   0x000007
    .idata_Navigation.o_i    romdata   0x0066dd    program   0x000011
    .config_300001_main.o    romdata   0x300001    program   0x000001
    .config_300002_main.o    romdata   0x300002    program   0x000001
    .config_300003_main.o    romdata   0x300003    program   0x000001
    .config_300005_main.o    romdata   0x300005    program   0x000001
    .config_300006_main.o    romdata   0x300006    program   0x000001
    .config_300008_main.o    romdata   0x300008    program   0x000001
    .config_300009_main.o    romdata   0x300009    program   0x000001
    .config_30000a_main.o    romdata   0x30000a    program   0x000001
    .config_30000b_main.o    romdata   0x30000b    program   0x000001
    .config_30000c_main.o    romdata   0x30000c    program   0x000001
    .config_30000d_main.o    romdata   0x30000d    program   0x000001
                MATH_DATA      udata   0x000000       data   0x000014
                 .tmpdata      udata   0x000014       data   0x00000c
                DELAYDAT2      udata   0x000020       data   0x000001
                DELAYDAT1      udata   0x000021       data   0x000001
            .udata_main.o      udata   0x000080       data   0x00005b
      .idata_Navigation.o      idata   0x0000db       data   0x000011
.udata_PrimaryInterfaceOutput.o      udata   0x0000ec       data   0x000010
  .udata_Communications.o      udata   0x0000fc       data   0x000003
           .udata_udefs.o      udata   0x0000ff       data   0x000001
                   .stack      udata   0x000400       data   0x000100
.udata_SecondaryInterfaceOutput.o      udata   0x000500       data   0x000050
            .idata_main.o      idata   0x000550       data   0x00000b
           .udata_c018i.o      udata   0x00055b       data   0x00000a
           .udata_servo.o      udata   0x000565       data   0x000008
   .idata_UserInterface.o      idata   0x00056d       data   0x000008
 .idata_StateTransition.o      idata   0x000575       data   0x000007
                 UARTDATA      udata   0x00057c       data   0x000002
 .udata_StateTransition.o      udata   0x00057e       data   0x000002
   .udata_UserInterface.o      udata   0x000580       data   0x000001
  .idata_Communications.o      idata   0x000581       data   0x000001
      .idata__user_putc.o      idata   0x000582       data   0x000000
        .idata_openxlcd.o      idata   0x000582       data   0x000000
        .udata_openxlcd.o      udata   0x000582       data   0x000000
      .udata__user_putc.o      udata   0x000582       data   0x000000
            .idata_putc.o      idata   0x000582       data   0x000000
            .udata_putc.o      udata   0x000582       data   0x000000
        .idata_busyxlcd.o      idata   0x000582       data   0x000000
        .udata_busyxlcd.o      udata   0x000582       data   0x000000
         .idata_fxm3232.o      idata   0x000582       data   0x000000
         .udata_fxm3232.o      udata   0x000582       data   0x000000
        .udata_fxd0808u.o      udata   0x000582       data   0x000000
        .idata_fxd0808u.o      idata   0x000582       data   0x000000
        .idata_fxd3232u.o      idata   0x000582       data   0x000000
        .udata_fxd3232u.o      udata   0x000582       data   0x000000
           .udata_uopen.o      udata   0x000582       data   0x000000
        .idata_vfprintf.o      idata   0x000582       data   0x000000
           .idata_uopen.o      idata   0x000582       data   0x000000
          .udata_uwrite.o      udata   0x000582       data   0x000000
          .idata_uwrite.o      idata   0x000582       data   0x000000
           .idata_c018i.o      idata   0x000582       data   0x000000
           .idata_udefs.o      idata   0x000582       data   0x000000
          .udata___init.o      udata   0x000582       data   0x000000
          .idata___init.o      idata   0x000582       data   0x000000
         .udata_sprintf.o      udata   0x000582       data   0x000000
         .idata_sprintf.o      idata   0x000582       data   0x000000
        .udata_vfprintf.o      udata   0x000582       data   0x000000
        .udata_putsxlcd.o      udata   0x000582       data   0x000000
        .idata_putsxlcd.o      idata   0x000582       data   0x000000
        .udata_readaddr.o      udata   0x000582       data   0x000000
        .idata_readaddr.o      idata   0x000582       data   0x000000
        .udata_readdata.o      udata   0x000582       data   0x000000
        .idata_readdata.o      idata   0x000582       data   0x000000
        .udata_setcgram.o      udata   0x000582       data   0x000000
        .idata_setcgram.o      idata   0x000582       data   0x000000
        .udata_setddram.o      udata   0x000582       data   0x000000
        .idata_setddram.o      idata   0x000582       data   0x000000
.udata_UserinterfaceInitialise.o      udata   0x000582       data   0x000000
.idata_UserinterfaceInitialise.o      idata   0x000582       data   0x000000
        .udata_wcmdxlcd.o      udata   0x000582       data   0x000000
        .idata_wcmdxlcd.o      idata   0x000582       data   0x000000
        .udata_writdata.o      udata   0x000582       data   0x000000
        .idata_writdata.o      idata   0x000582       data   0x000000
        .udata_LCDWrite.o      udata   0x000582       data   0x000000
        .idata_LCDWrite.o      idata   0x000582       data   0x000000
        .idata_putrxlcd.o      idata   0x000582       data   0x000000
.idata_PrimaryInterfaceOutput.o      idata   0x000582       data   0x000000
.idata_SecondaryInterfaceOutput.o      idata   0x000582       data   0x000000
       .udata_UserInput.o      udata   0x000582       data   0x000000
       .idata_UserInput.o      idata   0x000582       data   0x000000
      .udata_xlcddelays.o      udata   0x000582       data   0x000000
      .idata_xlcddelays.o      idata   0x000582       data   0x000000
           .idata_servo.o      idata   0x000582       data   0x000000
        .udata_putsuart.o      udata   0x000582       data   0x000000
        .idata_putsuart.o      idata   0x000582       data   0x000000
        .udata_putrxlcd.o      udata   0x000582       data   0x000000
      .udata_Navigation.o      udata   0x000582       data   0x000000
            SFR_UNBANKED0      udata   0x000f80       data   0x000080



                              Program Memory Usage 
                               Start         End      
                           ---------   ---------      
                            0x000000    0x000012      
                            0x000018    0x0066ed      
                            0x300001    0x300003      
                            0x300005    0x300006      
                            0x300008    0x30000d      
            26356 out of 33048 program addresses used, program memory utilization is 79%



                              Symbols - Sorted by Name
                     Name    Address   Location    Storage File                     
                ---------  ---------  ---------  --------- ---------                
                 BusyXLCD   0x006512    program     extern C:\Users\sgle6040\Documents\MTRX3_Major\MTRX3_Major\CommanderMain.X\UISourcefiles\XLCD\busyxlcd.c
             CheckPCInput   0x0054ea    program     extern C:\Users\sgle6040\Documents\MTRX3_Major\MTRX3_Major\CommanderMain.X\UISourcefiles\UserInput.c
           CheckUserInput   0x0053bc    program     extern C:\Users\sgle6040\Documents\MTRX3_Major\MTRX3_Major\CommanderMain.X\UISourcefiles\UserInput.c
     ClearUserInputBuffer   0x005682    program     extern C:\Users\sgle6040\Documents\MTRX3_Major\MTRX3_Major\CommanderMain.X\UISourcefiles\UserInput.c
                   D0808S   0x005f68    program     static E:\c18v3.46\pic18-lt\cxx-framework\src\traditional\math\fxd0808s.asm
                D0808SNEG   0x005f76    program     static E:\c18v3.46\pic18-lt\cxx-framework\src\traditional\math\fxd0808s.asm
                 D0808SOK   0x005f72    program     static E:\c18v3.46\pic18-lt\cxx-framework\src\traditional\math\fxd0808s.asm
                  D0808SX   0x005f7c    program     static E:\c18v3.46\pic18-lt\cxx-framework\src\traditional\math\fxd0808s.asm
                   D100_1   0x006672    program     static E:\c18v3.46\pic18-lt\cxx-framework\src\traditional\delays\d100tcyx.asm
                    D100x   0x006670    program     static E:\c18v3.46\pic18-lt\cxx-framework\src\traditional\delays\d100tcyx.asm
                   D10K_1   0x006598    program     static E:\c18v3.46\pic18-lt\cxx-framework\src\traditional\delays\d10ktcyx.asm
                    D10Kl   0x0065a4    program     static E:\c18v3.46\pic18-lt\cxx-framework\src\traditional\delays\d10ktcyx.asm
                    D10Kx   0x006596    program     static E:\c18v3.46\pic18-lt\cxx-framework\src\traditional\delays\d10ktcyx.asm
                    D10_1   0x0066ac    program     static E:\c18v3.46\pic18-lt\cxx-framework\src\traditional\delays\d10tcyx.asm
                     D10x   0x0066a4    program     static E:\c18v3.46\pic18-lt\cxx-framework\src\traditional\delays\d10tcyx.asm
                  DA0808S   0x005f5e    program     static E:\c18v3.46\pic18-lt\cxx-framework\src\traditional\math\fxd0808s.asm
             Delay100TCYx   0x006664    program     extern E:\c18v3.46\pic18-lt\cxx-framework\src\traditional\delays\d100tcyx.asm
             Delay10KTCYx   0x00658c    program     extern E:\c18v3.46\pic18-lt\cxx-framework\src\traditional\delays\d10ktcyx.asm
              Delay10TCYx   0x00669c    program     extern E:\c18v3.46\pic18-lt\cxx-framework\src\traditional\delays\d10tcyx.asm
            DelayFor18TCY   0x005d5c    program     extern C:\Users\sgle6040\Documents\MTRX3_Major\MTRX3_Major\CommanderMain.X\UISourcefiles\xlcddelays.c
             DelayPORXLCD   0x005d7a    program     extern C:\Users\sgle6040\Documents\MTRX3_Major\MTRX3_Major\CommanderMain.X\UISourcefiles\xlcddelays.c
           DelayRXBitUART   0x004f08    program     extern C:\Users\sgle6040\Documents\MTRX3_Major\MTRX3_Major\CommanderMain.X\Communications.c
       DelayRXHalfBitUART   0x004ef0    program     extern C:\Users\sgle6040\Documents\MTRX3_Major\MTRX3_Major\CommanderMain.X\Communications.c
           DelayTXBitUART   0x004ec8    program     extern C:\Users\sgle6040\Documents\MTRX3_Major\MTRX3_Major\CommanderMain.X\Communications.c
                DelayXLCD   0x005dc2    program     extern C:\Users\sgle6040\Documents\MTRX3_Major\MTRX3_Major\CommanderMain.X\UISourcefiles\xlcddelays.c
           Emergency_Stop   0x0056aa    program     extern C:\Users\sgle6040\Documents\MTRX3_Major\MTRX3_Major\CommanderMain.X\UISourcefiles\UserInput.c
                 FXD0808S   0x005f52    program     extern E:\c18v3.46\pic18-lt\cxx-framework\src\traditional\math\fxd0808s.asm
                 FXD0808U   0x006680    program     extern E:\c18v3.46\pic18-lt\cxx-framework\src\traditional\math\fxd0808u.c
                 FXD3232U   0x00643e    program     extern E:\c18v3.46\pic18-lt\cxx-framework\src\traditional\math\fxd3232u.c
                 FXM1616S   0x005f86    program     extern E:\c18v3.46\pic18-lt\cxx-framework\src\traditional\math\fxm1616s.asm
                  FXM3232   0x006176    program     extern E:\c18v3.46\pic18-lt\cxx-framework\src\traditional\math\fxm3232.c
                  GetChar   0x006092    program     static C:\Users\sgle6040\Documents\MTRX3_Major\MTRX3_Major\CommanderMain.X\readuart.asm
              GetPasscode   0x00005c    program     extern C:\Users\sgle6040\Documents\MTRX3_Major\MTRX3_Major\CommanderMain.X\UISourcefiles\StateTransition.c
                 LCDClear   0x005b5e    program     extern C:\Users\sgle6040\Documents\MTRX3_Major\MTRX3_Major\CommanderMain.X\UISourcefiles\LCDWrite.c
            LCDInitialise   0x005a2a    program     extern C:\Users\sgle6040\Documents\MTRX3_Major\MTRX3_Major\CommanderMain.X\UISourcefiles\LCDWrite.c
         LCDLine1RAMWrite   0x005a88    program     extern C:\Users\sgle6040\Documents\MTRX3_Major\MTRX3_Major\CommanderMain.X\UISourcefiles\LCDWrite.c
         LCDLine1ROMWrite   0x005a36    program     extern C:\Users\sgle6040\Documents\MTRX3_Major\MTRX3_Major\CommanderMain.X\UISourcefiles\LCDWrite.c
         LCDLine2RAMWrite   0x005b1c    program     extern C:\Users\sgle6040\Documents\MTRX3_Major\MTRX3_Major\CommanderMain.X\UISourcefiles\LCDWrite.c
         LCDLine2ROMWrite   0x005aca    program     extern C:\Users\sgle6040\Documents\MTRX3_Major\MTRX3_Major\CommanderMain.X\UISourcefiles\LCDWrite.c
                LEDOutput   0x0016e8    program     extern C:\Users\sgle6040\Documents\MTRX3_Major\MTRX3_Major\CommanderMain.X\UISourcefiles\PrimaryInterfaceOutput.c
                 LEDSetup   0x0016da    program     extern C:\Users\sgle6040\Documents\MTRX3_Major\MTRX3_Major\CommanderMain.X\UISourcefiles\PrimaryInterfaceOutput.c
                   ON_OFF   0x0056a0    program     extern C:\Users\sgle6040\Documents\MTRX3_Major\MTRX3_Major\CommanderMain.X\UISourcefiles\UserInput.c
                 OpenUART   0x00606a    program     extern C:\Users\sgle6040\Documents\MTRX3_Major\MTRX3_Major\CommanderMain.X\openuart.asm
                OpenUSART   0x005fe0    program     extern E:\c18v3.46\pic18-lt\cxx-framework\src\pmc_common\USART\uopen.c
                 OpenXLCD   0x005c7e    program     extern C:\Users\sgle6040\Documents\MTRX3_Major\MTRX3_Major\CommanderMain.X\UISourcefiles\XLCD\openxlcd.c
              PCLineClear   0x0032aa    program     extern C:\Users\sgle6040\Documents\MTRX3_Major\MTRX3_Major\CommanderMain.X\UISourcefiles\SecondaryInterfaceOutput.c
               PCRAMWrite   0x003264    program     extern C:\Users\sgle6040\Documents\MTRX3_Major\MTRX3_Major\CommanderMain.X\UISourcefiles\SecondaryInterfaceOutput.c
               PCROMWrite   0x00321a    program     extern C:\Users\sgle6040\Documents\MTRX3_Major\MTRX3_Major\CommanderMain.X\UISourcefiles\SecondaryInterfaceOutput.c
   PrimaryInterfaceOutput   0x001734    program     extern C:\Users\sgle6040\Documents\MTRX3_Major\MTRX3_Major\CommanderMain.X\UISourcefiles\PrimaryInterfaceOutput.c
             ReadAddrXLCD   0x0064cc    program     extern C:\Users\sgle6040\Documents\MTRX3_Major\MTRX3_Major\CommanderMain.X\UISourcefiles\XLCD\readaddr.c
             ReadDataXLCD   0x006486    program     extern C:\Users\sgle6040\Documents\MTRX3_Major\MTRX3_Major\CommanderMain.X\UISourcefiles\XLCD\readdata.c
                 ReadUART   0x006078    program     extern C:\Users\sgle6040\Documents\MTRX3_Major\MTRX3_Major\CommanderMain.X\readuart.asm
      ReadUserInputBuffer   0x00564c    program     extern C:\Users\sgle6040\Documents\MTRX3_Major\MTRX3_Major\CommanderMain.X\UISourcefiles\UserInput.c
 SecondaryInterfaceOutput   0x0032ba    program     extern C:\Users\sgle6040\Documents\MTRX3_Major\MTRX3_Major\CommanderMain.X\UISourcefiles\SecondaryInterfaceOutput.c
                  SendBit   0x0060ce    program     static C:\Users\sgle6040\Documents\MTRX3_Major\MTRX3_Major\CommanderMain.X\writuart.asm
                SendStart   0x0060d2    program     static C:\Users\sgle6040\Documents\MTRX3_Major\MTRX3_Major\CommanderMain.X\writuart.asm
             SetCGRamAddr   0x006304    program     extern C:\Users\sgle6040\Documents\MTRX3_Major\MTRX3_Major\CommanderMain.X\UISourcefiles\XLCD\setcgram.c
             SetDDRamAddr   0x0062b4    program     extern C:\Users\sgle6040\Documents\MTRX3_Major\MTRX3_Major\CommanderMain.X\UISourcefiles\XLCD\setddram.c
          StateTransition   0x000126    program     extern C:\Users\sgle6040\Documents\MTRX3_Major\MTRX3_Major\CommanderMain.X\UISourcefiles\StateTransition.c
               TSIGN1616A   0x005fd2    program     static E:\c18v3.46\pic18-lt\cxx-framework\src\traditional\math\fxm1616s.asm
                  UISetup   0x005b74    program     extern C:\Users\sgle6040\Documents\MTRX3_Major\MTRX3_Major\CommanderMain.X\UISourcefiles\UserInterface.c
           UserInputSetup   0x005360    program     extern C:\Users\sgle6040\Documents\MTRX3_Major\MTRX3_Major\CommanderMain.X\UISourcefiles\UserInput.c
                 WaitChar   0x006080    program     static C:\Users\sgle6040\Documents\MTRX3_Major\MTRX3_Major\CommanderMain.X\readuart.asm
             WriteCmdXLCD   0x0063a2    program     extern C:\Users\sgle6040\Documents\MTRX3_Major\MTRX3_Major\CommanderMain.X\UISourcefiles\XLCD\wcmdxlcd.c
            WriteDataXLCD   0x006354    program     extern C:\Users\sgle6040\Documents\MTRX3_Major\MTRX3_Major\CommanderMain.X\UISourcefiles\XLCD\writdata.c
                WriteUART   0x0060ba    program     extern C:\Users\sgle6040\Documents\MTRX3_Major\MTRX3_Major\CommanderMain.X\writuart.asm
               WriteUSART   0x0065ba    program     extern E:\c18v3.46\pic18-lt\cxx-framework\src\pmc_common\USART\uwrite.c
     WriteUserInputBuffer   0x005388    program     extern C:\Users\sgle6040\Documents\MTRX3_Major\MTRX3_Major\CommanderMain.X\UISourcefiles\UserInput.c
                   _2jEnd   0x00629e    program     static E:\c18v3.46\pic18-lt\cxx-framework\src\traditional\stdclib\slenpgm.asm
       _D100TCYXCODE_0008   0x00666c    program     static E:\c18v3.46\pic18-lt\cxx-framework\src\traditional\delays\d100tcyx.asm
       _D100TCYXCODE_0012   0x006676    program     static E:\c18v3.46\pic18-lt\cxx-framework\src\traditional\delays\d100tcyx.asm
       _D100TCYXCODE_0018   0x00667c    program     static E:\c18v3.46\pic18-lt\cxx-framework\src\traditional\delays\d100tcyx.asm
       _D10KTCYXCODE_0010   0x00659c    program     static E:\c18v3.46\pic18-lt\cxx-framework\src\traditional\delays\d10ktcyx.asm
       _D10KTCYXCODE_001C   0x0065a8    program     static E:\c18v3.46\pic18-lt\cxx-framework\src\traditional\delays\d10ktcyx.asm
        _D10TCYXCODE_000A   0x0066a6    program     static E:\c18v3.46\pic18-lt\cxx-framework\src\traditional\delays\d10tcyx.asm
        _D10TCYXCODE_000C   0x0066a8    program     static E:\c18v3.46\pic18-lt\cxx-framework\src\traditional\delays\d10tcyx.asm
        _D10TCYXCODE_000E   0x0066aa    program     static E:\c18v3.46\pic18-lt\cxx-framework\src\traditional\delays\d10tcyx.asm
       ___return_lbl00000   0x00000c    program     static                          
       ___return_lbl00000   0x00669a    program     static                          
       ___return_lbl00000   0x006484    program     static                          
       ___return_lbl00000   0x0061e4    program     static                          
       ___return_lbl00000   0x005d78    program     static                          
       ___return_lbl00000   0x000004    program     static                          
       ___return_lbl00001   0x006646    program     static                          
       ___return_lbl00001   0x005dae    program     static                          
       ___return_lbl00001   0x00001c    program     static                          
       ___return_lbl00002   0x005f50    program     static                          
       ___return_lbl00004   0x005df4    program     static                          
       ___return_lbl00028   0x004eee    program     static                          
       ___return_lbl00029   0x004f06    program     static                          
       ___return_lbl00030   0x004f2a    program     static                          
        ___while_lbl00002   0x005d96    program     static                          
        ___while_lbl00003   0x005dae    program     static                          
        ___while_lbl00005   0x005ddc    program     static                          
        ___while_lbl00006   0x005df4    program     static                          
               __config_0   0x300001    program     static C:\Users\sgle6040\Documents\MTRX3_Major\MTRX3_Major\CommanderMain.X\main.c
               __config_1   0x300002    program     static C:\Users\sgle6040\Documents\MTRX3_Major\MTRX3_Major\CommanderMain.X\main.c
              __config_10   0x30000d    program     static C:\Users\sgle6040\Documents\MTRX3_Major\MTRX3_Major\CommanderMain.X\main.c
               __config_2   0x300003    program     static C:\Users\sgle6040\Documents\MTRX3_Major\MTRX3_Major\CommanderMain.X\main.c
               __config_3   0x300005    program     static C:\Users\sgle6040\Documents\MTRX3_Major\MTRX3_Major\CommanderMain.X\main.c
               __config_4   0x300006    program     static C:\Users\sgle6040\Documents\MTRX3_Major\MTRX3_Major\CommanderMain.X\main.c
               __config_5   0x300008    program     static C:\Users\sgle6040\Documents\MTRX3_Major\MTRX3_Major\CommanderMain.X\main.c
               __config_6   0x300009    program     static C:\Users\sgle6040\Documents\MTRX3_Major\MTRX3_Major\CommanderMain.X\main.c
               __config_7   0x30000a    program     static C:\Users\sgle6040\Documents\MTRX3_Major\MTRX3_Major\CommanderMain.X\main.c
               __config_8   0x30000b    program     static C:\Users\sgle6040\Documents\MTRX3_Major\MTRX3_Major\CommanderMain.X\main.c
               __config_9   0x30000c    program     static C:\Users\sgle6040\Documents\MTRX3_Major\MTRX3_Major\CommanderMain.X\main.c
                   __init   0x00000e    program     extern E:\c18v3.46\pic18-lt\cxx-framework\src\traditional\stdclib\__init.c
                   __pa_0   0x002f12    program     static E:\c18v3.46\pic18-lt\cxx-framework\src\traditional\stdclib\vfprintf.c
                   __pa_1   0x002f1a    program     static E:\c18v3.46\pic18-lt\cxx-framework\src\traditional\stdclib\vfprintf.c
                  __pa_10   0x002fce    program     static E:\c18v3.46\pic18-lt\cxx-framework\src\traditional\stdclib\vfprintf.c
                  __pa_11   0x002fdc    program     static E:\c18v3.46\pic18-lt\cxx-framework\src\traditional\stdclib\vfprintf.c
                  __pa_12   0x002ff2    program     static E:\c18v3.46\pic18-lt\cxx-framework\src\traditional\stdclib\vfprintf.c
                  __pa_13   0x00300c    program     static E:\c18v3.46\pic18-lt\cxx-framework\src\traditional\stdclib\vfprintf.c
                  __pa_14   0x003024    program     static E:\c18v3.46\pic18-lt\cxx-framework\src\traditional\stdclib\vfprintf.c
                  __pa_15   0x003034    program     static E:\c18v3.46\pic18-lt\cxx-framework\src\traditional\stdclib\vfprintf.c
                  __pa_16   0x00304a    program     static E:\c18v3.46\pic18-lt\cxx-framework\src\traditional\stdclib\vfprintf.c
                  __pa_17   0x00305c    program     static E:\c18v3.46\pic18-lt\cxx-framework\src\traditional\stdclib\vfprintf.c
                  __pa_18   0x00306e    program     static E:\c18v3.46\pic18-lt\cxx-framework\src\traditional\stdclib\vfprintf.c
                  __pa_19   0x003078    program     static E:\c18v3.46\pic18-lt\cxx-framework\src\traditional\stdclib\vfprintf.c
                   __pa_2   0x002f24    program     static E:\c18v3.46\pic18-lt\cxx-framework\src\traditional\stdclib\vfprintf.c
                  __pa_20   0x003088    program     static E:\c18v3.46\pic18-lt\cxx-framework\src\traditional\stdclib\vfprintf.c
                  __pa_21   0x003098    program     static E:\c18v3.46\pic18-lt\cxx-framework\src\traditional\stdclib\vfprintf.c
                  __pa_22   0x0030a8    program     static E:\c18v3.46\pic18-lt\cxx-framework\src\traditional\stdclib\vfprintf.c
                  __pa_23   0x0030b4    program     static E:\c18v3.46\pic18-lt\cxx-framework\src\traditional\stdclib\vfprintf.c
                  __pa_24   0x0030c2    program     static E:\c18v3.46\pic18-lt\cxx-framework\src\traditional\stdclib\vfprintf.c
                  __pa_25   0x0030ca    program     static E:\c18v3.46\pic18-lt\cxx-framework\src\traditional\stdclib\vfprintf.c
                  __pa_26   0x0030d4    program     static E:\c18v3.46\pic18-lt\cxx-framework\src\traditional\stdclib\vfprintf.c
                  __pa_27   0x0030de    program     static E:\c18v3.46\pic18-lt\cxx-framework\src\traditional\stdclib\vfprintf.c
                  __pa_28   0x0030e6    program     static E:\c18v3.46\pic18-lt\cxx-framework\src\traditional\stdclib\vfprintf.c
                  __pa_29   0x0030f4    program     static E:\c18v3.46\pic18-lt\cxx-framework\src\traditional\stdclib\vfprintf.c
                   __pa_3   0x002f2e    program     static E:\c18v3.46\pic18-lt\cxx-framework\src\traditional\stdclib\vfprintf.c
                  __pa_30   0x003110    program     static E:\c18v3.46\pic18-lt\cxx-framework\src\traditional\stdclib\vfprintf.c
                  __pa_31   0x00312a    program     static E:\c18v3.46\pic18-lt\cxx-framework\src\traditional\stdclib\vfprintf.c
                  __pa_32   0x003144    program     static E:\c18v3.46\pic18-lt\cxx-framework\src\traditional\stdclib\vfprintf.c
                  __pa_33   0x00315c    program     static E:\c18v3.46\pic18-lt\cxx-framework\src\traditional\stdclib\vfprintf.c
                  __pa_34   0x003166    program     static E:\c18v3.46\pic18-lt\cxx-framework\src\traditional\stdclib\vfprintf.c
                  __pa_35   0x003174    program     static E:\c18v3.46\pic18-lt\cxx-framework\src\traditional\stdclib\vfprintf.c
                  __pa_36   0x00317c    program     static E:\c18v3.46\pic18-lt\cxx-framework\src\traditional\stdclib\vfprintf.c
                  __pa_37   0x003186    program     static E:\c18v3.46\pic18-lt\cxx-framework\src\traditional\stdclib\vfprintf.c
                  __pa_38   0x003196    program     static E:\c18v3.46\pic18-lt\cxx-framework\src\traditional\stdclib\vfprintf.c
                  __pa_39   0x0031a4    program     static E:\c18v3.46\pic18-lt\cxx-framework\src\traditional\stdclib\vfprintf.c
                   __pa_4   0x002f46    program     static E:\c18v3.46\pic18-lt\cxx-framework\src\traditional\stdclib\vfprintf.c
                  __pa_40   0x0031b0    program     static E:\c18v3.46\pic18-lt\cxx-framework\src\traditional\stdclib\vfprintf.c
                  __pa_41   0x0031bc    program     static E:\c18v3.46\pic18-lt\cxx-framework\src\traditional\stdclib\vfprintf.c
                  __pa_42   0x0031c4    program     static E:\c18v3.46\pic18-lt\cxx-framework\src\traditional\stdclib\vfprintf.c
                  __pa_43   0x0031ce    program     static E:\c18v3.46\pic18-lt\cxx-framework\src\traditional\stdclib\vfprintf.c
                  __pa_44   0x0031d4    program     static E:\c18v3.46\pic18-lt\cxx-framework\src\traditional\stdclib\vfprintf.c
                  __pa_45   0x0031de    program     static E:\c18v3.46\pic18-lt\cxx-framework\src\traditional\stdclib\vfprintf.c
                  __pa_46   0x0031ea    program     static E:\c18v3.46\pic18-lt\cxx-framework\src\traditional\stdclib\vfprintf.c
                   __pa_5   0x002f5a    program     static E:\c18v3.46\pic18-lt\cxx-framework\src\traditional\stdclib\vfprintf.c
                   __pa_6   0x002f76    program     static E:\c18v3.46\pic18-lt\cxx-framework\src\traditional\stdclib\vfprintf.c
                   __pa_7   0x002f80    program     static E:\c18v3.46\pic18-lt\cxx-framework\src\traditional\stdclib\vfprintf.c
                   __pa_8   0x002f8c    program     static E:\c18v3.46\pic18-lt\cxx-framework\src\traditional\stdclib\vfprintf.c
                   __pa_9   0x002fae    program     static E:\c18v3.46\pic18-lt\cxx-framework\src\traditional\stdclib\vfprintf.c
               __string_0   0x00424e    program     static C:\Users\sgle6040\Documents\MTRX3_Major\MTRX3_Major\CommanderMain.X\UISourcefiles\SecondaryInterfaceOutput.c
               __string_0   0x004298    program     static C:\Users\sgle6040\Documents\MTRX3_Major\MTRX3_Major\CommanderMain.X\UISourcefiles\UserInput.c
               __string_0   0x003db5    program     static C:\Users\sgle6040\Documents\MTRX3_Major\MTRX3_Major\CommanderMain.X\UISourcefiles\PrimaryInterfaceOutput.c
               __string_1   0x0041df    program     static C:\Users\sgle6040\Documents\MTRX3_Major\MTRX3_Major\CommanderMain.X\UISourcefiles\SecondaryInterfaceOutput.c
               __string_1   0x00427b    program     static C:\Users\sgle6040\Documents\MTRX3_Major\MTRX3_Major\CommanderMain.X\UISourcefiles\StateTransition.c
               __string_1   0x004296    program     static C:\Users\sgle6040\Documents\MTRX3_Major\MTRX3_Major\CommanderMain.X\UISourcefiles\UserInput.c
               __string_1   0x003da4    program     static C:\Users\sgle6040\Documents\MTRX3_Major\MTRX3_Major\CommanderMain.X\UISourcefiles\PrimaryInterfaceOutput.c
              __string_10   0x0040af    program     static C:\Users\sgle6040\Documents\MTRX3_Major\MTRX3_Major\CommanderMain.X\UISourcefiles\SecondaryInterfaceOutput.c
              __string_10   0x003d12    program     static C:\Users\sgle6040\Documents\MTRX3_Major\MTRX3_Major\CommanderMain.X\UISourcefiles\PrimaryInterfaceOutput.c
              __string_11   0x0040a0    program     static C:\Users\sgle6040\Documents\MTRX3_Major\MTRX3_Major\CommanderMain.X\UISourcefiles\SecondaryInterfaceOutput.c
              __string_11   0x003d07    program     static C:\Users\sgle6040\Documents\MTRX3_Major\MTRX3_Major\CommanderMain.X\UISourcefiles\PrimaryInterfaceOutput.c
              __string_12   0x003cf5    program     static C:\Users\sgle6040\Documents\MTRX3_Major\MTRX3_Major\CommanderMain.X\UISourcefiles\PrimaryInterfaceOutput.c
              __string_12   0x004091    program     static C:\Users\sgle6040\Documents\MTRX3_Major\MTRX3_Major\CommanderMain.X\UISourcefiles\SecondaryInterfaceOutput.c
              __string_13   0x003ce4    program     static C:\Users\sgle6040\Documents\MTRX3_Major\MTRX3_Major\CommanderMain.X\UISourcefiles\PrimaryInterfaceOutput.c
              __string_13   0x004080    program     static C:\Users\sgle6040\Documents\MTRX3_Major\MTRX3_Major\CommanderMain.X\UISourcefiles\SecondaryInterfaceOutput.c
              __string_14   0x003cd3    program     static C:\Users\sgle6040\Documents\MTRX3_Major\MTRX3_Major\CommanderMain.X\UISourcefiles\PrimaryInterfaceOutput.c
              __string_14   0x004043    program     static C:\Users\sgle6040\Documents\MTRX3_Major\MTRX3_Major\CommanderMain.X\UISourcefiles\SecondaryInterfaceOutput.c
              __string_15   0x003cc2    program     static C:\Users\sgle6040\Documents\MTRX3_Major\MTRX3_Major\CommanderMain.X\UISourcefiles\PrimaryInterfaceOutput.c
              __string_15   0x004030    program     static C:\Users\sgle6040\Documents\MTRX3_Major\MTRX3_Major\CommanderMain.X\UISourcefiles\SecondaryInterfaceOutput.c
              __string_16   0x004018    program     static C:\Users\sgle6040\Documents\MTRX3_Major\MTRX3_Major\CommanderMain.X\UISourcefiles\SecondaryInterfaceOutput.c
              __string_16   0x003cb1    program     static C:\Users\sgle6040\Documents\MTRX3_Major\MTRX3_Major\CommanderMain.X\UISourcefiles\PrimaryInterfaceOutput.c
              __string_17   0x004006    program     static C:\Users\sgle6040\Documents\MTRX3_Major\MTRX3_Major\CommanderMain.X\UISourcefiles\SecondaryInterfaceOutput.c
              __string_17   0x003ca0    program     static C:\Users\sgle6040\Documents\MTRX3_Major\MTRX3_Major\CommanderMain.X\UISourcefiles\PrimaryInterfaceOutput.c
              __string_18   0x003c8f    program     static C:\Users\sgle6040\Documents\MTRX3_Major\MTRX3_Major\CommanderMain.X\UISourcefiles\PrimaryInterfaceOutput.c
              __string_18   0x003f54    program     static C:\Users\sgle6040\Documents\MTRX3_Major\MTRX3_Major\CommanderMain.X\UISourcefiles\SecondaryInterfaceOutput.c
              __string_19   0x003f43    program     static C:\Users\sgle6040\Documents\MTRX3_Major\MTRX3_Major\CommanderMain.X\UISourcefiles\SecondaryInterfaceOutput.c
              __string_19   0x003c7e    program     static C:\Users\sgle6040\Documents\MTRX3_Major\MTRX3_Major\CommanderMain.X\UISourcefiles\PrimaryInterfaceOutput.c
               __string_2   0x004294    program     static C:\Users\sgle6040\Documents\MTRX3_Major\MTRX3_Major\CommanderMain.X\UISourcefiles\UserInput.c
               __string_2   0x003d93    program     static C:\Users\sgle6040\Documents\MTRX3_Major\MTRX3_Major\CommanderMain.X\UISourcefiles\PrimaryInterfaceOutput.c
               __string_2   0x0041cd    program     static C:\Users\sgle6040\Documents\MTRX3_Major\MTRX3_Major\CommanderMain.X\UISourcefiles\SecondaryInterfaceOutput.c
              __string_20   0x003f32    program     static C:\Users\sgle6040\Documents\MTRX3_Major\MTRX3_Major\CommanderMain.X\UISourcefiles\SecondaryInterfaceOutput.c
              __string_20   0x003c6d    program     static C:\Users\sgle6040\Documents\MTRX3_Major\MTRX3_Major\CommanderMain.X\UISourcefiles\PrimaryInterfaceOutput.c
              __string_21   0x003c5c    program     static C:\Users\sgle6040\Documents\MTRX3_Major\MTRX3_Major\CommanderMain.X\UISourcefiles\PrimaryInterfaceOutput.c
              __string_21   0x003f1e    program     static C:\Users\sgle6040\Documents\MTRX3_Major\MTRX3_Major\CommanderMain.X\UISourcefiles\SecondaryInterfaceOutput.c
              __string_22   0x003c4b    program     static C:\Users\sgle6040\Documents\MTRX3_Major\MTRX3_Major\CommanderMain.X\UISourcefiles\PrimaryInterfaceOutput.c
              __string_22   0x003eff    program     static C:\Users\sgle6040\Documents\MTRX3_Major\MTRX3_Major\CommanderMain.X\UISourcefiles\SecondaryInterfaceOutput.c
              __string_23   0x003c3a    program     static C:\Users\sgle6040\Documents\MTRX3_Major\MTRX3_Major\CommanderMain.X\UISourcefiles\PrimaryInterfaceOutput.c
              __string_23   0x003ee9    program     static C:\Users\sgle6040\Documents\MTRX3_Major\MTRX3_Major\CommanderMain.X\UISourcefiles\SecondaryInterfaceOutput.c
              __string_24   0x003eca    program     static C:\Users\sgle6040\Documents\MTRX3_Major\MTRX3_Major\CommanderMain.X\UISourcefiles\SecondaryInterfaceOutput.c
              __string_24   0x003c29    program     static C:\Users\sgle6040\Documents\MTRX3_Major\MTRX3_Major\CommanderMain.X\UISourcefiles\PrimaryInterfaceOutput.c
              __string_25   0x003c18    program     static C:\Users\sgle6040\Documents\MTRX3_Major\MTRX3_Major\CommanderMain.X\UISourcefiles\PrimaryInterfaceOutput.c
              __string_25   0x003eb2    program     static C:\Users\sgle6040\Documents\MTRX3_Major\MTRX3_Major\CommanderMain.X\UISourcefiles\SecondaryInterfaceOutput.c
              __string_26   0x003c07    program     static C:\Users\sgle6040\Documents\MTRX3_Major\MTRX3_Major\CommanderMain.X\UISourcefiles\PrimaryInterfaceOutput.c
              __string_26   0x003ea0    program     static C:\Users\sgle6040\Documents\MTRX3_Major\MTRX3_Major\CommanderMain.X\UISourcefiles\SecondaryInterfaceOutput.c
              __string_27   0x003e83    program     static C:\Users\sgle6040\Documents\MTRX3_Major\MTRX3_Major\CommanderMain.X\UISourcefiles\SecondaryInterfaceOutput.c
              __string_27   0x003bf6    program     static C:\Users\sgle6040\Documents\MTRX3_Major\MTRX3_Major\CommanderMain.X\UISourcefiles\PrimaryInterfaceOutput.c
              __string_28   0x003e6f    program     static C:\Users\sgle6040\Documents\MTRX3_Major\MTRX3_Major\CommanderMain.X\UISourcefiles\SecondaryInterfaceOutput.c
              __string_28   0x003be5    program     static C:\Users\sgle6040\Documents\MTRX3_Major\MTRX3_Major\CommanderMain.X\UISourcefiles\PrimaryInterfaceOutput.c
              __string_29   0x003bd4    program     static C:\Users\sgle6040\Documents\MTRX3_Major\MTRX3_Major\CommanderMain.X\UISourcefiles\PrimaryInterfaceOutput.c
              __string_29   0x003e52    program     static C:\Users\sgle6040\Documents\MTRX3_Major\MTRX3_Major\CommanderMain.X\UISourcefiles\SecondaryInterfaceOutput.c
               __string_3   0x003d82    program     static C:\Users\sgle6040\Documents\MTRX3_Major\MTRX3_Major\CommanderMain.X\UISourcefiles\PrimaryInterfaceOutput.c
               __string_3   0x004292    program     static C:\Users\sgle6040\Documents\MTRX3_Major\MTRX3_Major\CommanderMain.X\UISourcefiles\UserInput.c
               __string_3   0x00415a    program     static C:\Users\sgle6040\Documents\MTRX3_Major\MTRX3_Major\CommanderMain.X\UISourcefiles\SecondaryInterfaceOutput.c
              __string_30   0x003bc3    program     static C:\Users\sgle6040\Documents\MTRX3_Major\MTRX3_Major\CommanderMain.X\UISourcefiles\PrimaryInterfaceOutput.c
              __string_30   0x003e3b    program     static C:\Users\sgle6040\Documents\MTRX3_Major\MTRX3_Major\CommanderMain.X\UISourcefiles\SecondaryInterfaceOutput.c
              __string_31   0x003e28    program     static C:\Users\sgle6040\Documents\MTRX3_Major\MTRX3_Major\CommanderMain.X\UISourcefiles\SecondaryInterfaceOutput.c
              __string_31   0x003bb2    program     static C:\Users\sgle6040\Documents\MTRX3_Major\MTRX3_Major\CommanderMain.X\UISourcefiles\PrimaryInterfaceOutput.c
              __string_32   0x003ba1    program     static C:\Users\sgle6040\Documents\MTRX3_Major\MTRX3_Major\CommanderMain.X\UISourcefiles\PrimaryInterfaceOutput.c
              __string_32   0x003e13    program     static C:\Users\sgle6040\Documents\MTRX3_Major\MTRX3_Major\CommanderMain.X\UISourcefiles\SecondaryInterfaceOutput.c
              __string_33   0x003e01    program     static C:\Users\sgle6040\Documents\MTRX3_Major\MTRX3_Major\CommanderMain.X\UISourcefiles\SecondaryInterfaceOutput.c
              __string_33   0x003b90    program     static C:\Users\sgle6040\Documents\MTRX3_Major\MTRX3_Major\CommanderMain.X\UISourcefiles\PrimaryInterfaceOutput.c
              __string_34   0x003de4    program     static C:\Users\sgle6040\Documents\MTRX3_Major\MTRX3_Major\CommanderMain.X\UISourcefiles\SecondaryInterfaceOutput.c
              __string_34   0x003b7f    program     static C:\Users\sgle6040\Documents\MTRX3_Major\MTRX3_Major\CommanderMain.X\UISourcefiles\PrimaryInterfaceOutput.c
              __string_35   0x003b6e    program     static C:\Users\sgle6040\Documents\MTRX3_Major\MTRX3_Major\CommanderMain.X\UISourcefiles\PrimaryInterfaceOutput.c
              __string_35   0x003dd4    program     static C:\Users\sgle6040\Documents\MTRX3_Major\MTRX3_Major\CommanderMain.X\UISourcefiles\SecondaryInterfaceOutput.c
              __string_36   0x003b5d    program     static C:\Users\sgle6040\Documents\MTRX3_Major\MTRX3_Major\CommanderMain.X\UISourcefiles\PrimaryInterfaceOutput.c
              __string_36   0x003dc6    program     static C:\Users\sgle6040\Documents\MTRX3_Major\MTRX3_Major\CommanderMain.X\UISourcefiles\SecondaryInterfaceOutput.c
              __string_37   0x003b4c    program     static C:\Users\sgle6040\Documents\MTRX3_Major\MTRX3_Major\CommanderMain.X\UISourcefiles\PrimaryInterfaceOutput.c
               __string_4   0x003d71    program     static C:\Users\sgle6040\Documents\MTRX3_Major\MTRX3_Major\CommanderMain.X\UISourcefiles\PrimaryInterfaceOutput.c
               __string_4   0x004116    program     static C:\Users\sgle6040\Documents\MTRX3_Major\MTRX3_Major\CommanderMain.X\UISourcefiles\SecondaryInterfaceOutput.c
               __string_4   0x004290    program     static C:\Users\sgle6040\Documents\MTRX3_Major\MTRX3_Major\CommanderMain.X\UISourcefiles\UserInput.c
               __string_5   0x004106    program     static C:\Users\sgle6040\Documents\MTRX3_Major\MTRX3_Major\CommanderMain.X\UISourcefiles\SecondaryInterfaceOutput.c
               __string_5   0x00428e    program     static C:\Users\sgle6040\Documents\MTRX3_Major\MTRX3_Major\CommanderMain.X\UISourcefiles\UserInput.c
               __string_5   0x003d60    program     static C:\Users\sgle6040\Documents\MTRX3_Major\MTRX3_Major\CommanderMain.X\UISourcefiles\PrimaryInterfaceOutput.c
               __string_6   0x0040f5    program     static C:\Users\sgle6040\Documents\MTRX3_Major\MTRX3_Major\CommanderMain.X\UISourcefiles\SecondaryInterfaceOutput.c
               __string_6   0x00428c    program     static C:\Users\sgle6040\Documents\MTRX3_Major\MTRX3_Major\CommanderMain.X\UISourcefiles\UserInput.c
               __string_6   0x003d4f    program     static C:\Users\sgle6040\Documents\MTRX3_Major\MTRX3_Major\CommanderMain.X\UISourcefiles\PrimaryInterfaceOutput.c
               __string_7   0x0040e5    program     static C:\Users\sgle6040\Documents\MTRX3_Major\MTRX3_Major\CommanderMain.X\UISourcefiles\SecondaryInterfaceOutput.c
               __string_7   0x00428a    program     static C:\Users\sgle6040\Documents\MTRX3_Major\MTRX3_Major\CommanderMain.X\UISourcefiles\UserInput.c
               __string_7   0x003d3e    program     static C:\Users\sgle6040\Documents\MTRX3_Major\MTRX3_Major\CommanderMain.X\UISourcefiles\PrimaryInterfaceOutput.c
               __string_8   0x003d2d    program     static C:\Users\sgle6040\Documents\MTRX3_Major\MTRX3_Major\CommanderMain.X\UISourcefiles\PrimaryInterfaceOutput.c
               __string_8   0x0040d0    program     static C:\Users\sgle6040\Documents\MTRX3_Major\MTRX3_Major\CommanderMain.X\UISourcefiles\SecondaryInterfaceOutput.c
               __string_9   0x003d1c    program     static C:\Users\sgle6040\Documents\MTRX3_Major\MTRX3_Major\CommanderMain.X\UISourcefiles\PrimaryInterfaceOutput.c
               __string_9   0x0040bd    program     static C:\Users\sgle6040\Documents\MTRX3_Major\MTRX3_Major\CommanderMain.X\UISourcefiles\SecondaryInterfaceOutput.c
              __tmplbl_35   0x00216a    program     static                          
              __tmplbl_40   0x0016d2    program     static                          
              __tmplbl_41   0x0016d2    program     static                          
              __tmplbl_42   0x0030a8    program     static                          
              __tmplbl_43   0x002ef0    program     static                          
              __tmplbl_44   0x001656    program     static                          
              __tmplbl_44   0x002ed6    program     static                          
              __tmplbl_47   0x001656    program     static                          
              __tmplbl_49   0x001656    program     static                          
              __tmplbl_52   0x001654    program     static                          
              __tmplbl_53   0x001654    program     static                          
              __tmplbl_54   0x001654    program     static                          
              __tmplbl_85   0x002628    program     static                          
            __zero_memory   0x00660c    program     extern E:\c18v3.46\pic18-lt\cxx-framework\src\traditional\proc\p18f4520.asm
                _do_cinit   0x005eb4    program     extern E:\c18v3.46\pic18-lt\cxx-framework\src\traditional\startup\c018i.c
                   _entry   0x000000    program     extern E:\c18v3.46\pic18-lt\cxx-framework\src\traditional\startup\c018i.c
                   _false   0x006480    program     static                          
                 _startup   0x00662c    program     extern E:\c18v3.46\pic18-lt\cxx-framework\src\traditional\startup\c018i.c
              _usart_putc   0x006648    program     extern E:\c18v3.46\pic18-lt\cxx-framework\src\pmc_common\USART\_usartpc.asm
               _user_putc   0x000006    program     extern E:\c18v3.46\pic18-lt\cxx-framework\src\traditional\stdclib\_user_putc.c
            autoAlgorithm   0x004794    program     extern C:\Users\sgle6040\Documents\MTRX3_Major\MTRX3_Major\CommanderMain.X\Navigation.c
                checkScan   0x004472    program     extern C:\Users\sgle6040\Documents\MTRX3_Major\MTRX3_Major\CommanderMain.X\Navigation.c
                commSetup   0x00490c    program     extern C:\Users\sgle6040\Documents\MTRX3_Major\MTRX3_Major\CommanderMain.X\Communications.c
                compare_l   0x006622    program     static E:\c18v3.46\pic18-lt\cxx-framework\src\traditional\proc\p18f4520.asm
                copy_loop   0x005f26    program     static                          
            copy_one_byte   0x005f2c    program     static                          
       degrees2pulse_HIGH   0x005866    program     extern C:\Users\sgle6040\Documents\MTRX3_Major\MTRX3_Major\CommanderMain.X\UISourcefiles\servo.c
        degrees2pulse_LOW   0x005742    program     extern C:\Users\sgle6040\Documents\MTRX3_Major\MTRX3_Major\CommanderMain.X\UISourcefiles\servo.c
                     done   0x005f50    program     static                          
             done_copying   0x005f3a    program     static                          
                  endloop   0x006696    program     static                          
            goto_high_ISR   0x000008    program     extern C:\Users\sgle6040\Documents\MTRX3_Major\MTRX3_Major\CommanderMain.X\main.c
             goto_low_ISR   0x000018    program     extern C:\Users\sgle6040\Documents\MTRX3_Major\MTRX3_Major\CommanderMain.X\main.c
                handShake   0x004c54    program     extern C:\Users\sgle6040\Documents\MTRX3_Major\MTRX3_Major\CommanderMain.X\Communications.c
           high_interrupt   0x00527c    program     extern C:\Users\sgle6040\Documents\MTRX3_Major\MTRX3_Major\CommanderMain.X\main.c
               initialise   0x000010    program     extern C:\Users\sgle6040\Documents\MTRX3_Major\MTRX3_Major\CommanderMain.X\UISourcefiles\XLCD\UserinterfaceInitialise.c
           initialiseCCP2   0x005702    program     extern C:\Users\sgle6040\Documents\MTRX3_Major\MTRX3_Major\CommanderMain.X\UISourcefiles\servo.c
           initialiseComs   0x0031f4    program     extern C:\Users\sgle6040\Documents\MTRX3_Major\MTRX3_Major\CommanderMain.X\UISourcefiles\SecondaryInterfaceOutput.c
       initialising_state   0x0000bc    program     extern C:\Users\sgle6040\Documents\MTRX3_Major\MTRX3_Major\CommanderMain.X\UISourcefiles\StateTransition.c
                  inputUI   0x005b98    program     extern C:\Users\sgle6040\Documents\MTRX3_Major\MTRX3_Major\CommanderMain.X\UISourcefiles\UserInterface.c
                  isdigit   0x0065e8    program     extern E:\c18v3.46\pic18-lt\cxx-framework\src\traditional\stdclib\isdigit.asm
                     jEnd   0x006268    program     static E:\c18v3.46\pic18-lt\cxx-framework\src\traditional\stdclib\strlen.asm
                     jEnd   0x0062a0    program     static E:\c18v3.46\pic18-lt\cxx-framework\src\traditional\stdclib\slenpgm.asm
                    jLoop   0x006288    program     static E:\c18v3.46\pic18-lt\cxx-framework\src\traditional\stdclib\slenpgm.asm
                    jLoop   0x00625e    program     static E:\c18v3.46\pic18-lt\cxx-framework\src\traditional\stdclib\strlen.asm
                   jMatch   0x006608    program     static E:\c18v3.46\pic18-lt\cxx-framework\src\traditional\stdclib\isdigit.asm
                 jNoMatch   0x00660a    program     static E:\c18v3.46\pic18-lt\cxx-framework\src\traditional\stdclib\isdigit.asm
                     loop   0x00644c    program     static                          
                     loop   0x006688    program     static                          
                     loop   0x006658    program     static E:\c18v3.46\pic18-lt\cxx-framework\src\pmc_common\USART\_usartpc.asm
                     loop   0x00663c    program     static                          
                   loop_h   0x00661a    program     static E:\c18v3.46\pic18-lt\cxx-framework\src\traditional\proc\p18f4520.asm
                   loop_l   0x006624    program     static E:\c18v3.46\pic18-lt\cxx-framework\src\traditional\proc\p18f4520.asm
            low_interrupt   0x005188    program     extern C:\Users\sgle6040\Documents\MTRX3_Major\MTRX3_Major\CommanderMain.X\main.c
                     main   0x004f2c    program     extern C:\Users\sgle6040\Documents\MTRX3_Major\MTRX3_Major\CommanderMain.X\main.c
               move0_HIGH   0x00598a    program     extern C:\Users\sgle6040\Documents\MTRX3_Major\MTRX3_Major\CommanderMain.X\UISourcefiles\servo.c
                move0_LOW   0x0059da    program     extern C:\Users\sgle6040\Documents\MTRX3_Major\MTRX3_Major\CommanderMain.X\UISourcefiles\servo.c
             move135_HIGH   0x0059ba    program     extern C:\Users\sgle6040\Documents\MTRX3_Major\MTRX3_Major\CommanderMain.X\UISourcefiles\servo.c
              move135_LOW   0x005a0a    program     extern C:\Users\sgle6040\Documents\MTRX3_Major\MTRX3_Major\CommanderMain.X\UISourcefiles\servo.c
             move180_HIGH   0x0059ca    program     extern C:\Users\sgle6040\Documents\MTRX3_Major\MTRX3_Major\CommanderMain.X\UISourcefiles\servo.c
              move180_LOW   0x005a1a    program     extern C:\Users\sgle6040\Documents\MTRX3_Major\MTRX3_Major\CommanderMain.X\UISourcefiles\servo.c
              move45_HIGH   0x00599a    program     extern C:\Users\sgle6040\Documents\MTRX3_Major\MTRX3_Major\CommanderMain.X\UISourcefiles\servo.c
               move45_LOW   0x0059ea    program     extern C:\Users\sgle6040\Documents\MTRX3_Major\MTRX3_Major\CommanderMain.X\UISourcefiles\servo.c
              move90_HIGH   0x0059aa    program     extern C:\Users\sgle6040\Documents\MTRX3_Major\MTRX3_Major\CommanderMain.X\UISourcefiles\servo.c
               move90_LOW   0x0059fa    program     extern C:\Users\sgle6040\Documents\MTRX3_Major\MTRX3_Major\CommanderMain.X\UISourcefiles\servo.c
                 navSetup   0x00429a    program     extern C:\Users\sgle6040\Documents\MTRX3_Major\MTRX3_Major\CommanderMain.X\Navigation.c
                 outputUI   0x005c00    program     extern C:\Users\sgle6040\Documents\MTRX3_Major\MTRX3_Major\CommanderMain.X\UISourcefiles\UserInterface.c
         parseUIDirection   0x00453e    program     extern C:\Users\sgle6040\Documents\MTRX3_Major\MTRX3_Major\CommanderMain.X\Navigation.c
          processReceived   0x004c9e    program     extern C:\Users\sgle6040\Documents\MTRX3_Major\MTRX3_Major\CommanderMain.X\Communications.c
                     putc   0x0060f2    program     extern E:\c18v3.46\pic18-lt\cxx-framework\src\traditional\stdclib\putc.c
                putrsXLCD   0x0061e6    program     extern C:\Users\sgle6040\Documents\MTRX3_Major\MTRX3_Major\CommanderMain.X\UISourcefiles\XLCD\putrxlcd.c
                 putsUART   0x006550    program     extern C:\Users\sgle6040\Documents\MTRX3_Major\MTRX3_Major\CommanderMain.X\putsuart.c
                 putsXLCD   0x0063f0    program     extern C:\Users\sgle6040\Documents\MTRX3_Major\MTRX3_Major\CommanderMain.X\UISourcefiles\XLCD\putsxlcd.c
             receiveComms   0x004928    program     extern C:\Users\sgle6040\Documents\MTRX3_Major\MTRX3_Major\CommanderMain.X\Communications.c
                robotMove   0x00429c    program     extern C:\Users\sgle6040\Documents\MTRX3_Major\MTRX3_Major\CommanderMain.X\Navigation.c
                 s_digits   0x0066b2    program     static E:\c18v3.46\pic18-lt\cxx-framework\src\traditional\stdclib\vfprintf.c
            s_put_n_chars   0x0025d2    program     static E:\c18v3.46\pic18-lt\cxx-framework\src\traditional\stdclib\vfprintf.c
              servoOutput   0x00570e    program     extern C:\Users\sgle6040\Documents\MTRX3_Major\MTRX3_Major\CommanderMain.X\UISourcefiles\servo.c
               servoSetup   0x0056ec    program     extern C:\Users\sgle6040\Documents\MTRX3_Major\MTRX3_Major\CommanderMain.X\UISourcefiles\servo.c
              servoToggle   0x0056cc    program     extern C:\Users\sgle6040\Documents\MTRX3_Major\MTRX3_Major\CommanderMain.X\UISourcefiles\servo.c
                  sprintf   0x005e08    program     extern E:\c18v3.46\pic18-lt\cxx-framework\src\traditional\stdclib\sprintf.c
             stateControl   0x00534a    program     extern C:\Users\sgle6040\Documents\MTRX3_Major\MTRX3_Major\CommanderMain.X\main.c
                  storeUI   0x005b84    program     extern C:\Users\sgle6040\Documents\MTRX3_Major\MTRX3_Major\CommanderMain.X\UISourcefiles\UserInterface.c
                   strlen   0x00624e    program     extern E:\c18v3.46\pic18-lt\cxx-framework\src\traditional\stdclib\strlen.asm
                strlenpgm   0x00626a    program     extern E:\c18v3.46\pic18-lt\cxx-framework\src\traditional\stdclib\slenpgm.asm
                     test   0x005ece    program     static                          
            transmitComms   0x004998    program     extern C:\Users\sgle6040\Documents\MTRX3_Major\MTRX3_Major\CommanderMain.X\Communications.c
                 vfprintf   0x0025fe    program     extern E:\c18v3.46\pic18-lt\cxx-framework\src\traditional\stdclib\vfprintf.c
               zero_block   0x00661a    program     static E:\c18v3.46\pic18-lt\cxx-framework\src\traditional\proc\p18f4520.asm
                   ADCON0   0x000fc2       data     extern E:\c18v3.46\pic18-lt\cxx-framework\src\traditional\proc\p18f4520.asm
               ADCON0bits   0x000fc2       data     extern E:\c18v3.46\pic18-lt\cxx-framework\src\traditional\proc\p18f4520.asm
                   ADCON1   0x000fc1       data     extern E:\c18v3.46\pic18-lt\cxx-framework\src\traditional\proc\p18f4520.asm
               ADCON1bits   0x000fc1       data     extern E:\c18v3.46\pic18-lt\cxx-framework\src\traditional\proc\p18f4520.asm
                   ADCON2   0x000fc0       data     extern E:\c18v3.46\pic18-lt\cxx-framework\src\traditional\proc\p18f4520.asm
               ADCON2bits   0x000fc0       data     extern E:\c18v3.46\pic18-lt\cxx-framework\src\traditional\proc\p18f4520.asm
                    ADRES   0x000fc3       data     extern E:\c18v3.46\pic18-lt\cxx-framework\src\traditional\proc\p18f4520.asm
                   ADRESH   0x000fc4       data     extern E:\c18v3.46\pic18-lt\cxx-framework\src\traditional\proc\p18f4520.asm
                   ADRESL   0x000fc3       data     extern E:\c18v3.46\pic18-lt\cxx-framework\src\traditional\proc\p18f4520.asm
                  BAUDCON   0x000fb8       data     extern E:\c18v3.46\pic18-lt\cxx-framework\src\traditional\proc\p18f4520.asm
              BAUDCONbits   0x000fb8       data     extern E:\c18v3.46\pic18-lt\cxx-framework\src\traditional\proc\p18f4520.asm
                  BAUDCTL   0x000fb8       data     extern E:\c18v3.46\pic18-lt\cxx-framework\src\traditional\proc\p18f4520.asm
              BAUDCTLbits   0x000fb8       data     extern E:\c18v3.46\pic18-lt\cxx-framework\src\traditional\proc\p18f4520.asm
                      BSR   0x000fe0       data     extern E:\c18v3.46\pic18-lt\cxx-framework\src\traditional\proc\p18f4520.asm
                 BitCount   0x00057d       data     extern E:\c18v3.46\pic18-lt\cxx-framework\src\pmc_common\SW_UART\uartdata.asm
                  CCP1CON   0x000fbd       data     extern E:\c18v3.46\pic18-lt\cxx-framework\src\traditional\proc\p18f4520.asm
              CCP1CONbits   0x000fbd       data     extern E:\c18v3.46\pic18-lt\cxx-framework\src\traditional\proc\p18f4520.asm
                  CCP2CON   0x000fba       data     extern E:\c18v3.46\pic18-lt\cxx-framework\src\traditional\proc\p18f4520.asm
              CCP2CONbits   0x000fba       data     extern E:\c18v3.46\pic18-lt\cxx-framework\src\traditional\proc\p18f4520.asm
                    CCPR1   0x000fbe       data     extern E:\c18v3.46\pic18-lt\cxx-framework\src\traditional\proc\p18f4520.asm
                   CCPR1H   0x000fbf       data     extern E:\c18v3.46\pic18-lt\cxx-framework\src\traditional\proc\p18f4520.asm
                   CCPR1L   0x000fbe       data     extern E:\c18v3.46\pic18-lt\cxx-framework\src\traditional\proc\p18f4520.asm
                    CCPR2   0x000fbb       data     extern E:\c18v3.46\pic18-lt\cxx-framework\src\traditional\proc\p18f4520.asm
                   CCPR2H   0x000fbc       data     extern E:\c18v3.46\pic18-lt\cxx-framework\src\traditional\proc\p18f4520.asm
                   CCPR2L   0x000fbb       data     extern E:\c18v3.46\pic18-lt\cxx-framework\src\traditional\proc\p18f4520.asm
                    CMCON   0x000fb4       data     extern E:\c18v3.46\pic18-lt\cxx-framework\src\traditional\proc\p18f4520.asm
                CMCONbits   0x000fb4       data     extern E:\c18v3.46\pic18-lt\cxx-framework\src\traditional\proc\p18f4520.asm
                   CVRCON   0x000fb5       data     extern E:\c18v3.46\pic18-lt\cxx-framework\src\traditional\proc\p18f4520.asm
               CVRCONbits   0x000fb5       data     extern E:\c18v3.46\pic18-lt\cxx-framework\src\traditional\proc\p18f4520.asm
                     DDRA   0x000f92       data     extern E:\c18v3.46\pic18-lt\cxx-framework\src\traditional\proc\p18f4520.asm
                 DDRAbits   0x000f92       data     extern E:\c18v3.46\pic18-lt\cxx-framework\src\traditional\proc\p18f4520.asm
                     DDRB   0x000f93       data     extern E:\c18v3.46\pic18-lt\cxx-framework\src\traditional\proc\p18f4520.asm
                 DDRBbits   0x000f93       data     extern E:\c18v3.46\pic18-lt\cxx-framework\src\traditional\proc\p18f4520.asm
                     DDRC   0x000f94       data     extern E:\c18v3.46\pic18-lt\cxx-framework\src\traditional\proc\p18f4520.asm
                 DDRCbits   0x000f94       data     extern E:\c18v3.46\pic18-lt\cxx-framework\src\traditional\proc\p18f4520.asm
                     DDRD   0x000f95       data     extern E:\c18v3.46\pic18-lt\cxx-framework\src\traditional\proc\p18f4520.asm
                 DDRDbits   0x000f95       data     extern E:\c18v3.46\pic18-lt\cxx-framework\src\traditional\proc\p18f4520.asm
                     DDRE   0x000f96       data     extern E:\c18v3.46\pic18-lt\cxx-framework\src\traditional\proc\p18f4520.asm
                 DDREbits   0x000f96       data     extern E:\c18v3.46\pic18-lt\cxx-framework\src\traditional\proc\p18f4520.asm
            DelayCounter1   0x000021       data     extern E:\c18v3.46\pic18-lt\cxx-framework\src\traditional\delays\delayd1.asm
            DelayCounter2   0x000020       data     extern E:\c18v3.46\pic18-lt\cxx-framework\src\traditional\delays\delayd2.asm
                  ECCP1AS   0x000fb6       data     extern E:\c18v3.46\pic18-lt\cxx-framework\src\traditional\proc\p18f4520.asm
              ECCP1ASbits   0x000fb6       data     extern E:\c18v3.46\pic18-lt\cxx-framework\src\traditional\proc\p18f4520.asm
                 ECCP1DEL   0x000fb7       data     extern E:\c18v3.46\pic18-lt\cxx-framework\src\traditional\proc\p18f4520.asm
             ECCP1DELbits   0x000fb7       data     extern E:\c18v3.46\pic18-lt\cxx-framework\src\traditional\proc\p18f4520.asm
                   ECCPAS   0x000fb6       data     extern E:\c18v3.46\pic18-lt\cxx-framework\src\traditional\proc\p18f4520.asm
               ECCPASbits   0x000fb6       data     extern E:\c18v3.46\pic18-lt\cxx-framework\src\traditional\proc\p18f4520.asm
                    EEADR   0x000fa9       data     extern E:\c18v3.46\pic18-lt\cxx-framework\src\traditional\proc\p18f4520.asm
                   EECON1   0x000fa6       data     extern E:\c18v3.46\pic18-lt\cxx-framework\src\traditional\proc\p18f4520.asm
               EECON1bits   0x000fa6       data     extern E:\c18v3.46\pic18-lt\cxx-framework\src\traditional\proc\p18f4520.asm
                   EECON2   0x000fa7       data     extern E:\c18v3.46\pic18-lt\cxx-framework\src\traditional\proc\p18f4520.asm
                   EEDATA   0x000fa8       data     extern E:\c18v3.46\pic18-lt\cxx-framework\src\traditional\proc\p18f4520.asm
                     FSR0   0x000fe9       data     extern E:\c18v3.46\pic18-lt\cxx-framework\src\traditional\proc\p18f4520.asm
                    FSR0H   0x000fea       data     extern E:\c18v3.46\pic18-lt\cxx-framework\src\traditional\proc\p18f4520.asm
                    FSR0L   0x000fe9       data     extern E:\c18v3.46\pic18-lt\cxx-framework\src\traditional\proc\p18f4520.asm
                     FSR1   0x000fe1       data     extern E:\c18v3.46\pic18-lt\cxx-framework\src\traditional\proc\p18f4520.asm
                    FSR1H   0x000fe2       data     extern E:\c18v3.46\pic18-lt\cxx-framework\src\traditional\proc\p18f4520.asm
                    FSR1L   0x000fe1       data     extern E:\c18v3.46\pic18-lt\cxx-framework\src\traditional\proc\p18f4520.asm
                     FSR2   0x000fd9       data     extern E:\c18v3.46\pic18-lt\cxx-framework\src\traditional\proc\p18f4520.asm
                    FSR2H   0x000fda       data     extern E:\c18v3.46\pic18-lt\cxx-framework\src\traditional\proc\p18f4520.asm
                    FSR2L   0x000fd9       data     extern E:\c18v3.46\pic18-lt\cxx-framework\src\traditional\proc\p18f4520.asm
                  HLVDCON   0x000fd2       data     extern E:\c18v3.46\pic18-lt\cxx-framework\src\traditional\proc\p18f4520.asm
              HLVDCONbits   0x000fd2       data     extern E:\c18v3.46\pic18-lt\cxx-framework\src\traditional\proc\p18f4520.asm
                    INDF0   0x000fef       data     extern E:\c18v3.46\pic18-lt\cxx-framework\src\traditional\proc\p18f4520.asm
                    INDF1   0x000fe7       data     extern E:\c18v3.46\pic18-lt\cxx-framework\src\traditional\proc\p18f4520.asm
                    INDF2   0x000fdf       data     extern E:\c18v3.46\pic18-lt\cxx-framework\src\traditional\proc\p18f4520.asm
                   INTCON   0x000ff2       data     extern E:\c18v3.46\pic18-lt\cxx-framework\src\traditional\proc\p18f4520.asm
                  INTCON2   0x000ff1       data     extern E:\c18v3.46\pic18-lt\cxx-framework\src\traditional\proc\p18f4520.asm
              INTCON2bits   0x000ff1       data     extern E:\c18v3.46\pic18-lt\cxx-framework\src\traditional\proc\p18f4520.asm
                  INTCON3   0x000ff0       data     extern E:\c18v3.46\pic18-lt\cxx-framework\src\traditional\proc\p18f4520.asm
              INTCON3bits   0x000ff0       data     extern E:\c18v3.46\pic18-lt\cxx-framework\src\traditional\proc\p18f4520.asm
               INTCONbits   0x000ff2       data     extern E:\c18v3.46\pic18-lt\cxx-framework\src\traditional\proc\p18f4520.asm
                     IPR1   0x000f9f       data     extern E:\c18v3.46\pic18-lt\cxx-framework\src\traditional\proc\p18f4520.asm
                 IPR1bits   0x000f9f       data     extern E:\c18v3.46\pic18-lt\cxx-framework\src\traditional\proc\p18f4520.asm
                     IPR2   0x000fa2       data     extern E:\c18v3.46\pic18-lt\cxx-framework\src\traditional\proc\p18f4520.asm
                 IPR2bits   0x000fa2       data     extern E:\c18v3.46\pic18-lt\cxx-framework\src\traditional\proc\p18f4520.asm
                   IRVals   0x0000d1       data     extern C:\Users\sgle6040\Documents\MTRX3_Major\MTRX3_Major\CommanderMain.X\main.c
                     LATA   0x000f89       data     extern E:\c18v3.46\pic18-lt\cxx-framework\src\traditional\proc\p18f4520.asm
                 LATAbits   0x000f89       data     extern E:\c18v3.46\pic18-lt\cxx-framework\src\traditional\proc\p18f4520.asm
                     LATB   0x000f8a       data     extern E:\c18v3.46\pic18-lt\cxx-framework\src\traditional\proc\p18f4520.asm
                 LATBbits   0x000f8a       data     extern E:\c18v3.46\pic18-lt\cxx-framework\src\traditional\proc\p18f4520.asm
                     LATC   0x000f8b       data     extern E:\c18v3.46\pic18-lt\cxx-framework\src\traditional\proc\p18f4520.asm
                 LATCbits   0x000f8b       data     extern E:\c18v3.46\pic18-lt\cxx-framework\src\traditional\proc\p18f4520.asm
                     LATD   0x000f8c       data     extern E:\c18v3.46\pic18-lt\cxx-framework\src\traditional\proc\p18f4520.asm
                 LATDbits   0x000f8c       data     extern E:\c18v3.46\pic18-lt\cxx-framework\src\traditional\proc\p18f4520.asm
                     LATE   0x000f8d       data     extern E:\c18v3.46\pic18-lt\cxx-framework\src\traditional\proc\p18f4520.asm
                 LATEbits   0x000f8d       data     extern E:\c18v3.46\pic18-lt\cxx-framework\src\traditional\proc\p18f4520.asm
                   LVDCON   0x000fd2       data     extern E:\c18v3.46\pic18-lt\cxx-framework\src\traditional\proc\p18f4520.asm
               LVDCONbits   0x000fd2       data     extern E:\c18v3.46\pic18-lt\cxx-framework\src\traditional\proc\p18f4520.asm
                   OSCCON   0x000fd3       data     extern E:\c18v3.46\pic18-lt\cxx-framework\src\traditional\proc\p18f4520.asm
               OSCCONbits   0x000fd3       data     extern E:\c18v3.46\pic18-lt\cxx-framework\src\traditional\proc\p18f4520.asm
                  OSCTUNE   0x000f9b       data     extern E:\c18v3.46\pic18-lt\cxx-framework\src\traditional\proc\p18f4520.asm
              OSCTUNEbits   0x000f9b       data     extern E:\c18v3.46\pic18-lt\cxx-framework\src\traditional\proc\p18f4520.asm
                       PC   0x000ff9       data     extern E:\c18v3.46\pic18-lt\cxx-framework\src\traditional\proc\p18f4520.asm
                      PCL   0x000ff9       data     extern E:\c18v3.46\pic18-lt\cxx-framework\src\traditional\proc\p18f4520.asm
                   PCLATH   0x000ffa       data     extern E:\c18v3.46\pic18-lt\cxx-framework\src\traditional\proc\p18f4520.asm
                   PCLATU   0x000ffb       data     extern E:\c18v3.46\pic18-lt\cxx-framework\src\traditional\proc\p18f4520.asm
                     PIE1   0x000f9d       data     extern E:\c18v3.46\pic18-lt\cxx-framework\src\traditional\proc\p18f4520.asm
                 PIE1bits   0x000f9d       data     extern E:\c18v3.46\pic18-lt\cxx-framework\src\traditional\proc\p18f4520.asm
                     PIE2   0x000fa0       data     extern E:\c18v3.46\pic18-lt\cxx-framework\src\traditional\proc\p18f4520.asm
                 PIE2bits   0x000fa0       data     extern E:\c18v3.46\pic18-lt\cxx-framework\src\traditional\proc\p18f4520.asm
                     PIR1   0x000f9e       data     extern E:\c18v3.46\pic18-lt\cxx-framework\src\traditional\proc\p18f4520.asm
                 PIR1bits   0x000f9e       data     extern E:\c18v3.46\pic18-lt\cxx-framework\src\traditional\proc\p18f4520.asm
                     PIR2   0x000fa1       data     extern E:\c18v3.46\pic18-lt\cxx-framework\src\traditional\proc\p18f4520.asm
                 PIR2bits   0x000fa1       data     extern E:\c18v3.46\pic18-lt\cxx-framework\src\traditional\proc\p18f4520.asm
                   PLUSW0   0x000feb       data     extern E:\c18v3.46\pic18-lt\cxx-framework\src\traditional\proc\p18f4520.asm
                   PLUSW1   0x000fe3       data     extern E:\c18v3.46\pic18-lt\cxx-framework\src\traditional\proc\p18f4520.asm
                   PLUSW2   0x000fdb       data     extern E:\c18v3.46\pic18-lt\cxx-framework\src\traditional\proc\p18f4520.asm
                    PORTA   0x000f80       data     extern E:\c18v3.46\pic18-lt\cxx-framework\src\traditional\proc\p18f4520.asm
                PORTAbits   0x000f80       data     extern E:\c18v3.46\pic18-lt\cxx-framework\src\traditional\proc\p18f4520.asm
                    PORTB   0x000f81       data     extern E:\c18v3.46\pic18-lt\cxx-framework\src\traditional\proc\p18f4520.asm
                PORTBbits   0x000f81       data     extern E:\c18v3.46\pic18-lt\cxx-framework\src\traditional\proc\p18f4520.asm
                    PORTC   0x000f82       data     extern E:\c18v3.46\pic18-lt\cxx-framework\src\traditional\proc\p18f4520.asm
                PORTCbits   0x000f82       data     extern E:\c18v3.46\pic18-lt\cxx-framework\src\traditional\proc\p18f4520.asm
                    PORTD   0x000f83       data     extern E:\c18v3.46\pic18-lt\cxx-framework\src\traditional\proc\p18f4520.asm
                PORTDbits   0x000f83       data     extern E:\c18v3.46\pic18-lt\cxx-framework\src\traditional\proc\p18f4520.asm
                    PORTE   0x000f84       data     extern E:\c18v3.46\pic18-lt\cxx-framework\src\traditional\proc\p18f4520.asm
                PORTEbits   0x000f84       data     extern E:\c18v3.46\pic18-lt\cxx-framework\src\traditional\proc\p18f4520.asm
                 POSTDEC0   0x000fed       data     extern E:\c18v3.46\pic18-lt\cxx-framework\src\traditional\proc\p18f4520.asm
                 POSTDEC1   0x000fe5       data     extern E:\c18v3.46\pic18-lt\cxx-framework\src\traditional\proc\p18f4520.asm
                 POSTDEC2   0x000fdd       data     extern E:\c18v3.46\pic18-lt\cxx-framework\src\traditional\proc\p18f4520.asm
                 POSTINC0   0x000fee       data     extern E:\c18v3.46\pic18-lt\cxx-framework\src\traditional\proc\p18f4520.asm
                 POSTINC1   0x000fe6       data     extern E:\c18v3.46\pic18-lt\cxx-framework\src\traditional\proc\p18f4520.asm
                 POSTINC2   0x000fde       data     extern E:\c18v3.46\pic18-lt\cxx-framework\src\traditional\proc\p18f4520.asm
                      PR2   0x000fcb       data     extern E:\c18v3.46\pic18-lt\cxx-framework\src\traditional\proc\p18f4520.asm
                  PREINC0   0x000fec       data     extern E:\c18v3.46\pic18-lt\cxx-framework\src\traditional\proc\p18f4520.asm
                  PREINC1   0x000fe4       data     extern E:\c18v3.46\pic18-lt\cxx-framework\src\traditional\proc\p18f4520.asm
                  PREINC2   0x000fdc       data     extern E:\c18v3.46\pic18-lt\cxx-framework\src\traditional\proc\p18f4520.asm
                     PROD   0x000ff3       data     extern E:\c18v3.46\pic18-lt\cxx-framework\src\traditional\proc\p18f4520.asm
                    PRODH   0x000ff4       data     extern E:\c18v3.46\pic18-lt\cxx-framework\src\traditional\proc\p18f4520.asm
                    PRODL   0x000ff3       data     extern E:\c18v3.46\pic18-lt\cxx-framework\src\traditional\proc\p18f4520.asm
                  PWM1CON   0x000fb7       data     extern E:\c18v3.46\pic18-lt\cxx-framework\src\traditional\proc\p18f4520.asm
              PWM1CONbits   0x000fb7       data     extern E:\c18v3.46\pic18-lt\cxx-framework\src\traditional\proc\p18f4520.asm
                     RCON   0x000fd0       data     extern E:\c18v3.46\pic18-lt\cxx-framework\src\traditional\proc\p18f4520.asm
                 RCONbits   0x000fd0       data     extern E:\c18v3.46\pic18-lt\cxx-framework\src\traditional\proc\p18f4520.asm
                    RCREG   0x000fae       data     extern E:\c18v3.46\pic18-lt\cxx-framework\src\traditional\proc\p18f4520.asm
                    RCSTA   0x000fab       data     extern E:\c18v3.46\pic18-lt\cxx-framework\src\traditional\proc\p18f4520.asm
                RCSTAbits   0x000fab       data     extern E:\c18v3.46\pic18-lt\cxx-framework\src\traditional\proc\p18f4520.asm
        RobotReceiveComms   0x0000a1       data     extern C:\Users\sgle6040\Documents\MTRX3_Major\MTRX3_Major\CommanderMain.X\main.c
       RobotTransmitComms   0x0000ae       data     extern C:\Users\sgle6040\Documents\MTRX3_Major\MTRX3_Major\CommanderMain.X\main.c
                     SIGN   0x000000       data     extern E:\c18v3.46\pic18-lt\cxx-framework\src\traditional\math\cmath18.asm
                    SPBRG   0x000faf       data     extern E:\c18v3.46\pic18-lt\cxx-framework\src\traditional\proc\p18f4520.asm
                   SPBRGH   0x000fb0       data     extern E:\c18v3.46\pic18-lt\cxx-framework\src\traditional\proc\p18f4520.asm
                   SSPADD   0x000fc8       data     extern E:\c18v3.46\pic18-lt\cxx-framework\src\traditional\proc\p18f4520.asm
                   SSPBUF   0x000fc9       data     extern E:\c18v3.46\pic18-lt\cxx-framework\src\traditional\proc\p18f4520.asm
                  SSPCON1   0x000fc6       data     extern E:\c18v3.46\pic18-lt\cxx-framework\src\traditional\proc\p18f4520.asm
              SSPCON1bits   0x000fc6       data     extern E:\c18v3.46\pic18-lt\cxx-framework\src\traditional\proc\p18f4520.asm
[...]
                 DDRDbits   0x000f95       data     extern E:\c18v3.46\pic18-lt\cxx-framework\src\traditional\proc\p18f4520.asm
                    TRISD   0x000f95       data     extern E:\c18v3.46\pic18-lt\cxx-framework\src\traditional\proc\p18f4520.asm
                TRISDbits   0x000f95       data     extern E:\c18v3.46\pic18-lt\cxx-framework\src\traditional\proc\p18f4520.asm
                TRISEbits   0x000f96       data     extern E:\c18v3.46\pic18-lt\cxx-framework\src\traditional\proc\p18f4520.asm
                    TRISE   0x000f96       data     extern E:\c18v3.46\pic18-lt\cxx-framework\src\traditional\proc\p18f4520.asm
                     DDRE   0x000f96       data     extern E:\c18v3.46\pic18-lt\cxx-framework\src\traditional\proc\p18f4520.asm
                 DDREbits   0x000f96       data     extern E:\c18v3.46\pic18-lt\cxx-framework\src\traditional\proc\p18f4520.asm
              OSCTUNEbits   0x000f9b       data     extern E:\c18v3.46\pic18-lt\cxx-framework\src\traditional\proc\p18f4520.asm
                  OSCTUNE   0x000f9b       data     extern E:\c18v3.46\pic18-lt\cxx-framework\src\traditional\proc\p18f4520.asm
                 PIE1bits   0x000f9d       data     extern E:\c18v3.46\pic18-lt\cxx-framework\src\traditional\proc\p18f4520.asm
                     PIE1   0x000f9d       data     extern E:\c18v3.46\pic18-lt\cxx-framework\src\traditional\proc\p18f4520.asm
                     PIR1   0x000f9e       data     extern E:\c18v3.46\pic18-lt\cxx-framework\src\traditional\proc\p18f4520.asm
                 PIR1bits   0x000f9e       data     extern E:\c18v3.46\pic18-lt\cxx-framework\src\traditional\proc\p18f4520.asm
                     IPR1   0x000f9f       data     extern E:\c18v3.46\pic18-lt\cxx-framework\src\traditional\proc\p18f4520.asm
                 IPR1bits   0x000f9f       data     extern E:\c18v3.46\pic18-lt\cxx-framework\src\traditional\proc\p18f4520.asm
                     PIE2   0x000fa0       data     extern E:\c18v3.46\pic18-lt\cxx-framework\src\traditional\proc\p18f4520.asm
                 PIE2bits   0x000fa0       data     extern E:\c18v3.46\pic18-lt\cxx-framework\src\traditional\proc\p18f4520.asm
                     PIR2   0x000fa1       data     extern E:\c18v3.46\pic18-lt\cxx-framework\src\traditional\proc\p18f4520.asm
                 PIR2bits   0x000fa1       data     extern E:\c18v3.46\pic18-lt\cxx-framework\src\traditional\proc\p18f4520.asm
                     IPR2   0x000fa2       data     extern E:\c18v3.46\pic18-lt\cxx-framework\src\traditional\proc\p18f4520.asm
                 IPR2bits   0x000fa2       data     extern E:\c18v3.46\pic18-lt\cxx-framework\src\traditional\proc\p18f4520.asm
                   EECON1   0x000fa6       data     extern E:\c18v3.46\pic18-lt\cxx-framework\src\traditional\proc\p18f4520.asm
               EECON1bits   0x000fa6       data     extern E:\c18v3.46\pic18-lt\cxx-framework\src\traditional\proc\p18f4520.asm
                   EECON2   0x000fa7       data     extern E:\c18v3.46\pic18-lt\cxx-framework\src\traditional\proc\p18f4520.asm
                   EEDATA   0x000fa8       data     extern E:\c18v3.46\pic18-lt\cxx-framework\src\traditional\proc\p18f4520.asm
                    EEADR   0x000fa9       data     extern E:\c18v3.46\pic18-lt\cxx-framework\src\traditional\proc\p18f4520.asm
                RCSTAbits   0x000fab       data     extern E:\c18v3.46\pic18-lt\cxx-framework\src\traditional\proc\p18f4520.asm
                    RCSTA   0x000fab       data     extern E:\c18v3.46\pic18-lt\cxx-framework\src\traditional\proc\p18f4520.asm
                TXSTAbits   0x000fac       data     extern E:\c18v3.46\pic18-lt\cxx-framework\src\traditional\proc\p18f4520.asm
                    TXSTA   0x000fac       data     extern E:\c18v3.46\pic18-lt\cxx-framework\src\traditional\proc\p18f4520.asm
                    TXREG   0x000fad       data     extern E:\c18v3.46\pic18-lt\cxx-framework\src\traditional\proc\p18f4520.asm
                    RCREG   0x000fae       data     extern E:\c18v3.46\pic18-lt\cxx-framework\src\traditional\proc\p18f4520.asm
                    SPBRG   0x000faf       data     extern E:\c18v3.46\pic18-lt\cxx-framework\src\traditional\proc\p18f4520.asm
                   SPBRGH   0x000fb0       data     extern E:\c18v3.46\pic18-lt\cxx-framework\src\traditional\proc\p18f4520.asm
                    T3CON   0x000fb1       data     extern E:\c18v3.46\pic18-lt\cxx-framework\src\traditional\proc\p18f4520.asm
                T3CONbits   0x000fb1       data     extern E:\c18v3.46\pic18-lt\cxx-framework\src\traditional\proc\p18f4520.asm
                    TMR3L   0x000fb2       data     extern E:\c18v3.46\pic18-lt\cxx-framework\src\traditional\proc\p18f4520.asm
                    TMR3H   0x000fb3       data     extern E:\c18v3.46\pic18-lt\cxx-framework\src\traditional\proc\p18f4520.asm
                    CMCON   0x000fb4       data     extern E:\c18v3.46\pic18-lt\cxx-framework\src\traditional\proc\p18f4520.asm
                CMCONbits   0x000fb4       data     extern E:\c18v3.46\pic18-lt\cxx-framework\src\traditional\proc\p18f4520.asm
                   CVRCON   0x000fb5       data     extern E:\c18v3.46\pic18-lt\cxx-framework\src\traditional\proc\p18f4520.asm
               CVRCONbits   0x000fb5       data     extern E:\c18v3.46\pic18-lt\cxx-framework\src\traditional\proc\p18f4520.asm
                  ECCP1AS   0x000fb6       data     extern E:\c18v3.46\pic18-lt\cxx-framework\src\traditional\proc\p18f4520.asm
               ECCPASbits   0x000fb6       data     extern E:\c18v3.46\pic18-lt\cxx-framework\src\traditional\proc\p18f4520.asm
                   ECCPAS   0x000fb6       data     extern E:\c18v3.46\pic18-lt\cxx-framework\src\traditional\proc\p18f4520.asm
              ECCP1ASbits   0x000fb6       data     extern E:\c18v3.46\pic18-lt\cxx-framework\src\traditional\proc\p18f4520.asm
                  PWM1CON   0x000fb7       data     extern E:\c18v3.46\pic18-lt\cxx-framework\src\traditional\proc\p18f4520.asm
              PWM1CONbits   0x000fb7       data     extern E:\c18v3.46\pic18-lt\cxx-framework\src\traditional\proc\p18f4520.asm
             ECCP1DELbits   0x000fb7       data     extern E:\c18v3.46\pic18-lt\cxx-framework\src\traditional\proc\p18f4520.asm
                 ECCP1DEL   0x000fb7       data     extern E:\c18v3.46\pic18-lt\cxx-framework\src\traditional\proc\p18f4520.asm
              BAUDCTLbits   0x000fb8       data     extern E:\c18v3.46\pic18-lt\cxx-framework\src\traditional\proc\p18f4520.asm
                  BAUDCON   0x000fb8       data     extern E:\c18v3.46\pic18-lt\cxx-framework\src\traditional\proc\p18f4520.asm
              BAUDCONbits   0x000fb8       data     extern E:\c18v3.46\pic18-lt\cxx-framework\src\traditional\proc\p18f4520.asm
                  BAUDCTL   0x000fb8       data     extern E:\c18v3.46\pic18-lt\cxx-framework\src\traditional\proc\p18f4520.asm
                  CCP2CON   0x000fba       data     extern E:\c18v3.46\pic18-lt\cxx-framework\src\traditional\proc\p18f4520.asm
              CCP2CONbits   0x000fba       data     extern E:\c18v3.46\pic18-lt\cxx-framework\src\traditional\proc\p18f4520.asm
                    CCPR2   0x000fbb       data     extern E:\c18v3.46\pic18-lt\cxx-framework\src\traditional\proc\p18f4520.asm
                   CCPR2L   0x000fbb       data     extern E:\c18v3.46\pic18-lt\cxx-framework\src\traditional\proc\p18f4520.asm
                   CCPR2H   0x000fbc       data     extern E:\c18v3.46\pic18-lt\cxx-framework\src\traditional\proc\p18f4520.asm
              CCP1CONbits   0x000fbd       data     extern E:\c18v3.46\pic18-lt\cxx-framework\src\traditional\proc\p18f4520.asm
                  CCP1CON   0x000fbd       data     extern E:\c18v3.46\pic18-lt\cxx-framework\src\traditional\proc\p18f4520.asm
                    CCPR1   0x000fbe       data     extern E:\c18v3.46\pic18-lt\cxx-framework\src\traditional\proc\p18f4520.asm
                   CCPR1L   0x000fbe       data     extern E:\c18v3.46\pic18-lt\cxx-framework\src\traditional\proc\p18f4520.asm
                   CCPR1H   0x000fbf       data     extern E:\c18v3.46\pic18-lt\cxx-framework\src\traditional\proc\p18f4520.asm
                   ADCON2   0x000fc0       data     extern E:\c18v3.46\pic18-lt\cxx-framework\src\traditional\proc\p18f4520.asm
               ADCON2bits   0x000fc0       data     extern E:\c18v3.46\pic18-lt\cxx-framework\src\traditional\proc\p18f4520.asm
               ADCON1bits   0x000fc1       data     extern E:\c18v3.46\pic18-lt\cxx-framework\src\traditional\proc\p18f4520.asm
                   ADCON1   0x000fc1       data     extern E:\c18v3.46\pic18-lt\cxx-framework\src\traditional\proc\p18f4520.asm
               ADCON0bits   0x000fc2       data     extern E:\c18v3.46\pic18-lt\cxx-framework\src\traditional\proc\p18f4520.asm
                   ADCON0   0x000fc2       data     extern E:\c18v3.46\pic18-lt\cxx-framework\src\traditional\proc\p18f4520.asm
                   ADRESL   0x000fc3       data     extern E:\c18v3.46\pic18-lt\cxx-framework\src\traditional\proc\p18f4520.asm
                    ADRES   0x000fc3       data     extern E:\c18v3.46\pic18-lt\cxx-framework\src\traditional\proc\p18f4520.asm
                   ADRESH   0x000fc4       data     extern E:\c18v3.46\pic18-lt\cxx-framework\src\traditional\proc\p18f4520.asm
                  SSPCON2   0x000fc5       data     extern E:\c18v3.46\pic18-lt\cxx-framework\src\traditional\proc\p18f4520.asm
              SSPCON2bits   0x000fc5       data     extern E:\c18v3.46\pic18-lt\cxx-framework\src\traditional\proc\p18f4520.asm
                  SSPCON1   0x000fc6       data     extern E:\c18v3.46\pic18-lt\cxx-framework\src\traditional\proc\p18f4520.asm
              SSPCON1bits   0x000fc6       data     extern E:\c18v3.46\pic18-lt\cxx-framework\src\traditional\proc\p18f4520.asm
                  SSPSTAT   0x000fc7       data     extern E:\c18v3.46\pic18-lt\cxx-framework\src\traditional\proc\p18f4520.asm
              SSPSTATbits   0x000fc7       data     extern E:\c18v3.46\pic18-lt\cxx-framework\src\traditional\proc\p18f4520.asm
                   SSPADD   0x000fc8       data     extern E:\c18v3.46\pic18-lt\cxx-framework\src\traditional\proc\p18f4520.asm
                   SSPBUF   0x000fc9       data     extern E:\c18v3.46\pic18-lt\cxx-framework\src\traditional\proc\p18f4520.asm
                T2CONbits   0x000fca       data     extern E:\c18v3.46\pic18-lt\cxx-framework\src\traditional\proc\p18f4520.asm
                    T2CON   0x000fca       data     extern E:\c18v3.46\pic18-lt\cxx-framework\src\traditional\proc\p18f4520.asm
                      PR2   0x000fcb       data     extern E:\c18v3.46\pic18-lt\cxx-framework\src\traditional\proc\p18f4520.asm
                     TMR2   0x000fcc       data     extern E:\c18v3.46\pic18-lt\cxx-framework\src\traditional\proc\p18f4520.asm
                    T1CON   0x000fcd       data     extern E:\c18v3.46\pic18-lt\cxx-framework\src\traditional\proc\p18f4520.asm
                T1CONbits   0x000fcd       data     extern E:\c18v3.46\pic18-lt\cxx-framework\src\traditional\proc\p18f4520.asm
                    TMR1L   0x000fce       data     extern E:\c18v3.46\pic18-lt\cxx-framework\src\traditional\proc\p18f4520.asm
                    TMR1H   0x000fcf       data     extern E:\c18v3.46\pic18-lt\cxx-framework\src\traditional\proc\p18f4520.asm
                     RCON   0x000fd0       data     extern E:\c18v3.46\pic18-lt\cxx-framework\src\traditional\proc\p18f4520.asm
                 RCONbits   0x000fd0       data     extern E:\c18v3.46\pic18-lt\cxx-framework\src\traditional\proc\p18f4520.asm
               WDTCONbits   0x000fd1       data     extern E:\c18v3.46\pic18-lt\cxx-framework\src\traditional\proc\p18f4520.asm
                   WDTCON   0x000fd1       data     extern E:\c18v3.46\pic18-lt\cxx-framework\src\traditional\proc\p18f4520.asm
              HLVDCONbits   0x000fd2       data     extern E:\c18v3.46\pic18-lt\cxx-framework\src\traditional\proc\p18f4520.asm
                  HLVDCON   0x000fd2       data     extern E:\c18v3.46\pic18-lt\cxx-framework\src\traditional\proc\p18f4520.asm
                   LVDCON   0x000fd2       data     extern E:\c18v3.46\pic18-lt\cxx-framework\src\traditional\proc\p18f4520.asm
               LVDCONbits   0x000fd2       data     extern E:\c18v3.46\pic18-lt\cxx-framework\src\traditional\proc\p18f4520.asm
               OSCCONbits   0x000fd3       data     extern E:\c18v3.46\pic18-lt\cxx-framework\src\traditional\proc\p18f4520.asm
                   OSCCON   0x000fd3       data     extern E:\c18v3.46\pic18-lt\cxx-framework\src\traditional\proc\p18f4520.asm
                    T0CON   0x000fd5       data     extern E:\c18v3.46\pic18-lt\cxx-framework\src\traditional\proc\p18f4520.asm
                T0CONbits   0x000fd5       data     extern E:\c18v3.46\pic18-lt\cxx-framework\src\traditional\proc\p18f4520.asm
                    TMR0L   0x000fd6       data     extern E:\c18v3.46\pic18-lt\cxx-framework\src\traditional\proc\p18f4520.asm
                    TMR0H   0x000fd7       data     extern E:\c18v3.46\pic18-lt\cxx-framework\src\traditional\proc\p18f4520.asm
                   STATUS   0x000fd8       data     extern E:\c18v3.46\pic18-lt\cxx-framework\src\traditional\proc\p18f4520.asm
               STATUSbits   0x000fd8       data     extern E:\c18v3.46\pic18-lt\cxx-framework\src\traditional\proc\p18f4520.asm
                     FSR2   0x000fd9       data     extern E:\c18v3.46\pic18-lt\cxx-framework\src\traditional\proc\p18f4520.asm
                    FSR2L   0x000fd9       data     extern E:\c18v3.46\pic18-lt\cxx-framework\src\traditional\proc\p18f4520.asm
                    FSR2H   0x000fda       data     extern E:\c18v3.46\pic18-lt\cxx-framework\src\traditional\proc\p18f4520.asm
                   PLUSW2   0x000fdb       data     extern E:\c18v3.46\pic18-lt\cxx-framework\src\traditional\proc\p18f4520.asm
                  PREINC2   0x000fdc       data     extern E:\c18v3.46\pic18-lt\cxx-framework\src\traditional\proc\p18f4520.asm
                 POSTDEC2   0x000fdd       data     extern E:\c18v3.46\pic18-lt\cxx-framework\src\traditional\proc\p18f4520.asm
                 POSTINC2   0x000fde       data     extern E:\c18v3.46\pic18-lt\cxx-framework\src\traditional\proc\p18f4520.asm
                    INDF2   0x000fdf       data     extern E:\c18v3.46\pic18-lt\cxx-framework\src\traditional\proc\p18f4520.asm
                      BSR   0x000fe0       data     extern E:\c18v3.46\pic18-lt\cxx-framework\src\traditional\proc\p18f4520.asm
                    FSR1L   0x000fe1       data     extern E:\c18v3.46\pic18-lt\cxx-framework\src\traditional\proc\p18f4520.asm
                     FSR1   0x000fe1       data     extern E:\c18v3.46\pic18-lt\cxx-framework\src\traditional\proc\p18f4520.asm
                    FSR1H   0x000fe2       data     extern E:\c18v3.46\pic18-lt\cxx-framework\src\traditional\proc\p18f4520.asm
                   PLUSW1   0x000fe3       data     extern E:\c18v3.46\pic18-lt\cxx-framework\src\traditional\proc\p18f4520.asm
                  PREINC1   0x000fe4       data     extern E:\c18v3.46\pic18-lt\cxx-framework\src\traditional\proc\p18f4520.asm
                 POSTDEC1   0x000fe5       data     extern E:\c18v3.46\pic18-lt\cxx-framework\src\traditional\proc\p18f4520.asm
                 POSTINC1   0x000fe6       data     extern E:\c18v3.46\pic18-lt\cxx-framework\src\traditional\proc\p18f4520.asm
                    INDF1   0x000fe7       data     extern E:\c18v3.46\pic18-lt\cxx-framework\src\traditional\proc\p18f4520.asm
                        W   0x000fe8       data     extern E:\c18v3.46\pic18-lt\cxx-framework\src\traditional\proc\p18f4520.asm
                     WREG   0x000fe8       data     extern E:\c18v3.46\pic18-lt\cxx-framework\src\traditional\proc\p18f4520.asm
                     FSR0   0x000fe9       data     extern E:\c18v3.46\pic18-lt\cxx-framework\src\traditional\proc\p18f4520.asm
                    FSR0L   0x000fe9       data     extern E:\c18v3.46\pic18-lt\cxx-framework\src\traditional\proc\p18f4520.asm
                    FSR0H   0x000fea       data     extern E:\c18v3.46\pic18-lt\cxx-framework\src\traditional\proc\p18f4520.asm
                   PLUSW0   0x000feb       data     extern E:\c18v3.46\pic18-lt\cxx-framework\src\traditional\proc\p18f4520.asm
                  PREINC0   0x000fec       data     extern E:\c18v3.46\pic18-lt\cxx-framework\src\traditional\proc\p18f4520.asm
                 POSTDEC0   0x000fed       data     extern E:\c18v3.46\pic18-lt\cxx-framework\src\traditional\proc\p18f4520.asm
                 POSTINC0   0x000fee       data     extern E:\c18v3.46\pic18-lt\cxx-framework\src\traditional\proc\p18f4520.asm
                    INDF0   0x000fef       data     extern E:\c18v3.46\pic18-lt\cxx-framework\src\traditional\proc\p18f4520.asm
                  INTCON3   0x000ff0       data     extern E:\c18v3.46\pic18-lt\cxx-framework\src\traditional\proc\p18f4520.asm
              INTCON3bits   0x000ff0       data     extern E:\c18v3.46\pic18-lt\cxx-framework\src\traditional\proc\p18f4520.asm
                  INTCON2   0x000ff1       data     extern E:\c18v3.46\pic18-lt\cxx-framework\src\traditional\proc\p18f4520.asm
              INTCON2bits   0x000ff1       data     extern E:\c18v3.46\pic18-lt\cxx-framework\src\traditional\proc\p18f4520.asm
                   INTCON   0x000ff2       data     extern E:\c18v3.46\pic18-lt\cxx-framework\src\traditional\proc\p18f4520.asm
               INTCONbits   0x000ff2       data     extern E:\c18v3.46\pic18-lt\cxx-framework\src\traditional\proc\p18f4520.asm
                    PRODL   0x000ff3       data     extern E:\c18v3.46\pic18-lt\cxx-framework\src\traditional\proc\p18f4520.asm
                     PROD   0x000ff3       data     extern E:\c18v3.46\pic18-lt\cxx-framework\src\traditional\proc\p18f4520.asm
                    PRODH   0x000ff4       data     extern E:\c18v3.46\pic18-lt\cxx-framework\src\traditional\proc\p18f4520.asm
                   TABLAT   0x000ff5       data     extern E:\c18v3.46\pic18-lt\cxx-framework\src\traditional\proc\p18f4520.asm
                   TBLPTR   0x000ff6       data     extern E:\c18v3.46\pic18-lt\cxx-framework\src\traditional\proc\p18f4520.asm
                  TBLPTRL   0x000ff6       data     extern E:\c18v3.46\pic18-lt\cxx-framework\src\traditional\proc\p18f4520.asm
                  TBLPTRH   0x000ff7       data     extern E:\c18v3.46\pic18-lt\cxx-framework\src\traditional\proc\p18f4520.asm
                  TBLPTRU   0x000ff8       data     extern E:\c18v3.46\pic18-lt\cxx-framework\src\traditional\proc\p18f4520.asm
                      PCL   0x000ff9       data     extern E:\c18v3.46\pic18-lt\cxx-framework\src\traditional\proc\p18f4520.asm
                       PC   0x000ff9       data     extern E:\c18v3.46\pic18-lt\cxx-framework\src\traditional\proc\p18f4520.asm
                   PCLATH   0x000ffa       data     extern E:\c18v3.46\pic18-lt\cxx-framework\src\traditional\proc\p18f4520.asm
                   PCLATU   0x000ffb       data     extern E:\c18v3.46\pic18-lt\cxx-framework\src\traditional\proc\p18f4520.asm
               STKPTRbits   0x000ffc       data     extern E:\c18v3.46\pic18-lt\cxx-framework\src\traditional\proc\p18f4520.asm
                   STKPTR   0x000ffc       data     extern E:\c18v3.46\pic18-lt\cxx-framework\src\traditional\proc\p18f4520.asm
                      TOS   0x000ffd       data     extern E:\c18v3.46\pic18-lt\cxx-framework\src\traditional\proc\p18f4520.asm
                     TOSL   0x000ffd       data     extern E:\c18v3.46\pic18-lt\cxx-framework\src\traditional\proc\p18f4520.asm
                     TOSH   0x000ffe       data     extern E:\c18v3.46\pic18-lt\cxx-framework\src\traditional\proc\p18f4520.asm
                     TOSU   0x000fff       data     extern E:\c18v3.46\pic18-lt\cxx-framework\src\traditional\proc\p18f4520.asm


