MPLINK 4.48, Linker
Linker Map File - Created Mon Oct 24 20:08:57 2016

                                 Section Info
                  Section       Type    Address   Location Size(Bytes)
                ---------  ---------  ---------  ---------  ---------
               _entry_scn       code   0x000000    program   0x000006
       .code__user_putc.o       code   0x000006    program   0x000002
    high_interrupt_vector       code   0x000008    program   0x000006
           .code___init.o       code   0x00000e    program   0x000002
.code_UserinterfaceInitialise.o       code   0x000010    program   0x000002
          .idata_main.o_i    romdata   0x000012    program   0x000002
            .code_c018i.o       code   0x000014    program   0x000000
      .idata_LCDWrite.o_i    romdata   0x000014    program   0x000000
            .code_udefs.o       code   0x000014    program   0x000000
.idata_Communications.o_i    romdata   0x000014    program   0x000000
     low_interrupt_vector       code   0x000018    program   0x000006
                   .cinit    romdata   0x00001e    program   0x000032
  .code_StateTransition.o       code   0x000050    program   0x0016e6
       .code_Navigation.o       code   0x001736    program   0x001440
.code_PrimaryInterfaceOutput.o       code   0x002b76    program   0x000e58
         .code_vfprintf.o       code   0x0039ce    program   0x000c22
.code_SecondaryInterfaceOutput.o       code   0x0045f0    program   0x000878
             .stringtable    romdata   0x004e68    program   0x00070b
      .idata_wcmdxlcd.o_i    romdata   0x005573    program   0x000000
      .romdata_wcmdxlcd.o    romdata   0x005573    program   0x000000
      .idata_writdata.o_i    romdata   0x005573    program   0x000000
      .romdata_writdata.o    romdata   0x005573    program   0x000000
.romdata_UserinterfaceInitialise.o    romdata   0x005573    program   0x000000
.idata_UserinterfaceInitialise.o_i    romdata   0x005573    program   0x000000
      .romdata_setddram.o    romdata   0x005573    program   0x000000
      .idata_setddram.o_i    romdata   0x005573    program   0x000000
      .romdata_setcgram.o    romdata   0x005573    program   0x000000
      .idata_setcgram.o_i    romdata   0x005573    program   0x000000
      .romdata_readdata.o    romdata   0x005573    program   0x000000
      .idata_readdata.o_i    romdata   0x005573    program   0x000000
      .romdata_readaddr.o    romdata   0x005573    program   0x000000
      .idata_readaddr.o_i    romdata   0x005573    program   0x000000
      .romdata_putsxlcd.o    romdata   0x005573    program   0x000000
      .idata_putsxlcd.o_i    romdata   0x005573    program   0x000000
      .romdata_putrxlcd.o    romdata   0x005573    program   0x000000
    .romdata__user_putc.o    romdata   0x005573    program   0x000000
    .idata__user_putc.o_i    romdata   0x005573    program   0x000000
          .romdata_putc.o    romdata   0x005573    program   0x000000
          .idata_putc.o_i    romdata   0x005573    program   0x000000
       .romdata_fxm3232.o    romdata   0x005573    program   0x000000
       .idata_fxm3232.o_i    romdata   0x005573    program   0x000000
      .romdata_fxd3232u.o    romdata   0x005573    program   0x000000
      .idata_fxd3232u.o_i    romdata   0x005573    program   0x000000
      .idata_vfprintf.o_i    romdata   0x005573    program   0x000000
       .romdata_sprintf.o    romdata   0x005573    program   0x000000
       .idata_sprintf.o_i    romdata   0x005573    program   0x000000
        .romdata___init.o    romdata   0x005573    program   0x000000
        .idata___init.o_i    romdata   0x005573    program   0x000000
         .romdata_udefs.o    romdata   0x005573    program   0x000000
         .idata_udefs.o_i    romdata   0x005573    program   0x000000
        .romdata_uwrite.o    romdata   0x005573    program   0x000000
        .idata_uwrite.o_i    romdata   0x005573    program   0x000000
         .romdata_uopen.o    romdata   0x005573    program   0x000000
         .idata_uopen.o_i    romdata   0x005573    program   0x000000
      .romdata_fxd1616u.o    romdata   0x005573    program   0x000000
      .idata_fxd1616u.o_i    romdata   0x005573    program   0x000000
    .romdata_xlcddelays.o    romdata   0x005573    program   0x000000
    .idata_xlcddelays.o_i    romdata   0x005573    program   0x000000
         .idata_c018i.o_i    romdata   0x005573    program   0x000000
         .romdata_c018i.o    romdata   0x005573    program   0x000000
      .idata_putsuart.o_i    romdata   0x005573    program   0x000000
      .romdata_putsuart.o    romdata   0x005573    program   0x000000
.romdata_Communications.o    romdata   0x005573    program   0x000000
    .idata_Navigation.o_i    romdata   0x005573    program   0x000001
    .romdata_Navigation.o    romdata   0x005573    program   0x000000
          .romdata_main.o    romdata   0x005573    program   0x000000
      .romdata_LCDWrite.o    romdata   0x005573    program   0x000000
.idata_PrimaryInterfaceOutput.o_i    romdata   0x005573    program   0x000000
.romdata_PrimaryInterfaceOutput.o    romdata   0x005573    program   0x000000
.idata_SecondaryInterfaceOutput.o_i    romdata   0x005573    program   0x000000
.romdata_SecondaryInterfaceOutput.o    romdata   0x005573    program   0x000000
.romdata_StateTransition.o    romdata   0x005573    program   0x000000
     .idata_UserInput.o_i    romdata   0x005573    program   0x000000
     .romdata_UserInput.o    romdata   0x005573    program   0x000000
      .idata_putrxlcd.o_i    romdata   0x005573    program   0x000000
      .romdata_busyxlcd.o    romdata   0x005573    program   0x000000
      .idata_openxlcd.o_i    romdata   0x005573    program   0x000000
 .romdata_UserInterface.o    romdata   0x005573    program   0x000000
      .romdata_openxlcd.o    romdata   0x005573    program   0x000000
      .idata_busyxlcd.o_i    romdata   0x005573    program   0x000000
             .code_main.o       code   0x005574    program   0x000674
        .code_UserInput.o       code   0x005be8    program   0x000214
         .code_LCDWrite.o       code   0x005dfc    program   0x00014a
    .code_UserInterface.o       code   0x005f46    program   0x00010a
   .code_Communications.o       code   0x006050    program   0x000100
         .code_openxlcd.o       code   0x006150    program   0x0000de
       .code_xlcddelays.o       code   0x00622e    program   0x0000ac
          .code_sprintf.o       code   0x0062da    program   0x0000ac
                     PROG       code   0x006386    program   0x0000a6
               _cinit_scn       code   0x00642c    program   0x00009e
            .code_uopen.o       code   0x0064ca    program   0x00008a
                 UARTCODE       code   0x006554    program   0x000088
             .code_putc.o       code   0x0065dc    program   0x000084
          .code_fxm3232.o       code   0x006660    program   0x000070
         .code_putrxlcd.o       code   0x0066d0    program   0x000068
                   STRING       code   0x006738    program   0x000066
         .code_setddram.o       code   0x00679e    program   0x000050
         .code_setcgram.o       code   0x0067ee    program   0x000050
         .code_writdata.o       code   0x00683e    program   0x00004e
         .code_wcmdxlcd.o       code   0x00688c    program   0x00004e
         .code_putsxlcd.o       code   0x0068da    program   0x00004e
         .code_fxd3232u.o       code   0x006928    program   0x000048
         .code_readdata.o       code   0x006970    program   0x000046
         .code_readaddr.o       code   0x0069b6    program   0x000046
         .code_busyxlcd.o       code   0x0069fc    program   0x00003e
         .code_putsuart.o       code   0x006a3a    program   0x00003c
             D10KTCYXCODE       code   0x006a76    program   0x00002e
           .code_uwrite.o       code   0x006aa4    program   0x00002e
         .code_fxd1616u.o       code   0x006ad2    program   0x00002c
                    CTYPE       code   0x006afe    program   0x000024
                    .code       code   0x006b22    program   0x000020
             _startup_scn       code   0x006b42    program   0x00001c
                    STDIO       code   0x006b5e    program   0x00001c
             D100TCYXCODE       code   0x006b7a    program   0x00001c
              D10TCYXCODE       code   0x006b96    program   0x000016
      .romdata_vfprintf.o    romdata   0x006bac    program   0x000011
 .idata_UserInterface.o_i    romdata   0x006bbd    program   0x000008
.idata_StateTransition.o_i    romdata   0x006bc5    program   0x000007
    .config_300001_main.o    romdata   0x300001    program   0x000001
    .config_300002_main.o    romdata   0x300002    program   0x000001
    .config_300003_main.o    romdata   0x300003    program   0x000001
    .config_300005_main.o    romdata   0x300005    program   0x000001
    .config_300006_main.o    romdata   0x300006    program   0x000001
    .config_300008_main.o    romdata   0x300008    program   0x000001
    .config_300009_main.o    romdata   0x300009    program   0x000001
    .config_30000a_main.o    romdata   0x30000a    program   0x000001
    .config_30000b_main.o    romdata   0x30000b    program   0x000001
    .config_30000c_main.o    romdata   0x30000c    program   0x000001
    .config_30000d_main.o    romdata   0x30000d    program   0x000001
                MATH_DATA      udata   0x000000       data   0x000014
                 .tmpdata      udata   0x000014       data   0x00000e
                DELAYDAT2      udata   0x000022       data   0x000001
                DELAYDAT1      udata   0x000023       data   0x000001
.udata_SecondaryInterfaceOutput.o      udata   0x000080       data   0x000050
            .udata_main.o      udata   0x0000d0       data   0x000020
.udata_PrimaryInterfaceOutput.o      udata   0x0000f0       data   0x000010
                   .stack      udata   0x000400       data   0x000100
           .udata_c018i.o      udata   0x000500       data   0x00000a
   .idata_UserInterface.o      idata   0x00050a       data   0x000008
 .idata_StateTransition.o      idata   0x000512       data   0x000007
                 UARTDATA      udata   0x000519       data   0x000002
 .udata_StateTransition.o      udata   0x00051b       data   0x000002
  .udata_Communications.o      udata   0x00051d       data   0x000002
            .idata_main.o      idata   0x00051f       data   0x000002
           .udata_udefs.o      udata   0x000521       data   0x000001
   .udata_UserInterface.o      udata   0x000522       data   0x000001
      .idata_Navigation.o      idata   0x000523       data   0x000001
           .idata_udefs.o      idata   0x000524       data   0x000000
          .idata_uwrite.o      idata   0x000524       data   0x000000
          .udata_uwrite.o      udata   0x000524       data   0x000000
           .idata_uopen.o      idata   0x000524       data   0x000000
           .udata_uopen.o      udata   0x000524       data   0x000000
        .idata_fxd1616u.o      idata   0x000524       data   0x000000
        .udata_fxd1616u.o      udata   0x000524       data   0x000000
        .idata_writdata.o      idata   0x000524       data   0x000000
           .idata_c018i.o      idata   0x000524       data   0x000000
        .udata_putsuart.o      udata   0x000524       data   0x000000
      .idata_xlcddelays.o      idata   0x000524       data   0x000000
      .udata_xlcddelays.o      udata   0x000524       data   0x000000
          .udata___init.o      udata   0x000524       data   0x000000
          .idata___init.o      idata   0x000524       data   0x000000
         .udata_sprintf.o      udata   0x000524       data   0x000000
         .idata_sprintf.o      idata   0x000524       data   0x000000
        .udata_vfprintf.o      udata   0x000524       data   0x000000
        .idata_vfprintf.o      idata   0x000524       data   0x000000
        .udata_fxd3232u.o      udata   0x000524       data   0x000000
        .idata_fxd3232u.o      idata   0x000524       data   0x000000
         .udata_fxm3232.o      udata   0x000524       data   0x000000
         .idata_fxm3232.o      idata   0x000524       data   0x000000
            .udata_putc.o      udata   0x000524       data   0x000000
            .idata_putc.o      idata   0x000524       data   0x000000
      .udata__user_putc.o      udata   0x000524       data   0x000000
      .idata__user_putc.o      idata   0x000524       data   0x000000
      .udata_Navigation.o      udata   0x000524       data   0x000000
  .idata_Communications.o      idata   0x000524       data   0x000000
        .udata_LCDWrite.o      udata   0x000524       data   0x000000
        .idata_LCDWrite.o      idata   0x000524       data   0x000000
.idata_PrimaryInterfaceOutput.o      idata   0x000524       data   0x000000
        .idata_putsuart.o      idata   0x000524       data   0x000000
.idata_SecondaryInterfaceOutput.o      idata   0x000524       data   0x000000
       .udata_UserInput.o      udata   0x000524       data   0x000000
       .idata_UserInput.o      idata   0x000524       data   0x000000
        .udata_busyxlcd.o      udata   0x000524       data   0x000000
        .idata_busyxlcd.o      idata   0x000524       data   0x000000
        .udata_openxlcd.o      udata   0x000524       data   0x000000
        .idata_openxlcd.o      idata   0x000524       data   0x000000
        .udata_putrxlcd.o      udata   0x000524       data   0x000000
        .idata_putrxlcd.o      idata   0x000524       data   0x000000
        .udata_putsxlcd.o      udata   0x000524       data   0x000000
        .idata_putsxlcd.o      idata   0x000524       data   0x000000
        .udata_readaddr.o      udata   0x000524       data   0x000000
        .idata_readaddr.o      idata   0x000524       data   0x000000
        .udata_readdata.o      udata   0x000524       data   0x000000
        .idata_readdata.o      idata   0x000524       data   0x000000
        .udata_setcgram.o      udata   0x000524       data   0x000000
        .idata_setcgram.o      idata   0x000524       data   0x000000
        .udata_setddram.o      udata   0x000524       data   0x000000
        .idata_setddram.o      idata   0x000524       data   0x000000
.udata_UserinterfaceInitialise.o      udata   0x000524       data   0x000000
.idata_UserinterfaceInitialise.o      idata   0x000524       data   0x000000
        .udata_wcmdxlcd.o      udata   0x000524       data   0x000000
        .idata_wcmdxlcd.o      idata   0x000524       data   0x000000
        .udata_writdata.o      udata   0x000524       data   0x000000
            SFR_UNBANKED0      udata   0x000f80       data   0x000080



                              Program Memory Usage 
                               Start         End      
                           ---------   ---------      
                            0x000000    0x000013      
                            0x000018    0x006bcb      
                            0x300001    0x300003      
                            0x300005    0x300006      
                            0x300008    0x30000d      
            27603 out of 33048 program addresses used, program memory utilization is 83%



                              Symbols - Sorted by Name
                     Name    Address   Location    Storage File                     
                ---------  ---------  ---------  --------- ---------                
                 BusyXLCD   0x0069fc    program     extern C:\Users\wmar5627\Documents\MTRX3_Major\CommanderMain.X\UISourcefiles\XLCD\busyxlcd.c
           CheckUserInput   0x005c4e    program     extern C:\Users\wmar5627\Documents\MTRX3_Major\CommanderMain.X\UISourcefiles\UserInput.c
     ClearUserInputBuffer   0x005db2    program     extern C:\Users\wmar5627\Documents\MTRX3_Major\CommanderMain.X\UISourcefiles\UserInput.c
                   D100_1   0x006b88    program     static E:\c18v3.46\pic18-lt\cxx-framework\src\traditional\delays\d100tcyx.asm
                    D100x   0x006b86    program     static E:\c18v3.46\pic18-lt\cxx-framework\src\traditional\delays\d100tcyx.asm
                   D10K_1   0x006a82    program     static E:\c18v3.46\pic18-lt\cxx-framework\src\traditional\delays\d10ktcyx.asm
                    D10Kl   0x006a8e    program     static E:\c18v3.46\pic18-lt\cxx-framework\src\traditional\delays\d10ktcyx.asm
                    D10Kx   0x006a80    program     static E:\c18v3.46\pic18-lt\cxx-framework\src\traditional\delays\d10ktcyx.asm
                    D10_1   0x006ba6    program     static E:\c18v3.46\pic18-lt\cxx-framework\src\traditional\delays\d10tcyx.asm
                     D10x   0x006b9e    program     static E:\c18v3.46\pic18-lt\cxx-framework\src\traditional\delays\d10tcyx.asm
                   D1616S   0x0063a8    program     static E:\c18v3.46\pic18-lt\cxx-framework\src\traditional\math\fxd1616s.asm
                D1616SNEG   0x0063b6    program     static E:\c18v3.46\pic18-lt\cxx-framework\src\traditional\math\fxd1616s.asm
                 D1616SOK   0x0063b2    program     static E:\c18v3.46\pic18-lt\cxx-framework\src\traditional\math\fxd1616s.asm
                  D1616SX   0x0063c8    program     static E:\c18v3.46\pic18-lt\cxx-framework\src\traditional\math\fxd1616s.asm
                  DA1616S   0x006398    program     static E:\c18v3.46\pic18-lt\cxx-framework\src\traditional\math\fxd1616s.asm
             Delay100TCYx   0x006b7a    program     extern E:\c18v3.46\pic18-lt\cxx-framework\src\traditional\delays\d100tcyx.asm
             Delay10KTCYx   0x006a76    program     extern E:\c18v3.46\pic18-lt\cxx-framework\src\traditional\delays\d10ktcyx.asm
              Delay10TCYx   0x006b96    program     extern E:\c18v3.46\pic18-lt\cxx-framework\src\traditional\delays\d10tcyx.asm
            DelayFor18TCY   0x00622e    program     extern C:\Users\wmar5627\Documents\MTRX3_Major\CommanderMain.X\UISourcefiles\xlcddelays.c
             DelayPORXLCD   0x00624c    program     extern C:\Users\wmar5627\Documents\MTRX3_Major\CommanderMain.X\UISourcefiles\xlcddelays.c
           DelayRXBitUART   0x00612c    program     extern C:\Users\wmar5627\Documents\MTRX3_Major\CommanderMain.X\Communications.c
       DelayRXHalfBitUART   0x006114    program     extern C:\Users\wmar5627\Documents\MTRX3_Major\CommanderMain.X\Communications.c
           DelayTXBitUART   0x0060ec    program     extern C:\Users\wmar5627\Documents\MTRX3_Major\CommanderMain.X\Communications.c
                DelayXLCD   0x006294    program     extern C:\Users\wmar5627\Documents\MTRX3_Major\CommanderMain.X\UISourcefiles\xlcddelays.c
           Emergency_Stop   0x005dda    program     extern C:\Users\wmar5627\Documents\MTRX3_Major\CommanderMain.X\UISourcefiles\UserInput.c
                 FXD1616S   0x006386    program     extern E:\c18v3.46\pic18-lt\cxx-framework\src\traditional\math\fxd1616s.asm
                 FXD1616U   0x006ad2    program     extern E:\c18v3.46\pic18-lt\cxx-framework\src\traditional\math\fxd1616u.c
                 FXD3232U   0x006928    program     extern E:\c18v3.46\pic18-lt\cxx-framework\src\traditional\math\fxd3232u.c
                 FXM1616S   0x0063d2    program     extern E:\c18v3.46\pic18-lt\cxx-framework\src\traditional\math\fxm1616s.asm
                  FXM3232   0x006660    program     extern E:\c18v3.46\pic18-lt\cxx-framework\src\traditional\math\fxm3232.c
                  GetChar   0x00657c    program     static C:\Users\wmar5627\Documents\MTRX3_Major\CommanderMain.X\readuart.asm
              GetPasscode   0x000050    program     extern C:\Users\wmar5627\Documents\MTRX3_Major\CommanderMain.X\UISourcefiles\StateTransition.c
                 LCDClear   0x005f30    program     extern C:\Users\wmar5627\Documents\MTRX3_Major\CommanderMain.X\UISourcefiles\LCDWrite.c
            LCDInitialise   0x005dfc    program     extern C:\Users\wmar5627\Documents\MTRX3_Major\CommanderMain.X\UISourcefiles\LCDWrite.c
         LCDLine1RAMWrite   0x005e5a    program     extern C:\Users\wmar5627\Documents\MTRX3_Major\CommanderMain.X\UISourcefiles\LCDWrite.c
         LCDLine1ROMWrite   0x005e08    program     extern C:\Users\wmar5627\Documents\MTRX3_Major\CommanderMain.X\UISourcefiles\LCDWrite.c
         LCDLine2RAMWrite   0x005eee    program     extern C:\Users\wmar5627\Documents\MTRX3_Major\CommanderMain.X\UISourcefiles\LCDWrite.c
         LCDLine2ROMWrite   0x005e9c    program     extern C:\Users\wmar5627\Documents\MTRX3_Major\CommanderMain.X\UISourcefiles\LCDWrite.c
                LEDOutput   0x002b80    program     extern C:\Users\wmar5627\Documents\MTRX3_Major\CommanderMain.X\UISourcefiles\PrimaryInterfaceOutput.c
                 LEDSetup   0x002b76    program     extern C:\Users\wmar5627\Documents\MTRX3_Major\CommanderMain.X\UISourcefiles\PrimaryInterfaceOutput.c
                   ON_OFF   0x005dd0    program     extern C:\Users\wmar5627\Documents\MTRX3_Major\CommanderMain.X\UISourcefiles\UserInput.c
                 OpenUART   0x006554    program     extern C:\Users\wmar5627\Documents\MTRX3_Major\CommanderMain.X\openuart.asm
                OpenUSART   0x0064ca    program     extern E:\c18v3.46\pic18-lt\cxx-framework\src\pmc_common\USART\uopen.c
                 OpenXLCD   0x006150    program     extern C:\Users\wmar5627\Documents\MTRX3_Major\CommanderMain.X\UISourcefiles\XLCD\openxlcd.c
              PCLineClear   0x0046a4    program     extern C:\Users\wmar5627\Documents\MTRX3_Major\CommanderMain.X\UISourcefiles\SecondaryInterfaceOutput.c
               PCRAMWrite   0x00465e    program     extern C:\Users\wmar5627\Documents\MTRX3_Major\CommanderMain.X\UISourcefiles\SecondaryInterfaceOutput.c
               PCROMWrite   0x004614    program     extern C:\Users\wmar5627\Documents\MTRX3_Major\CommanderMain.X\UISourcefiles\SecondaryInterfaceOutput.c
   PrimaryInterfaceOutput   0x002bc0    program     extern C:\Users\wmar5627\Documents\MTRX3_Major\CommanderMain.X\UISourcefiles\PrimaryInterfaceOutput.c
             ReadAddrXLCD   0x0069b6    program     extern C:\Users\wmar5627\Documents\MTRX3_Major\CommanderMain.X\UISourcefiles\XLCD\readaddr.c
             ReadDataXLCD   0x006970    program     extern C:\Users\wmar5627\Documents\MTRX3_Major\CommanderMain.X\UISourcefiles\XLCD\readdata.c
                 ReadUART   0x006562    program     extern C:\Users\wmar5627\Documents\MTRX3_Major\CommanderMain.X\readuart.asm
      ReadUserInputBuffer   0x005d7c    program     extern C:\Users\wmar5627\Documents\MTRX3_Major\CommanderMain.X\UISourcefiles\UserInput.c
 SecondaryInterfaceOutput   0x0046b4    program     extern C:\Users\wmar5627\Documents\MTRX3_Major\CommanderMain.X\UISourcefiles\SecondaryInterfaceOutput.c
                  SendBit   0x0065b8    program     static C:\Users\wmar5627\Documents\MTRX3_Major\CommanderMain.X\writuart.asm
                SendStart   0x0065bc    program     static C:\Users\wmar5627\Documents\MTRX3_Major\CommanderMain.X\writuart.asm
             SetCGRamAddr   0x0067ee    program     extern C:\Users\wmar5627\Documents\MTRX3_Major\CommanderMain.X\UISourcefiles\XLCD\setcgram.c
             SetDDRamAddr   0x00679e    program     extern C:\Users\wmar5627\Documents\MTRX3_Major\CommanderMain.X\UISourcefiles\XLCD\setddram.c
          StateTransition   0x00011c    program     extern C:\Users\wmar5627\Documents\MTRX3_Major\CommanderMain.X\UISourcefiles\StateTransition.c
               TSIGN1616A   0x00641e    program     static E:\c18v3.46\pic18-lt\cxx-framework\src\traditional\math\fxm1616s.asm
                  UISetup   0x005f46    program     extern C:\Users\wmar5627\Documents\MTRX3_Major\CommanderMain.X\UISourcefiles\UserInterface.c
           UserInputSetup   0x005be8    program     extern C:\Users\wmar5627\Documents\MTRX3_Major\CommanderMain.X\UISourcefiles\UserInput.c
                 WaitChar   0x00656a    program     static C:\Users\wmar5627\Documents\MTRX3_Major\CommanderMain.X\readuart.asm
             WriteCmdXLCD   0x00688c    program     extern C:\Users\wmar5627\Documents\MTRX3_Major\CommanderMain.X\UISourcefiles\XLCD\wcmdxlcd.c
            WriteDataXLCD   0x00683e    program     extern C:\Users\wmar5627\Documents\MTRX3_Major\CommanderMain.X\UISourcefiles\XLCD\writdata.c
                WriteUART   0x0065a4    program     extern C:\Users\wmar5627\Documents\MTRX3_Major\CommanderMain.X\writuart.asm
               WriteUSART   0x006aa4    program     extern E:\c18v3.46\pic18-lt\cxx-framework\src\pmc_common\USART\uwrite.c
     WriteUserInputBuffer   0x005c1a    program     extern C:\Users\wmar5627\Documents\MTRX3_Major\CommanderMain.X\UISourcefiles\UserInput.c
                   _2jEnd   0x006788    program     static E:\c18v3.46\pic18-lt\cxx-framework\src\traditional\stdclib\slenpgm.asm
       _D100TCYXCODE_0008   0x006b82    program     static E:\c18v3.46\pic18-lt\cxx-framework\src\traditional\delays\d100tcyx.asm
       _D100TCYXCODE_0012   0x006b8c    program     static E:\c18v3.46\pic18-lt\cxx-framework\src\traditional\delays\d100tcyx.asm
       _D100TCYXCODE_0018   0x006b92    program     static E:\c18v3.46\pic18-lt\cxx-framework\src\traditional\delays\d100tcyx.asm
       _D10KTCYXCODE_0010   0x006a86    program     static E:\c18v3.46\pic18-lt\cxx-framework\src\traditional\delays\d10ktcyx.asm
       _D10KTCYXCODE_001C   0x006a92    program     static E:\c18v3.46\pic18-lt\cxx-framework\src\traditional\delays\d10ktcyx.asm
        _D10TCYXCODE_000A   0x006ba0    program     static E:\c18v3.46\pic18-lt\cxx-framework\src\traditional\delays\d10tcyx.asm
        _D10TCYXCODE_000C   0x006ba2    program     static E:\c18v3.46\pic18-lt\cxx-framework\src\traditional\delays\d10tcyx.asm
        _D10TCYXCODE_000E   0x006ba4    program     static E:\c18v3.46\pic18-lt\cxx-framework\src\traditional\delays\d10tcyx.asm
       ___return_lbl00000   0x006afc    program     static                          
       ___return_lbl00000   0x0066ce    program     static                          
       ___return_lbl00000   0x000004    program     static                          
       ___return_lbl00000   0x00000c    program     static                          
       ___return_lbl00000   0x00696e    program     static                          
       ___return_lbl00000   0x00624a    program     static                          
       ___return_lbl00001   0x006280    program     static                          
       ___return_lbl00001   0x00001c    program     static                          
       ___return_lbl00001   0x006b5c    program     static                          
       ___return_lbl00002   0x0064c8    program     static                          
       ___return_lbl00004   0x0062c6    program     static                          
       ___return_lbl00006   0x006112    program     static                          
       ___return_lbl00007   0x00612a    program     static                          
       ___return_lbl00008   0x00614e    program     static                          
        ___while_lbl00002   0x006268    program     static                          
        ___while_lbl00003   0x006280    program     static                          
        ___while_lbl00005   0x0062ae    program     static                          
        ___while_lbl00006   0x0062c6    program     static                          
               __config_0   0x300001    program     static C:\Users\wmar5627\Documents\MTRX3_Major\CommanderMain.X\main.c
               __config_1   0x300002    program     static C:\Users\wmar5627\Documents\MTRX3_Major\CommanderMain.X\main.c
              __config_10   0x30000d    program     static C:\Users\wmar5627\Documents\MTRX3_Major\CommanderMain.X\main.c
               __config_2   0x300003    program     static C:\Users\wmar5627\Documents\MTRX3_Major\CommanderMain.X\main.c
               __config_3   0x300005    program     static C:\Users\wmar5627\Documents\MTRX3_Major\CommanderMain.X\main.c
               __config_4   0x300006    program     static C:\Users\wmar5627\Documents\MTRX3_Major\CommanderMain.X\main.c
               __config_5   0x300008    program     static C:\Users\wmar5627\Documents\MTRX3_Major\CommanderMain.X\main.c
               __config_6   0x300009    program     static C:\Users\wmar5627\Documents\MTRX3_Major\CommanderMain.X\main.c
               __config_7   0x30000a    program     static C:\Users\wmar5627\Documents\MTRX3_Major\CommanderMain.X\main.c
               __config_8   0x30000b    program     static C:\Users\wmar5627\Documents\MTRX3_Major\CommanderMain.X\main.c
               __config_9   0x30000c    program     static C:\Users\wmar5627\Documents\MTRX3_Major\CommanderMain.X\main.c
                   __init   0x00000e    program     extern E:\c18v3.46\pic18-lt\cxx-framework\src\traditional\stdclib\__init.c
                   __pa_0   0x00430e    program     static E:\c18v3.46\pic18-lt\cxx-framework\src\traditional\stdclib\vfprintf.c
                   __pa_1   0x004316    program     static E:\c18v3.46\pic18-lt\cxx-framework\src\traditional\stdclib\vfprintf.c
                  __pa_10   0x0043ca    program     static E:\c18v3.46\pic18-lt\cxx-framework\src\traditional\stdclib\vfprintf.c
                  __pa_11   0x0043d8    program     static E:\c18v3.46\pic18-lt\cxx-framework\src\traditional\stdclib\vfprintf.c
                  __pa_12   0x0043ee    program     static E:\c18v3.46\pic18-lt\cxx-framework\src\traditional\stdclib\vfprintf.c
                  __pa_13   0x004408    program     static E:\c18v3.46\pic18-lt\cxx-framework\src\traditional\stdclib\vfprintf.c
                  __pa_14   0x004420    program     static E:\c18v3.46\pic18-lt\cxx-framework\src\traditional\stdclib\vfprintf.c
                  __pa_15   0x004430    program     static E:\c18v3.46\pic18-lt\cxx-framework\src\traditional\stdclib\vfprintf.c
                  __pa_16   0x004446    program     static E:\c18v3.46\pic18-lt\cxx-framework\src\traditional\stdclib\vfprintf.c
                  __pa_17   0x004458    program     static E:\c18v3.46\pic18-lt\cxx-framework\src\traditional\stdclib\vfprintf.c
                  __pa_18   0x00446a    program     static E:\c18v3.46\pic18-lt\cxx-framework\src\traditional\stdclib\vfprintf.c
                  __pa_19   0x004474    program     static E:\c18v3.46\pic18-lt\cxx-framework\src\traditional\stdclib\vfprintf.c
                   __pa_2   0x004320    program     static E:\c18v3.46\pic18-lt\cxx-framework\src\traditional\stdclib\vfprintf.c
                  __pa_20   0x004484    program     static E:\c18v3.46\pic18-lt\cxx-framework\src\traditional\stdclib\vfprintf.c
                  __pa_21   0x004494    program     static E:\c18v3.46\pic18-lt\cxx-framework\src\traditional\stdclib\vfprintf.c
                  __pa_22   0x0044a4    program     static E:\c18v3.46\pic18-lt\cxx-framework\src\traditional\stdclib\vfprintf.c
                  __pa_23   0x0044b0    program     static E:\c18v3.46\pic18-lt\cxx-framework\src\traditional\stdclib\vfprintf.c
                  __pa_24   0x0044be    program     static E:\c18v3.46\pic18-lt\cxx-framework\src\traditional\stdclib\vfprintf.c
                  __pa_25   0x0044c6    program     static E:\c18v3.46\pic18-lt\cxx-framework\src\traditional\stdclib\vfprintf.c
                  __pa_26   0x0044d0    program     static E:\c18v3.46\pic18-lt\cxx-framework\src\traditional\stdclib\vfprintf.c
                  __pa_27   0x0044da    program     static E:\c18v3.46\pic18-lt\cxx-framework\src\traditional\stdclib\vfprintf.c
                  __pa_28   0x0044e2    program     static E:\c18v3.46\pic18-lt\cxx-framework\src\traditional\stdclib\vfprintf.c
                  __pa_29   0x0044f0    program     static E:\c18v3.46\pic18-lt\cxx-framework\src\traditional\stdclib\vfprintf.c
                   __pa_3   0x00432a    program     static E:\c18v3.46\pic18-lt\cxx-framework\src\traditional\stdclib\vfprintf.c
                  __pa_30   0x00450c    program     static E:\c18v3.46\pic18-lt\cxx-framework\src\traditional\stdclib\vfprintf.c
                  __pa_31   0x004526    program     static E:\c18v3.46\pic18-lt\cxx-framework\src\traditional\stdclib\vfprintf.c
                  __pa_32   0x004540    program     static E:\c18v3.46\pic18-lt\cxx-framework\src\traditional\stdclib\vfprintf.c
                  __pa_33   0x004558    program     static E:\c18v3.46\pic18-lt\cxx-framework\src\traditional\stdclib\vfprintf.c
                  __pa_34   0x004562    program     static E:\c18v3.46\pic18-lt\cxx-framework\src\traditional\stdclib\vfprintf.c
                  __pa_35   0x004570    program     static E:\c18v3.46\pic18-lt\cxx-framework\src\traditional\stdclib\vfprintf.c
                  __pa_36   0x004578    program     static E:\c18v3.46\pic18-lt\cxx-framework\src\traditional\stdclib\vfprintf.c
                  __pa_37   0x004582    program     static E:\c18v3.46\pic18-lt\cxx-framework\src\traditional\stdclib\vfprintf.c
                  __pa_38   0x004592    program     static E:\c18v3.46\pic18-lt\cxx-framework\src\traditional\stdclib\vfprintf.c
                  __pa_39   0x0045a0    program     static E:\c18v3.46\pic18-lt\cxx-framework\src\traditional\stdclib\vfprintf.c
                   __pa_4   0x004342    program     static E:\c18v3.46\pic18-lt\cxx-framework\src\traditional\stdclib\vfprintf.c
                  __pa_40   0x0045ac    program     static E:\c18v3.46\pic18-lt\cxx-framework\src\traditional\stdclib\vfprintf.c
                  __pa_41   0x0045b8    program     static E:\c18v3.46\pic18-lt\cxx-framework\src\traditional\stdclib\vfprintf.c
                  __pa_42   0x0045c0    program     static E:\c18v3.46\pic18-lt\cxx-framework\src\traditional\stdclib\vfprintf.c
                  __pa_43   0x0045ca    program     static E:\c18v3.46\pic18-lt\cxx-framework\src\traditional\stdclib\vfprintf.c
                  __pa_44   0x0045d0    program     static E:\c18v3.46\pic18-lt\cxx-framework\src\traditional\stdclib\vfprintf.c
                  __pa_45   0x0045da    program     static E:\c18v3.46\pic18-lt\cxx-framework\src\traditional\stdclib\vfprintf.c
                  __pa_46   0x0045e6    program     static E:\c18v3.46\pic18-lt\cxx-framework\src\traditional\stdclib\vfprintf.c
                   __pa_5   0x004356    program     static E:\c18v3.46\pic18-lt\cxx-framework\src\traditional\stdclib\vfprintf.c
                   __pa_6   0x004372    program     static E:\c18v3.46\pic18-lt\cxx-framework\src\traditional\stdclib\vfprintf.c
                   __pa_7   0x00437c    program     static E:\c18v3.46\pic18-lt\cxx-framework\src\traditional\stdclib\vfprintf.c
                   __pa_8   0x004388    program     static E:\c18v3.46\pic18-lt\cxx-framework\src\traditional\stdclib\vfprintf.c
                   __pa_9   0x0043aa    program     static E:\c18v3.46\pic18-lt\cxx-framework\src\traditional\stdclib\vfprintf.c
               __string_0   0x005571    program     static C:\Users\wmar5627\Documents\MTRX3_Major\CommanderMain.X\UISourcefiles\UserInput.c
               __string_0   0x0050c0    program     static C:\Users\wmar5627\Documents\MTRX3_Major\CommanderMain.X\UISourcefiles\PrimaryInterfaceOutput.c
               __string_0   0x005527    program     static C:\Users\wmar5627\Documents\MTRX3_Major\CommanderMain.X\UISourcefiles\SecondaryInterfaceOutput.c
               __string_1   0x005554    program     static C:\Users\wmar5627\Documents\MTRX3_Major\CommanderMain.X\UISourcefiles\StateTransition.c
               __string_1   0x0054b7    program     static C:\Users\wmar5627\Documents\MTRX3_Major\CommanderMain.X\UISourcefiles\SecondaryInterfaceOutput.c
               __string_1   0x0050af    program     static C:\Users\wmar5627\Documents\MTRX3_Major\CommanderMain.X\UISourcefiles\PrimaryInterfaceOutput.c
               __string_1   0x00556f    program     static C:\Users\wmar5627\Documents\MTRX3_Major\CommanderMain.X\UISourcefiles\UserInput.c
              __string_10   0x00536d    program     static C:\Users\wmar5627\Documents\MTRX3_Major\CommanderMain.X\UISourcefiles\SecondaryInterfaceOutput.c
              __string_10   0x005023    program     static C:\Users\wmar5627\Documents\MTRX3_Major\CommanderMain.X\UISourcefiles\PrimaryInterfaceOutput.c
              __string_11   0x00535e    program     static C:\Users\wmar5627\Documents\MTRX3_Major\CommanderMain.X\UISourcefiles\SecondaryInterfaceOutput.c
              __string_11   0x005011    program     static C:\Users\wmar5627\Documents\MTRX3_Major\CommanderMain.X\UISourcefiles\PrimaryInterfaceOutput.c
              __string_12   0x00534f    program     static C:\Users\wmar5627\Documents\MTRX3_Major\CommanderMain.X\UISourcefiles\SecondaryInterfaceOutput.c
              __string_12   0x005000    program     static C:\Users\wmar5627\Documents\MTRX3_Major\CommanderMain.X\UISourcefiles\PrimaryInterfaceOutput.c
              __string_13   0x00533e    program     static C:\Users\wmar5627\Documents\MTRX3_Major\CommanderMain.X\UISourcefiles\SecondaryInterfaceOutput.c
              __string_13   0x004fef    program     static C:\Users\wmar5627\Documents\MTRX3_Major\CommanderMain.X\UISourcefiles\PrimaryInterfaceOutput.c
              __string_14   0x005301    program     static C:\Users\wmar5627\Documents\MTRX3_Major\CommanderMain.X\UISourcefiles\SecondaryInterfaceOutput.c
              __string_14   0x004fde    program     static C:\Users\wmar5627\Documents\MTRX3_Major\CommanderMain.X\UISourcefiles\PrimaryInterfaceOutput.c
              __string_15   0x0052ee    program     static C:\Users\wmar5627\Documents\MTRX3_Major\CommanderMain.X\UISourcefiles\SecondaryInterfaceOutput.c
              __string_15   0x004fcd    program     static C:\Users\wmar5627\Documents\MTRX3_Major\CommanderMain.X\UISourcefiles\PrimaryInterfaceOutput.c
              __string_16   0x0052d6    program     static C:\Users\wmar5627\Documents\MTRX3_Major\CommanderMain.X\UISourcefiles\SecondaryInterfaceOutput.c
              __string_16   0x004fbc    program     static C:\Users\wmar5627\Documents\MTRX3_Major\CommanderMain.X\UISourcefiles\PrimaryInterfaceOutput.c
              __string_17   0x0052c4    program     static C:\Users\wmar5627\Documents\MTRX3_Major\CommanderMain.X\UISourcefiles\SecondaryInterfaceOutput.c
              __string_17   0x004fab    program     static C:\Users\wmar5627\Documents\MTRX3_Major\CommanderMain.X\UISourcefiles\PrimaryInterfaceOutput.c
              __string_18   0x004f9a    program     static C:\Users\wmar5627\Documents\MTRX3_Major\CommanderMain.X\UISourcefiles\PrimaryInterfaceOutput.c
              __string_18   0x005212    program     static C:\Users\wmar5627\Documents\MTRX3_Major\CommanderMain.X\UISourcefiles\SecondaryInterfaceOutput.c
              __string_19   0x004f89    program     static C:\Users\wmar5627\Documents\MTRX3_Major\CommanderMain.X\UISourcefiles\PrimaryInterfaceOutput.c
              __string_19   0x005201    program     static C:\Users\wmar5627\Documents\MTRX3_Major\CommanderMain.X\UISourcefiles\SecondaryInterfaceOutput.c
               __string_2   0x00509e    program     static C:\Users\wmar5627\Documents\MTRX3_Major\CommanderMain.X\UISourcefiles\PrimaryInterfaceOutput.c
               __string_2   0x00556d    program     static C:\Users\wmar5627\Documents\MTRX3_Major\CommanderMain.X\UISourcefiles\UserInput.c
               __string_2   0x00548a    program     static C:\Users\wmar5627\Documents\MTRX3_Major\CommanderMain.X\UISourcefiles\SecondaryInterfaceOutput.c
              __string_20   0x004f78    program     static C:\Users\wmar5627\Documents\MTRX3_Major\CommanderMain.X\UISourcefiles\PrimaryInterfaceOutput.c
              __string_20   0x0051f0    program     static C:\Users\wmar5627\Documents\MTRX3_Major\CommanderMain.X\UISourcefiles\SecondaryInterfaceOutput.c
              __string_21   0x004f67    program     static C:\Users\wmar5627\Documents\MTRX3_Major\CommanderMain.X\UISourcefiles\PrimaryInterfaceOutput.c
              __string_21   0x0051dc    program     static C:\Users\wmar5627\Documents\MTRX3_Major\CommanderMain.X\UISourcefiles\SecondaryInterfaceOutput.c
              __string_22   0x0051bd    program     static C:\Users\wmar5627\Documents\MTRX3_Major\CommanderMain.X\UISourcefiles\SecondaryInterfaceOutput.c
              __string_22   0x004f56    program     static C:\Users\wmar5627\Documents\MTRX3_Major\CommanderMain.X\UISourcefiles\PrimaryInterfaceOutput.c
              __string_23   0x004f45    program     static C:\Users\wmar5627\Documents\MTRX3_Major\CommanderMain.X\UISourcefiles\PrimaryInterfaceOutput.c
              __string_23   0x0051a7    program     static C:\Users\wmar5627\Documents\MTRX3_Major\CommanderMain.X\UISourcefiles\SecondaryInterfaceOutput.c
              __string_24   0x004f34    program     static C:\Users\wmar5627\Documents\MTRX3_Major\CommanderMain.X\UISourcefiles\PrimaryInterfaceOutput.c
              __string_24   0x005188    program     static C:\Users\wmar5627\Documents\MTRX3_Major\CommanderMain.X\UISourcefiles\SecondaryInterfaceOutput.c
              __string_25   0x004f23    program     static C:\Users\wmar5627\Documents\MTRX3_Major\CommanderMain.X\UISourcefiles\PrimaryInterfaceOutput.c
              __string_25   0x005170    program     static C:\Users\wmar5627\Documents\MTRX3_Major\CommanderMain.X\UISourcefiles\SecondaryInterfaceOutput.c
              __string_26   0x00515e    program     static C:\Users\wmar5627\Documents\MTRX3_Major\CommanderMain.X\UISourcefiles\SecondaryInterfaceOutput.c
              __string_26   0x004f12    program     static C:\Users\wmar5627\Documents\MTRX3_Major\CommanderMain.X\UISourcefiles\PrimaryInterfaceOutput.c
              __string_27   0x004f01    program     static C:\Users\wmar5627\Documents\MTRX3_Major\CommanderMain.X\UISourcefiles\PrimaryInterfaceOutput.c
              __string_27   0x005141    program     static C:\Users\wmar5627\Documents\MTRX3_Major\CommanderMain.X\UISourcefiles\SecondaryInterfaceOutput.c
              __string_28   0x00512d    program     static C:\Users\wmar5627\Documents\MTRX3_Major\CommanderMain.X\UISourcefiles\SecondaryInterfaceOutput.c
              __string_28   0x004ef0    program     static C:\Users\wmar5627\Documents\MTRX3_Major\CommanderMain.X\UISourcefiles\PrimaryInterfaceOutput.c
              __string_29   0x005110    program     static C:\Users\wmar5627\Documents\MTRX3_Major\CommanderMain.X\UISourcefiles\SecondaryInterfaceOutput.c
              __string_29   0x004edf    program     static C:\Users\wmar5627\Documents\MTRX3_Major\CommanderMain.X\UISourcefiles\PrimaryInterfaceOutput.c
               __string_3   0x005418    program     static C:\Users\wmar5627\Documents\MTRX3_Major\CommanderMain.X\UISourcefiles\SecondaryInterfaceOutput.c
               __string_3   0x00508d    program     static C:\Users\wmar5627\Documents\MTRX3_Major\CommanderMain.X\UISourcefiles\PrimaryInterfaceOutput.c
               __string_3   0x00556b    program     static C:\Users\wmar5627\Documents\MTRX3_Major\CommanderMain.X\UISourcefiles\UserInput.c
              __string_30   0x004ece    program     static C:\Users\wmar5627\Documents\MTRX3_Major\CommanderMain.X\UISourcefiles\PrimaryInterfaceOutput.c
              __string_30   0x0050f9    program     static C:\Users\wmar5627\Documents\MTRX3_Major\CommanderMain.X\UISourcefiles\SecondaryInterfaceOutput.c
              __string_31   0x0050e6    program     static C:\Users\wmar5627\Documents\MTRX3_Major\CommanderMain.X\UISourcefiles\SecondaryInterfaceOutput.c
              __string_31   0x004ebd    program     static C:\Users\wmar5627\Documents\MTRX3_Major\CommanderMain.X\UISourcefiles\PrimaryInterfaceOutput.c
              __string_32   0x004eac    program     static C:\Users\wmar5627\Documents\MTRX3_Major\CommanderMain.X\UISourcefiles\PrimaryInterfaceOutput.c
              __string_32   0x0050d1    program     static C:\Users\wmar5627\Documents\MTRX3_Major\CommanderMain.X\UISourcefiles\SecondaryInterfaceOutput.c
              __string_33   0x004e9b    program     static C:\Users\wmar5627\Documents\MTRX3_Major\CommanderMain.X\UISourcefiles\PrimaryInterfaceOutput.c
              __string_34   0x004e8a    program     static C:\Users\wmar5627\Documents\MTRX3_Major\CommanderMain.X\UISourcefiles\PrimaryInterfaceOutput.c
              __string_35   0x004e79    program     static C:\Users\wmar5627\Documents\MTRX3_Major\CommanderMain.X\UISourcefiles\PrimaryInterfaceOutput.c
              __string_36   0x004e68    program     static C:\Users\wmar5627\Documents\MTRX3_Major\CommanderMain.X\UISourcefiles\PrimaryInterfaceOutput.c
               __string_4   0x0053d4    program     static C:\Users\wmar5627\Documents\MTRX3_Major\CommanderMain.X\UISourcefiles\SecondaryInterfaceOutput.c
               __string_4   0x005569    program     static C:\Users\wmar5627\Documents\MTRX3_Major\CommanderMain.X\UISourcefiles\UserInput.c
               __string_4   0x00507c    program     static C:\Users\wmar5627\Documents\MTRX3_Major\CommanderMain.X\UISourcefiles\PrimaryInterfaceOutput.c
               __string_5   0x005567    program     static C:\Users\wmar5627\Documents\MTRX3_Major\CommanderMain.X\UISourcefiles\UserInput.c
               __string_5   0x00506b    program     static C:\Users\wmar5627\Documents\MTRX3_Major\CommanderMain.X\UISourcefiles\PrimaryInterfaceOutput.c
               __string_5   0x0053c4    program     static C:\Users\wmar5627\Documents\MTRX3_Major\CommanderMain.X\UISourcefiles\SecondaryInterfaceOutput.c
               __string_6   0x005565    program     static C:\Users\wmar5627\Documents\MTRX3_Major\CommanderMain.X\UISourcefiles\UserInput.c
               __string_6   0x00505a    program     static C:\Users\wmar5627\Documents\MTRX3_Major\CommanderMain.X\UISourcefiles\PrimaryInterfaceOutput.c
               __string_6   0x0053b3    program     static C:\Users\wmar5627\Documents\MTRX3_Major\CommanderMain.X\UISourcefiles\SecondaryInterfaceOutput.c
               __string_7   0x005563    program     static C:\Users\wmar5627\Documents\MTRX3_Major\CommanderMain.X\UISourcefiles\UserInput.c
               __string_7   0x005049    program     static C:\Users\wmar5627\Documents\MTRX3_Major\CommanderMain.X\UISourcefiles\PrimaryInterfaceOutput.c
               __string_7   0x0053a3    program     static C:\Users\wmar5627\Documents\MTRX3_Major\CommanderMain.X\UISourcefiles\SecondaryInterfaceOutput.c
               __string_8   0x00538e    program     static C:\Users\wmar5627\Documents\MTRX3_Major\CommanderMain.X\UISourcefiles\SecondaryInterfaceOutput.c
               __string_8   0x005038    program     static C:\Users\wmar5627\Documents\MTRX3_Major\CommanderMain.X\UISourcefiles\PrimaryInterfaceOutput.c
               __string_9   0x00502e    program     static C:\Users\wmar5627\Documents\MTRX3_Major\CommanderMain.X\UISourcefiles\PrimaryInterfaceOutput.c
               __string_9   0x00537b    program     static C:\Users\wmar5627\Documents\MTRX3_Major\CommanderMain.X\UISourcefiles\SecondaryInterfaceOutput.c
              __tmplbl_14   0x002b62    program     static                          
              __tmplbl_35   0x00355a    program     static                          
              __tmplbl_40   0x00172e    program     static                          
              __tmplbl_41   0x00172e    program     static                          
              __tmplbl_42   0x0044a4    program     static                          
              __tmplbl_43   0x0042ec    program     static                          
              __tmplbl_44   0x0042d2    program     static                          
              __tmplbl_44   0x0016b2    program     static                          
              __tmplbl_47   0x0016b2    program     static                          
              __tmplbl_49   0x0016b2    program     static                          
              __tmplbl_52   0x0016b0    program     static                          
              __tmplbl_53   0x0016b0    program     static                          
              __tmplbl_54   0x0016b0    program     static                          
              __tmplbl_85   0x003a24    program     static                          
            __zero_memory   0x006b22    program     extern E:\c18v3.46\pic18-lt\cxx-framework\src\traditional\proc\p18f4520.asm
                _do_cinit   0x00642c    program     extern E:\c18v3.46\pic18-lt\cxx-framework\src\traditional\startup\c018i.c
                   _entry   0x000000    program     extern E:\c18v3.46\pic18-lt\cxx-framework\src\traditional\startup\c018i.c
                   _false   0x00696a    program     static                          
                 _startup   0x006b42    program     extern E:\c18v3.46\pic18-lt\cxx-framework\src\traditional\startup\c018i.c
              _usart_putc   0x006b5e    program     extern E:\c18v3.46\pic18-lt\cxx-framework\src\pmc_common\USART\_usartpc.asm
               _user_putc   0x000006    program     extern E:\c18v3.46\pic18-lt\cxx-framework\src\traditional\stdclib\_user_putc.c
        calcScanPositions   0x001c5c    program     extern C:\Users\wmar5627\Documents\MTRX3_Major\CommanderMain.X\Navigation.c
                commSetup   0x006050    program     extern C:\Users\wmar5627\Documents\MTRX3_Major\CommanderMain.X\Communications.c
                compare_l   0x006b38    program     static E:\c18v3.46\pic18-lt\cxx-framework\src\traditional\proc\p18f4520.asm
                copy_loop   0x00649e    program     static                          
            copy_one_byte   0x0064a4    program     static                          
                     done   0x0064c8    program     static                          
             done_copying   0x0064b2    program     static                          
                  endloop   0x006af8    program     static                          
            getRobotState   0x001748    program     extern C:\Users\wmar5627\Documents\MTRX3_Major\CommanderMain.X\Navigation.c
            goto_high_ISR   0x000008    program     extern C:\Users\wmar5627\Documents\MTRX3_Major\CommanderMain.X\main.c
             goto_low_ISR   0x000018    program     extern C:\Users\wmar5627\Documents\MTRX3_Major\CommanderMain.X\main.c
           high_interrupt   0x005b18    program     extern C:\Users\wmar5627\Documents\MTRX3_Major\CommanderMain.X\main.c
               initialise   0x000010    program     extern C:\Users\wmar5627\Documents\MTRX3_Major\CommanderMain.X\UISourcefiles\XLCD\UserinterfaceInitialise.c
           initialiseComs   0x0045f0    program     extern C:\Users\wmar5627\Documents\MTRX3_Major\CommanderMain.X\UISourcefiles\SecondaryInterfaceOutput.c
       initialising_state   0x0000b0    program     extern C:\Users\wmar5627\Documents\MTRX3_Major\CommanderMain.X\UISourcefiles\StateTransition.c
                  inputUI   0x005f6a    program     extern C:\Users\wmar5627\Documents\MTRX3_Major\CommanderMain.X\UISourcefiles\UserInterface.c
                  isdigit   0x006afe    program     extern E:\c18v3.46\pic18-lt\cxx-framework\src\traditional\stdclib\isdigit.asm
                     jEnd   0x006752    program     static E:\c18v3.46\pic18-lt\cxx-framework\src\traditional\stdclib\strlen.asm
                     jEnd   0x00678a    program     static E:\c18v3.46\pic18-lt\cxx-framework\src\traditional\stdclib\slenpgm.asm
                    jLoop   0x006748    program     static E:\c18v3.46\pic18-lt\cxx-framework\src\traditional\stdclib\strlen.asm
                    jLoop   0x006772    program     static E:\c18v3.46\pic18-lt\cxx-framework\src\traditional\stdclib\slenpgm.asm
                   jMatch   0x006b1e    program     static E:\c18v3.46\pic18-lt\cxx-framework\src\traditional\stdclib\isdigit.asm
                 jNoMatch   0x006b20    program     static E:\c18v3.46\pic18-lt\cxx-framework\src\traditional\stdclib\isdigit.asm
                     loop   0x006b6e    program     static E:\c18v3.46\pic18-lt\cxx-framework\src\pmc_common\USART\_usartpc.asm
                     loop   0x006b52    program     static                          
                     loop   0x006936    program     static                          
                     loop   0x006adc    program     static                          
                   loop_h   0x006b30    program     static E:\c18v3.46\pic18-lt\cxx-framework\src\traditional\proc\p18f4520.asm
                   loop_l   0x006b3a    program     static E:\c18v3.46\pic18-lt\cxx-framework\src\traditional\proc\p18f4520.asm
            low_interrupt   0x005a58    program     extern C:\Users\wmar5627\Documents\MTRX3_Major\CommanderMain.X\main.c
                     main   0x005574    program     extern C:\Users\wmar5627\Documents\MTRX3_Major\CommanderMain.X\main.c
                 navSetup   0x001736    program     extern C:\Users\wmar5627\Documents\MTRX3_Major\CommanderMain.X\Navigation.c
                 outputUI   0x005fd2    program     extern C:\Users\wmar5627\Documents\MTRX3_Major\CommanderMain.X\UISourcefiles\UserInterface.c
          processReceived   0x0060dc    program     extern C:\Users\wmar5627\Documents\MTRX3_Major\CommanderMain.X\Communications.c
                     putc   0x0065dc    program     extern E:\c18v3.46\pic18-lt\cxx-framework\src\traditional\stdclib\putc.c
                putrsXLCD   0x0066d0    program     extern C:\Users\wmar5627\Documents\MTRX3_Major\CommanderMain.X\UISourcefiles\XLCD\putrxlcd.c
                 putsUART   0x006a3a    program     extern C:\Users\wmar5627\Documents\MTRX3_Major\CommanderMain.X\putsuart.c
                 putsXLCD   0x0068da    program     extern C:\Users\wmar5627\Documents\MTRX3_Major\CommanderMain.X\UISourcefiles\XLCD\putsxlcd.c
             receiveComms   0x00606c    program     extern C:\Users\wmar5627\Documents\MTRX3_Major\CommanderMain.X\Communications.c
                robotMove   0x001738    program     extern C:\Users\wmar5627\Documents\MTRX3_Major\CommanderMain.X\Navigation.c
                 s_digits   0x006bac    program     static E:\c18v3.46\pic18-lt\cxx-framework\src\traditional\stdclib\vfprintf.c
            s_put_n_chars   0x0039ce    program     static E:\c18v3.46\pic18-lt\cxx-framework\src\traditional\stdclib\vfprintf.c
                     scan   0x001866    program     extern C:\Users\wmar5627\Documents\MTRX3_Major\CommanderMain.X\Navigation.c
                  sprintf   0x0062da    program     extern E:\c18v3.46\pic18-lt\cxx-framework\src\traditional\stdclib\sprintf.c
             stateControl   0x005bd2    program     extern C:\Users\wmar5627\Documents\MTRX3_Major\CommanderMain.X\main.c
                  storeUI   0x005f56    program     extern C:\Users\wmar5627\Documents\MTRX3_Major\CommanderMain.X\UISourcefiles\UserInterface.c
                   strlen   0x006738    program     extern E:\c18v3.46\pic18-lt\cxx-framework\src\traditional\stdclib\strlen.asm
                strlenpgm   0x006754    program     extern E:\c18v3.46\pic18-lt\cxx-framework\src\traditional\stdclib\slenpgm.asm
                     test   0x006446    program     static                          
            transmitComms   0x0060cc    program     extern C:\Users\wmar5627\Documents\MTRX3_Major\CommanderMain.X\Communications.c
                 vfprintf   0x0039fa    program     extern E:\c18v3.46\pic18-lt\cxx-framework\src\traditional\stdclib\vfprintf.c
               zero_block   0x006b30    program     static E:\c18v3.46\pic18-lt\cxx-framework\src\traditional\proc\p18f4520.asm
                   ADCON0   0x000fc2       data     extern E:\c18v3.46\pic18-lt\cxx-framework\src\traditional\proc\p18f4520.asm
               ADCON0bits   0x000fc2       data     extern E:\c18v3.46\pic18-lt\cxx-framework\src\traditional\proc\p18f4520.asm
                   ADCON1   0x000fc1       data     extern E:\c18v3.46\pic18-lt\cxx-framework\src\traditional\proc\p18f4520.asm
               ADCON1bits   0x000fc1       data     extern E:\c18v3.46\pic18-lt\cxx-framework\src\traditional\proc\p18f4520.asm
                   ADCON2   0x000fc0       data     extern E:\c18v3.46\pic18-lt\cxx-framework\src\traditional\proc\p18f4520.asm
               ADCON2bits   0x000fc0       data     extern E:\c18v3.46\pic18-lt\cxx-framework\src\traditional\proc\p18f4520.asm
                    ADRES   0x000fc3       data     extern E:\c18v3.46\pic18-lt\cxx-framework\src\traditional\proc\p18f4520.asm
                   ADRESH   0x000fc4       data     extern E:\c18v3.46\pic18-lt\cxx-framework\src\traditional\proc\p18f4520.asm
                   ADRESL   0x000fc3       data     extern E:\c18v3.46\pic18-lt\cxx-framework\src\traditional\proc\p18f4520.asm
                  BAUDCON   0x000fb8       data     extern E:\c18v3.46\pic18-lt\cxx-framework\src\traditional\proc\p18f4520.asm
              BAUDCONbits   0x000fb8       data     extern E:\c18v3.46\pic18-lt\cxx-framework\src\traditional\proc\p18f4520.asm
                  BAUDCTL   0x000fb8       data     extern E:\c18v3.46\pic18-lt\cxx-framework\src\traditional\proc\p18f4520.asm
              BAUDCTLbits   0x000fb8       data     extern E:\c18v3.46\pic18-lt\cxx-framework\src\traditional\proc\p18f4520.asm
                      BSR   0x000fe0       data     extern E:\c18v3.46\pic18-lt\cxx-framework\src\traditional\proc\p18f4520.asm
                 BitCount   0x00051a       data     extern E:\c18v3.46\pic18-lt\cxx-framework\src\pmc_common\SW_UART\uartdata.asm
                  CCP1CON   0x000fbd       data     extern E:\c18v3.46\pic18-lt\cxx-framework\src\traditional\proc\p18f4520.asm
              CCP1CONbits   0x000fbd       data     extern E:\c18v3.46\pic18-lt\cxx-framework\src\traditional\proc\p18f4520.asm
                  CCP2CON   0x000fba       data     extern E:\c18v3.46\pic18-lt\cxx-framework\src\traditional\proc\p18f4520.asm
              CCP2CONbits   0x000fba       data     extern E:\c18v3.46\pic18-lt\cxx-framework\src\traditional\proc\p18f4520.asm
                    CCPR1   0x000fbe       data     extern E:\c18v3.46\pic18-lt\cxx-framework\src\traditional\proc\p18f4520.asm
                   CCPR1H   0x000fbf       data     extern E:\c18v3.46\pic18-lt\cxx-framework\src\traditional\proc\p18f4520.asm
                   CCPR1L   0x000fbe       data     extern E:\c18v3.46\pic18-lt\cxx-framework\src\traditional\proc\p18f4520.asm
                    CCPR2   0x000fbb       data     extern E:\c18v3.46\pic18-lt\cxx-framework\src\traditional\proc\p18f4520.asm
                   CCPR2H   0x000fbc       data     extern E:\c18v3.46\pic18-lt\cxx-framework\src\traditional\proc\p18f4520.asm
                   CCPR2L   0x000fbb       data     extern E:\c18v3.46\pic18-lt\cxx-framework\src\traditional\proc\p18f4520.asm
                    CMCON   0x000fb4       data     extern E:\c18v3.46\pic18-lt\cxx-framework\src\traditional\proc\p18f4520.asm
                CMCONbits   0x000fb4       data     extern E:\c18v3.46\pic18-lt\cxx-framework\src\traditional\proc\p18f4520.asm
                   CVRCON   0x000fb5       data     extern E:\c18v3.46\pic18-lt\cxx-framework\src\traditional\proc\p18f4520.asm
               CVRCONbits   0x000fb5       data     extern E:\c18v3.46\pic18-lt\cxx-framework\src\traditional\proc\p18f4520.asm
                     DDRA   0x000f92       data     extern E:\c18v3.46\pic18-lt\cxx-framework\src\traditional\proc\p18f4520.asm
                 DDRAbits   0x000f92       data     extern E:\c18v3.46\pic18-lt\cxx-framework\src\traditional\proc\p18f4520.asm
                     DDRB   0x000f93       data     extern E:\c18v3.46\pic18-lt\cxx-framework\src\traditional\proc\p18f4520.asm
                 DDRBbits   0x000f93       data     extern E:\c18v3.46\pic18-lt\cxx-framework\src\traditional\proc\p18f4520.asm
                     DDRC   0x000f94       data     extern E:\c18v3.46\pic18-lt\cxx-framework\src\traditional\proc\p18f4520.asm
                 DDRCbits   0x000f94       data     extern E:\c18v3.46\pic18-lt\cxx-framework\src\traditional\proc\p18f4520.asm
                     DDRD   0x000f95       data     extern E:\c18v3.46\pic18-lt\cxx-framework\src\traditional\proc\p18f4520.asm
                 DDRDbits   0x000f95       data     extern E:\c18v3.46\pic18-lt\cxx-framework\src\traditional\proc\p18f4520.asm
                     DDRE   0x000f96       data     extern E:\c18v3.46\pic18-lt\cxx-framework\src\traditional\proc\p18f4520.asm
                 DDREbits   0x000f96       data     extern E:\c18v3.46\pic18-lt\cxx-framework\src\traditional\proc\p18f4520.asm
            DelayCounter1   0x000023       data     extern E:\c18v3.46\pic18-lt\cxx-framework\src\traditional\delays\delayd1.asm
            DelayCounter2   0x000022       data     extern E:\c18v3.46\pic18-lt\cxx-framework\src\traditional\delays\delayd2.asm
                  ECCP1AS   0x000fb6       data     extern E:\c18v3.46\pic18-lt\cxx-framework\src\traditional\proc\p18f4520.asm
              ECCP1ASbits   0x000fb6       data     extern E:\c18v3.46\pic18-lt\cxx-framework\src\traditional\proc\p18f4520.asm
                 ECCP1DEL   0x000fb7       data     extern E:\c18v3.46\pic18-lt\cxx-framework\src\traditional\proc\p18f4520.asm
             ECCP1DELbits   0x000fb7       data     extern E:\c18v3.46\pic18-lt\cxx-framework\src\traditional\proc\p18f4520.asm
                   ECCPAS   0x000fb6       data     extern E:\c18v3.46\pic18-lt\cxx-framework\src\traditional\proc\p18f4520.asm
               ECCPASbits   0x000fb6       data     extern E:\c18v3.46\pic18-lt\cxx-framework\src\traditional\proc\p18f4520.asm
                    EEADR   0x000fa9       data     extern E:\c18v3.46\pic18-lt\cxx-framework\src\traditional\proc\p18f4520.asm
                   EECON1   0x000fa6       data     extern E:\c18v3.46\pic18-lt\cxx-framework\src\traditional\proc\p18f4520.asm
               EECON1bits   0x000fa6       data     extern E:\c18v3.46\pic18-lt\cxx-framework\src\traditional\proc\p18f4520.asm
                   EECON2   0x000fa7       data     extern E:\c18v3.46\pic18-lt\cxx-framework\src\traditional\proc\p18f4520.asm
                   EEDATA   0x000fa8       data     extern E:\c18v3.46\pic18-lt\cxx-framework\src\traditional\proc\p18f4520.asm
                     FSR0   0x000fe9       data     extern E:\c18v3.46\pic18-lt\cxx-framework\src\traditional\proc\p18f4520.asm
                    FSR0H   0x000fea       data     extern E:\c18v3.46\pic18-lt\cxx-framework\src\traditional\proc\p18f4520.asm
                    FSR0L   0x000fe9       data     extern E:\c18v3.46\pic18-lt\cxx-framework\src\traditional\proc\p18f4520.asm
                     FSR1   0x000fe1       data     extern E:\c18v3.46\pic18-lt\cxx-framework\src\traditional\proc\p18f4520.asm
                    FSR1H   0x000fe2       data     extern E:\c18v3.46\pic18-lt\cxx-framework\src\traditional\proc\p18f4520.asm
                    FSR1L   0x000fe1       data     extern E:\c18v3.46\pic18-lt\cxx-framework\src\traditional\proc\p18f4520.asm
                     FSR2   0x000fd9       data     extern E:\c18v3.46\pic18-lt\cxx-framework\src\traditional\proc\p18f4520.asm
                    FSR2H   0x000fda       data     extern E:\c18v3.46\pic18-lt\cxx-framework\src\traditional\proc\p18f4520.asm
                    FSR2L   0x000fd9       data     extern E:\c18v3.46\pic18-lt\cxx-framework\src\traditional\proc\p18f4520.asm
                  HLVDCON   0x000fd2       data     extern E:\c18v3.46\pic18-lt\cxx-framework\src\traditional\proc\p18f4520.asm
              HLVDCONbits   0x000fd2       data     extern E:\c18v3.46\pic18-lt\cxx-framework\src\traditional\proc\p18f4520.asm
                    INDF0   0x000fef       data     extern E:\c18v3.46\pic18-lt\cxx-framework\src\traditional\proc\p18f4520.asm
                    INDF1   0x000fe7       data     extern E:\c18v3.46\pic18-lt\cxx-framework\src\traditional\proc\p18f4520.asm
                    INDF2   0x000fdf       data     extern E:\c18v3.46\pic18-lt\cxx-framework\src\traditional\proc\p18f4520.asm
                   INTCON   0x000ff2       data     extern E:\c18v3.46\pic18-lt\cxx-framework\src\traditional\proc\p18f4520.asm
                  INTCON2   0x000ff1       data     extern E:\c18v3.46\pic18-lt\cxx-framework\src\traditional\proc\p18f4520.asm
              INTCON2bits   0x000ff1       data     extern E:\c18v3.46\pic18-lt\cxx-framework\src\traditional\proc\p18f4520.asm
                  INTCON3   0x000ff0       data     extern E:\c18v3.46\pic18-lt\cxx-framework\src\traditional\proc\p18f4520.asm
              INTCON3bits   0x000ff0       data     extern E:\c18v3.46\pic18-lt\cxx-framework\src\traditional\proc\p18f4520.asm
               INTCONbits   0x000ff2       data     extern E:\c18v3.46\pic18-lt\cxx-framework\src\traditional\proc\p18f4520.asm
                     IPR1   0x000f9f       data     extern E:\c18v3.46\pic18-lt\cxx-framework\src\traditional\proc\p18f4520.asm
                 IPR1bits   0x000f9f       data     extern E:\c18v3.46\pic18-lt\cxx-framework\src\traditional\proc\p18f4520.asm
                     IPR2   0x000fa2       data     extern E:\c18v3.46\pic18-lt\cxx-framework\src\traditional\proc\p18f4520.asm
                 IPR2bits   0x000fa2       data     extern E:\c18v3.46\pic18-lt\cxx-framework\src\traditional\proc\p18f4520.asm
                     LATA   0x000f89       data     extern E:\c18v3.46\pic18-lt\cxx-framework\src\traditional\proc\p18f4520.asm
                 LATAbits   0x000f89       data     extern E:\c18v3.46\pic18-lt\cxx-framework\src\traditional\proc\p18f4520.asm
                     LATB   0x000f8a       data     extern E:\c18v3.46\pic18-lt\cxx-framework\src\traditional\proc\p18f4520.asm
                 LATBbits   0x000f8a       data     extern E:\c18v3.46\pic18-lt\cxx-framework\src\traditional\proc\p18f4520.asm
                     LATC   0x000f8b       data     extern E:\c18v3.46\pic18-lt\cxx-framework\src\traditional\proc\p18f4520.asm
                 LATCbits   0x000f8b       data     extern E:\c18v3.46\pic18-lt\cxx-framework\src\traditional\proc\p18f4520.asm
                     LATD   0x000f8c       data     extern E:\c18v3.46\pic18-lt\cxx-framework\src\traditional\proc\p18f4520.asm
                 LATDbits   0x000f8c       data     extern E:\c18v3.46\pic18-lt\cxx-framework\src\traditional\proc\p18f4520.asm
                     LATE   0x000f8d       data     extern E:\c18v3.46\pic18-lt\cxx-framework\src\traditional\proc\p18f4520.asm
                 LATEbits   0x000f8d       data     extern E:\c18v3.46\pic18-lt\cxx-framework\src\traditional\proc\p18f4520.asm
                   LVDCON   0x000fd2       data     extern E:\c18v3.46\pic18-lt\cxx-framework\src\traditional\proc\p18f4520.asm
               LVDCONbits   0x000fd2       data     extern E:\c18v3.46\pic18-lt\cxx-framework\src\traditional\proc\p18f4520.asm
                   OSCCON   0x000fd3       data     extern E:\c18v3.46\pic18-lt\cxx-framework\src\traditional\proc\p18f4520.asm
               OSCCONbits   0x000fd3       data     extern E:\c18v3.46\pic18-lt\cxx-framework\src\traditional\proc\p18f4520.asm
                  OSCTUNE   0x000f9b       data     extern E:\c18v3.46\pic18-lt\cxx-framework\src\traditional\proc\p18f4520.asm
              OSCTUNEbits   0x000f9b       data     extern E:\c18v3.46\pic18-lt\cxx-framework\src\traditional\proc\p18f4520.asm
                       PC   0x000ff9       data     extern E:\c18v3.46\pic18-lt\cxx-framework\src\traditional\proc\p18f4520.asm
                      PCL   0x000ff9       data     extern E:\c18v3.46\pic18-lt\cxx-framework\src\traditional\proc\p18f4520.asm
                   PCLATH   0x000ffa       data     extern E:\c18v3.46\pic18-lt\cxx-framework\src\traditional\proc\p18f4520.asm
                   PCLATU   0x000ffb       data     extern E:\c18v3.46\pic18-lt\cxx-framework\src\traditional\proc\p18f4520.asm
                     PIE1   0x000f9d       data     extern E:\c18v3.46\pic18-lt\cxx-framework\src\traditional\proc\p18f4520.asm
                 PIE1bits   0x000f9d       data     extern E:\c18v3.46\pic18-lt\cxx-framework\src\traditional\proc\p18f4520.asm
                     PIE2   0x000fa0       data     extern E:\c18v3.46\pic18-lt\cxx-framework\src\traditional\proc\p18f4520.asm
                 PIE2bits   0x000fa0       data     extern E:\c18v3.46\pic18-lt\cxx-framework\src\traditional\proc\p18f4520.asm
                     PIR1   0x000f9e       data     extern E:\c18v3.46\pic18-lt\cxx-framework\src\traditional\proc\p18f4520.asm
                 PIR1bits   0x000f9e       data     extern E:\c18v3.46\pic18-lt\cxx-framework\src\traditional\proc\p18f4520.asm
                     PIR2   0x000fa1       data     extern E:\c18v3.46\pic18-lt\cxx-framework\src\traditional\proc\p18f4520.asm
                 PIR2bits   0x000fa1       data     extern E:\c18v3.46\pic18-lt\cxx-framework\src\traditional\proc\p18f4520.asm
                   PLUSW0   0x000feb       data     extern E:\c18v3.46\pic18-lt\cxx-framework\src\traditional\proc\p18f4520.asm
                   PLUSW1   0x000fe3       data     extern E:\c18v3.46\pic18-lt\cxx-framework\src\traditional\proc\p18f4520.asm
                   PLUSW2   0x000fdb       data     extern E:\c18v3.46\pic18-lt\cxx-framework\src\traditional\proc\p18f4520.asm
                    PORTA   0x000f80       data     extern E:\c18v3.46\pic18-lt\cxx-framework\src\traditional\proc\p18f4520.asm
                PORTAbits   0x000f80       data     extern E:\c18v3.46\pic18-lt\cxx-framework\src\traditional\proc\p18f4520.asm
                    PORTB   0x000f81       data     extern E:\c18v3.46\pic18-lt\cxx-framework\src\traditional\proc\p18f4520.asm
                PORTBbits   0x000f81       data     extern E:\c18v3.46\pic18-lt\cxx-framework\src\traditional\proc\p18f4520.asm
                    PORTC   0x000f82       data     extern E:\c18v3.46\pic18-lt\cxx-framework\src\traditional\proc\p18f4520.asm
                PORTCbits   0x000f82       data     extern E:\c18v3.46\pic18-lt\cxx-framework\src\traditional\proc\p18f4520.asm
                    PORTD   0x000f83       data     extern E:\c18v3.46\pic18-lt\cxx-framework\src\traditional\proc\p18f4520.asm
                PORTDbits   0x000f83       data     extern E:\c18v3.46\pic18-lt\cxx-framework\src\traditional\proc\p18f4520.asm
                    PORTE   0x000f84       data     extern E:\c18v3.46\pic18-lt\cxx-framework\src\traditional\proc\p18f4520.asm
                PORTEbits   0x000f84       data     extern E:\c18v3.46\pic18-lt\cxx-framework\src\traditional\proc\p18f4520.asm
                 POSTDEC0   0x000fed       data     extern E:\c18v3.46\pic18-lt\cxx-framework\src\traditional\proc\p18f4520.asm
                 POSTDEC1   0x000fe5       data     extern E:\c18v3.46\pic18-lt\cxx-framework\src\traditional\proc\p18f4520.asm
                 POSTDEC2   0x000fdd       data     extern E:\c18v3.46\pic18-lt\cxx-framework\src\traditional\proc\p18f4520.asm
                 POSTINC0   0x000fee       data     extern E:\c18v3.46\pic18-lt\cxx-framework\src\traditional\proc\p18f4520.asm
                 POSTINC1   0x000fe6       data     extern E:\c18v3.46\pic18-lt\cxx-framework\src\traditional\proc\p18f4520.asm
                 POSTINC2   0x000fde       data     extern E:\c18v3.46\pic18-lt\cxx-framework\src\traditional\proc\p18f4520.asm
                      PR2   0x000fcb       data     extern E:\c18v3.46\pic18-lt\cxx-framework\src\traditional\proc\p18f4520.asm
                  PREINC0   0x000fec       data     extern E:\c18v3.46\pic18-lt\cxx-framework\src\traditional\proc\p18f4520.asm
                  PREINC1   0x000fe4       data     extern E:\c18v3.46\pic18-lt\cxx-framework\src\traditional\proc\p18f4520.asm
                  PREINC2   0x000fdc       data     extern E:\c18v3.46\pic18-lt\cxx-framework\src\traditional\proc\p18f4520.asm
                     PROD   0x000ff3       data     extern E:\c18v3.46\pic18-lt\cxx-framework\src\traditional\proc\p18f4520.asm
                    PRODH   0x000ff4       data     extern E:\c18v3.46\pic18-lt\cxx-framework\src\traditional\proc\p18f4520.asm
                    PRODL   0x000ff3       data     extern E:\c18v3.46\pic18-lt\cxx-framework\src\traditional\proc\p18f4520.asm
                  PWM1CON   0x000fb7       data     extern E:\c18v3.46\pic18-lt\cxx-framework\src\traditional\proc\p18f4520.asm
              PWM1CONbits   0x000fb7       data     extern E:\c18v3.46\pic18-lt\cxx-framework\src\traditional\proc\p18f4520.asm
                     RCON   0x000fd0       data     extern E:\c18v3.46\pic18-lt\cxx-framework\src\traditional\proc\p18f4520.asm
                 RCONbits   0x000fd0       data     extern E:\c18v3.46\pic18-lt\cxx-framework\src\traditional\proc\p18f4520.asm
                    RCREG   0x000fae       data     extern E:\c18v3.46\pic18-lt\cxx-framework\src\traditional\proc\p18f4520.asm
                    RCSTA   0x000fab       data     extern E:\c18v3.46\pic18-lt\cxx-framework\src\traditional\proc\p18f4520.asm
                RCSTAbits   0x000fab       data     extern E:\c18v3.46\pic18-lt\cxx-framework\src\traditional\proc\p18f4520.asm
                     SIGN   0x000000       data     extern E:\c18v3.46\pic18-lt\cxx-framework\src\traditional\math\cmath18.asm
                    SPBRG   0x000faf       data     extern E:\c18v3.46\pic18-lt\cxx-framework\src\traditional\proc\p18f4520.asm
                   SPBRGH   0x000fb0       data     extern E:\c18v3.46\pic18-lt\cxx-framework\src\traditional\proc\p18f4520.asm
                   SSPADD   0x000fc8       data     extern E:\c18v3.46\pic18-lt\cxx-framework\src\traditional\proc\p18f4520.asm
                   SSPBUF   0x000fc9       data     extern E:\c18v3.46\pic18-lt\cxx-framework\src\traditional\proc\p18f4520.asm
                  SSPCON1   0x000fc6       data     extern E:\c18v3.46\pic18-lt\cxx-framework\src\traditional\proc\p18f4520.asm
              SSPCON1bits   0x000fc6       data     extern E:\c18v3.46\pic18-lt\cxx-framework\src\traditional\proc\p18f4520.asm
                  SSPCON2   0x000fc5       data     extern E:\c18v3.46\pic18-lt\cxx-framework\src\traditional\proc\p18f4520.asm
              SSPCON2bits   0x000fc5       data     extern E:\c18v3.46\pic18-lt\cxx-framework\src\traditional\proc\p18f4520.asm
                  SSPSTAT   0x000fc7       data     extern E:\c18v3.46\pic18-lt\cxx-framework\src\traditional\proc\p18f4520.asm
              SSPSTATbits   0x000fc7       data     extern E:\c18v3.46\pic18-lt\cxx-framework\src\traditional\proc\p18f4520.asm
                   STATUS   0x000fd8       data     extern E:\c18v3.46\pic18-lt\cxx-framework\src\traditional\proc\p18f4520.asm
               STATUSbits   0x000fd8       data     extern E:\c18v3.46\pic18-lt\cxx-framework\src\traditional\proc\p18f4520.asm
                   STKPTR   0x000ffc       data     extern E:\c18v3.46\pic18-lt\cxx-framework\src\traditional\proc\p18f4520.asm
               STKPTRbits   0x000ffc       data     extern E:\c18v3.46\pic18-lt\cxx-framework\src\traditional\proc\p18f4520.asm
                    T0CON   0x000fd5       data     extern E:\c18v3.46\pic18-lt\cxx-framework\src\traditional\proc\p18f4520.asm
                T0CONbits   0x000fd5       data     extern E:\c18v3.46\pic18-lt\cxx-framework\src\traditional\proc\p18f4520.asm
                    T1CON   0x000fcd       data     extern E:\c18v3.46\pic18-lt\cxx-framework\src\traditional\proc\p18f4520.asm
                T1CONbits   0x000fcd       data     extern E:\c18v3.46\pic18-lt\cxx-framework\src\traditional\proc\p18f4520.asm
                    T2CON   0x000fca       data     extern E:\c18v3.46\pic18-lt\cxx-framework\src\traditional\proc\p18f4520.asm
                T2CONbits   0x000fca       data     extern E:\c18v3.46\pic18-lt\cxx-framework\src\traditional\proc\p18f4520.asm
                    T3CON   0x000fb1       data     extern E:\c18v3.46\pic18-lt\cxx-framework\src\traditional\proc\p18f4520.asm
                T3CONbits   0x000fb1       data     extern E:\c18v3.46\pic18-lt\cxx-framework\src\traditional\proc\p18f4520.asm
                   TABLAT   0x000ff5       data     extern E:\c18v3.46\pic18-lt\cxx-framework\src\traditional\proc\p18f4520.asm
                   TBLPTR   0x000ff6       data     extern E:\c18v3.46\pic18-lt\cxx-framework\src\traditional\proc\p18f4520.asm
                  TBLPTRH   0x000ff7       data     extern E:\c18v3.46\pic18-lt\cxx-framework\src\traditional\proc\p18f4520.asm
                  TBLPTRL   0x000ff6       data     extern E:\c18v3.46\pic18-lt\cxx-framework\src\traditional\proc\p18f4520.asm
                  TBLPTRU   0x000ff8       data     extern E:\c18v3.46\pic18-lt\cxx-framework\src\traditional\proc\p18f4520.asm
                    TMR0H   0x000fd7       data     extern E:\c18v3.46\pic18-lt\cxx-framework\src\traditional\proc\p18f4520.asm
                    TMR0L   0x000fd6       data     extern E:\c18v3.46\pic18-lt\cxx-framework\src\traditional\proc\p18f4520.asm
                    TMR1H   0x000fcf       data     extern E:\c18v3.46\pic18-lt\cxx-framework\src\traditional\proc\p18f4520.asm
                    TMR1L   0x000fce       data     extern E:\c18v3.46\pic18-lt\cxx-framework\src\traditional\proc\p18f4520.asm
                     TMR2   0x000fcc       data     extern E:\c18v3.46\pic18-lt\cxx-framework\src\traditional\proc\p18f4520.asm
                    TMR3H   0x000fb3       data     extern E:\c18v3.46\pic18-lt\cxx-framework\src\traditional\proc\p18f4520.asm
                    TMR3L   0x000fb2       data     extern E:\c18v3.46\pic18-lt\cxx-framework\src\traditional\proc\p18f4520.asm
                      TOS   0x000ffd       data     extern E:\c18v3.46\pic18-lt\cxx-framework\src\traditional\proc\p18f4520.asm
                     TOSH   0x000ffe       data     extern E:\c18v3.46\pic18-lt\cxx-framework\src\traditional\proc\p18f4520.asm
                     TOSL   0x000ffd       data     extern E:\c18v3.46\pic18-lt\cxx-framework\src\traditional\proc\p18f4520.asm
                     TOSU   0x000fff       data     extern E:\c18v3.46\pic18-lt\cxx-framework\src\traditional\proc\p18f4520.asm
                    TRISA   0x000f92       data     extern E:\c18v3.46\pic18-lt\cxx-framework\src\traditional\proc\p18f4520.asm
                TRISAbits   0x000f92       data     extern E:\c18v3.46\pic18-lt\cxx-framework\src\traditional\proc\p18f4520.asm
                    TRISB   0x000f93       data     extern E:\c18v3.46\pic18-lt\cxx-framework\src\traditional\proc\p18f4520.asm
                TRISBbits   0x000f93       data     extern E:\c18v3.46\pic18-lt\cxx-framework\src\traditional\proc\p18f4520.asm
                    TRISC   0x000f94       data     extern E:\c18v3.46\pic18-lt\cxx-framework\src\traditional\proc\p18f4520.asm
                TRISCbits   0x000f94       data     extern E:\c18v3.46\pic18-lt\cxx-framework\src\traditional\proc\p18f4520.asm
                    TRISD   0x000f95       data     extern E:\c18v3.46\pic18-lt\cxx-framework\src\traditional\proc\p18f4520.asm
                TRISDbits   0x000f95       data     extern E:\c18v3.46\pic18-lt\cxx-framework\src\traditional\proc\p18f4520.asm
                    TRISE   0x000f96       data     extern E:\c18v3.46\pic18-lt\cxx-framework\src\traditional\proc\p18f4520.asm
                TRISEbits   0x000f96       data     extern E:\c18v3.46\pic18-lt\cxx-framework\src\traditional\proc\p18f4520.asm
                    TXREG   0x000fad       data     extern E:\c18v3.46\pic18-lt\cxx-framework\src\traditional\proc\p18f4520.asm
                    TXSTA   0x000fac       data     extern E:\c18v3.46\pic18-lt\cxx-framework\src\traditional\proc\p18f4520.asm
                TXSTAbits   0x000fac       data     extern E:\c18v3.46\pic18-lt\cxx-framework\src\traditional\proc\p18f4520.asm
                 UIbuffer   0x0000ef       data     extern C:\Users\wmar5627\Documents\MTRX3_Major\CommanderMain.X\main.c
                  UIdelay   0x00051f       data     extern C:\Users\wmar5627\Documents\MTRX3_Major\CommanderMain.X\main.c
             USART_Status   0x000521       data     extern E:\c18v3.46\pic18-lt\cxx-framework\src\pmc_common\USART\udefs.c
[...]
                    TRISD   0x000f95       data     extern E:\c18v3.46\pic18-lt\cxx-framework\src\traditional\proc\p18f4520.asm
                TRISDbits   0x000f95       data     extern E:\c18v3.46\pic18-lt\cxx-framework\src\traditional\proc\p18f4520.asm
                     DDRD   0x000f95       data     extern E:\c18v3.46\pic18-lt\cxx-framework\src\traditional\proc\p18f4520.asm
                     DDRE   0x000f96       data     extern E:\c18v3.46\pic18-lt\cxx-framework\src\traditional\proc\p18f4520.asm
                 DDREbits   0x000f96       data     extern E:\c18v3.46\pic18-lt\cxx-framework\src\traditional\proc\p18f4520.asm
                    TRISE   0x000f96       data     extern E:\c18v3.46\pic18-lt\cxx-framework\src\traditional\proc\p18f4520.asm
                TRISEbits   0x000f96       data     extern E:\c18v3.46\pic18-lt\cxx-framework\src\traditional\proc\p18f4520.asm
              OSCTUNEbits   0x000f9b       data     extern E:\c18v3.46\pic18-lt\cxx-framework\src\traditional\proc\p18f4520.asm
                  OSCTUNE   0x000f9b       data     extern E:\c18v3.46\pic18-lt\cxx-framework\src\traditional\proc\p18f4520.asm
                 PIE1bits   0x000f9d       data     extern E:\c18v3.46\pic18-lt\cxx-framework\src\traditional\proc\p18f4520.asm
                     PIE1   0x000f9d       data     extern E:\c18v3.46\pic18-lt\cxx-framework\src\traditional\proc\p18f4520.asm
                 PIR1bits   0x000f9e       data     extern E:\c18v3.46\pic18-lt\cxx-framework\src\traditional\proc\p18f4520.asm
                     PIR1   0x000f9e       data     extern E:\c18v3.46\pic18-lt\cxx-framework\src\traditional\proc\p18f4520.asm
                     IPR1   0x000f9f       data     extern E:\c18v3.46\pic18-lt\cxx-framework\src\traditional\proc\p18f4520.asm
                 IPR1bits   0x000f9f       data     extern E:\c18v3.46\pic18-lt\cxx-framework\src\traditional\proc\p18f4520.asm
                 PIE2bits   0x000fa0       data     extern E:\c18v3.46\pic18-lt\cxx-framework\src\traditional\proc\p18f4520.asm
                     PIE2   0x000fa0       data     extern E:\c18v3.46\pic18-lt\cxx-framework\src\traditional\proc\p18f4520.asm
                     PIR2   0x000fa1       data     extern E:\c18v3.46\pic18-lt\cxx-framework\src\traditional\proc\p18f4520.asm
                 PIR2bits   0x000fa1       data     extern E:\c18v3.46\pic18-lt\cxx-framework\src\traditional\proc\p18f4520.asm
                     IPR2   0x000fa2       data     extern E:\c18v3.46\pic18-lt\cxx-framework\src\traditional\proc\p18f4520.asm
                 IPR2bits   0x000fa2       data     extern E:\c18v3.46\pic18-lt\cxx-framework\src\traditional\proc\p18f4520.asm
                   EECON1   0x000fa6       data     extern E:\c18v3.46\pic18-lt\cxx-framework\src\traditional\proc\p18f4520.asm
               EECON1bits   0x000fa6       data     extern E:\c18v3.46\pic18-lt\cxx-framework\src\traditional\proc\p18f4520.asm
                   EECON2   0x000fa7       data     extern E:\c18v3.46\pic18-lt\cxx-framework\src\traditional\proc\p18f4520.asm
                   EEDATA   0x000fa8       data     extern E:\c18v3.46\pic18-lt\cxx-framework\src\traditional\proc\p18f4520.asm
                    EEADR   0x000fa9       data     extern E:\c18v3.46\pic18-lt\cxx-framework\src\traditional\proc\p18f4520.asm
                RCSTAbits   0x000fab       data     extern E:\c18v3.46\pic18-lt\cxx-framework\src\traditional\proc\p18f4520.asm
                    RCSTA   0x000fab       data     extern E:\c18v3.46\pic18-lt\cxx-framework\src\traditional\proc\p18f4520.asm
                TXSTAbits   0x000fac       data     extern E:\c18v3.46\pic18-lt\cxx-framework\src\traditional\proc\p18f4520.asm
                    TXSTA   0x000fac       data     extern E:\c18v3.46\pic18-lt\cxx-framework\src\traditional\proc\p18f4520.asm
                    TXREG   0x000fad       data     extern E:\c18v3.46\pic18-lt\cxx-framework\src\traditional\proc\p18f4520.asm
                    RCREG   0x000fae       data     extern E:\c18v3.46\pic18-lt\cxx-framework\src\traditional\proc\p18f4520.asm
                    SPBRG   0x000faf       data     extern E:\c18v3.46\pic18-lt\cxx-framework\src\traditional\proc\p18f4520.asm
                   SPBRGH   0x000fb0       data     extern E:\c18v3.46\pic18-lt\cxx-framework\src\traditional\proc\p18f4520.asm
                    T3CON   0x000fb1       data     extern E:\c18v3.46\pic18-lt\cxx-framework\src\traditional\proc\p18f4520.asm
                T3CONbits   0x000fb1       data     extern E:\c18v3.46\pic18-lt\cxx-framework\src\traditional\proc\p18f4520.asm
                    TMR3L   0x000fb2       data     extern E:\c18v3.46\pic18-lt\cxx-framework\src\traditional\proc\p18f4520.asm
                    TMR3H   0x000fb3       data     extern E:\c18v3.46\pic18-lt\cxx-framework\src\traditional\proc\p18f4520.asm
                    CMCON   0x000fb4       data     extern E:\c18v3.46\pic18-lt\cxx-framework\src\traditional\proc\p18f4520.asm
                CMCONbits   0x000fb4       data     extern E:\c18v3.46\pic18-lt\cxx-framework\src\traditional\proc\p18f4520.asm
                   CVRCON   0x000fb5       data     extern E:\c18v3.46\pic18-lt\cxx-framework\src\traditional\proc\p18f4520.asm
               CVRCONbits   0x000fb5       data     extern E:\c18v3.46\pic18-lt\cxx-framework\src\traditional\proc\p18f4520.asm
                  ECCP1AS   0x000fb6       data     extern E:\c18v3.46\pic18-lt\cxx-framework\src\traditional\proc\p18f4520.asm
              ECCP1ASbits   0x000fb6       data     extern E:\c18v3.46\pic18-lt\cxx-framework\src\traditional\proc\p18f4520.asm
                   ECCPAS   0x000fb6       data     extern E:\c18v3.46\pic18-lt\cxx-framework\src\traditional\proc\p18f4520.asm
               ECCPASbits   0x000fb6       data     extern E:\c18v3.46\pic18-lt\cxx-framework\src\traditional\proc\p18f4520.asm
             ECCP1DELbits   0x000fb7       data     extern E:\c18v3.46\pic18-lt\cxx-framework\src\traditional\proc\p18f4520.asm
                 ECCP1DEL   0x000fb7       data     extern E:\c18v3.46\pic18-lt\cxx-framework\src\traditional\proc\p18f4520.asm
                  PWM1CON   0x000fb7       data     extern E:\c18v3.46\pic18-lt\cxx-framework\src\traditional\proc\p18f4520.asm
              PWM1CONbits   0x000fb7       data     extern E:\c18v3.46\pic18-lt\cxx-framework\src\traditional\proc\p18f4520.asm
                  BAUDCTL   0x000fb8       data     extern E:\c18v3.46\pic18-lt\cxx-framework\src\traditional\proc\p18f4520.asm
              BAUDCONbits   0x000fb8       data     extern E:\c18v3.46\pic18-lt\cxx-framework\src\traditional\proc\p18f4520.asm
                  BAUDCON   0x000fb8       data     extern E:\c18v3.46\pic18-lt\cxx-framework\src\traditional\proc\p18f4520.asm
              BAUDCTLbits   0x000fb8       data     extern E:\c18v3.46\pic18-lt\cxx-framework\src\traditional\proc\p18f4520.asm
                  CCP2CON   0x000fba       data     extern E:\c18v3.46\pic18-lt\cxx-framework\src\traditional\proc\p18f4520.asm
              CCP2CONbits   0x000fba       data     extern E:\c18v3.46\pic18-lt\cxx-framework\src\traditional\proc\p18f4520.asm
                    CCPR2   0x000fbb       data     extern E:\c18v3.46\pic18-lt\cxx-framework\src\traditional\proc\p18f4520.asm
                   CCPR2L   0x000fbb       data     extern E:\c18v3.46\pic18-lt\cxx-framework\src\traditional\proc\p18f4520.asm
                   CCPR2H   0x000fbc       data     extern E:\c18v3.46\pic18-lt\cxx-framework\src\traditional\proc\p18f4520.asm
              CCP1CONbits   0x000fbd       data     extern E:\c18v3.46\pic18-lt\cxx-framework\src\traditional\proc\p18f4520.asm
                  CCP1CON   0x000fbd       data     extern E:\c18v3.46\pic18-lt\cxx-framework\src\traditional\proc\p18f4520.asm
                   CCPR1L   0x000fbe       data     extern E:\c18v3.46\pic18-lt\cxx-framework\src\traditional\proc\p18f4520.asm
                    CCPR1   0x000fbe       data     extern E:\c18v3.46\pic18-lt\cxx-framework\src\traditional\proc\p18f4520.asm
                   CCPR1H   0x000fbf       data     extern E:\c18v3.46\pic18-lt\cxx-framework\src\traditional\proc\p18f4520.asm
                   ADCON2   0x000fc0       data     extern E:\c18v3.46\pic18-lt\cxx-framework\src\traditional\proc\p18f4520.asm
               ADCON2bits   0x000fc0       data     extern E:\c18v3.46\pic18-lt\cxx-framework\src\traditional\proc\p18f4520.asm
                   ADCON1   0x000fc1       data     extern E:\c18v3.46\pic18-lt\cxx-framework\src\traditional\proc\p18f4520.asm
               ADCON1bits   0x000fc1       data     extern E:\c18v3.46\pic18-lt\cxx-framework\src\traditional\proc\p18f4520.asm
                   ADCON0   0x000fc2       data     extern E:\c18v3.46\pic18-lt\cxx-framework\src\traditional\proc\p18f4520.asm
               ADCON0bits   0x000fc2       data     extern E:\c18v3.46\pic18-lt\cxx-framework\src\traditional\proc\p18f4520.asm
                    ADRES   0x000fc3       data     extern E:\c18v3.46\pic18-lt\cxx-framework\src\traditional\proc\p18f4520.asm
                   ADRESL   0x000fc3       data     extern E:\c18v3.46\pic18-lt\cxx-framework\src\traditional\proc\p18f4520.asm
                   ADRESH   0x000fc4       data     extern E:\c18v3.46\pic18-lt\cxx-framework\src\traditional\proc\p18f4520.asm
                  SSPCON2   0x000fc5       data     extern E:\c18v3.46\pic18-lt\cxx-framework\src\traditional\proc\p18f4520.asm
              SSPCON2bits   0x000fc5       data     extern E:\c18v3.46\pic18-lt\cxx-framework\src\traditional\proc\p18f4520.asm
                  SSPCON1   0x000fc6       data     extern E:\c18v3.46\pic18-lt\cxx-framework\src\traditional\proc\p18f4520.asm
              SSPCON1bits   0x000fc6       data     extern E:\c18v3.46\pic18-lt\cxx-framework\src\traditional\proc\p18f4520.asm
                  SSPSTAT   0x000fc7       data     extern E:\c18v3.46\pic18-lt\cxx-framework\src\traditional\proc\p18f4520.asm
              SSPSTATbits   0x000fc7       data     extern E:\c18v3.46\pic18-lt\cxx-framework\src\traditional\proc\p18f4520.asm
                   SSPADD   0x000fc8       data     extern E:\c18v3.46\pic18-lt\cxx-framework\src\traditional\proc\p18f4520.asm
                   SSPBUF   0x000fc9       data     extern E:\c18v3.46\pic18-lt\cxx-framework\src\traditional\proc\p18f4520.asm
                T2CONbits   0x000fca       data     extern E:\c18v3.46\pic18-lt\cxx-framework\src\traditional\proc\p18f4520.asm
                    T2CON   0x000fca       data     extern E:\c18v3.46\pic18-lt\cxx-framework\src\traditional\proc\p18f4520.asm
                      PR2   0x000fcb       data     extern E:\c18v3.46\pic18-lt\cxx-framework\src\traditional\proc\p18f4520.asm
                     TMR2   0x000fcc       data     extern E:\c18v3.46\pic18-lt\cxx-framework\src\traditional\proc\p18f4520.asm
                    T1CON   0x000fcd       data     extern E:\c18v3.46\pic18-lt\cxx-framework\src\traditional\proc\p18f4520.asm
                T1CONbits   0x000fcd       data     extern E:\c18v3.46\pic18-lt\cxx-framework\src\traditional\proc\p18f4520.asm
                    TMR1L   0x000fce       data     extern E:\c18v3.46\pic18-lt\cxx-framework\src\traditional\proc\p18f4520.asm
                    TMR1H   0x000fcf       data     extern E:\c18v3.46\pic18-lt\cxx-framework\src\traditional\proc\p18f4520.asm
                     RCON   0x000fd0       data     extern E:\c18v3.46\pic18-lt\cxx-framework\src\traditional\proc\p18f4520.asm
                 RCONbits   0x000fd0       data     extern E:\c18v3.46\pic18-lt\cxx-framework\src\traditional\proc\p18f4520.asm
               WDTCONbits   0x000fd1       data     extern E:\c18v3.46\pic18-lt\cxx-framework\src\traditional\proc\p18f4520.asm
                   WDTCON   0x000fd1       data     extern E:\c18v3.46\pic18-lt\cxx-framework\src\traditional\proc\p18f4520.asm
              HLVDCONbits   0x000fd2       data     extern E:\c18v3.46\pic18-lt\cxx-framework\src\traditional\proc\p18f4520.asm
                  HLVDCON   0x000fd2       data     extern E:\c18v3.46\pic18-lt\cxx-framework\src\traditional\proc\p18f4520.asm
                   LVDCON   0x000fd2       data     extern E:\c18v3.46\pic18-lt\cxx-framework\src\traditional\proc\p18f4520.asm
               LVDCONbits   0x000fd2       data     extern E:\c18v3.46\pic18-lt\cxx-framework\src\traditional\proc\p18f4520.asm
                   OSCCON   0x000fd3       data     extern E:\c18v3.46\pic18-lt\cxx-framework\src\traditional\proc\p18f4520.asm
               OSCCONbits   0x000fd3       data     extern E:\c18v3.46\pic18-lt\cxx-framework\src\traditional\proc\p18f4520.asm
                    T0CON   0x000fd5       data     extern E:\c18v3.46\pic18-lt\cxx-framework\src\traditional\proc\p18f4520.asm
                T0CONbits   0x000fd5       data     extern E:\c18v3.46\pic18-lt\cxx-framework\src\traditional\proc\p18f4520.asm
                    TMR0L   0x000fd6       data     extern E:\c18v3.46\pic18-lt\cxx-framework\src\traditional\proc\p18f4520.asm
                    TMR0H   0x000fd7       data     extern E:\c18v3.46\pic18-lt\cxx-framework\src\traditional\proc\p18f4520.asm
                   STATUS   0x000fd8       data     extern E:\c18v3.46\pic18-lt\cxx-framework\src\traditional\proc\p18f4520.asm
               STATUSbits   0x000fd8       data     extern E:\c18v3.46\pic18-lt\cxx-framework\src\traditional\proc\p18f4520.asm
                     FSR2   0x000fd9       data     extern E:\c18v3.46\pic18-lt\cxx-framework\src\traditional\proc\p18f4520.asm
                    FSR2L   0x000fd9       data     extern E:\c18v3.46\pic18-lt\cxx-framework\src\traditional\proc\p18f4520.asm
                    FSR2H   0x000fda       data     extern E:\c18v3.46\pic18-lt\cxx-framework\src\traditional\proc\p18f4520.asm
                   PLUSW2   0x000fdb       data     extern E:\c18v3.46\pic18-lt\cxx-framework\src\traditional\proc\p18f4520.asm
                  PREINC2   0x000fdc       data     extern E:\c18v3.46\pic18-lt\cxx-framework\src\traditional\proc\p18f4520.asm
                 POSTDEC2   0x000fdd       data     extern E:\c18v3.46\pic18-lt\cxx-framework\src\traditional\proc\p18f4520.asm
                 POSTINC2   0x000fde       data     extern E:\c18v3.46\pic18-lt\cxx-framework\src\traditional\proc\p18f4520.asm
                    INDF2   0x000fdf       data     extern E:\c18v3.46\pic18-lt\cxx-framework\src\traditional\proc\p18f4520.asm
                      BSR   0x000fe0       data     extern E:\c18v3.46\pic18-lt\cxx-framework\src\traditional\proc\p18f4520.asm
                    FSR1L   0x000fe1       data     extern E:\c18v3.46\pic18-lt\cxx-framework\src\traditional\proc\p18f4520.asm
                     FSR1   0x000fe1       data     extern E:\c18v3.46\pic18-lt\cxx-framework\src\traditional\proc\p18f4520.asm
                    FSR1H   0x000fe2       data     extern E:\c18v3.46\pic18-lt\cxx-framework\src\traditional\proc\p18f4520.asm
                   PLUSW1   0x000fe3       data     extern E:\c18v3.46\pic18-lt\cxx-framework\src\traditional\proc\p18f4520.asm
                  PREINC1   0x000fe4       data     extern E:\c18v3.46\pic18-lt\cxx-framework\src\traditional\proc\p18f4520.asm
                 POSTDEC1   0x000fe5       data     extern E:\c18v3.46\pic18-lt\cxx-framework\src\traditional\proc\p18f4520.asm
                 POSTINC1   0x000fe6       data     extern E:\c18v3.46\pic18-lt\cxx-framework\src\traditional\proc\p18f4520.asm
                    INDF1   0x000fe7       data     extern E:\c18v3.46\pic18-lt\cxx-framework\src\traditional\proc\p18f4520.asm
                        W   0x000fe8       data     extern E:\c18v3.46\pic18-lt\cxx-framework\src\traditional\proc\p18f4520.asm
                     WREG   0x000fe8       data     extern E:\c18v3.46\pic18-lt\cxx-framework\src\traditional\proc\p18f4520.asm
                     FSR0   0x000fe9       data     extern E:\c18v3.46\pic18-lt\cxx-framework\src\traditional\proc\p18f4520.asm
                    FSR0L   0x000fe9       data     extern E:\c18v3.46\pic18-lt\cxx-framework\src\traditional\proc\p18f4520.asm
                    FSR0H   0x000fea       data     extern E:\c18v3.46\pic18-lt\cxx-framework\src\traditional\proc\p18f4520.asm
                   PLUSW0   0x000feb       data     extern E:\c18v3.46\pic18-lt\cxx-framework\src\traditional\proc\p18f4520.asm
                  PREINC0   0x000fec       data     extern E:\c18v3.46\pic18-lt\cxx-framework\src\traditional\proc\p18f4520.asm
                 POSTDEC0   0x000fed       data     extern E:\c18v3.46\pic18-lt\cxx-framework\src\traditional\proc\p18f4520.asm
                 POSTINC0   0x000fee       data     extern E:\c18v3.46\pic18-lt\cxx-framework\src\traditional\proc\p18f4520.asm
                    INDF0   0x000fef       data     extern E:\c18v3.46\pic18-lt\cxx-framework\src\traditional\proc\p18f4520.asm
              INTCON3bits   0x000ff0       data     extern E:\c18v3.46\pic18-lt\cxx-framework\src\traditional\proc\p18f4520.asm
                  INTCON3   0x000ff0       data     extern E:\c18v3.46\pic18-lt\cxx-framework\src\traditional\proc\p18f4520.asm
              INTCON2bits   0x000ff1       data     extern E:\c18v3.46\pic18-lt\cxx-framework\src\traditional\proc\p18f4520.asm
                  INTCON2   0x000ff1       data     extern E:\c18v3.46\pic18-lt\cxx-framework\src\traditional\proc\p18f4520.asm
               INTCONbits   0x000ff2       data     extern E:\c18v3.46\pic18-lt\cxx-framework\src\traditional\proc\p18f4520.asm
                   INTCON   0x000ff2       data     extern E:\c18v3.46\pic18-lt\cxx-framework\src\traditional\proc\p18f4520.asm
                    PRODL   0x000ff3       data     extern E:\c18v3.46\pic18-lt\cxx-framework\src\traditional\proc\p18f4520.asm
                     PROD   0x000ff3       data     extern E:\c18v3.46\pic18-lt\cxx-framework\src\traditional\proc\p18f4520.asm
                    PRODH   0x000ff4       data     extern E:\c18v3.46\pic18-lt\cxx-framework\src\traditional\proc\p18f4520.asm
                   TABLAT   0x000ff5       data     extern E:\c18v3.46\pic18-lt\cxx-framework\src\traditional\proc\p18f4520.asm
                  TBLPTRL   0x000ff6       data     extern E:\c18v3.46\pic18-lt\cxx-framework\src\traditional\proc\p18f4520.asm
                   TBLPTR   0x000ff6       data     extern E:\c18v3.46\pic18-lt\cxx-framework\src\traditional\proc\p18f4520.asm
                  TBLPTRH   0x000ff7       data     extern E:\c18v3.46\pic18-lt\cxx-framework\src\traditional\proc\p18f4520.asm
                  TBLPTRU   0x000ff8       data     extern E:\c18v3.46\pic18-lt\cxx-framework\src\traditional\proc\p18f4520.asm
                      PCL   0x000ff9       data     extern E:\c18v3.46\pic18-lt\cxx-framework\src\traditional\proc\p18f4520.asm
                       PC   0x000ff9       data     extern E:\c18v3.46\pic18-lt\cxx-framework\src\traditional\proc\p18f4520.asm
                   PCLATH   0x000ffa       data     extern E:\c18v3.46\pic18-lt\cxx-framework\src\traditional\proc\p18f4520.asm
                   PCLATU   0x000ffb       data     extern E:\c18v3.46\pic18-lt\cxx-framework\src\traditional\proc\p18f4520.asm
                   STKPTR   0x000ffc       data     extern E:\c18v3.46\pic18-lt\cxx-framework\src\traditional\proc\p18f4520.asm
               STKPTRbits   0x000ffc       data     extern E:\c18v3.46\pic18-lt\cxx-framework\src\traditional\proc\p18f4520.asm
                     TOSL   0x000ffd       data     extern E:\c18v3.46\pic18-lt\cxx-framework\src\traditional\proc\p18f4520.asm
                      TOS   0x000ffd       data     extern E:\c18v3.46\pic18-lt\cxx-framework\src\traditional\proc\p18f4520.asm
                     TOSH   0x000ffe       data     extern E:\c18v3.46\pic18-lt\cxx-framework\src\traditional\proc\p18f4520.asm
                     TOSU   0x000fff       data     extern E:\c18v3.46\pic18-lt\cxx-framework\src\traditional\proc\p18f4520.asm


