MPLINK 4.48, Linker
Linker Map File - Created Wed Oct 26 17:38:45 2016

                                 Section Info
                  Section       Type    Address   Location Size(Bytes)
                ---------  ---------  ---------  ---------  ---------
               _entry_scn       code   0x000000    program   0x000006
       .code__user_putc.o       code   0x000006    program   0x000002
    high_interrupt_vector       code   0x000008    program   0x000006
           .code___init.o       code   0x00000e    program   0x000002
.code_UserinterfaceInitialise.o       code   0x000010    program   0x000002
            .code_c018i.o       code   0x000012    program   0x000000
            .code_udefs.o       code   0x000012    program   0x000000
     low_interrupt_vector       code   0x000018    program   0x000006
                   .cinit    romdata   0x00001e    program   0x00003e
  .code_StateTransition.o       code   0x00005c    program   0x001640
.code_PrimaryInterfaceOutput.o       code   0x00169c    program   0x000ef8
         .code_vfprintf.o       code   0x002594    program   0x000c22
.code_SecondaryInterfaceOutput.o       code   0x0031b6    program   0x000958
             .stringtable    romdata   0x003b0e    program   0x00073d
    .romdata_Navigation.o    romdata   0x00424b    program   0x000000
          .idata_putc.o_i    romdata   0x00424b    program   0x000000
.romdata_Communications.o    romdata   0x00424b    program   0x000000
.idata_Communications.o_i    romdata   0x00424b    program   0x000001
      .romdata_putsuart.o    romdata   0x00424b    program   0x000000
      .idata_putsuart.o_i    romdata   0x00424b    program   0x000000
         .romdata_servo.o    romdata   0x00424b    program   0x000000
         .idata_servo.o_i    romdata   0x00424b    program   0x000000
    .romdata_xlcddelays.o    romdata   0x00424b    program   0x000000
    .idata_xlcddelays.o_i    romdata   0x00424b    program   0x000000
 .romdata_UserInterface.o    romdata   0x00424b    program   0x000000
     .romdata_UserInput.o    romdata   0x00424b    program   0x000000
     .idata_UserInput.o_i    romdata   0x00424b    program   0x000000
          .romdata_putc.o    romdata   0x00424b    program   0x000000
    .idata__user_putc.o_i    romdata   0x00424b    program   0x000000
.romdata_StateTransition.o    romdata   0x00424b    program   0x000000
    .romdata__user_putc.o    romdata   0x00424b    program   0x000000
      .idata_vfprintf.o_i    romdata   0x00424b    program   0x000000
       .romdata_sprintf.o    romdata   0x00424b    program   0x000000
       .idata_sprintf.o_i    romdata   0x00424b    program   0x000000
      .idata_fxd3232u.o_i    romdata   0x00424b    program   0x000000
        .romdata___init.o    romdata   0x00424b    program   0x000000
        .idata___init.o_i    romdata   0x00424b    program   0x000000
      .romdata_fxd3232u.o    romdata   0x00424b    program   0x000000
         .romdata_udefs.o    romdata   0x00424b    program   0x000000
         .idata_udefs.o_i    romdata   0x00424b    program   0x000000
        .romdata_uwrite.o    romdata   0x00424b    program   0x000000
        .idata_uwrite.o_i    romdata   0x00424b    program   0x000000
         .romdata_uopen.o    romdata   0x00424b    program   0x000000
         .idata_uopen.o_i    romdata   0x00424b    program   0x000000
      .romdata_fxd0808u.o    romdata   0x00424b    program   0x000000
      .idata_fxd0808u.o_i    romdata   0x00424b    program   0x000000
       .idata_fxm3232.o_i    romdata   0x00424b    program   0x000000
       .romdata_fxm3232.o    romdata   0x00424b    program   0x000000
          .romdata_main.o    romdata   0x00424b    program   0x000000
      .idata_wcmdxlcd.o_i    romdata   0x00424b    program   0x000000
         .romdata_c018i.o    romdata   0x00424b    program   0x000000
.romdata_UserinterfaceInitialise.o    romdata   0x00424b    program   0x000000
.idata_UserinterfaceInitialise.o_i    romdata   0x00424b    program   0x000000
      .romdata_setddram.o    romdata   0x00424b    program   0x000000
      .idata_busyxlcd.o_i    romdata   0x00424b    program   0x000000
      .romdata_busyxlcd.o    romdata   0x00424b    program   0x000000
      .idata_openxlcd.o_i    romdata   0x00424b    program   0x000000
      .romdata_openxlcd.o    romdata   0x00424b    program   0x000000
      .idata_putrxlcd.o_i    romdata   0x00424b    program   0x000000
      .romdata_putrxlcd.o    romdata   0x00424b    program   0x000000
      .idata_setddram.o_i    romdata   0x00424b    program   0x000000
      .idata_putsxlcd.o_i    romdata   0x00424b    program   0x000000
      .romdata_setcgram.o    romdata   0x00424b    program   0x000000
      .idata_setcgram.o_i    romdata   0x00424b    program   0x000000
      .romdata_readdata.o    romdata   0x00424b    program   0x000000
      .idata_readdata.o_i    romdata   0x00424b    program   0x000000
      .romdata_readaddr.o    romdata   0x00424b    program   0x000000
      .idata_readaddr.o_i    romdata   0x00424b    program   0x000000
      .romdata_putsxlcd.o    romdata   0x00424b    program   0x000000
         .idata_c018i.o_i    romdata   0x00424b    program   0x000000
.romdata_SecondaryInterfaceOutput.o    romdata   0x00424b    program   0x000000
.idata_SecondaryInterfaceOutput.o_i    romdata   0x00424b    program   0x000000
.romdata_PrimaryInterfaceOutput.o    romdata   0x00424b    program   0x000000
.idata_PrimaryInterfaceOutput.o_i    romdata   0x00424b    program   0x000000
      .romdata_LCDWrite.o    romdata   0x00424b    program   0x000000
      .idata_LCDWrite.o_i    romdata   0x00424b    program   0x000000
      .romdata_writdata.o    romdata   0x00424b    program   0x000000
      .romdata_wcmdxlcd.o    romdata   0x00424b    program   0x000000
      .idata_writdata.o_i    romdata   0x00424b    program   0x000000
       .code_Navigation.o       code   0x00424c    program   0x000672
   .code_Communications.o       code   0x0048be    program   0x000620
             .code_main.o       code   0x004ede    program   0x000394
        .code_UserInput.o       code   0x005272    program   0x00036c
            .code_servo.o       code   0x0055de    program   0x00035e
         .code_LCDWrite.o       code   0x00593c    program   0x00014a
         .code_openxlcd.o       code   0x005a86    program   0x0000de
    .code_UserInterface.o       code   0x005b64    program   0x0000d6
       .code_xlcddelays.o       code   0x005c3a    program   0x0000ac
          .code_sprintf.o       code   0x005ce6    program   0x0000ac
               _cinit_scn       code   0x005d92    program   0x00009e
                     PROG       code   0x005e30    program   0x00008e
            .code_uopen.o       code   0x005ebe    program   0x00008a
                 UARTCODE       code   0x005f48    program   0x000088
             .code_putc.o       code   0x005fd0    program   0x000084
          .code_fxm3232.o       code   0x006054    program   0x000070
         .code_putrxlcd.o       code   0x0060c4    program   0x000068
                   STRING       code   0x00612c    program   0x000066
         .code_setddram.o       code   0x006192    program   0x000050
         .code_setcgram.o       code   0x0061e2    program   0x000050
         .code_writdata.o       code   0x006232    program   0x00004e
         .code_wcmdxlcd.o       code   0x006280    program   0x00004e
         .code_putsxlcd.o       code   0x0062ce    program   0x00004e
         .code_fxd3232u.o       code   0x00631c    program   0x000048
         .code_readdata.o       code   0x006364    program   0x000046
         .code_readaddr.o       code   0x0063aa    program   0x000046
         .code_busyxlcd.o       code   0x0063f0    program   0x00003e
         .code_putsuart.o       code   0x00642e    program   0x00003c
             D10KTCYXCODE       code   0x00646a    program   0x00002e
           .code_uwrite.o       code   0x006498    program   0x00002e
                    CTYPE       code   0x0064c6    program   0x000024
                    .code       code   0x0064ea    program   0x000020
             _startup_scn       code   0x00650a    program   0x00001c
                    STDIO       code   0x006526    program   0x00001c
             D100TCYXCODE       code   0x006542    program   0x00001c
         .code_fxd0808u.o       code   0x00655e    program   0x00001c
              D10TCYXCODE       code   0x00657a    program   0x000016
      .romdata_vfprintf.o    romdata   0x006590    program   0x000011
          .idata_main.o_i    romdata   0x0065a1    program   0x000009
 .idata_UserInterface.o_i    romdata   0x0065aa    program   0x000008
.idata_StateTransition.o_i    romdata   0x0065b2    program   0x000007
    .idata_Navigation.o_i    romdata   0x0065b9    program   0x000011
    .config_300001_main.o    romdata   0x300001    program   0x000001
    .config_300002_main.o    romdata   0x300002    program   0x000001
    .config_300003_main.o    romdata   0x300003    program   0x000001
    .config_300005_main.o    romdata   0x300005    program   0x000001
    .config_300006_main.o    romdata   0x300006    program   0x000001
    .config_300008_main.o    romdata   0x300008    program   0x000001
    .config_300009_main.o    romdata   0x300009    program   0x000001
    .config_30000a_main.o    romdata   0x30000a    program   0x000001
    .config_30000b_main.o    romdata   0x30000b    program   0x000001
    .config_30000c_main.o    romdata   0x30000c    program   0x000001
    .config_30000d_main.o    romdata   0x30000d    program   0x000001
                MATH_DATA      udata   0x000000       data   0x000014
                 .tmpdata      udata   0x000014       data   0x00000c
                DELAYDAT2      udata   0x000020       data   0x000001
                DELAYDAT1      udata   0x000021       data   0x000001
            .udata_main.o      udata   0x000080       data   0x00005b
      .idata_Navigation.o      idata   0x0000db       data   0x000011
.udata_PrimaryInterfaceOutput.o      udata   0x0000ec       data   0x000010
  .udata_Communications.o      udata   0x0000fc       data   0x000003
           .udata_udefs.o      udata   0x0000ff       data   0x000001
                   .stack      udata   0x000400       data   0x000100
.udata_SecondaryInterfaceOutput.o      udata   0x000500       data   0x000050
           .udata_c018i.o      udata   0x000550       data   0x00000a
            .idata_main.o      idata   0x00055a       data   0x000009
           .udata_servo.o      udata   0x000563       data   0x000008
   .idata_UserInterface.o      idata   0x00056b       data   0x000008
 .idata_StateTransition.o      idata   0x000573       data   0x000007
                 UARTDATA      udata   0x00057a       data   0x000002
 .udata_StateTransition.o      udata   0x00057c       data   0x000002
   .udata_UserInterface.o      udata   0x00057e       data   0x000001
  .idata_Communications.o      idata   0x00057f       data   0x000001
      .idata__user_putc.o      idata   0x000580       data   0x000000
        .idata_openxlcd.o      idata   0x000580       data   0x000000
        .udata_openxlcd.o      udata   0x000580       data   0x000000
      .udata__user_putc.o      udata   0x000580       data   0x000000
            .idata_putc.o      idata   0x000580       data   0x000000
            .udata_putc.o      udata   0x000580       data   0x000000
        .idata_busyxlcd.o      idata   0x000580       data   0x000000
        .udata_busyxlcd.o      udata   0x000580       data   0x000000
         .idata_fxm3232.o      idata   0x000580       data   0x000000
         .udata_fxm3232.o      udata   0x000580       data   0x000000
        .udata_fxd0808u.o      udata   0x000580       data   0x000000
        .idata_fxd0808u.o      idata   0x000580       data   0x000000
        .idata_fxd3232u.o      idata   0x000580       data   0x000000
        .udata_fxd3232u.o      udata   0x000580       data   0x000000
           .udata_uopen.o      udata   0x000580       data   0x000000
        .idata_vfprintf.o      idata   0x000580       data   0x000000
           .idata_uopen.o      idata   0x000580       data   0x000000
          .udata_uwrite.o      udata   0x000580       data   0x000000
          .idata_uwrite.o      idata   0x000580       data   0x000000
           .idata_c018i.o      idata   0x000580       data   0x000000
           .idata_udefs.o      idata   0x000580       data   0x000000
          .udata___init.o      udata   0x000580       data   0x000000
          .idata___init.o      idata   0x000580       data   0x000000
         .udata_sprintf.o      udata   0x000580       data   0x000000
         .idata_sprintf.o      idata   0x000580       data   0x000000
        .udata_vfprintf.o      udata   0x000580       data   0x000000
        .udata_putsxlcd.o      udata   0x000580       data   0x000000
        .idata_putsxlcd.o      idata   0x000580       data   0x000000
        .udata_readaddr.o      udata   0x000580       data   0x000000
        .idata_readaddr.o      idata   0x000580       data   0x000000
        .udata_readdata.o      udata   0x000580       data   0x000000
        .idata_readdata.o      idata   0x000580       data   0x000000
        .udata_setcgram.o      udata   0x000580       data   0x000000
        .idata_setcgram.o      idata   0x000580       data   0x000000
        .udata_setddram.o      udata   0x000580       data   0x000000
        .idata_setddram.o      idata   0x000580       data   0x000000
.udata_UserinterfaceInitialise.o      udata   0x000580       data   0x000000
.idata_UserinterfaceInitialise.o      idata   0x000580       data   0x000000
        .udata_wcmdxlcd.o      udata   0x000580       data   0x000000
        .idata_wcmdxlcd.o      idata   0x000580       data   0x000000
        .udata_writdata.o      udata   0x000580       data   0x000000
        .idata_writdata.o      idata   0x000580       data   0x000000
        .udata_LCDWrite.o      udata   0x000580       data   0x000000
        .idata_LCDWrite.o      idata   0x000580       data   0x000000
        .idata_putrxlcd.o      idata   0x000580       data   0x000000
.idata_PrimaryInterfaceOutput.o      idata   0x000580       data   0x000000
.idata_SecondaryInterfaceOutput.o      idata   0x000580       data   0x000000
       .udata_UserInput.o      udata   0x000580       data   0x000000
       .idata_UserInput.o      idata   0x000580       data   0x000000
      .udata_xlcddelays.o      udata   0x000580       data   0x000000
      .idata_xlcddelays.o      idata   0x000580       data   0x000000
           .idata_servo.o      idata   0x000580       data   0x000000
        .udata_putsuart.o      udata   0x000580       data   0x000000
        .idata_putsuart.o      idata   0x000580       data   0x000000
        .udata_putrxlcd.o      udata   0x000580       data   0x000000
      .udata_Navigation.o      udata   0x000580       data   0x000000
            SFR_UNBANKED0      udata   0x000f80       data   0x000080



                              Program Memory Usage 
                               Start         End      
                           ---------   ---------      
                            0x000000    0x000011      
                            0x000018    0x0065c9      
                            0x300001    0x300003      
                            0x300005    0x300006      
                            0x300008    0x30000d      
            26063 out of 33048 program addresses used, program memory utilization is 78%



                              Symbols - Sorted by Name
                     Name    Address   Location    Storage File                     
                ---------  ---------  ---------  --------- ---------                
                 BusyXLCD   0x0063f0    program     extern C:\Users\sgle6040\Documents\MTRX3_Major\CommanderMain.X\UISourcefiles\XLCD\busyxlcd.c
             CheckPCInput   0x0053fc    program     extern C:\Users\sgle6040\Documents\MTRX3_Major\CommanderMain.X\UISourcefiles\UserInput.c
           CheckUserInput   0x0052ce    program     extern C:\Users\sgle6040\Documents\MTRX3_Major\CommanderMain.X\UISourcefiles\UserInput.c
     ClearUserInputBuffer   0x005594    program     extern C:\Users\sgle6040\Documents\MTRX3_Major\CommanderMain.X\UISourcefiles\UserInput.c
                   D0808S   0x005e46    program     static E:\c18v3.46\pic18-lt\cxx-framework\src\traditional\math\fxd0808s.asm
                D0808SNEG   0x005e54    program     static E:\c18v3.46\pic18-lt\cxx-framework\src\traditional\math\fxd0808s.asm
                 D0808SOK   0x005e50    program     static E:\c18v3.46\pic18-lt\cxx-framework\src\traditional\math\fxd0808s.asm
                  D0808SX   0x005e5a    program     static E:\c18v3.46\pic18-lt\cxx-framework\src\traditional\math\fxd0808s.asm
                   D100_1   0x006550    program     static E:\c18v3.46\pic18-lt\cxx-framework\src\traditional\delays\d100tcyx.asm
                    D100x   0x00654e    program     static E:\c18v3.46\pic18-lt\cxx-framework\src\traditional\delays\d100tcyx.asm
                   D10K_1   0x006476    program     static E:\c18v3.46\pic18-lt\cxx-framework\src\traditional\delays\d10ktcyx.asm
                    D10Kl   0x006482    program     static E:\c18v3.46\pic18-lt\cxx-framework\src\traditional\delays\d10ktcyx.asm
                    D10Kx   0x006474    program     static E:\c18v3.46\pic18-lt\cxx-framework\src\traditional\delays\d10ktcyx.asm
                    D10_1   0x00658a    program     static E:\c18v3.46\pic18-lt\cxx-framework\src\traditional\delays\d10tcyx.asm
                     D10x   0x006582    program     static E:\c18v3.46\pic18-lt\cxx-framework\src\traditional\delays\d10tcyx.asm
                  DA0808S   0x005e3c    program     static E:\c18v3.46\pic18-lt\cxx-framework\src\traditional\math\fxd0808s.asm
             Delay100TCYx   0x006542    program     extern E:\c18v3.46\pic18-lt\cxx-framework\src\traditional\delays\d100tcyx.asm
             Delay10KTCYx   0x00646a    program     extern E:\c18v3.46\pic18-lt\cxx-framework\src\traditional\delays\d10ktcyx.asm
              Delay10TCYx   0x00657a    program     extern E:\c18v3.46\pic18-lt\cxx-framework\src\traditional\delays\d10tcyx.asm
            DelayFor18TCY   0x005c3a    program     extern C:\Users\sgle6040\Documents\MTRX3_Major\CommanderMain.X\UISourcefiles\xlcddelays.c
             DelayPORXLCD   0x005c58    program     extern C:\Users\sgle6040\Documents\MTRX3_Major\CommanderMain.X\UISourcefiles\xlcddelays.c
           DelayRXBitUART   0x004eba    program     extern C:\Users\sgle6040\Documents\MTRX3_Major\CommanderMain.X\Communications.c
       DelayRXHalfBitUART   0x004ea2    program     extern C:\Users\sgle6040\Documents\MTRX3_Major\CommanderMain.X\Communications.c
           DelayTXBitUART   0x004e7a    program     extern C:\Users\sgle6040\Documents\MTRX3_Major\CommanderMain.X\Communications.c
                DelayXLCD   0x005ca0    program     extern C:\Users\sgle6040\Documents\MTRX3_Major\CommanderMain.X\UISourcefiles\xlcddelays.c
           Emergency_Stop   0x0055bc    program     extern C:\Users\sgle6040\Documents\MTRX3_Major\CommanderMain.X\UISourcefiles\UserInput.c
                 FXD0808S   0x005e30    program     extern E:\c18v3.46\pic18-lt\cxx-framework\src\traditional\math\fxd0808s.asm
                 FXD0808U   0x00655e    program     extern E:\c18v3.46\pic18-lt\cxx-framework\src\traditional\math\fxd0808u.c
                 FXD3232U   0x00631c    program     extern E:\c18v3.46\pic18-lt\cxx-framework\src\traditional\math\fxd3232u.c
                 FXM1616S   0x005e64    program     extern E:\c18v3.46\pic18-lt\cxx-framework\src\traditional\math\fxm1616s.asm
                  FXM3232   0x006054    program     extern E:\c18v3.46\pic18-lt\cxx-framework\src\traditional\math\fxm3232.c
                  GetChar   0x005f70    program     static C:\Users\sgle6040\Documents\MTRX3_Major\CommanderMain.X\readuart.asm
              GetPasscode   0x00005c    program     extern C:\Users\sgle6040\Documents\MTRX3_Major\CommanderMain.X\UISourcefiles\StateTransition.c
                 LCDClear   0x005a70    program     extern C:\Users\sgle6040\Documents\MTRX3_Major\CommanderMain.X\UISourcefiles\LCDWrite.c
            LCDInitialise   0x00593c    program     extern C:\Users\sgle6040\Documents\MTRX3_Major\CommanderMain.X\UISourcefiles\LCDWrite.c
         LCDLine1RAMWrite   0x00599a    program     extern C:\Users\sgle6040\Documents\MTRX3_Major\CommanderMain.X\UISourcefiles\LCDWrite.c
         LCDLine1ROMWrite   0x005948    program     extern C:\Users\sgle6040\Documents\MTRX3_Major\CommanderMain.X\UISourcefiles\LCDWrite.c
         LCDLine2RAMWrite   0x005a2e    program     extern C:\Users\sgle6040\Documents\MTRX3_Major\CommanderMain.X\UISourcefiles\LCDWrite.c
         LCDLine2ROMWrite   0x0059dc    program     extern C:\Users\sgle6040\Documents\MTRX3_Major\CommanderMain.X\UISourcefiles\LCDWrite.c
                LEDOutput   0x0016aa    program     extern C:\Users\sgle6040\Documents\MTRX3_Major\CommanderMain.X\UISourcefiles\PrimaryInterfaceOutput.c
                 LEDSetup   0x00169c    program     extern C:\Users\sgle6040\Documents\MTRX3_Major\CommanderMain.X\UISourcefiles\PrimaryInterfaceOutput.c
                   ON_OFF   0x0055b2    program     extern C:\Users\sgle6040\Documents\MTRX3_Major\CommanderMain.X\UISourcefiles\UserInput.c
                 OpenUART   0x005f48    program     extern C:\Users\sgle6040\Documents\MTRX3_Major\CommanderMain.X\openuart.asm
                OpenUSART   0x005ebe    program     extern E:\c18v3.46\pic18-lt\cxx-framework\src\pmc_common\USART\uopen.c
                 OpenXLCD   0x005a86    program     extern C:\Users\sgle6040\Documents\MTRX3_Major\CommanderMain.X\UISourcefiles\XLCD\openxlcd.c
              PCLineClear   0x00326c    program     extern C:\Users\sgle6040\Documents\MTRX3_Major\CommanderMain.X\UISourcefiles\SecondaryInterfaceOutput.c
               PCRAMWrite   0x003226    program     extern C:\Users\sgle6040\Documents\MTRX3_Major\CommanderMain.X\UISourcefiles\SecondaryInterfaceOutput.c
               PCROMWrite   0x0031dc    program     extern C:\Users\sgle6040\Documents\MTRX3_Major\CommanderMain.X\UISourcefiles\SecondaryInterfaceOutput.c
   PrimaryInterfaceOutput   0x0016f6    program     extern C:\Users\sgle6040\Documents\MTRX3_Major\CommanderMain.X\UISourcefiles\PrimaryInterfaceOutput.c
             ReadAddrXLCD   0x0063aa    program     extern C:\Users\sgle6040\Documents\MTRX3_Major\CommanderMain.X\UISourcefiles\XLCD\readaddr.c
             ReadDataXLCD   0x006364    program     extern C:\Users\sgle6040\Documents\MTRX3_Major\CommanderMain.X\UISourcefiles\XLCD\readdata.c
                 ReadUART   0x005f56    program     extern C:\Users\sgle6040\Documents\MTRX3_Major\CommanderMain.X\readuart.asm
      ReadUserInputBuffer   0x00555e    program     extern C:\Users\sgle6040\Documents\MTRX3_Major\CommanderMain.X\UISourcefiles\UserInput.c
 SecondaryInterfaceOutput   0x00327c    program     extern C:\Users\sgle6040\Documents\MTRX3_Major\CommanderMain.X\UISourcefiles\SecondaryInterfaceOutput.c
                  SendBit   0x005fac    program     static C:\Users\sgle6040\Documents\MTRX3_Major\CommanderMain.X\writuart.asm
                SendStart   0x005fb0    program     static C:\Users\sgle6040\Documents\MTRX3_Major\CommanderMain.X\writuart.asm
             SetCGRamAddr   0x0061e2    program     extern C:\Users\sgle6040\Documents\MTRX3_Major\CommanderMain.X\UISourcefiles\XLCD\setcgram.c
             SetDDRamAddr   0x006192    program     extern C:\Users\sgle6040\Documents\MTRX3_Major\CommanderMain.X\UISourcefiles\XLCD\setddram.c
          StateTransition   0x000126    program     extern C:\Users\sgle6040\Documents\MTRX3_Major\CommanderMain.X\UISourcefiles\StateTransition.c
               TSIGN1616A   0x005eb0    program     static E:\c18v3.46\pic18-lt\cxx-framework\src\traditional\math\fxm1616s.asm
                  UISetup   0x005b64    program     extern C:\Users\sgle6040\Documents\MTRX3_Major\CommanderMain.X\UISourcefiles\UserInterface.c
           UserInputSetup   0x005272    program     extern C:\Users\sgle6040\Documents\MTRX3_Major\CommanderMain.X\UISourcefiles\UserInput.c
                 WaitChar   0x005f5e    program     static C:\Users\sgle6040\Documents\MTRX3_Major\CommanderMain.X\readuart.asm
             WriteCmdXLCD   0x006280    program     extern C:\Users\sgle6040\Documents\MTRX3_Major\CommanderMain.X\UISourcefiles\XLCD\wcmdxlcd.c
            WriteDataXLCD   0x006232    program     extern C:\Users\sgle6040\Documents\MTRX3_Major\CommanderMain.X\UISourcefiles\XLCD\writdata.c
                WriteUART   0x005f98    program     extern C:\Users\sgle6040\Documents\MTRX3_Major\CommanderMain.X\writuart.asm
               WriteUSART   0x006498    program     extern E:\c18v3.46\pic18-lt\cxx-framework\src\pmc_common\USART\uwrite.c
     WriteUserInputBuffer   0x00529a    program     extern C:\Users\sgle6040\Documents\MTRX3_Major\CommanderMain.X\UISourcefiles\UserInput.c
                   _2jEnd   0x00617c    program     static E:\c18v3.46\pic18-lt\cxx-framework\src\traditional\stdclib\slenpgm.asm
       _D100TCYXCODE_0008   0x00654a    program     static E:\c18v3.46\pic18-lt\cxx-framework\src\traditional\delays\d100tcyx.asm
       _D100TCYXCODE_0012   0x006554    program     static E:\c18v3.46\pic18-lt\cxx-framework\src\traditional\delays\d100tcyx.asm
       _D100TCYXCODE_0018   0x00655a    program     static E:\c18v3.46\pic18-lt\cxx-framework\src\traditional\delays\d100tcyx.asm
       _D10KTCYXCODE_0010   0x00647a    program     static E:\c18v3.46\pic18-lt\cxx-framework\src\traditional\delays\d10ktcyx.asm
       _D10KTCYXCODE_001C   0x006486    program     static E:\c18v3.46\pic18-lt\cxx-framework\src\traditional\delays\d10ktcyx.asm
        _D10TCYXCODE_000A   0x006584    program     static E:\c18v3.46\pic18-lt\cxx-framework\src\traditional\delays\d10tcyx.asm
        _D10TCYXCODE_000C   0x006586    program     static E:\c18v3.46\pic18-lt\cxx-framework\src\traditional\delays\d10tcyx.asm
        _D10TCYXCODE_000E   0x006588    program     static E:\c18v3.46\pic18-lt\cxx-framework\src\traditional\delays\d10tcyx.asm
       ___return_lbl00000   0x006578    program     static                          
       ___return_lbl00000   0x006362    program     static                          
       ___return_lbl00000   0x0060c2    program     static                          
       ___return_lbl00000   0x00000c    program     static                          
       ___return_lbl00000   0x005c56    program     static                          
       ___return_lbl00000   0x000004    program     static                          
       ___return_lbl00001   0x005c8c    program     static                          
       ___return_lbl00001   0x006524    program     static                          
       ___return_lbl00001   0x00001c    program     static                          
       ___return_lbl00002   0x005e2e    program     static                          
       ___return_lbl00004   0x005cd2    program     static                          
       ___return_lbl00028   0x004ea0    program     static                          
       ___return_lbl00029   0x004eb8    program     static                          
       ___return_lbl00030   0x004edc    program     static                          
        ___while_lbl00002   0x005c74    program     static                          
        ___while_lbl00003   0x005c8c    program     static                          
        ___while_lbl00005   0x005cba    program     static                          
        ___while_lbl00006   0x005cd2    program     static                          
               __config_0   0x300001    program     static C:\Users\sgle6040\Documents\MTRX3_Major\CommanderMain.X\main.c
               __config_1   0x300002    program     static C:\Users\sgle6040\Documents\MTRX3_Major\CommanderMain.X\main.c
              __config_10   0x30000d    program     static C:\Users\sgle6040\Documents\MTRX3_Major\CommanderMain.X\main.c
               __config_2   0x300003    program     static C:\Users\sgle6040\Documents\MTRX3_Major\CommanderMain.X\main.c
               __config_3   0x300005    program     static C:\Users\sgle6040\Documents\MTRX3_Major\CommanderMain.X\main.c
               __config_4   0x300006    program     static C:\Users\sgle6040\Documents\MTRX3_Major\CommanderMain.X\main.c
               __config_5   0x300008    program     static C:\Users\sgle6040\Documents\MTRX3_Major\CommanderMain.X\main.c
               __config_6   0x300009    program     static C:\Users\sgle6040\Documents\MTRX3_Major\CommanderMain.X\main.c
               __config_7   0x30000a    program     static C:\Users\sgle6040\Documents\MTRX3_Major\CommanderMain.X\main.c
               __config_8   0x30000b    program     static C:\Users\sgle6040\Documents\MTRX3_Major\CommanderMain.X\main.c
               __config_9   0x30000c    program     static C:\Users\sgle6040\Documents\MTRX3_Major\CommanderMain.X\main.c
                   __init   0x00000e    program     extern E:\c18v3.46\pic18-lt\cxx-framework\src\traditional\stdclib\__init.c
                   __pa_0   0x002ed4    program     static E:\c18v3.46\pic18-lt\cxx-framework\src\traditional\stdclib\vfprintf.c
                   __pa_1   0x002edc    program     static E:\c18v3.46\pic18-lt\cxx-framework\src\traditional\stdclib\vfprintf.c
                  __pa_10   0x002f90    program     static E:\c18v3.46\pic18-lt\cxx-framework\src\traditional\stdclib\vfprintf.c
                  __pa_11   0x002f9e    program     static E:\c18v3.46\pic18-lt\cxx-framework\src\traditional\stdclib\vfprintf.c
                  __pa_12   0x002fb4    program     static E:\c18v3.46\pic18-lt\cxx-framework\src\traditional\stdclib\vfprintf.c
                  __pa_13   0x002fce    program     static E:\c18v3.46\pic18-lt\cxx-framework\src\traditional\stdclib\vfprintf.c
                  __pa_14   0x002fe6    program     static E:\c18v3.46\pic18-lt\cxx-framework\src\traditional\stdclib\vfprintf.c
                  __pa_15   0x002ff6    program     static E:\c18v3.46\pic18-lt\cxx-framework\src\traditional\stdclib\vfprintf.c
                  __pa_16   0x00300c    program     static E:\c18v3.46\pic18-lt\cxx-framework\src\traditional\stdclib\vfprintf.c
                  __pa_17   0x00301e    program     static E:\c18v3.46\pic18-lt\cxx-framework\src\traditional\stdclib\vfprintf.c
                  __pa_18   0x003030    program     static E:\c18v3.46\pic18-lt\cxx-framework\src\traditional\stdclib\vfprintf.c
                  __pa_19   0x00303a    program     static E:\c18v3.46\pic18-lt\cxx-framework\src\traditional\stdclib\vfprintf.c
                   __pa_2   0x002ee6    program     static E:\c18v3.46\pic18-lt\cxx-framework\src\traditional\stdclib\vfprintf.c
                  __pa_20   0x00304a    program     static E:\c18v3.46\pic18-lt\cxx-framework\src\traditional\stdclib\vfprintf.c
                  __pa_21   0x00305a    program     static E:\c18v3.46\pic18-lt\cxx-framework\src\traditional\stdclib\vfprintf.c
                  __pa_22   0x00306a    program     static E:\c18v3.46\pic18-lt\cxx-framework\src\traditional\stdclib\vfprintf.c
                  __pa_23   0x003076    program     static E:\c18v3.46\pic18-lt\cxx-framework\src\traditional\stdclib\vfprintf.c
                  __pa_24   0x003084    program     static E:\c18v3.46\pic18-lt\cxx-framework\src\traditional\stdclib\vfprintf.c
                  __pa_25   0x00308c    program     static E:\c18v3.46\pic18-lt\cxx-framework\src\traditional\stdclib\vfprintf.c
                  __pa_26   0x003096    program     static E:\c18v3.46\pic18-lt\cxx-framework\src\traditional\stdclib\vfprintf.c
                  __pa_27   0x0030a0    program     static E:\c18v3.46\pic18-lt\cxx-framework\src\traditional\stdclib\vfprintf.c
                  __pa_28   0x0030a8    program     static E:\c18v3.46\pic18-lt\cxx-framework\src\traditional\stdclib\vfprintf.c
                  __pa_29   0x0030b6    program     static E:\c18v3.46\pic18-lt\cxx-framework\src\traditional\stdclib\vfprintf.c
                   __pa_3   0x002ef0    program     static E:\c18v3.46\pic18-lt\cxx-framework\src\traditional\stdclib\vfprintf.c
                  __pa_30   0x0030d2    program     static E:\c18v3.46\pic18-lt\cxx-framework\src\traditional\stdclib\vfprintf.c
                  __pa_31   0x0030ec    program     static E:\c18v3.46\pic18-lt\cxx-framework\src\traditional\stdclib\vfprintf.c
                  __pa_32   0x003106    program     static E:\c18v3.46\pic18-lt\cxx-framework\src\traditional\stdclib\vfprintf.c
                  __pa_33   0x00311e    program     static E:\c18v3.46\pic18-lt\cxx-framework\src\traditional\stdclib\vfprintf.c
                  __pa_34   0x003128    program     static E:\c18v3.46\pic18-lt\cxx-framework\src\traditional\stdclib\vfprintf.c
                  __pa_35   0x003136    program     static E:\c18v3.46\pic18-lt\cxx-framework\src\traditional\stdclib\vfprintf.c
                  __pa_36   0x00313e    program     static E:\c18v3.46\pic18-lt\cxx-framework\src\traditional\stdclib\vfprintf.c
                  __pa_37   0x003148    program     static E:\c18v3.46\pic18-lt\cxx-framework\src\traditional\stdclib\vfprintf.c
                  __pa_38   0x003158    program     static E:\c18v3.46\pic18-lt\cxx-framework\src\traditional\stdclib\vfprintf.c
                  __pa_39   0x003166    program     static E:\c18v3.46\pic18-lt\cxx-framework\src\traditional\stdclib\vfprintf.c
                   __pa_4   0x002f08    program     static E:\c18v3.46\pic18-lt\cxx-framework\src\traditional\stdclib\vfprintf.c
                  __pa_40   0x003172    program     static E:\c18v3.46\pic18-lt\cxx-framework\src\traditional\stdclib\vfprintf.c
                  __pa_41   0x00317e    program     static E:\c18v3.46\pic18-lt\cxx-framework\src\traditional\stdclib\vfprintf.c
                  __pa_42   0x003186    program     static E:\c18v3.46\pic18-lt\cxx-framework\src\traditional\stdclib\vfprintf.c
                  __pa_43   0x003190    program     static E:\c18v3.46\pic18-lt\cxx-framework\src\traditional\stdclib\vfprintf.c
                  __pa_44   0x003196    program     static E:\c18v3.46\pic18-lt\cxx-framework\src\traditional\stdclib\vfprintf.c
                  __pa_45   0x0031a0    program     static E:\c18v3.46\pic18-lt\cxx-framework\src\traditional\stdclib\vfprintf.c
                  __pa_46   0x0031ac    program     static E:\c18v3.46\pic18-lt\cxx-framework\src\traditional\stdclib\vfprintf.c
                   __pa_5   0x002f1c    program     static E:\c18v3.46\pic18-lt\cxx-framework\src\traditional\stdclib\vfprintf.c
                   __pa_6   0x002f38    program     static E:\c18v3.46\pic18-lt\cxx-framework\src\traditional\stdclib\vfprintf.c
                   __pa_7   0x002f42    program     static E:\c18v3.46\pic18-lt\cxx-framework\src\traditional\stdclib\vfprintf.c
                   __pa_8   0x002f4e    program     static E:\c18v3.46\pic18-lt\cxx-framework\src\traditional\stdclib\vfprintf.c
                   __pa_9   0x002f70    program     static E:\c18v3.46\pic18-lt\cxx-framework\src\traditional\stdclib\vfprintf.c
               __string_0   0x003d66    program     static C:\Users\sgle6040\Documents\MTRX3_Major\CommanderMain.X\UISourcefiles\PrimaryInterfaceOutput.c
               __string_0   0x004249    program     static C:\Users\sgle6040\Documents\MTRX3_Major\CommanderMain.X\UISourcefiles\UserInput.c
               __string_0   0x0041ff    program     static C:\Users\sgle6040\Documents\MTRX3_Major\CommanderMain.X\UISourcefiles\SecondaryInterfaceOutput.c
               __string_1   0x004247    program     static C:\Users\sgle6040\Documents\MTRX3_Major\CommanderMain.X\UISourcefiles\UserInput.c
               __string_1   0x003d55    program     static C:\Users\sgle6040\Documents\MTRX3_Major\CommanderMain.X\UISourcefiles\PrimaryInterfaceOutput.c
               __string_1   0x004190    program     static C:\Users\sgle6040\Documents\MTRX3_Major\CommanderMain.X\UISourcefiles\SecondaryInterfaceOutput.c
               __string_1   0x00422c    program     static C:\Users\sgle6040\Documents\MTRX3_Major\CommanderMain.X\UISourcefiles\StateTransition.c
              __string_10   0x003cc9    program     static C:\Users\sgle6040\Documents\MTRX3_Major\CommanderMain.X\UISourcefiles\PrimaryInterfaceOutput.c
              __string_10   0x004060    program     static C:\Users\sgle6040\Documents\MTRX3_Major\CommanderMain.X\UISourcefiles\SecondaryInterfaceOutput.c
              __string_11   0x004051    program     static C:\Users\sgle6040\Documents\MTRX3_Major\CommanderMain.X\UISourcefiles\SecondaryInterfaceOutput.c
              __string_11   0x003cb7    program     static C:\Users\sgle6040\Documents\MTRX3_Major\CommanderMain.X\UISourcefiles\PrimaryInterfaceOutput.c
              __string_12   0x003ca6    program     static C:\Users\sgle6040\Documents\MTRX3_Major\CommanderMain.X\UISourcefiles\PrimaryInterfaceOutput.c
              __string_12   0x004042    program     static C:\Users\sgle6040\Documents\MTRX3_Major\CommanderMain.X\UISourcefiles\SecondaryInterfaceOutput.c
              __string_13   0x004031    program     static C:\Users\sgle6040\Documents\MTRX3_Major\CommanderMain.X\UISourcefiles\SecondaryInterfaceOutput.c
              __string_13   0x003c95    program     static C:\Users\sgle6040\Documents\MTRX3_Major\CommanderMain.X\UISourcefiles\PrimaryInterfaceOutput.c
              __string_14   0x003ff4    program     static C:\Users\sgle6040\Documents\MTRX3_Major\CommanderMain.X\UISourcefiles\SecondaryInterfaceOutput.c
              __string_14   0x003c84    program     static C:\Users\sgle6040\Documents\MTRX3_Major\CommanderMain.X\UISourcefiles\PrimaryInterfaceOutput.c
              __string_15   0x003c73    program     static C:\Users\sgle6040\Documents\MTRX3_Major\CommanderMain.X\UISourcefiles\PrimaryInterfaceOutput.c
              __string_15   0x003fe1    program     static C:\Users\sgle6040\Documents\MTRX3_Major\CommanderMain.X\UISourcefiles\SecondaryInterfaceOutput.c
              __string_16   0x003c62    program     static C:\Users\sgle6040\Documents\MTRX3_Major\CommanderMain.X\UISourcefiles\PrimaryInterfaceOutput.c
              __string_16   0x003fc9    program     static C:\Users\sgle6040\Documents\MTRX3_Major\CommanderMain.X\UISourcefiles\SecondaryInterfaceOutput.c
              __string_17   0x003c51    program     static C:\Users\sgle6040\Documents\MTRX3_Major\CommanderMain.X\UISourcefiles\PrimaryInterfaceOutput.c
              __string_17   0x003fb7    program     static C:\Users\sgle6040\Documents\MTRX3_Major\CommanderMain.X\UISourcefiles\SecondaryInterfaceOutput.c
              __string_18   0x003f05    program     static C:\Users\sgle6040\Documents\MTRX3_Major\CommanderMain.X\UISourcefiles\SecondaryInterfaceOutput.c
              __string_18   0x003c40    program     static C:\Users\sgle6040\Documents\MTRX3_Major\CommanderMain.X\UISourcefiles\PrimaryInterfaceOutput.c
              __string_19   0x003ef4    program     static C:\Users\sgle6040\Documents\MTRX3_Major\CommanderMain.X\UISourcefiles\SecondaryInterfaceOutput.c
              __string_19   0x003c2f    program     static C:\Users\sgle6040\Documents\MTRX3_Major\CommanderMain.X\UISourcefiles\PrimaryInterfaceOutput.c
               __string_2   0x003d44    program     static C:\Users\sgle6040\Documents\MTRX3_Major\CommanderMain.X\UISourcefiles\PrimaryInterfaceOutput.c
               __string_2   0x00417e    program     static C:\Users\sgle6040\Documents\MTRX3_Major\CommanderMain.X\UISourcefiles\SecondaryInterfaceOutput.c
               __string_2   0x004245    program     static C:\Users\sgle6040\Documents\MTRX3_Major\CommanderMain.X\UISourcefiles\UserInput.c
              __string_20   0x003ee3    program     static C:\Users\sgle6040\Documents\MTRX3_Major\CommanderMain.X\UISourcefiles\SecondaryInterfaceOutput.c
              __string_20   0x003c1e    program     static C:\Users\sgle6040\Documents\MTRX3_Major\CommanderMain.X\UISourcefiles\PrimaryInterfaceOutput.c
              __string_21   0x003ecf    program     static C:\Users\sgle6040\Documents\MTRX3_Major\CommanderMain.X\UISourcefiles\SecondaryInterfaceOutput.c
              __string_21   0x003c0d    program     static C:\Users\sgle6040\Documents\MTRX3_Major\CommanderMain.X\UISourcefiles\PrimaryInterfaceOutput.c
              __string_22   0x003eb0    program     static C:\Users\sgle6040\Documents\MTRX3_Major\CommanderMain.X\UISourcefiles\SecondaryInterfaceOutput.c
              __string_22   0x003bfc    program     static C:\Users\sgle6040\Documents\MTRX3_Major\CommanderMain.X\UISourcefiles\PrimaryInterfaceOutput.c
              __string_23   0x003e9a    program     static C:\Users\sgle6040\Documents\MTRX3_Major\CommanderMain.X\UISourcefiles\SecondaryInterfaceOutput.c
              __string_23   0x003beb    program     static C:\Users\sgle6040\Documents\MTRX3_Major\CommanderMain.X\UISourcefiles\PrimaryInterfaceOutput.c
              __string_24   0x003e7b    program     static C:\Users\sgle6040\Documents\MTRX3_Major\CommanderMain.X\UISourcefiles\SecondaryInterfaceOutput.c
              __string_24   0x003bda    program     static C:\Users\sgle6040\Documents\MTRX3_Major\CommanderMain.X\UISourcefiles\PrimaryInterfaceOutput.c
              __string_25   0x003bc9    program     static C:\Users\sgle6040\Documents\MTRX3_Major\CommanderMain.X\UISourcefiles\PrimaryInterfaceOutput.c
              __string_25   0x003e63    program     static C:\Users\sgle6040\Documents\MTRX3_Major\CommanderMain.X\UISourcefiles\SecondaryInterfaceOutput.c
              __string_26   0x003bb8    program     static C:\Users\sgle6040\Documents\MTRX3_Major\CommanderMain.X\UISourcefiles\PrimaryInterfaceOutput.c
              __string_26   0x003e51    program     static C:\Users\sgle6040\Documents\MTRX3_Major\CommanderMain.X\UISourcefiles\SecondaryInterfaceOutput.c
              __string_27   0x003e34    program     static C:\Users\sgle6040\Documents\MTRX3_Major\CommanderMain.X\UISourcefiles\SecondaryInterfaceOutput.c
              __string_27   0x003ba7    program     static C:\Users\sgle6040\Documents\MTRX3_Major\CommanderMain.X\UISourcefiles\PrimaryInterfaceOutput.c
              __string_28   0x003e20    program     static C:\Users\sgle6040\Documents\MTRX3_Major\CommanderMain.X\UISourcefiles\SecondaryInterfaceOutput.c
              __string_28   0x003b96    program     static C:\Users\sgle6040\Documents\MTRX3_Major\CommanderMain.X\UISourcefiles\PrimaryInterfaceOutput.c
              __string_29   0x003e03    program     static C:\Users\sgle6040\Documents\MTRX3_Major\CommanderMain.X\UISourcefiles\SecondaryInterfaceOutput.c
              __string_29   0x003b85    program     static C:\Users\sgle6040\Documents\MTRX3_Major\CommanderMain.X\UISourcefiles\PrimaryInterfaceOutput.c
               __string_3   0x003d33    program     static C:\Users\sgle6040\Documents\MTRX3_Major\CommanderMain.X\UISourcefiles\PrimaryInterfaceOutput.c
               __string_3   0x004243    program     static C:\Users\sgle6040\Documents\MTRX3_Major\CommanderMain.X\UISourcefiles\UserInput.c
               __string_3   0x00410b    program     static C:\Users\sgle6040\Documents\MTRX3_Major\CommanderMain.X\UISourcefiles\SecondaryInterfaceOutput.c
              __string_30   0x003dec    program     static C:\Users\sgle6040\Documents\MTRX3_Major\CommanderMain.X\UISourcefiles\SecondaryInterfaceOutput.c
              __string_30   0x003b74    program     static C:\Users\sgle6040\Documents\MTRX3_Major\CommanderMain.X\UISourcefiles\PrimaryInterfaceOutput.c
              __string_31   0x003b63    program     static C:\Users\sgle6040\Documents\MTRX3_Major\CommanderMain.X\UISourcefiles\PrimaryInterfaceOutput.c
              __string_31   0x003dd9    program     static C:\Users\sgle6040\Documents\MTRX3_Major\CommanderMain.X\UISourcefiles\SecondaryInterfaceOutput.c
              __string_32   0x003b52    program     static C:\Users\sgle6040\Documents\MTRX3_Major\CommanderMain.X\UISourcefiles\PrimaryInterfaceOutput.c
              __string_32   0x003dc4    program     static C:\Users\sgle6040\Documents\MTRX3_Major\CommanderMain.X\UISourcefiles\SecondaryInterfaceOutput.c
              __string_33   0x003db2    program     static C:\Users\sgle6040\Documents\MTRX3_Major\CommanderMain.X\UISourcefiles\SecondaryInterfaceOutput.c
              __string_33   0x003b41    program     static C:\Users\sgle6040\Documents\MTRX3_Major\CommanderMain.X\UISourcefiles\PrimaryInterfaceOutput.c
              __string_34   0x003d95    program     static C:\Users\sgle6040\Documents\MTRX3_Major\CommanderMain.X\UISourcefiles\SecondaryInterfaceOutput.c
              __string_34   0x003b30    program     static C:\Users\sgle6040\Documents\MTRX3_Major\CommanderMain.X\UISourcefiles\PrimaryInterfaceOutput.c
              __string_35   0x003b1f    program     static C:\Users\sgle6040\Documents\MTRX3_Major\CommanderMain.X\UISourcefiles\PrimaryInterfaceOutput.c
              __string_35   0x003d85    program     static C:\Users\sgle6040\Documents\MTRX3_Major\CommanderMain.X\UISourcefiles\SecondaryInterfaceOutput.c
              __string_36   0x003b0e    program     static C:\Users\sgle6040\Documents\MTRX3_Major\CommanderMain.X\UISourcefiles\PrimaryInterfaceOutput.c
              __string_36   0x003d77    program     static C:\Users\sgle6040\Documents\MTRX3_Major\CommanderMain.X\UISourcefiles\SecondaryInterfaceOutput.c
               __string_4   0x0040c7    program     static C:\Users\sgle6040\Documents\MTRX3_Major\CommanderMain.X\UISourcefiles\SecondaryInterfaceOutput.c
               __string_4   0x003d22    program     static C:\Users\sgle6040\Documents\MTRX3_Major\CommanderMain.X\UISourcefiles\PrimaryInterfaceOutput.c
               __string_4   0x004241    program     static C:\Users\sgle6040\Documents\MTRX3_Major\CommanderMain.X\UISourcefiles\UserInput.c
               __string_5   0x0040b7    program     static C:\Users\sgle6040\Documents\MTRX3_Major\CommanderMain.X\UISourcefiles\SecondaryInterfaceOutput.c
               __string_5   0x003d11    program     static C:\Users\sgle6040\Documents\MTRX3_Major\CommanderMain.X\UISourcefiles\PrimaryInterfaceOutput.c
               __string_5   0x00423f    program     static C:\Users\sgle6040\Documents\MTRX3_Major\CommanderMain.X\UISourcefiles\UserInput.c
               __string_6   0x003d00    program     static C:\Users\sgle6040\Documents\MTRX3_Major\CommanderMain.X\UISourcefiles\PrimaryInterfaceOutput.c
               __string_6   0x0040a6    program     static C:\Users\sgle6040\Documents\MTRX3_Major\CommanderMain.X\UISourcefiles\SecondaryInterfaceOutput.c
               __string_6   0x00423d    program     static C:\Users\sgle6040\Documents\MTRX3_Major\CommanderMain.X\UISourcefiles\UserInput.c
               __string_7   0x003cef    program     static C:\Users\sgle6040\Documents\MTRX3_Major\CommanderMain.X\UISourcefiles\PrimaryInterfaceOutput.c
               __string_7   0x004096    program     static C:\Users\sgle6040\Documents\MTRX3_Major\CommanderMain.X\UISourcefiles\SecondaryInterfaceOutput.c
               __string_7   0x00423b    program     static C:\Users\sgle6040\Documents\MTRX3_Major\CommanderMain.X\UISourcefiles\UserInput.c
               __string_8   0x004081    program     static C:\Users\sgle6040\Documents\MTRX3_Major\CommanderMain.X\UISourcefiles\SecondaryInterfaceOutput.c
               __string_8   0x003cde    program     static C:\Users\sgle6040\Documents\MTRX3_Major\CommanderMain.X\UISourcefiles\PrimaryInterfaceOutput.c
               __string_9   0x00406e    program     static C:\Users\sgle6040\Documents\MTRX3_Major\CommanderMain.X\UISourcefiles\SecondaryInterfaceOutput.c
               __string_9   0x003cd4    program     static C:\Users\sgle6040\Documents\MTRX3_Major\CommanderMain.X\UISourcefiles\PrimaryInterfaceOutput.c
              __tmplbl_35   0x00212c    program     static                          
              __tmplbl_40   0x001694    program     static                          
              __tmplbl_41   0x001694    program     static                          
              __tmplbl_42   0x00306a    program     static                          
              __tmplbl_43   0x002eb2    program     static                          
              __tmplbl_44   0x001618    program     static                          
              __tmplbl_44   0x002e98    program     static                          
              __tmplbl_47   0x001618    program     static                          
              __tmplbl_49   0x001618    program     static                          
              __tmplbl_52   0x001616    program     static                          
              __tmplbl_53   0x001616    program     static                          
              __tmplbl_54   0x001616    program     static                          
              __tmplbl_85   0x0025ea    program     static                          
            __zero_memory   0x0064ea    program     extern E:\c18v3.46\pic18-lt\cxx-framework\src\traditional\proc\p18f4520.asm
                _do_cinit   0x005d92    program     extern E:\c18v3.46\pic18-lt\cxx-framework\src\traditional\startup\c018i.c
                   _entry   0x000000    program     extern E:\c18v3.46\pic18-lt\cxx-framework\src\traditional\startup\c018i.c
                   _false   0x00635e    program     static                          
                 _startup   0x00650a    program     extern E:\c18v3.46\pic18-lt\cxx-framework\src\traditional\startup\c018i.c
              _usart_putc   0x006526    program     extern E:\c18v3.46\pic18-lt\cxx-framework\src\pmc_common\USART\_usartpc.asm
               _user_putc   0x000006    program     extern E:\c18v3.46\pic18-lt\cxx-framework\src\traditional\stdclib\_user_putc.c
            autoAlgorithm   0x004746    program     extern C:\Users\sgle6040\Documents\MTRX3_Major\CommanderMain.X\Navigation.c
                checkScan   0x004424    program     extern C:\Users\sgle6040\Documents\MTRX3_Major\CommanderMain.X\Navigation.c
                commSetup   0x0048be    program     extern C:\Users\sgle6040\Documents\MTRX3_Major\CommanderMain.X\Communications.c
                compare_l   0x006500    program     static E:\c18v3.46\pic18-lt\cxx-framework\src\traditional\proc\p18f4520.asm
                copy_loop   0x005e04    program     static                          
            copy_one_byte   0x005e0a    program     static                          
       degrees2pulse_HIGH   0x005778    program     extern C:\Users\sgle6040\Documents\MTRX3_Major\CommanderMain.X\UISourcefiles\servo.c
        degrees2pulse_LOW   0x005654    program     extern C:\Users\sgle6040\Documents\MTRX3_Major\CommanderMain.X\UISourcefiles\servo.c
                     done   0x005e2e    program     static                          
             done_copying   0x005e18    program     static                          
                  endloop   0x006574    program     static                          
            goto_high_ISR   0x000008    program     extern C:\Users\sgle6040\Documents\MTRX3_Major\CommanderMain.X\main.c
             goto_low_ISR   0x000018    program     extern C:\Users\sgle6040\Documents\MTRX3_Major\CommanderMain.X\main.c
                handShake   0x004c06    program     extern C:\Users\sgle6040\Documents\MTRX3_Major\CommanderMain.X\Communications.c
           high_interrupt   0x00518c    program     extern C:\Users\sgle6040\Documents\MTRX3_Major\CommanderMain.X\main.c
               initialise   0x000010    program     extern C:\Users\sgle6040\Documents\MTRX3_Major\CommanderMain.X\UISourcefiles\XLCD\UserinterfaceInitialise.c
           initialiseCCP2   0x005614    program     extern C:\Users\sgle6040\Documents\MTRX3_Major\CommanderMain.X\UISourcefiles\servo.c
           initialiseComs   0x0031b6    program     extern C:\Users\sgle6040\Documents\MTRX3_Major\CommanderMain.X\UISourcefiles\SecondaryInterfaceOutput.c
       initialising_state   0x0000bc    program     extern C:\Users\sgle6040\Documents\MTRX3_Major\CommanderMain.X\UISourcefiles\StateTransition.c
                  inputUI   0x005b84    program     extern C:\Users\sgle6040\Documents\MTRX3_Major\CommanderMain.X\UISourcefiles\UserInterface.c
                  isdigit   0x0064c6    program     extern E:\c18v3.46\pic18-lt\cxx-framework\src\traditional\stdclib\isdigit.asm
                     jEnd   0x006146    program     static E:\c18v3.46\pic18-lt\cxx-framework\src\traditional\stdclib\strlen.asm
                     jEnd   0x00617e    program     static E:\c18v3.46\pic18-lt\cxx-framework\src\traditional\stdclib\slenpgm.asm
                    jLoop   0x006166    program     static E:\c18v3.46\pic18-lt\cxx-framework\src\traditional\stdclib\slenpgm.asm
                    jLoop   0x00613c    program     static E:\c18v3.46\pic18-lt\cxx-framework\src\traditional\stdclib\strlen.asm
                   jMatch   0x0064e6    program     static E:\c18v3.46\pic18-lt\cxx-framework\src\traditional\stdclib\isdigit.asm
                 jNoMatch   0x0064e8    program     static E:\c18v3.46\pic18-lt\cxx-framework\src\traditional\stdclib\isdigit.asm
                     loop   0x00632a    program     static                          
                     loop   0x006566    program     static                          
                     loop   0x006536    program     static E:\c18v3.46\pic18-lt\cxx-framework\src\pmc_common\USART\_usartpc.asm
                     loop   0x00651a    program     static                          
                   loop_h   0x0064f8    program     static E:\c18v3.46\pic18-lt\cxx-framework\src\traditional\proc\p18f4520.asm
                   loop_l   0x006502    program     static E:\c18v3.46\pic18-lt\cxx-framework\src\traditional\proc\p18f4520.asm
            low_interrupt   0x0050ae    program     extern C:\Users\sgle6040\Documents\MTRX3_Major\CommanderMain.X\main.c
                     main   0x004ede    program     extern C:\Users\sgle6040\Documents\MTRX3_Major\CommanderMain.X\main.c
               move0_HIGH   0x00589c    program     extern C:\Users\sgle6040\Documents\MTRX3_Major\CommanderMain.X\UISourcefiles\servo.c
                move0_LOW   0x0058ec    program     extern C:\Users\sgle6040\Documents\MTRX3_Major\CommanderMain.X\UISourcefiles\servo.c
             move135_HIGH   0x0058cc    program     extern C:\Users\sgle6040\Documents\MTRX3_Major\CommanderMain.X\UISourcefiles\servo.c
              move135_LOW   0x00591c    program     extern C:\Users\sgle6040\Documents\MTRX3_Major\CommanderMain.X\UISourcefiles\servo.c
             move180_HIGH   0x0058dc    program     extern C:\Users\sgle6040\Documents\MTRX3_Major\CommanderMain.X\UISourcefiles\servo.c
              move180_LOW   0x00592c    program     extern C:\Users\sgle6040\Documents\MTRX3_Major\CommanderMain.X\UISourcefiles\servo.c
              move45_HIGH   0x0058ac    program     extern C:\Users\sgle6040\Documents\MTRX3_Major\CommanderMain.X\UISourcefiles\servo.c
               move45_LOW   0x0058fc    program     extern C:\Users\sgle6040\Documents\MTRX3_Major\CommanderMain.X\UISourcefiles\servo.c
              move90_HIGH   0x0058bc    program     extern C:\Users\sgle6040\Documents\MTRX3_Major\CommanderMain.X\UISourcefiles\servo.c
               move90_LOW   0x00590c    program     extern C:\Users\sgle6040\Documents\MTRX3_Major\CommanderMain.X\UISourcefiles\servo.c
                 navSetup   0x00424c    program     extern C:\Users\sgle6040\Documents\MTRX3_Major\CommanderMain.X\Navigation.c
                 outputUI   0x005bec    program     extern C:\Users\sgle6040\Documents\MTRX3_Major\CommanderMain.X\UISourcefiles\UserInterface.c
         parseUIDirection   0x0044f0    program     extern C:\Users\sgle6040\Documents\MTRX3_Major\CommanderMain.X\Navigation.c
          processReceived   0x004c50    program     extern C:\Users\sgle6040\Documents\MTRX3_Major\CommanderMain.X\Communications.c
                     putc   0x005fd0    program     extern E:\c18v3.46\pic18-lt\cxx-framework\src\traditional\stdclib\putc.c
                putrsXLCD   0x0060c4    program     extern C:\Users\sgle6040\Documents\MTRX3_Major\CommanderMain.X\UISourcefiles\XLCD\putrxlcd.c
                 putsUART   0x00642e    program     extern C:\Users\sgle6040\Documents\MTRX3_Major\CommanderMain.X\putsuart.c
                 putsXLCD   0x0062ce    program     extern C:\Users\sgle6040\Documents\MTRX3_Major\CommanderMain.X\UISourcefiles\XLCD\putsxlcd.c
             receiveComms   0x0048da    program     extern C:\Users\sgle6040\Documents\MTRX3_Major\CommanderMain.X\Communications.c
                robotMove   0x00424e    program     extern C:\Users\sgle6040\Documents\MTRX3_Major\CommanderMain.X\Navigation.c
                 s_digits   0x006590    program     static E:\c18v3.46\pic18-lt\cxx-framework\src\traditional\stdclib\vfprintf.c
            s_put_n_chars   0x002594    program     static E:\c18v3.46\pic18-lt\cxx-framework\src\traditional\stdclib\vfprintf.c
              servoOutput   0x005620    program     extern C:\Users\sgle6040\Documents\MTRX3_Major\CommanderMain.X\UISourcefiles\servo.c
               servoSetup   0x0055fe    program     extern C:\Users\sgle6040\Documents\MTRX3_Major\CommanderMain.X\UISourcefiles\servo.c
              servoToggle   0x0055de    program     extern C:\Users\sgle6040\Documents\MTRX3_Major\CommanderMain.X\UISourcefiles\servo.c
                  sprintf   0x005ce6    program     extern E:\c18v3.46\pic18-lt\cxx-framework\src\traditional\stdclib\sprintf.c
             stateControl   0x00525c    program     extern C:\Users\sgle6040\Documents\MTRX3_Major\CommanderMain.X\main.c
                  storeUI   0x005b70    program     extern C:\Users\sgle6040\Documents\MTRX3_Major\CommanderMain.X\UISourcefiles\UserInterface.c
                   strlen   0x00612c    program     extern E:\c18v3.46\pic18-lt\cxx-framework\src\traditional\stdclib\strlen.asm
                strlenpgm   0x006148    program     extern E:\c18v3.46\pic18-lt\cxx-framework\src\traditional\stdclib\slenpgm.asm
                     test   0x005dac    program     static                          
            transmitComms   0x00494a    program     extern C:\Users\sgle6040\Documents\MTRX3_Major\CommanderMain.X\Communications.c
                 vfprintf   0x0025c0    program     extern E:\c18v3.46\pic18-lt\cxx-framework\src\traditional\stdclib\vfprintf.c
               zero_block   0x0064f8    program     static E:\c18v3.46\pic18-lt\cxx-framework\src\traditional\proc\p18f4520.asm
                   ADCON0   0x000fc2       data     extern E:\c18v3.46\pic18-lt\cxx-framework\src\traditional\proc\p18f4520.asm
               ADCON0bits   0x000fc2       data     extern E:\c18v3.46\pic18-lt\cxx-framework\src\traditional\proc\p18f4520.asm
                   ADCON1   0x000fc1       data     extern E:\c18v3.46\pic18-lt\cxx-framework\src\traditional\proc\p18f4520.asm
               ADCON1bits   0x000fc1       data     extern E:\c18v3.46\pic18-lt\cxx-framework\src\traditional\proc\p18f4520.asm
                   ADCON2   0x000fc0       data     extern E:\c18v3.46\pic18-lt\cxx-framework\src\traditional\proc\p18f4520.asm
               ADCON2bits   0x000fc0       data     extern E:\c18v3.46\pic18-lt\cxx-framework\src\traditional\proc\p18f4520.asm
                    ADRES   0x000fc3       data     extern E:\c18v3.46\pic18-lt\cxx-framework\src\traditional\proc\p18f4520.asm
                   ADRESH   0x000fc4       data     extern E:\c18v3.46\pic18-lt\cxx-framework\src\traditional\proc\p18f4520.asm
                   ADRESL   0x000fc3       data     extern E:\c18v3.46\pic18-lt\cxx-framework\src\traditional\proc\p18f4520.asm
                  BAUDCON   0x000fb8       data     extern E:\c18v3.46\pic18-lt\cxx-framework\src\traditional\proc\p18f4520.asm
              BAUDCONbits   0x000fb8       data     extern E:\c18v3.46\pic18-lt\cxx-framework\src\traditional\proc\p18f4520.asm
                  BAUDCTL   0x000fb8       data     extern E:\c18v3.46\pic18-lt\cxx-framework\src\traditional\proc\p18f4520.asm
              BAUDCTLbits   0x000fb8       data     extern E:\c18v3.46\pic18-lt\cxx-framework\src\traditional\proc\p18f4520.asm
                      BSR   0x000fe0       data     extern E:\c18v3.46\pic18-lt\cxx-framework\src\traditional\proc\p18f4520.asm
                 BitCount   0x00057b       data     extern E:\c18v3.46\pic18-lt\cxx-framework\src\pmc_common\SW_UART\uartdata.asm
                  CCP1CON   0x000fbd       data     extern E:\c18v3.46\pic18-lt\cxx-framework\src\traditional\proc\p18f4520.asm
              CCP1CONbits   0x000fbd       data     extern E:\c18v3.46\pic18-lt\cxx-framework\src\traditional\proc\p18f4520.asm
                  CCP2CON   0x000fba       data     extern E:\c18v3.46\pic18-lt\cxx-framework\src\traditional\proc\p18f4520.asm
              CCP2CONbits   0x000fba       data     extern E:\c18v3.46\pic18-lt\cxx-framework\src\traditional\proc\p18f4520.asm
                    CCPR1   0x000fbe       data     extern E:\c18v3.46\pic18-lt\cxx-framework\src\traditional\proc\p18f4520.asm
                   CCPR1H   0x000fbf       data     extern E:\c18v3.46\pic18-lt\cxx-framework\src\traditional\proc\p18f4520.asm
                   CCPR1L   0x000fbe       data     extern E:\c18v3.46\pic18-lt\cxx-framework\src\traditional\proc\p18f4520.asm
                    CCPR2   0x000fbb       data     extern E:\c18v3.46\pic18-lt\cxx-framework\src\traditional\proc\p18f4520.asm
                   CCPR2H   0x000fbc       data     extern E:\c18v3.46\pic18-lt\cxx-framework\src\traditional\proc\p18f4520.asm
                   CCPR2L   0x000fbb       data     extern E:\c18v3.46\pic18-lt\cxx-framework\src\traditional\proc\p18f4520.asm
                    CMCON   0x000fb4       data     extern E:\c18v3.46\pic18-lt\cxx-framework\src\traditional\proc\p18f4520.asm
                CMCONbits   0x000fb4       data     extern E:\c18v3.46\pic18-lt\cxx-framework\src\traditional\proc\p18f4520.asm
                   CVRCON   0x000fb5       data     extern E:\c18v3.46\pic18-lt\cxx-framework\src\traditional\proc\p18f4520.asm
               CVRCONbits   0x000fb5       data     extern E:\c18v3.46\pic18-lt\cxx-framework\src\traditional\proc\p18f4520.asm
                     DDRA   0x000f92       data     extern E:\c18v3.46\pic18-lt\cxx-framework\src\traditional\proc\p18f4520.asm
                 DDRAbits   0x000f92       data     extern E:\c18v3.46\pic18-lt\cxx-framework\src\traditional\proc\p18f4520.asm
                     DDRB   0x000f93       data     extern E:\c18v3.46\pic18-lt\cxx-framework\src\traditional\proc\p18f4520.asm
                 DDRBbits   0x000f93       data     extern E:\c18v3.46\pic18-lt\cxx-framework\src\traditional\proc\p18f4520.asm
                     DDRC   0x000f94       data     extern E:\c18v3.46\pic18-lt\cxx-framework\src\traditional\proc\p18f4520.asm
                 DDRCbits   0x000f94       data     extern E:\c18v3.46\pic18-lt\cxx-framework\src\traditional\proc\p18f4520.asm
                     DDRD   0x000f95       data     extern E:\c18v3.46\pic18-lt\cxx-framework\src\traditional\proc\p18f4520.asm
                 DDRDbits   0x000f95       data     extern E:\c18v3.46\pic18-lt\cxx-framework\src\traditional\proc\p18f4520.asm
                     DDRE   0x000f96       data     extern E:\c18v3.46\pic18-lt\cxx-framework\src\traditional\proc\p18f4520.asm
                 DDREbits   0x000f96       data     extern E:\c18v3.46\pic18-lt\cxx-framework\src\traditional\proc\p18f4520.asm
            DelayCounter1   0x000021       data     extern E:\c18v3.46\pic18-lt\cxx-framework\src\traditional\delays\delayd1.asm
            DelayCounter2   0x000020       data     extern E:\c18v3.46\pic18-lt\cxx-framework\src\traditional\delays\delayd2.asm
                  ECCP1AS   0x000fb6       data     extern E:\c18v3.46\pic18-lt\cxx-framework\src\traditional\proc\p18f4520.asm
              ECCP1ASbits   0x000fb6       data     extern E:\c18v3.46\pic18-lt\cxx-framework\src\traditional\proc\p18f4520.asm
                 ECCP1DEL   0x000fb7       data     extern E:\c18v3.46\pic18-lt\cxx-framework\src\traditional\proc\p18f4520.asm
             ECCP1DELbits   0x000fb7       data     extern E:\c18v3.46\pic18-lt\cxx-framework\src\traditional\proc\p18f4520.asm
                   ECCPAS   0x000fb6       data     extern E:\c18v3.46\pic18-lt\cxx-framework\src\traditional\proc\p18f4520.asm
               ECCPASbits   0x000fb6       data     extern E:\c18v3.46\pic18-lt\cxx-framework\src\traditional\proc\p18f4520.asm
                    EEADR   0x000fa9       data     extern E:\c18v3.46\pic18-lt\cxx-framework\src\traditional\proc\p18f4520.asm
                   EECON1   0x000fa6       data     extern E:\c18v3.46\pic18-lt\cxx-framework\src\traditional\proc\p18f4520.asm
               EECON1bits   0x000fa6       data     extern E:\c18v3.46\pic18-lt\cxx-framework\src\traditional\proc\p18f4520.asm
                   EECON2   0x000fa7       data     extern E:\c18v3.46\pic18-lt\cxx-framework\src\traditional\proc\p18f4520.asm
                   EEDATA   0x000fa8       data     extern E:\c18v3.46\pic18-lt\cxx-framework\src\traditional\proc\p18f4520.asm
                     FSR0   0x000fe9       data     extern E:\c18v3.46\pic18-lt\cxx-framework\src\traditional\proc\p18f4520.asm
                    FSR0H   0x000fea       data     extern E:\c18v3.46\pic18-lt\cxx-framework\src\traditional\proc\p18f4520.asm
                    FSR0L   0x000fe9       data     extern E:\c18v3.46\pic18-lt\cxx-framework\src\traditional\proc\p18f4520.asm
                     FSR1   0x000fe1       data     extern E:\c18v3.46\pic18-lt\cxx-framework\src\traditional\proc\p18f4520.asm
                    FSR1H   0x000fe2       data     extern E:\c18v3.46\pic18-lt\cxx-framework\src\traditional\proc\p18f4520.asm
                    FSR1L   0x000fe1       data     extern E:\c18v3.46\pic18-lt\cxx-framework\src\traditional\proc\p18f4520.asm
                     FSR2   0x000fd9       data     extern E:\c18v3.46\pic18-lt\cxx-framework\src\traditional\proc\p18f4520.asm
                    FSR2H   0x000fda       data     extern E:\c18v3.46\pic18-lt\cxx-framework\src\traditional\proc\p18f4520.asm
                    FSR2L   0x000fd9       data     extern E:\c18v3.46\pic18-lt\cxx-framework\src\traditional\proc\p18f4520.asm
                  HLVDCON   0x000fd2       data     extern E:\c18v3.46\pic18-lt\cxx-framework\src\traditional\proc\p18f4520.asm
              HLVDCONbits   0x000fd2       data     extern E:\c18v3.46\pic18-lt\cxx-framework\src\traditional\proc\p18f4520.asm
                    INDF0   0x000fef       data     extern E:\c18v3.46\pic18-lt\cxx-framework\src\traditional\proc\p18f4520.asm
                    INDF1   0x000fe7       data     extern E:\c18v3.46\pic18-lt\cxx-framework\src\traditional\proc\p18f4520.asm
                    INDF2   0x000fdf       data     extern E:\c18v3.46\pic18-lt\cxx-framework\src\traditional\proc\p18f4520.asm
                   INTCON   0x000ff2       data     extern E:\c18v3.46\pic18-lt\cxx-framework\src\traditional\proc\p18f4520.asm
                  INTCON2   0x000ff1       data     extern E:\c18v3.46\pic18-lt\cxx-framework\src\traditional\proc\p18f4520.asm
              INTCON2bits   0x000ff1       data     extern E:\c18v3.46\pic18-lt\cxx-framework\src\traditional\proc\p18f4520.asm
                  INTCON3   0x000ff0       data     extern E:\c18v3.46\pic18-lt\cxx-framework\src\traditional\proc\p18f4520.asm
              INTCON3bits   0x000ff0       data     extern E:\c18v3.46\pic18-lt\cxx-framework\src\traditional\proc\p18f4520.asm
               INTCONbits   0x000ff2       data     extern E:\c18v3.46\pic18-lt\cxx-framework\src\traditional\proc\p18f4520.asm
                     IPR1   0x000f9f       data     extern E:\c18v3.46\pic18-lt\cxx-framework\src\traditional\proc\p18f4520.asm
                 IPR1bits   0x000f9f       data     extern E:\c18v3.46\pic18-lt\cxx-framework\src\traditional\proc\p18f4520.asm
                     IPR2   0x000fa2       data     extern E:\c18v3.46\pic18-lt\cxx-framework\src\traditional\proc\p18f4520.asm
                 IPR2bits   0x000fa2       data     extern E:\c18v3.46\pic18-lt\cxx-framework\src\traditional\proc\p18f4520.asm
                   IRVals   0x0000d1       data     extern C:\Users\sgle6040\Documents\MTRX3_Major\CommanderMain.X\main.c
                     LATA   0x000f89       data     extern E:\c18v3.46\pic18-lt\cxx-framework\src\traditional\proc\p18f4520.asm
                 LATAbits   0x000f89       data     extern E:\c18v3.46\pic18-lt\cxx-framework\src\traditional\proc\p18f4520.asm
                     LATB   0x000f8a       data     extern E:\c18v3.46\pic18-lt\cxx-framework\src\traditional\proc\p18f4520.asm
                 LATBbits   0x000f8a       data     extern E:\c18v3.46\pic18-lt\cxx-framework\src\traditional\proc\p18f4520.asm
                     LATC   0x000f8b       data     extern E:\c18v3.46\pic18-lt\cxx-framework\src\traditional\proc\p18f4520.asm
                 LATCbits   0x000f8b       data     extern E:\c18v3.46\pic18-lt\cxx-framework\src\traditional\proc\p18f4520.asm
                     LATD   0x000f8c       data     extern E:\c18v3.46\pic18-lt\cxx-framework\src\traditional\proc\p18f4520.asm
                 LATDbits   0x000f8c       data     extern E:\c18v3.46\pic18-lt\cxx-framework\src\traditional\proc\p18f4520.asm
                     LATE   0x000f8d       data     extern E:\c18v3.46\pic18-lt\cxx-framework\src\traditional\proc\p18f4520.asm
                 LATEbits   0x000f8d       data     extern E:\c18v3.46\pic18-lt\cxx-framework\src\traditional\proc\p18f4520.asm
                   LVDCON   0x000fd2       data     extern E:\c18v3.46\pic18-lt\cxx-framework\src\traditional\proc\p18f4520.asm
               LVDCONbits   0x000fd2       data     extern E:\c18v3.46\pic18-lt\cxx-framework\src\traditional\proc\p18f4520.asm
                   OSCCON   0x000fd3       data     extern E:\c18v3.46\pic18-lt\cxx-framework\src\traditional\proc\p18f4520.asm
               OSCCONbits   0x000fd3       data     extern E:\c18v3.46\pic18-lt\cxx-framework\src\traditional\proc\p18f4520.asm
                  OSCTUNE   0x000f9b       data     extern E:\c18v3.46\pic18-lt\cxx-framework\src\traditional\proc\p18f4520.asm
              OSCTUNEbits   0x000f9b       data     extern E:\c18v3.46\pic18-lt\cxx-framework\src\traditional\proc\p18f4520.asm
                       PC   0x000ff9       data     extern E:\c18v3.46\pic18-lt\cxx-framework\src\traditional\proc\p18f4520.asm
                      PCL   0x000ff9       data     extern E:\c18v3.46\pic18-lt\cxx-framework\src\traditional\proc\p18f4520.asm
                   PCLATH   0x000ffa       data     extern E:\c18v3.46\pic18-lt\cxx-framework\src\traditional\proc\p18f4520.asm
                   PCLATU   0x000ffb       data     extern E:\c18v3.46\pic18-lt\cxx-framework\src\traditional\proc\p18f4520.asm
                     PIE1   0x000f9d       data     extern E:\c18v3.46\pic18-lt\cxx-framework\src\traditional\proc\p18f4520.asm
                 PIE1bits   0x000f9d       data     extern E:\c18v3.46\pic18-lt\cxx-framework\src\traditional\proc\p18f4520.asm
                     PIE2   0x000fa0       data     extern E:\c18v3.46\pic18-lt\cxx-framework\src\traditional\proc\p18f4520.asm
                 PIE2bits   0x000fa0       data     extern E:\c18v3.46\pic18-lt\cxx-framework\src\traditional\proc\p18f4520.asm
                     PIR1   0x000f9e       data     extern E:\c18v3.46\pic18-lt\cxx-framework\src\traditional\proc\p18f4520.asm
                 PIR1bits   0x000f9e       data     extern E:\c18v3.46\pic18-lt\cxx-framework\src\traditional\proc\p18f4520.asm
                     PIR2   0x000fa1       data     extern E:\c18v3.46\pic18-lt\cxx-framework\src\traditional\proc\p18f4520.asm
                 PIR2bits   0x000fa1       data     extern E:\c18v3.46\pic18-lt\cxx-framework\src\traditional\proc\p18f4520.asm
                   PLUSW0   0x000feb       data     extern E:\c18v3.46\pic18-lt\cxx-framework\src\traditional\proc\p18f4520.asm
                   PLUSW1   0x000fe3       data     extern E:\c18v3.46\pic18-lt\cxx-framework\src\traditional\proc\p18f4520.asm
                   PLUSW2   0x000fdb       data     extern E:\c18v3.46\pic18-lt\cxx-framework\src\traditional\proc\p18f4520.asm
                    PORTA   0x000f80       data     extern E:\c18v3.46\pic18-lt\cxx-framework\src\traditional\proc\p18f4520.asm
                PORTAbits   0x000f80       data     extern E:\c18v3.46\pic18-lt\cxx-framework\src\traditional\proc\p18f4520.asm
                    PORTB   0x000f81       data     extern E:\c18v3.46\pic18-lt\cxx-framework\src\traditional\proc\p18f4520.asm
                PORTBbits   0x000f81       data     extern E:\c18v3.46\pic18-lt\cxx-framework\src\traditional\proc\p18f4520.asm
                    PORTC   0x000f82       data     extern E:\c18v3.46\pic18-lt\cxx-framework\src\traditional\proc\p18f4520.asm
                PORTCbits   0x000f82       data     extern E:\c18v3.46\pic18-lt\cxx-framework\src\traditional\proc\p18f4520.asm
                    PORTD   0x000f83       data     extern E:\c18v3.46\pic18-lt\cxx-framework\src\traditional\proc\p18f4520.asm
                PORTDbits   0x000f83       data     extern E:\c18v3.46\pic18-lt\cxx-framework\src\traditional\proc\p18f4520.asm
                    PORTE   0x000f84       data     extern E:\c18v3.46\pic18-lt\cxx-framework\src\traditional\proc\p18f4520.asm
                PORTEbits   0x000f84       data     extern E:\c18v3.46\pic18-lt\cxx-framework\src\traditional\proc\p18f4520.asm
                 POSTDEC0   0x000fed       data     extern E:\c18v3.46\pic18-lt\cxx-framework\src\traditional\proc\p18f4520.asm
                 POSTDEC1   0x000fe5       data     extern E:\c18v3.46\pic18-lt\cxx-framework\src\traditional\proc\p18f4520.asm
                 POSTDEC2   0x000fdd       data     extern E:\c18v3.46\pic18-lt\cxx-framework\src\traditional\proc\p18f4520.asm
                 POSTINC0   0x000fee       data     extern E:\c18v3.46\pic18-lt\cxx-framework\src\traditional\proc\p18f4520.asm
                 POSTINC1   0x000fe6       data     extern E:\c18v3.46\pic18-lt\cxx-framework\src\traditional\proc\p18f4520.asm
                 POSTINC2   0x000fde       data     extern E:\c18v3.46\pic18-lt\cxx-framework\src\traditional\proc\p18f4520.asm
                      PR2   0x000fcb       data     extern E:\c18v3.46\pic18-lt\cxx-framework\src\traditional\proc\p18f4520.asm
                  PREINC0   0x000fec       data     extern E:\c18v3.46\pic18-lt\cxx-framework\src\traditional\proc\p18f4520.asm
                  PREINC1   0x000fe4       data     extern E:\c18v3.46\pic18-lt\cxx-framework\src\traditional\proc\p18f4520.asm
                  PREINC2   0x000fdc       data     extern E:\c18v3.46\pic18-lt\cxx-framework\src\traditional\proc\p18f4520.asm
                     PROD   0x000ff3       data     extern E:\c18v3.46\pic18-lt\cxx-framework\src\traditional\proc\p18f4520.asm
                    PRODH   0x000ff4       data     extern E:\c18v3.46\pic18-lt\cxx-framework\src\traditional\proc\p18f4520.asm
                    PRODL   0x000ff3       data     extern E:\c18v3.46\pic18-lt\cxx-framework\src\traditional\proc\p18f4520.asm
                  PWM1CON   0x000fb7       data     extern E:\c18v3.46\pic18-lt\cxx-framework\src\traditional\proc\p18f4520.asm
              PWM1CONbits   0x000fb7       data     extern E:\c18v3.46\pic18-lt\cxx-framework\src\traditional\proc\p18f4520.asm
                     RCON   0x000fd0       data     extern E:\c18v3.46\pic18-lt\cxx-framework\src\traditional\proc\p18f4520.asm
                 RCONbits   0x000fd0       data     extern E:\c18v3.46\pic18-lt\cxx-framework\src\traditional\proc\p18f4520.asm
                    RCREG   0x000fae       data     extern E:\c18v3.46\pic18-lt\cxx-framework\src\traditional\proc\p18f4520.asm
                    RCSTA   0x000fab       data     extern E:\c18v3.46\pic18-lt\cxx-framework\src\traditional\proc\p18f4520.asm
                RCSTAbits   0x000fab       data     extern E:\c18v3.46\pic18-lt\cxx-framework\src\traditional\proc\p18f4520.asm
        RobotReceiveComms   0x0000a1       data     extern C:\Users\sgle6040\Documents\MTRX3_Major\CommanderMain.X\main.c
       RobotTransmitComms   0x0000ae       data     extern C:\Users\sgle6040\Documents\MTRX3_Major\CommanderMain.X\main.c
                     SIGN   0x000000       data     extern E:\c18v3.46\pic18-lt\cxx-framework\src\traditional\math\cmath18.asm
                    SPBRG   0x000faf       data     extern E:\c18v3.46\pic18-lt\cxx-framework\src\traditional\proc\p18f4520.asm
                   SPBRGH   0x000fb0       data     extern E:\c18v3.46\pic18-lt\cxx-framework\src\traditional\proc\p18f4520.asm
                   SSPADD   0x000fc8       data     extern E:\c18v3.46\pic18-lt\cxx-framework\src\traditional\proc\p18f4520.asm
                   SSPBUF   0x000fc9       data     extern E:\c18v3.46\pic18-lt\cxx-framework\src\traditional\proc\p18f4520.asm
                  SSPCON1   0x000fc6       data     extern E:\c18v3.46\pic18-lt\cxx-framework\src\traditional\proc\p18f4520.asm
              SSPCON1bits   0x000fc6       data     extern E:\c18v3.46\pic18-lt\cxx-framework\src\traditional\proc\p18f4520.asm
                  SSPCON2   0x000fc5       data     extern E:\c18v3.46\pic18-lt\cxx-framework\src\traditional\proc\p18f4520.asm
              SSPCON2bits   0x000fc5       data     extern E:\c18v3.46\pic18-lt\cxx-framework\src\traditional\proc\p18f4520.asm
                  SSPSTAT   0x000fc7       data     extern E:\c18v3.46\pic18-lt\cxx-framework\src\traditional\proc\p18f4520.asm
              SSPSTATbits   0x000fc7       data     extern E:\c18v3.46\pic18-lt\cxx-framework\src\traditional\proc\p18f4520.asm
                   STATUS   0x000fd8       data     extern E:\c18v3.46\pic18-lt\cxx-framework\src\traditional\proc\p18f4520.asm
               STATUSbits   0x000fd8       data     extern E:\c18v3.46\pic18-lt\cxx-framework\src\traditional\proc\p18f4520.asm
                   STKPTR   0x000ffc       data     extern E:\c18v3.46\pic18-lt\cxx-framework\src\traditional\proc\p18f4520.asm
               STKPTRbits   0x000ffc       data     extern E:\c18v3.46\pic18-lt\cxx-framework\src\traditional\proc\p18f4520.asm
                    State   0x00055e       data     extern C:\Users\sgle6040\Documents\MTRX3_Major\CommanderMain.X\main.c
                    T0CON   0x000fd5       data     extern E:\c18v3.46\pic18-lt\cxx-framework\src\traditional\proc\p18f4520.asm
                T0CONbits   0x000fd5       data     extern E:\c18v3.46\pic18-lt\cxx-framework\src\traditional\proc\p18f4520.asm
                    T1CON   0x000fcd       data     extern E:\c18v3.46\pic18-lt\cxx-framework\src\traditional\proc\p18f4520.asm
                T1CONbits   0x000fcd       data     extern E:\c18v3.46\pic18-lt\cxx-framework\src\traditional\proc\p18f4520.asm
                    T2CON   0x000fca       data     extern E:\c18v3.46\pic18-lt\cxx-framework\src\traditional\proc\p18f4520.asm
                T2CONbits   0x000fca       data     extern E:\c18v3.46\pic18-lt\cxx-framework\src\traditional\proc\p18f4520.asm
                    T3CON   0x000fb1       data     extern E:\c18v3.46\pic18-lt\cxx-framework\src\traditional\proc\p18f4520.asm
                T3CONbits   0x000fb1       data     extern E:\c18v3.46\pic18-lt\cxx-framework\src\traditional\proc\p18f4520.asm
                   TABLAT   0x000ff5       data     extern E:\c18v3.46\pic18-lt\cxx-framework\src\traditional\proc\p18f4520.asm
                   TBLPTR   0x000ff6       data     extern E:\c18v3.46\pic18-lt\cxx-framework\src\traditional\proc\p18f4520.asm
[...]
                     DDRD   0x000f95       data     extern E:\c18v3.46\pic18-lt\cxx-framework\src\traditional\proc\p18f4520.asm
                TRISDbits   0x000f95       data     extern E:\c18v3.46\pic18-lt\cxx-framework\src\traditional\proc\p18f4520.asm
                    TRISD   0x000f95       data     extern E:\c18v3.46\pic18-lt\cxx-framework\src\traditional\proc\p18f4520.asm
                    TRISE   0x000f96       data     extern E:\c18v3.46\pic18-lt\cxx-framework\src\traditional\proc\p18f4520.asm
                TRISEbits   0x000f96       data     extern E:\c18v3.46\pic18-lt\cxx-framework\src\traditional\proc\p18f4520.asm
                     DDRE   0x000f96       data     extern E:\c18v3.46\pic18-lt\cxx-framework\src\traditional\proc\p18f4520.asm
                 DDREbits   0x000f96       data     extern E:\c18v3.46\pic18-lt\cxx-framework\src\traditional\proc\p18f4520.asm
                  OSCTUNE   0x000f9b       data     extern E:\c18v3.46\pic18-lt\cxx-framework\src\traditional\proc\p18f4520.asm
              OSCTUNEbits   0x000f9b       data     extern E:\c18v3.46\pic18-lt\cxx-framework\src\traditional\proc\p18f4520.asm
                 PIE1bits   0x000f9d       data     extern E:\c18v3.46\pic18-lt\cxx-framework\src\traditional\proc\p18f4520.asm
                     PIE1   0x000f9d       data     extern E:\c18v3.46\pic18-lt\cxx-framework\src\traditional\proc\p18f4520.asm
                 PIR1bits   0x000f9e       data     extern E:\c18v3.46\pic18-lt\cxx-framework\src\traditional\proc\p18f4520.asm
                     PIR1   0x000f9e       data     extern E:\c18v3.46\pic18-lt\cxx-framework\src\traditional\proc\p18f4520.asm
                 IPR1bits   0x000f9f       data     extern E:\c18v3.46\pic18-lt\cxx-framework\src\traditional\proc\p18f4520.asm
                     IPR1   0x000f9f       data     extern E:\c18v3.46\pic18-lt\cxx-framework\src\traditional\proc\p18f4520.asm
                     PIE2   0x000fa0       data     extern E:\c18v3.46\pic18-lt\cxx-framework\src\traditional\proc\p18f4520.asm
                 PIE2bits   0x000fa0       data     extern E:\c18v3.46\pic18-lt\cxx-framework\src\traditional\proc\p18f4520.asm
                     PIR2   0x000fa1       data     extern E:\c18v3.46\pic18-lt\cxx-framework\src\traditional\proc\p18f4520.asm
                 PIR2bits   0x000fa1       data     extern E:\c18v3.46\pic18-lt\cxx-framework\src\traditional\proc\p18f4520.asm
                     IPR2   0x000fa2       data     extern E:\c18v3.46\pic18-lt\cxx-framework\src\traditional\proc\p18f4520.asm
                 IPR2bits   0x000fa2       data     extern E:\c18v3.46\pic18-lt\cxx-framework\src\traditional\proc\p18f4520.asm
               EECON1bits   0x000fa6       data     extern E:\c18v3.46\pic18-lt\cxx-framework\src\traditional\proc\p18f4520.asm
                   EECON1   0x000fa6       data     extern E:\c18v3.46\pic18-lt\cxx-framework\src\traditional\proc\p18f4520.asm
                   EECON2   0x000fa7       data     extern E:\c18v3.46\pic18-lt\cxx-framework\src\traditional\proc\p18f4520.asm
                   EEDATA   0x000fa8       data     extern E:\c18v3.46\pic18-lt\cxx-framework\src\traditional\proc\p18f4520.asm
                    EEADR   0x000fa9       data     extern E:\c18v3.46\pic18-lt\cxx-framework\src\traditional\proc\p18f4520.asm
                RCSTAbits   0x000fab       data     extern E:\c18v3.46\pic18-lt\cxx-framework\src\traditional\proc\p18f4520.asm
                    RCSTA   0x000fab       data     extern E:\c18v3.46\pic18-lt\cxx-framework\src\traditional\proc\p18f4520.asm
                TXSTAbits   0x000fac       data     extern E:\c18v3.46\pic18-lt\cxx-framework\src\traditional\proc\p18f4520.asm
                    TXSTA   0x000fac       data     extern E:\c18v3.46\pic18-lt\cxx-framework\src\traditional\proc\p18f4520.asm
                    TXREG   0x000fad       data     extern E:\c18v3.46\pic18-lt\cxx-framework\src\traditional\proc\p18f4520.asm
                    RCREG   0x000fae       data     extern E:\c18v3.46\pic18-lt\cxx-framework\src\traditional\proc\p18f4520.asm
                    SPBRG   0x000faf       data     extern E:\c18v3.46\pic18-lt\cxx-framework\src\traditional\proc\p18f4520.asm
                   SPBRGH   0x000fb0       data     extern E:\c18v3.46\pic18-lt\cxx-framework\src\traditional\proc\p18f4520.asm
                    T3CON   0x000fb1       data     extern E:\c18v3.46\pic18-lt\cxx-framework\src\traditional\proc\p18f4520.asm
                T3CONbits   0x000fb1       data     extern E:\c18v3.46\pic18-lt\cxx-framework\src\traditional\proc\p18f4520.asm
                    TMR3L   0x000fb2       data     extern E:\c18v3.46\pic18-lt\cxx-framework\src\traditional\proc\p18f4520.asm
                    TMR3H   0x000fb3       data     extern E:\c18v3.46\pic18-lt\cxx-framework\src\traditional\proc\p18f4520.asm
                    CMCON   0x000fb4       data     extern E:\c18v3.46\pic18-lt\cxx-framework\src\traditional\proc\p18f4520.asm
                CMCONbits   0x000fb4       data     extern E:\c18v3.46\pic18-lt\cxx-framework\src\traditional\proc\p18f4520.asm
                   CVRCON   0x000fb5       data     extern E:\c18v3.46\pic18-lt\cxx-framework\src\traditional\proc\p18f4520.asm
               CVRCONbits   0x000fb5       data     extern E:\c18v3.46\pic18-lt\cxx-framework\src\traditional\proc\p18f4520.asm
                  ECCP1AS   0x000fb6       data     extern E:\c18v3.46\pic18-lt\cxx-framework\src\traditional\proc\p18f4520.asm
              ECCP1ASbits   0x000fb6       data     extern E:\c18v3.46\pic18-lt\cxx-framework\src\traditional\proc\p18f4520.asm
               ECCPASbits   0x000fb6       data     extern E:\c18v3.46\pic18-lt\cxx-framework\src\traditional\proc\p18f4520.asm
                   ECCPAS   0x000fb6       data     extern E:\c18v3.46\pic18-lt\cxx-framework\src\traditional\proc\p18f4520.asm
                 ECCP1DEL   0x000fb7       data     extern E:\c18v3.46\pic18-lt\cxx-framework\src\traditional\proc\p18f4520.asm
             ECCP1DELbits   0x000fb7       data     extern E:\c18v3.46\pic18-lt\cxx-framework\src\traditional\proc\p18f4520.asm
              PWM1CONbits   0x000fb7       data     extern E:\c18v3.46\pic18-lt\cxx-framework\src\traditional\proc\p18f4520.asm
                  PWM1CON   0x000fb7       data     extern E:\c18v3.46\pic18-lt\cxx-framework\src\traditional\proc\p18f4520.asm
                  BAUDCON   0x000fb8       data     extern E:\c18v3.46\pic18-lt\cxx-framework\src\traditional\proc\p18f4520.asm
              BAUDCONbits   0x000fb8       data     extern E:\c18v3.46\pic18-lt\cxx-framework\src\traditional\proc\p18f4520.asm
                  BAUDCTL   0x000fb8       data     extern E:\c18v3.46\pic18-lt\cxx-framework\src\traditional\proc\p18f4520.asm
              BAUDCTLbits   0x000fb8       data     extern E:\c18v3.46\pic18-lt\cxx-framework\src\traditional\proc\p18f4520.asm
                  CCP2CON   0x000fba       data     extern E:\c18v3.46\pic18-lt\cxx-framework\src\traditional\proc\p18f4520.asm
              CCP2CONbits   0x000fba       data     extern E:\c18v3.46\pic18-lt\cxx-framework\src\traditional\proc\p18f4520.asm
                    CCPR2   0x000fbb       data     extern E:\c18v3.46\pic18-lt\cxx-framework\src\traditional\proc\p18f4520.asm
                   CCPR2L   0x000fbb       data     extern E:\c18v3.46\pic18-lt\cxx-framework\src\traditional\proc\p18f4520.asm
                   CCPR2H   0x000fbc       data     extern E:\c18v3.46\pic18-lt\cxx-framework\src\traditional\proc\p18f4520.asm
              CCP1CONbits   0x000fbd       data     extern E:\c18v3.46\pic18-lt\cxx-framework\src\traditional\proc\p18f4520.asm
                  CCP1CON   0x000fbd       data     extern E:\c18v3.46\pic18-lt\cxx-framework\src\traditional\proc\p18f4520.asm
                    CCPR1   0x000fbe       data     extern E:\c18v3.46\pic18-lt\cxx-framework\src\traditional\proc\p18f4520.asm
                   CCPR1L   0x000fbe       data     extern E:\c18v3.46\pic18-lt\cxx-framework\src\traditional\proc\p18f4520.asm
                   CCPR1H   0x000fbf       data     extern E:\c18v3.46\pic18-lt\cxx-framework\src\traditional\proc\p18f4520.asm
               ADCON2bits   0x000fc0       data     extern E:\c18v3.46\pic18-lt\cxx-framework\src\traditional\proc\p18f4520.asm
                   ADCON2   0x000fc0       data     extern E:\c18v3.46\pic18-lt\cxx-framework\src\traditional\proc\p18f4520.asm
               ADCON1bits   0x000fc1       data     extern E:\c18v3.46\pic18-lt\cxx-framework\src\traditional\proc\p18f4520.asm
                   ADCON1   0x000fc1       data     extern E:\c18v3.46\pic18-lt\cxx-framework\src\traditional\proc\p18f4520.asm
               ADCON0bits   0x000fc2       data     extern E:\c18v3.46\pic18-lt\cxx-framework\src\traditional\proc\p18f4520.asm
                   ADCON0   0x000fc2       data     extern E:\c18v3.46\pic18-lt\cxx-framework\src\traditional\proc\p18f4520.asm
                    ADRES   0x000fc3       data     extern E:\c18v3.46\pic18-lt\cxx-framework\src\traditional\proc\p18f4520.asm
                   ADRESL   0x000fc3       data     extern E:\c18v3.46\pic18-lt\cxx-framework\src\traditional\proc\p18f4520.asm
                   ADRESH   0x000fc4       data     extern E:\c18v3.46\pic18-lt\cxx-framework\src\traditional\proc\p18f4520.asm
              SSPCON2bits   0x000fc5       data     extern E:\c18v3.46\pic18-lt\cxx-framework\src\traditional\proc\p18f4520.asm
                  SSPCON2   0x000fc5       data     extern E:\c18v3.46\pic18-lt\cxx-framework\src\traditional\proc\p18f4520.asm
              SSPCON1bits   0x000fc6       data     extern E:\c18v3.46\pic18-lt\cxx-framework\src\traditional\proc\p18f4520.asm
                  SSPCON1   0x000fc6       data     extern E:\c18v3.46\pic18-lt\cxx-framework\src\traditional\proc\p18f4520.asm
              SSPSTATbits   0x000fc7       data     extern E:\c18v3.46\pic18-lt\cxx-framework\src\traditional\proc\p18f4520.asm
                  SSPSTAT   0x000fc7       data     extern E:\c18v3.46\pic18-lt\cxx-framework\src\traditional\proc\p18f4520.asm
                   SSPADD   0x000fc8       data     extern E:\c18v3.46\pic18-lt\cxx-framework\src\traditional\proc\p18f4520.asm
                   SSPBUF   0x000fc9       data     extern E:\c18v3.46\pic18-lt\cxx-framework\src\traditional\proc\p18f4520.asm
                T2CONbits   0x000fca       data     extern E:\c18v3.46\pic18-lt\cxx-framework\src\traditional\proc\p18f4520.asm
                    T2CON   0x000fca       data     extern E:\c18v3.46\pic18-lt\cxx-framework\src\traditional\proc\p18f4520.asm
                      PR2   0x000fcb       data     extern E:\c18v3.46\pic18-lt\cxx-framework\src\traditional\proc\p18f4520.asm
                     TMR2   0x000fcc       data     extern E:\c18v3.46\pic18-lt\cxx-framework\src\traditional\proc\p18f4520.asm
                T1CONbits   0x000fcd       data     extern E:\c18v3.46\pic18-lt\cxx-framework\src\traditional\proc\p18f4520.asm
                    T1CON   0x000fcd       data     extern E:\c18v3.46\pic18-lt\cxx-framework\src\traditional\proc\p18f4520.asm
                    TMR1L   0x000fce       data     extern E:\c18v3.46\pic18-lt\cxx-framework\src\traditional\proc\p18f4520.asm
                    TMR1H   0x000fcf       data     extern E:\c18v3.46\pic18-lt\cxx-framework\src\traditional\proc\p18f4520.asm
                 RCONbits   0x000fd0       data     extern E:\c18v3.46\pic18-lt\cxx-framework\src\traditional\proc\p18f4520.asm
                     RCON   0x000fd0       data     extern E:\c18v3.46\pic18-lt\cxx-framework\src\traditional\proc\p18f4520.asm
               WDTCONbits   0x000fd1       data     extern E:\c18v3.46\pic18-lt\cxx-framework\src\traditional\proc\p18f4520.asm
                   WDTCON   0x000fd1       data     extern E:\c18v3.46\pic18-lt\cxx-framework\src\traditional\proc\p18f4520.asm
                  HLVDCON   0x000fd2       data     extern E:\c18v3.46\pic18-lt\cxx-framework\src\traditional\proc\p18f4520.asm
              HLVDCONbits   0x000fd2       data     extern E:\c18v3.46\pic18-lt\cxx-framework\src\traditional\proc\p18f4520.asm
                   LVDCON   0x000fd2       data     extern E:\c18v3.46\pic18-lt\cxx-framework\src\traditional\proc\p18f4520.asm
               LVDCONbits   0x000fd2       data     extern E:\c18v3.46\pic18-lt\cxx-framework\src\traditional\proc\p18f4520.asm
                   OSCCON   0x000fd3       data     extern E:\c18v3.46\pic18-lt\cxx-framework\src\traditional\proc\p18f4520.asm
               OSCCONbits   0x000fd3       data     extern E:\c18v3.46\pic18-lt\cxx-framework\src\traditional\proc\p18f4520.asm
                T0CONbits   0x000fd5       data     extern E:\c18v3.46\pic18-lt\cxx-framework\src\traditional\proc\p18f4520.asm
                    T0CON   0x000fd5       data     extern E:\c18v3.46\pic18-lt\cxx-framework\src\traditional\proc\p18f4520.asm
                    TMR0L   0x000fd6       data     extern E:\c18v3.46\pic18-lt\cxx-framework\src\traditional\proc\p18f4520.asm
                    TMR0H   0x000fd7       data     extern E:\c18v3.46\pic18-lt\cxx-framework\src\traditional\proc\p18f4520.asm
                   STATUS   0x000fd8       data     extern E:\c18v3.46\pic18-lt\cxx-framework\src\traditional\proc\p18f4520.asm
               STATUSbits   0x000fd8       data     extern E:\c18v3.46\pic18-lt\cxx-framework\src\traditional\proc\p18f4520.asm
                     FSR2   0x000fd9       data     extern E:\c18v3.46\pic18-lt\cxx-framework\src\traditional\proc\p18f4520.asm
                    FSR2L   0x000fd9       data     extern E:\c18v3.46\pic18-lt\cxx-framework\src\traditional\proc\p18f4520.asm
                    FSR2H   0x000fda       data     extern E:\c18v3.46\pic18-lt\cxx-framework\src\traditional\proc\p18f4520.asm
                   PLUSW2   0x000fdb       data     extern E:\c18v3.46\pic18-lt\cxx-framework\src\traditional\proc\p18f4520.asm
                  PREINC2   0x000fdc       data     extern E:\c18v3.46\pic18-lt\cxx-framework\src\traditional\proc\p18f4520.asm
                 POSTDEC2   0x000fdd       data     extern E:\c18v3.46\pic18-lt\cxx-framework\src\traditional\proc\p18f4520.asm
                 POSTINC2   0x000fde       data     extern E:\c18v3.46\pic18-lt\cxx-framework\src\traditional\proc\p18f4520.asm
                    INDF2   0x000fdf       data     extern E:\c18v3.46\pic18-lt\cxx-framework\src\traditional\proc\p18f4520.asm
                      BSR   0x000fe0       data     extern E:\c18v3.46\pic18-lt\cxx-framework\src\traditional\proc\p18f4520.asm
                     FSR1   0x000fe1       data     extern E:\c18v3.46\pic18-lt\cxx-framework\src\traditional\proc\p18f4520.asm
                    FSR1L   0x000fe1       data     extern E:\c18v3.46\pic18-lt\cxx-framework\src\traditional\proc\p18f4520.asm
                    FSR1H   0x000fe2       data     extern E:\c18v3.46\pic18-lt\cxx-framework\src\traditional\proc\p18f4520.asm
                   PLUSW1   0x000fe3       data     extern E:\c18v3.46\pic18-lt\cxx-framework\src\traditional\proc\p18f4520.asm
                  PREINC1   0x000fe4       data     extern E:\c18v3.46\pic18-lt\cxx-framework\src\traditional\proc\p18f4520.asm
                 POSTDEC1   0x000fe5       data     extern E:\c18v3.46\pic18-lt\cxx-framework\src\traditional\proc\p18f4520.asm
                 POSTINC1   0x000fe6       data     extern E:\c18v3.46\pic18-lt\cxx-framework\src\traditional\proc\p18f4520.asm
                    INDF1   0x000fe7       data     extern E:\c18v3.46\pic18-lt\cxx-framework\src\traditional\proc\p18f4520.asm
                        W   0x000fe8       data     extern E:\c18v3.46\pic18-lt\cxx-framework\src\traditional\proc\p18f4520.asm
                     WREG   0x000fe8       data     extern E:\c18v3.46\pic18-lt\cxx-framework\src\traditional\proc\p18f4520.asm
                    FSR0L   0x000fe9       data     extern E:\c18v3.46\pic18-lt\cxx-framework\src\traditional\proc\p18f4520.asm
                     FSR0   0x000fe9       data     extern E:\c18v3.46\pic18-lt\cxx-framework\src\traditional\proc\p18f4520.asm
                    FSR0H   0x000fea       data     extern E:\c18v3.46\pic18-lt\cxx-framework\src\traditional\proc\p18f4520.asm
                   PLUSW0   0x000feb       data     extern E:\c18v3.46\pic18-lt\cxx-framework\src\traditional\proc\p18f4520.asm
                  PREINC0   0x000fec       data     extern E:\c18v3.46\pic18-lt\cxx-framework\src\traditional\proc\p18f4520.asm
                 POSTDEC0   0x000fed       data     extern E:\c18v3.46\pic18-lt\cxx-framework\src\traditional\proc\p18f4520.asm
                 POSTINC0   0x000fee       data     extern E:\c18v3.46\pic18-lt\cxx-framework\src\traditional\proc\p18f4520.asm
                    INDF0   0x000fef       data     extern E:\c18v3.46\pic18-lt\cxx-framework\src\traditional\proc\p18f4520.asm
              INTCON3bits   0x000ff0       data     extern E:\c18v3.46\pic18-lt\cxx-framework\src\traditional\proc\p18f4520.asm
                  INTCON3   0x000ff0       data     extern E:\c18v3.46\pic18-lt\cxx-framework\src\traditional\proc\p18f4520.asm
              INTCON2bits   0x000ff1       data     extern E:\c18v3.46\pic18-lt\cxx-framework\src\traditional\proc\p18f4520.asm
                  INTCON2   0x000ff1       data     extern E:\c18v3.46\pic18-lt\cxx-framework\src\traditional\proc\p18f4520.asm
               INTCONbits   0x000ff2       data     extern E:\c18v3.46\pic18-lt\cxx-framework\src\traditional\proc\p18f4520.asm
                   INTCON   0x000ff2       data     extern E:\c18v3.46\pic18-lt\cxx-framework\src\traditional\proc\p18f4520.asm
                     PROD   0x000ff3       data     extern E:\c18v3.46\pic18-lt\cxx-framework\src\traditional\proc\p18f4520.asm
                    PRODL   0x000ff3       data     extern E:\c18v3.46\pic18-lt\cxx-framework\src\traditional\proc\p18f4520.asm
                    PRODH   0x000ff4       data     extern E:\c18v3.46\pic18-lt\cxx-framework\src\traditional\proc\p18f4520.asm
                   TABLAT   0x000ff5       data     extern E:\c18v3.46\pic18-lt\cxx-framework\src\traditional\proc\p18f4520.asm
                   TBLPTR   0x000ff6       data     extern E:\c18v3.46\pic18-lt\cxx-framework\src\traditional\proc\p18f4520.asm
                  TBLPTRL   0x000ff6       data     extern E:\c18v3.46\pic18-lt\cxx-framework\src\traditional\proc\p18f4520.asm
                  TBLPTRH   0x000ff7       data     extern E:\c18v3.46\pic18-lt\cxx-framework\src\traditional\proc\p18f4520.asm
                  TBLPTRU   0x000ff8       data     extern E:\c18v3.46\pic18-lt\cxx-framework\src\traditional\proc\p18f4520.asm
                      PCL   0x000ff9       data     extern E:\c18v3.46\pic18-lt\cxx-framework\src\traditional\proc\p18f4520.asm
                       PC   0x000ff9       data     extern E:\c18v3.46\pic18-lt\cxx-framework\src\traditional\proc\p18f4520.asm
                   PCLATH   0x000ffa       data     extern E:\c18v3.46\pic18-lt\cxx-framework\src\traditional\proc\p18f4520.asm
                   PCLATU   0x000ffb       data     extern E:\c18v3.46\pic18-lt\cxx-framework\src\traditional\proc\p18f4520.asm
               STKPTRbits   0x000ffc       data     extern E:\c18v3.46\pic18-lt\cxx-framework\src\traditional\proc\p18f4520.asm
                   STKPTR   0x000ffc       data     extern E:\c18v3.46\pic18-lt\cxx-framework\src\traditional\proc\p18f4520.asm
                     TOSL   0x000ffd       data     extern E:\c18v3.46\pic18-lt\cxx-framework\src\traditional\proc\p18f4520.asm
                      TOS   0x000ffd       data     extern E:\c18v3.46\pic18-lt\cxx-framework\src\traditional\proc\p18f4520.asm
                     TOSH   0x000ffe       data     extern E:\c18v3.46\pic18-lt\cxx-framework\src\traditional\proc\p18f4520.asm
                     TOSU   0x000fff       data     extern E:\c18v3.46\pic18-lt\cxx-framework\src\traditional\proc\p18f4520.asm


