MPLINK 4.48, Linker
Linker Map File - Created Tue Oct 25 16:32:45 2016

                                 Section Info
                  Section       Type    Address   Location Size(Bytes)
                ---------  ---------  ---------  ---------  ---------
               _entry_scn       code   0x000000    program   0x000006
       .code__user_putc.o       code   0x000006    program   0x000002
    high_interrupt_vector       code   0x000008    program   0x000006
           .code___init.o       code   0x00000e    program   0x000002
.code_UserinterfaceInitialise.o       code   0x000010    program   0x000002
    .romdata__user_putc.o    romdata   0x000012    program   0x000000
      .idata_wcmdxlcd.o_i    romdata   0x000012    program   0x000000
      .romdata_wcmdxlcd.o    romdata   0x000012    program   0x000000
      .idata_writdata.o_i    romdata   0x000012    program   0x000000
      .romdata_writdata.o    romdata   0x000012    program   0x000000
         .romdata_udefs.o    romdata   0x000012    program   0x000000
         .idata_udefs.o_i    romdata   0x000012    program   0x000000
      .romdata_LCDWrite.o    romdata   0x000012    program   0x000000
        .romdata_uwrite.o    romdata   0x000012    program   0x000000
        .idata_uwrite.o_i    romdata   0x000012    program   0x000000
.romdata_PrimaryInterfaceOutput.o    romdata   0x000012    program   0x000000
         .romdata_uopen.o    romdata   0x000012    program   0x000000
         .idata_uopen.o_i    romdata   0x000012    program   0x000000
      .romdata_fxd0808u.o    romdata   0x000012    program   0x000000
.romdata_SecondaryInterfaceOutput.o    romdata   0x000012    program   0x000000
         .romdata_c018i.o    romdata   0x000012    program   0x000000
.romdata_StateTransition.o    romdata   0x000012    program   0x000000
          .romdata_main.o    romdata   0x000012    program   0x000000
     .romdata_UserInput.o    romdata   0x000012    program   0x000000
    .romdata_Navigation.o    romdata   0x000012    program   0x000000
.romdata_Communications.o    romdata   0x000012    program   0x000000
 .romdata_UserInterface.o    romdata   0x000012    program   0x000000
    .idata_xlcddelays.o_i    romdata   0x000012    program   0x000000
    .romdata_xlcddelays.o    romdata   0x000012    program   0x000000
      .romdata_putsuart.o    romdata   0x000012    program   0x000000
         .idata_servo.o_i    romdata   0x000012    program   0x000001
         .romdata_servo.o    romdata   0x000012    program   0x000000
      .romdata_putrxlcd.o    romdata   0x000012    program   0x000000
      .romdata_fxd3232u.o    romdata   0x000012    program   0x000000
      .romdata_openxlcd.o    romdata   0x000012    program   0x000000
      .romdata_putsxlcd.o    romdata   0x000012    program   0x000000
       .romdata_fxm3232.o    romdata   0x000012    program   0x000000
      .romdata_busyxlcd.o    romdata   0x000012    program   0x000000
      .romdata_readaddr.o    romdata   0x000012    program   0x000000
      .idata_vfprintf.o_i    romdata   0x000012    program   0x000000
      .romdata_readdata.o    romdata   0x000012    program   0x000000
       .romdata_sprintf.o    romdata   0x000012    program   0x000000
      .idata_setcgram.o_i    romdata   0x000012    program   0x000000
      .romdata_setcgram.o    romdata   0x000012    program   0x000000
       .idata_sprintf.o_i    romdata   0x000012    program   0x000000
      .idata_setddram.o_i    romdata   0x000012    program   0x000000
      .romdata_setddram.o    romdata   0x000012    program   0x000000
          .romdata_putc.o    romdata   0x000012    program   0x000000
        .romdata___init.o    romdata   0x000012    program   0x000000
.romdata_UserinterfaceInitialise.o    romdata   0x000012    program   0x000000
          .idata_putc.o_i    romdata   0x000013    program   0x000000
      .idata_openxlcd.o_i    romdata   0x000013    program   0x000000
      .idata_putsuart.o_i    romdata   0x000013    program   0x000000
      .idata_putrxlcd.o_i    romdata   0x000013    program   0x000000
          .idata_main.o_i    romdata   0x000013    program   0x000002
      .idata_putsxlcd.o_i    romdata   0x000013    program   0x000000
      .idata_readaddr.o_i    romdata   0x000013    program   0x000000
      .idata_readdata.o_i    romdata   0x000013    program   0x000000
       .idata_fxm3232.o_i    romdata   0x000015    program   0x000000
.idata_Communications.o_i    romdata   0x000015    program   0x000000
      .idata_fxd0808u.o_i    romdata   0x000015    program   0x000000
      .idata_fxd3232u.o_i    romdata   0x000015    program   0x000000
        .idata___init.o_i    romdata   0x000015    program   0x000000
    .idata__user_putc.o_i    romdata   0x000015    program   0x000000
.idata_SecondaryInterfaceOutput.o_i    romdata   0x000015    program   0x000000
         .idata_c018i.o_i    romdata   0x000015    program   0x000000
      .idata_busyxlcd.o_i    romdata   0x000015    program   0x000000
.idata_UserinterfaceInitialise.o_i    romdata   0x000015    program   0x000000
      .idata_LCDWrite.o_i    romdata   0x000015    program   0x000000
.idata_PrimaryInterfaceOutput.o_i    romdata   0x000015    program   0x000000
     .idata_UserInput.o_i    romdata   0x000015    program   0x000000
            .code_c018i.o       code   0x000016    program   0x000000
            .code_udefs.o       code   0x000016    program   0x000000
     low_interrupt_vector       code   0x000018    program   0x000006
                   .cinit    romdata   0x00001e    program   0x00003e
  .code_StateTransition.o       code   0x00005c    program   0x001708
.code_PrimaryInterfaceOutput.o       code   0x001764    program   0x000e58
         .code_vfprintf.o       code   0x0025bc    program   0x000c22
.code_SecondaryInterfaceOutput.o       code   0x0031de    program   0x0008fc
             .code_main.o       code   0x003ada    program   0x00077c
             .stringtable    romdata   0x004256    program   0x00073c
       .code_Navigation.o       code   0x004992    program   0x0005c8
        .code_UserInput.o       code   0x004f5a    program   0x000348
            .code_servo.o       code   0x0052a2    program   0x000304
         .code_LCDWrite.o       code   0x0055a6    program   0x00014a
    .code_UserInterface.o       code   0x0056f0    program   0x000112
   .code_Communications.o       code   0x005802    program   0x000100
         .code_openxlcd.o       code   0x005902    program   0x0000de
       .code_xlcddelays.o       code   0x0059e0    program   0x0000ac
          .code_sprintf.o       code   0x005a8c    program   0x0000ac
               _cinit_scn       code   0x005b38    program   0x00009e
                     PROG       code   0x005bd6    program   0x00008e
            .code_uopen.o       code   0x005c64    program   0x00008a
                 UARTCODE       code   0x005cee    program   0x000088
             .code_putc.o       code   0x005d76    program   0x000084
          .code_fxm3232.o       code   0x005dfa    program   0x000070
         .code_putrxlcd.o       code   0x005e6a    program   0x000068
                   STRING       code   0x005ed2    program   0x000066
         .code_setddram.o       code   0x005f38    program   0x000050
         .code_setcgram.o       code   0x005f88    program   0x000050
         .code_writdata.o       code   0x005fd8    program   0x00004e
         .code_wcmdxlcd.o       code   0x006026    program   0x00004e
         .code_putsxlcd.o       code   0x006074    program   0x00004e
         .code_fxd3232u.o       code   0x0060c2    program   0x000048
         .code_readdata.o       code   0x00610a    program   0x000046
         .code_readaddr.o       code   0x006150    program   0x000046
         .code_busyxlcd.o       code   0x006196    program   0x00003e
         .code_putsuart.o       code   0x0061d4    program   0x00003c
             D10KTCYXCODE       code   0x006210    program   0x00002e
           .code_uwrite.o       code   0x00623e    program   0x00002e
                    CTYPE       code   0x00626c    program   0x000024
                    .code       code   0x006290    program   0x000020
             _startup_scn       code   0x0062b0    program   0x00001c
                    STDIO       code   0x0062cc    program   0x00001c
             D100TCYXCODE       code   0x0062e8    program   0x00001c
         .code_fxd0808u.o       code   0x006304    program   0x00001c
              D10TCYXCODE       code   0x006320    program   0x000016
      .romdata_vfprintf.o    romdata   0x006336    program   0x000011
 .idata_UserInterface.o_i    romdata   0x006347    program   0x000008
.idata_StateTransition.o_i    romdata   0x00634f    program   0x000007
    .idata_Navigation.o_i    romdata   0x006356    program   0x000011
    .config_300001_main.o    romdata   0x300001    program   0x000001
    .config_300002_main.o    romdata   0x300002    program   0x000001
    .config_300003_main.o    romdata   0x300003    program   0x000001
    .config_300005_main.o    romdata   0x300005    program   0x000001
    .config_300006_main.o    romdata   0x300006    program   0x000001
    .config_300008_main.o    romdata   0x300008    program   0x000001
    .config_300009_main.o    romdata   0x300009    program   0x000001
    .config_30000a_main.o    romdata   0x30000a    program   0x000001
    .config_30000b_main.o    romdata   0x30000b    program   0x000001
    .config_30000c_main.o    romdata   0x30000c    program   0x000001
    .config_30000d_main.o    romdata   0x30000d    program   0x000001
                MATH_DATA      udata   0x000000       data   0x000014
                 .tmpdata      udata   0x000014       data   0x000008
                DELAYDAT2      udata   0x00001c       data   0x000001
                DELAYDAT1      udata   0x00001d       data   0x000001
.udata_SecondaryInterfaceOutput.o      udata   0x000080       data   0x000050
            .udata_main.o      udata   0x0000d0       data   0x000020
.udata_PrimaryInterfaceOutput.o      udata   0x0000f0       data   0x000010
      .idata_Navigation.o      idata   0x000100       data   0x000011
           .udata_c018i.o      udata   0x000111       data   0x00000a
   .idata_UserInterface.o      idata   0x00011b       data   0x000008
 .idata_StateTransition.o      idata   0x000123       data   0x000007
                 UARTDATA      udata   0x00012a       data   0x000002
 .udata_StateTransition.o      udata   0x00012c       data   0x000002
  .udata_Communications.o      udata   0x00012e       data   0x000002
            .idata_main.o      idata   0x000130       data   0x000002
           .udata_udefs.o      udata   0x000132       data   0x000001
   .udata_UserInterface.o      udata   0x000133       data   0x000001
           .idata_servo.o      idata   0x000134       data   0x000001
      .idata__user_putc.o      idata   0x000135       data   0x000000
        .idata_putsuart.o      idata   0x000135       data   0x000000
      .udata__user_putc.o      udata   0x000135       data   0x000000
  .idata_Communications.o      idata   0x000135       data   0x000000
            .idata_putc.o      idata   0x000135       data   0x000000
            .udata_putc.o      udata   0x000135       data   0x000000
      .udata_Navigation.o      udata   0x000135       data   0x000000
         .idata_fxm3232.o      idata   0x000135       data   0x000000
         .udata_fxm3232.o      udata   0x000135       data   0x000000
        .idata_fxd3232u.o      idata   0x000135       data   0x000000
        .udata_fxd3232u.o      udata   0x000135       data   0x000000
        .idata_vfprintf.o      idata   0x000135       data   0x000000
        .udata_vfprintf.o      udata   0x000135       data   0x000000
         .idata_sprintf.o      idata   0x000135       data   0x000000
         .udata_sprintf.o      udata   0x000135       data   0x000000
          .idata___init.o      idata   0x000135       data   0x000000
          .udata___init.o      udata   0x000135       data   0x000000
        .udata_fxd0808u.o      udata   0x000135       data   0x000000
        .idata_fxd0808u.o      idata   0x000135       data   0x000000
           .udata_uopen.o      udata   0x000135       data   0x000000
           .idata_uopen.o      idata   0x000135       data   0x000000
          .udata_uwrite.o      udata   0x000135       data   0x000000
          .idata_uwrite.o      idata   0x000135       data   0x000000
           .idata_udefs.o      idata   0x000135       data   0x000000
        .idata_setddram.o      idata   0x000135       data   0x000000
        .udata_setddram.o      udata   0x000135       data   0x000000
        .idata_setcgram.o      idata   0x000135       data   0x000000
        .udata_setcgram.o      udata   0x000135       data   0x000000
        .idata_readdata.o      idata   0x000135       data   0x000000
        .udata_readdata.o      udata   0x000135       data   0x000000
        .idata_readaddr.o      idata   0x000135       data   0x000000
        .udata_readaddr.o      udata   0x000135       data   0x000000
        .idata_putsxlcd.o      idata   0x000135       data   0x000000
        .udata_putsxlcd.o      udata   0x000135       data   0x000000
        .idata_putrxlcd.o      idata   0x000135       data   0x000000
        .udata_putrxlcd.o      udata   0x000135       data   0x000000
        .idata_openxlcd.o      idata   0x000135       data   0x000000
        .udata_openxlcd.o      udata   0x000135       data   0x000000
        .idata_busyxlcd.o      idata   0x000135       data   0x000000
        .udata_busyxlcd.o      udata   0x000135       data   0x000000
           .idata_c018i.o      idata   0x000135       data   0x000000
        .udata_putsuart.o      udata   0x000135       data   0x000000
           .udata_servo.o      udata   0x000135       data   0x000000
      .idata_xlcddelays.o      idata   0x000135       data   0x000000
      .udata_xlcddelays.o      udata   0x000135       data   0x000000
       .idata_UserInput.o      idata   0x000135       data   0x000000
       .udata_UserInput.o      udata   0x000135       data   0x000000
.idata_SecondaryInterfaceOutput.o      idata   0x000135       data   0x000000
.idata_PrimaryInterfaceOutput.o      idata   0x000135       data   0x000000
        .idata_LCDWrite.o      idata   0x000135       data   0x000000
        .udata_LCDWrite.o      udata   0x000135       data   0x000000
        .idata_writdata.o      idata   0x000135       data   0x000000
        .udata_writdata.o      udata   0x000135       data   0x000000
        .idata_wcmdxlcd.o      idata   0x000135       data   0x000000
        .udata_wcmdxlcd.o      udata   0x000135       data   0x000000
.idata_UserinterfaceInitialise.o      idata   0x000135       data   0x000000
.udata_UserinterfaceInitialise.o      udata   0x000135       data   0x000000
                   .stack      udata   0x000500       data   0x000100
            SFR_UNBANKED0      udata   0x000f80       data   0x000080



                              Program Memory Usage 
                               Start         End      
                           ---------   ---------      
                            0x000000    0x000014      
                            0x000018    0x006366      
                            0x300001    0x300003      
                            0x300005    0x300006      
                            0x300008    0x30000d      
            25455 out of 33048 program addresses used, program memory utilization is 77%



                              Symbols - Sorted by Name
                     Name    Address   Location    Storage File                     
                ---------  ---------  ---------  --------- ---------                
                 BusyXLCD   0x006196    program     extern C:\Users\sgle6040\Documents\MTRX3_Major\CommanderMain.X\UISourcefiles\XLCD\busyxlcd.c
             CheckPCInput   0x0050e4    program     extern C:\Users\sgle6040\Documents\MTRX3_Major\CommanderMain.X\UISourcefiles\UserInput.c
           CheckUserInput   0x004fb6    program     extern C:\Users\sgle6040\Documents\MTRX3_Major\CommanderMain.X\UISourcefiles\UserInput.c
     ClearUserInputBuffer   0x005258    program     extern C:\Users\sgle6040\Documents\MTRX3_Major\CommanderMain.X\UISourcefiles\UserInput.c
                   D0808S   0x005bec    program     static E:\c18v3.46\pic18-lt\cxx-framework\src\traditional\math\fxd0808s.asm
                D0808SNEG   0x005bfa    program     static E:\c18v3.46\pic18-lt\cxx-framework\src\traditional\math\fxd0808s.asm
                 D0808SOK   0x005bf6    program     static E:\c18v3.46\pic18-lt\cxx-framework\src\traditional\math\fxd0808s.asm
                  D0808SX   0x005c00    program     static E:\c18v3.46\pic18-lt\cxx-framework\src\traditional\math\fxd0808s.asm
                   D100_1   0x0062f6    program     static E:\c18v3.46\pic18-lt\cxx-framework\src\traditional\delays\d100tcyx.asm
                    D100x   0x0062f4    program     static E:\c18v3.46\pic18-lt\cxx-framework\src\traditional\delays\d100tcyx.asm
                   D10K_1   0x00621c    program     static E:\c18v3.46\pic18-lt\cxx-framework\src\traditional\delays\d10ktcyx.asm
                    D10Kl   0x006228    program     static E:\c18v3.46\pic18-lt\cxx-framework\src\traditional\delays\d10ktcyx.asm
                    D10Kx   0x00621a    program     static E:\c18v3.46\pic18-lt\cxx-framework\src\traditional\delays\d10ktcyx.asm
                    D10_1   0x006330    program     static E:\c18v3.46\pic18-lt\cxx-framework\src\traditional\delays\d10tcyx.asm
                     D10x   0x006328    program     static E:\c18v3.46\pic18-lt\cxx-framework\src\traditional\delays\d10tcyx.asm
                  DA0808S   0x005be2    program     static E:\c18v3.46\pic18-lt\cxx-framework\src\traditional\math\fxd0808s.asm
             Delay100TCYx   0x0062e8    program     extern E:\c18v3.46\pic18-lt\cxx-framework\src\traditional\delays\d100tcyx.asm
             Delay10KTCYx   0x006210    program     extern E:\c18v3.46\pic18-lt\cxx-framework\src\traditional\delays\d10ktcyx.asm
              Delay10TCYx   0x006320    program     extern E:\c18v3.46\pic18-lt\cxx-framework\src\traditional\delays\d10tcyx.asm
            DelayFor18TCY   0x0059e0    program     extern C:\Users\sgle6040\Documents\MTRX3_Major\CommanderMain.X\UISourcefiles\xlcddelays.c
             DelayPORXLCD   0x0059fe    program     extern C:\Users\sgle6040\Documents\MTRX3_Major\CommanderMain.X\UISourcefiles\xlcddelays.c
           DelayRXBitUART   0x0058de    program     extern C:\Users\sgle6040\Documents\MTRX3_Major\CommanderMain.X\Communications.c
       DelayRXHalfBitUART   0x0058c6    program     extern C:\Users\sgle6040\Documents\MTRX3_Major\CommanderMain.X\Communications.c
           DelayTXBitUART   0x00589e    program     extern C:\Users\sgle6040\Documents\MTRX3_Major\CommanderMain.X\Communications.c
                DelayXLCD   0x005a46    program     extern C:\Users\sgle6040\Documents\MTRX3_Major\CommanderMain.X\UISourcefiles\xlcddelays.c
           Emergency_Stop   0x005280    program     extern C:\Users\sgle6040\Documents\MTRX3_Major\CommanderMain.X\UISourcefiles\UserInput.c
                 FXD0808S   0x005bd6    program     extern E:\c18v3.46\pic18-lt\cxx-framework\src\traditional\math\fxd0808s.asm
                 FXD0808U   0x006304    program     extern E:\c18v3.46\pic18-lt\cxx-framework\src\traditional\math\fxd0808u.c
                 FXD3232U   0x0060c2    program     extern E:\c18v3.46\pic18-lt\cxx-framework\src\traditional\math\fxd3232u.c
                 FXM1616S   0x005c0a    program     extern E:\c18v3.46\pic18-lt\cxx-framework\src\traditional\math\fxm1616s.asm
                  FXM3232   0x005dfa    program     extern E:\c18v3.46\pic18-lt\cxx-framework\src\traditional\math\fxm3232.c
                  GetChar   0x005d16    program     static C:\Users\sgle6040\Documents\MTRX3_Major\CommanderMain.X\readuart.asm
              GetPasscode   0x00005c    program     extern C:\Users\sgle6040\Documents\MTRX3_Major\CommanderMain.X\UISourcefiles\StateTransition.c
                 LCDClear   0x0056da    program     extern C:\Users\sgle6040\Documents\MTRX3_Major\CommanderMain.X\UISourcefiles\LCDWrite.c
            LCDInitialise   0x0055a6    program     extern C:\Users\sgle6040\Documents\MTRX3_Major\CommanderMain.X\UISourcefiles\LCDWrite.c
         LCDLine1RAMWrite   0x005604    program     extern C:\Users\sgle6040\Documents\MTRX3_Major\CommanderMain.X\UISourcefiles\LCDWrite.c
         LCDLine1ROMWrite   0x0055b2    program     extern C:\Users\sgle6040\Documents\MTRX3_Major\CommanderMain.X\UISourcefiles\LCDWrite.c
         LCDLine2RAMWrite   0x005698    program     extern C:\Users\sgle6040\Documents\MTRX3_Major\CommanderMain.X\UISourcefiles\LCDWrite.c
         LCDLine2ROMWrite   0x005646    program     extern C:\Users\sgle6040\Documents\MTRX3_Major\CommanderMain.X\UISourcefiles\LCDWrite.c
                LEDOutput   0x00176e    program     extern C:\Users\sgle6040\Documents\MTRX3_Major\CommanderMain.X\UISourcefiles\PrimaryInterfaceOutput.c
                 LEDSetup   0x001764    program     extern C:\Users\sgle6040\Documents\MTRX3_Major\CommanderMain.X\UISourcefiles\PrimaryInterfaceOutput.c
                   ON_OFF   0x005276    program     extern C:\Users\sgle6040\Documents\MTRX3_Major\CommanderMain.X\UISourcefiles\UserInput.c
                 OpenUART   0x005cee    program     extern C:\Users\sgle6040\Documents\MTRX3_Major\CommanderMain.X\openuart.asm
                OpenUSART   0x005c64    program     extern E:\c18v3.46\pic18-lt\cxx-framework\src\pmc_common\USART\uopen.c
                 OpenXLCD   0x005902    program     extern C:\Users\sgle6040\Documents\MTRX3_Major\CommanderMain.X\UISourcefiles\XLCD\openxlcd.c
              PCLineClear   0x003294    program     extern C:\Users\sgle6040\Documents\MTRX3_Major\CommanderMain.X\UISourcefiles\SecondaryInterfaceOutput.c
               PCRAMWrite   0x00324e    program     extern C:\Users\sgle6040\Documents\MTRX3_Major\CommanderMain.X\UISourcefiles\SecondaryInterfaceOutput.c
               PCROMWrite   0x003204    program     extern C:\Users\sgle6040\Documents\MTRX3_Major\CommanderMain.X\UISourcefiles\SecondaryInterfaceOutput.c
   PrimaryInterfaceOutput   0x0017ae    program     extern C:\Users\sgle6040\Documents\MTRX3_Major\CommanderMain.X\UISourcefiles\PrimaryInterfaceOutput.c
             ReadAddrXLCD   0x006150    program     extern C:\Users\sgle6040\Documents\MTRX3_Major\CommanderMain.X\UISourcefiles\XLCD\readaddr.c
             ReadDataXLCD   0x00610a    program     extern C:\Users\sgle6040\Documents\MTRX3_Major\CommanderMain.X\UISourcefiles\XLCD\readdata.c
                 ReadUART   0x005cfc    program     extern C:\Users\sgle6040\Documents\MTRX3_Major\CommanderMain.X\readuart.asm
      ReadUserInputBuffer   0x005222    program     extern C:\Users\sgle6040\Documents\MTRX3_Major\CommanderMain.X\UISourcefiles\UserInput.c
 SecondaryInterfaceOutput   0x0032a4    program     extern C:\Users\sgle6040\Documents\MTRX3_Major\CommanderMain.X\UISourcefiles\SecondaryInterfaceOutput.c
                  SendBit   0x005d52    program     static C:\Users\sgle6040\Documents\MTRX3_Major\CommanderMain.X\writuart.asm
                SendStart   0x005d56    program     static C:\Users\sgle6040\Documents\MTRX3_Major\CommanderMain.X\writuart.asm
             SetCGRamAddr   0x005f88    program     extern C:\Users\sgle6040\Documents\MTRX3_Major\CommanderMain.X\UISourcefiles\XLCD\setcgram.c
             SetDDRamAddr   0x005f38    program     extern C:\Users\sgle6040\Documents\MTRX3_Major\CommanderMain.X\UISourcefiles\XLCD\setddram.c
          StateTransition   0x000126    program     extern C:\Users\sgle6040\Documents\MTRX3_Major\CommanderMain.X\UISourcefiles\StateTransition.c
               TSIGN1616A   0x005c56    program     static E:\c18v3.46\pic18-lt\cxx-framework\src\traditional\math\fxm1616s.asm
                  UISetup   0x0056f0    program     extern C:\Users\sgle6040\Documents\MTRX3_Major\CommanderMain.X\UISourcefiles\UserInterface.c
           UserInputSetup   0x004f5a    program     extern C:\Users\sgle6040\Documents\MTRX3_Major\CommanderMain.X\UISourcefiles\UserInput.c
                 WaitChar   0x005d04    program     static C:\Users\sgle6040\Documents\MTRX3_Major\CommanderMain.X\readuart.asm
             WriteCmdXLCD   0x006026    program     extern C:\Users\sgle6040\Documents\MTRX3_Major\CommanderMain.X\UISourcefiles\XLCD\wcmdxlcd.c
            WriteDataXLCD   0x005fd8    program     extern C:\Users\sgle6040\Documents\MTRX3_Major\CommanderMain.X\UISourcefiles\XLCD\writdata.c
                WriteUART   0x005d3e    program     extern C:\Users\sgle6040\Documents\MTRX3_Major\CommanderMain.X\writuart.asm
               WriteUSART   0x00623e    program     extern E:\c18v3.46\pic18-lt\cxx-framework\src\pmc_common\USART\uwrite.c
     WriteUserInputBuffer   0x004f82    program     extern C:\Users\sgle6040\Documents\MTRX3_Major\CommanderMain.X\UISourcefiles\UserInput.c
                   _2jEnd   0x005f22    program     static E:\c18v3.46\pic18-lt\cxx-framework\src\traditional\stdclib\slenpgm.asm
       _D100TCYXCODE_0008   0x0062f0    program     static E:\c18v3.46\pic18-lt\cxx-framework\src\traditional\delays\d100tcyx.asm
       _D100TCYXCODE_0012   0x0062fa    program     static E:\c18v3.46\pic18-lt\cxx-framework\src\traditional\delays\d100tcyx.asm
       _D100TCYXCODE_0018   0x006300    program     static E:\c18v3.46\pic18-lt\cxx-framework\src\traditional\delays\d100tcyx.asm
       _D10KTCYXCODE_0010   0x006220    program     static E:\c18v3.46\pic18-lt\cxx-framework\src\traditional\delays\d10ktcyx.asm
       _D10KTCYXCODE_001C   0x00622c    program     static E:\c18v3.46\pic18-lt\cxx-framework\src\traditional\delays\d10ktcyx.asm
        _D10TCYXCODE_000A   0x00632a    program     static E:\c18v3.46\pic18-lt\cxx-framework\src\traditional\delays\d10tcyx.asm
        _D10TCYXCODE_000C   0x00632c    program     static E:\c18v3.46\pic18-lt\cxx-framework\src\traditional\delays\d10tcyx.asm
        _D10TCYXCODE_000E   0x00632e    program     static E:\c18v3.46\pic18-lt\cxx-framework\src\traditional\delays\d10tcyx.asm
       ___return_lbl00000   0x0059fc    program     static                          
       ___return_lbl00000   0x000004    program     static                          
       ___return_lbl00000   0x00000c    program     static                          
       ___return_lbl00000   0x00631e    program     static                          
       ___return_lbl00000   0x006108    program     static                          
       ___return_lbl00000   0x005e68    program     static                          
       ___return_lbl00001   0x00001c    program     static                          
       ___return_lbl00001   0x0062ca    program     static                          
       ___return_lbl00001   0x005a32    program     static                          
       ___return_lbl00002   0x005bd4    program     static                          
       ___return_lbl00004   0x005a78    program     static                          
       ___return_lbl00006   0x0058c4    program     static                          
       ___return_lbl00007   0x0058dc    program     static                          
       ___return_lbl00008   0x005900    program     static                          
        ___while_lbl00002   0x005a1a    program     static                          
        ___while_lbl00003   0x005a32    program     static                          
        ___while_lbl00005   0x005a60    program     static                          
        ___while_lbl00006   0x005a78    program     static                          
               __config_0   0x300001    program     static C:\Users\sgle6040\Documents\MTRX3_Major\CommanderMain.X\main.c
               __config_1   0x300002    program     static C:\Users\sgle6040\Documents\MTRX3_Major\CommanderMain.X\main.c
              __config_10   0x30000d    program     static C:\Users\sgle6040\Documents\MTRX3_Major\CommanderMain.X\main.c
               __config_2   0x300003    program     static C:\Users\sgle6040\Documents\MTRX3_Major\CommanderMain.X\main.c
               __config_3   0x300005    program     static C:\Users\sgle6040\Documents\MTRX3_Major\CommanderMain.X\main.c
               __config_4   0x300006    program     static C:\Users\sgle6040\Documents\MTRX3_Major\CommanderMain.X\main.c
               __config_5   0x300008    program     static C:\Users\sgle6040\Documents\MTRX3_Major\CommanderMain.X\main.c
               __config_6   0x300009    program     static C:\Users\sgle6040\Documents\MTRX3_Major\CommanderMain.X\main.c
               __config_7   0x30000a    program     static C:\Users\sgle6040\Documents\MTRX3_Major\CommanderMain.X\main.c
               __config_8   0x30000b    program     static C:\Users\sgle6040\Documents\MTRX3_Major\CommanderMain.X\main.c
               __config_9   0x30000c    program     static C:\Users\sgle6040\Documents\MTRX3_Major\CommanderMain.X\main.c
                   __init   0x00000e    program     extern E:\c18v3.46\pic18-lt\cxx-framework\src\traditional\stdclib\__init.c
                   __pa_0   0x002efc    program     static E:\c18v3.46\pic18-lt\cxx-framework\src\traditional\stdclib\vfprintf.c
                   __pa_1   0x002f04    program     static E:\c18v3.46\pic18-lt\cxx-framework\src\traditional\stdclib\vfprintf.c
                  __pa_10   0x002fb8    program     static E:\c18v3.46\pic18-lt\cxx-framework\src\traditional\stdclib\vfprintf.c
                  __pa_11   0x002fc6    program     static E:\c18v3.46\pic18-lt\cxx-framework\src\traditional\stdclib\vfprintf.c
                  __pa_12   0x002fdc    program     static E:\c18v3.46\pic18-lt\cxx-framework\src\traditional\stdclib\vfprintf.c
                  __pa_13   0x002ff6    program     static E:\c18v3.46\pic18-lt\cxx-framework\src\traditional\stdclib\vfprintf.c
                  __pa_14   0x00300e    program     static E:\c18v3.46\pic18-lt\cxx-framework\src\traditional\stdclib\vfprintf.c
                  __pa_15   0x00301e    program     static E:\c18v3.46\pic18-lt\cxx-framework\src\traditional\stdclib\vfprintf.c
                  __pa_16   0x003034    program     static E:\c18v3.46\pic18-lt\cxx-framework\src\traditional\stdclib\vfprintf.c
                  __pa_17   0x003046    program     static E:\c18v3.46\pic18-lt\cxx-framework\src\traditional\stdclib\vfprintf.c
                  __pa_18   0x003058    program     static E:\c18v3.46\pic18-lt\cxx-framework\src\traditional\stdclib\vfprintf.c
                  __pa_19   0x003062    program     static E:\c18v3.46\pic18-lt\cxx-framework\src\traditional\stdclib\vfprintf.c
                   __pa_2   0x002f0e    program     static E:\c18v3.46\pic18-lt\cxx-framework\src\traditional\stdclib\vfprintf.c
                  __pa_20   0x003072    program     static E:\c18v3.46\pic18-lt\cxx-framework\src\traditional\stdclib\vfprintf.c
                  __pa_21   0x003082    program     static E:\c18v3.46\pic18-lt\cxx-framework\src\traditional\stdclib\vfprintf.c
                  __pa_22   0x003092    program     static E:\c18v3.46\pic18-lt\cxx-framework\src\traditional\stdclib\vfprintf.c
                  __pa_23   0x00309e    program     static E:\c18v3.46\pic18-lt\cxx-framework\src\traditional\stdclib\vfprintf.c
                  __pa_24   0x0030ac    program     static E:\c18v3.46\pic18-lt\cxx-framework\src\traditional\stdclib\vfprintf.c
                  __pa_25   0x0030b4    program     static E:\c18v3.46\pic18-lt\cxx-framework\src\traditional\stdclib\vfprintf.c
                  __pa_26   0x0030be    program     static E:\c18v3.46\pic18-lt\cxx-framework\src\traditional\stdclib\vfprintf.c
                  __pa_27   0x0030c8    program     static E:\c18v3.46\pic18-lt\cxx-framework\src\traditional\stdclib\vfprintf.c
                  __pa_28   0x0030d0    program     static E:\c18v3.46\pic18-lt\cxx-framework\src\traditional\stdclib\vfprintf.c
                  __pa_29   0x0030de    program     static E:\c18v3.46\pic18-lt\cxx-framework\src\traditional\stdclib\vfprintf.c
                   __pa_3   0x002f18    program     static E:\c18v3.46\pic18-lt\cxx-framework\src\traditional\stdclib\vfprintf.c
                  __pa_30   0x0030fa    program     static E:\c18v3.46\pic18-lt\cxx-framework\src\traditional\stdclib\vfprintf.c
                  __pa_31   0x003114    program     static E:\c18v3.46\pic18-lt\cxx-framework\src\traditional\stdclib\vfprintf.c
                  __pa_32   0x00312e    program     static E:\c18v3.46\pic18-lt\cxx-framework\src\traditional\stdclib\vfprintf.c
                  __pa_33   0x003146    program     static E:\c18v3.46\pic18-lt\cxx-framework\src\traditional\stdclib\vfprintf.c
                  __pa_34   0x003150    program     static E:\c18v3.46\pic18-lt\cxx-framework\src\traditional\stdclib\vfprintf.c
                  __pa_35   0x00315e    program     static E:\c18v3.46\pic18-lt\cxx-framework\src\traditional\stdclib\vfprintf.c
                  __pa_36   0x003166    program     static E:\c18v3.46\pic18-lt\cxx-framework\src\traditional\stdclib\vfprintf.c
                  __pa_37   0x003170    program     static E:\c18v3.46\pic18-lt\cxx-framework\src\traditional\stdclib\vfprintf.c
                  __pa_38   0x003180    program     static E:\c18v3.46\pic18-lt\cxx-framework\src\traditional\stdclib\vfprintf.c
                  __pa_39   0x00318e    program     static E:\c18v3.46\pic18-lt\cxx-framework\src\traditional\stdclib\vfprintf.c
                   __pa_4   0x002f30    program     static E:\c18v3.46\pic18-lt\cxx-framework\src\traditional\stdclib\vfprintf.c
                  __pa_40   0x00319a    program     static E:\c18v3.46\pic18-lt\cxx-framework\src\traditional\stdclib\vfprintf.c
                  __pa_41   0x0031a6    program     static E:\c18v3.46\pic18-lt\cxx-framework\src\traditional\stdclib\vfprintf.c
                  __pa_42   0x0031ae    program     static E:\c18v3.46\pic18-lt\cxx-framework\src\traditional\stdclib\vfprintf.c
                  __pa_43   0x0031b8    program     static E:\c18v3.46\pic18-lt\cxx-framework\src\traditional\stdclib\vfprintf.c
                  __pa_44   0x0031be    program     static E:\c18v3.46\pic18-lt\cxx-framework\src\traditional\stdclib\vfprintf.c
                  __pa_45   0x0031c8    program     static E:\c18v3.46\pic18-lt\cxx-framework\src\traditional\stdclib\vfprintf.c
                  __pa_46   0x0031d4    program     static E:\c18v3.46\pic18-lt\cxx-framework\src\traditional\stdclib\vfprintf.c
                   __pa_5   0x002f44    program     static E:\c18v3.46\pic18-lt\cxx-framework\src\traditional\stdclib\vfprintf.c
                   __pa_6   0x002f60    program     static E:\c18v3.46\pic18-lt\cxx-framework\src\traditional\stdclib\vfprintf.c
                   __pa_7   0x002f6a    program     static E:\c18v3.46\pic18-lt\cxx-framework\src\traditional\stdclib\vfprintf.c
                   __pa_8   0x002f76    program     static E:\c18v3.46\pic18-lt\cxx-framework\src\traditional\stdclib\vfprintf.c
                   __pa_9   0x002f98    program     static E:\c18v3.46\pic18-lt\cxx-framework\src\traditional\stdclib\vfprintf.c
               __string_0   0x004946    program     static C:\Users\sgle6040\Documents\MTRX3_Major\CommanderMain.X\UISourcefiles\SecondaryInterfaceOutput.c
               __string_0   0x0044ae    program     static C:\Users\sgle6040\Documents\MTRX3_Major\CommanderMain.X\UISourcefiles\PrimaryInterfaceOutput.c
               __string_0   0x004990    program     static C:\Users\sgle6040\Documents\MTRX3_Major\CommanderMain.X\UISourcefiles\UserInput.c
               __string_1   0x0048d7    program     static C:\Users\sgle6040\Documents\MTRX3_Major\CommanderMain.X\UISourcefiles\SecondaryInterfaceOutput.c
               __string_1   0x004973    program     static C:\Users\sgle6040\Documents\MTRX3_Major\CommanderMain.X\UISourcefiles\StateTransition.c
               __string_1   0x00449d    program     static C:\Users\sgle6040\Documents\MTRX3_Major\CommanderMain.X\UISourcefiles\PrimaryInterfaceOutput.c
               __string_1   0x00498e    program     static C:\Users\sgle6040\Documents\MTRX3_Major\CommanderMain.X\UISourcefiles\UserInput.c
              __string_10   0x0047a8    program     static C:\Users\sgle6040\Documents\MTRX3_Major\CommanderMain.X\UISourcefiles\SecondaryInterfaceOutput.c
              __string_10   0x004411    program     static C:\Users\sgle6040\Documents\MTRX3_Major\CommanderMain.X\UISourcefiles\PrimaryInterfaceOutput.c
              __string_11   0x004799    program     static C:\Users\sgle6040\Documents\MTRX3_Major\CommanderMain.X\UISourcefiles\SecondaryInterfaceOutput.c
              __string_11   0x0043ff    program     static C:\Users\sgle6040\Documents\MTRX3_Major\CommanderMain.X\UISourcefiles\PrimaryInterfaceOutput.c
              __string_12   0x00478a    program     static C:\Users\sgle6040\Documents\MTRX3_Major\CommanderMain.X\UISourcefiles\SecondaryInterfaceOutput.c
              __string_12   0x0043ee    program     static C:\Users\sgle6040\Documents\MTRX3_Major\CommanderMain.X\UISourcefiles\PrimaryInterfaceOutput.c
              __string_13   0x0043dd    program     static C:\Users\sgle6040\Documents\MTRX3_Major\CommanderMain.X\UISourcefiles\PrimaryInterfaceOutput.c
              __string_13   0x004779    program     static C:\Users\sgle6040\Documents\MTRX3_Major\CommanderMain.X\UISourcefiles\SecondaryInterfaceOutput.c
              __string_14   0x0043cc    program     static C:\Users\sgle6040\Documents\MTRX3_Major\CommanderMain.X\UISourcefiles\PrimaryInterfaceOutput.c
              __string_14   0x00473c    program     static C:\Users\sgle6040\Documents\MTRX3_Major\CommanderMain.X\UISourcefiles\SecondaryInterfaceOutput.c
              __string_15   0x0043bb    program     static C:\Users\sgle6040\Documents\MTRX3_Major\CommanderMain.X\UISourcefiles\PrimaryInterfaceOutput.c
              __string_15   0x004729    program     static C:\Users\sgle6040\Documents\MTRX3_Major\CommanderMain.X\UISourcefiles\SecondaryInterfaceOutput.c
              __string_16   0x0043aa    program     static C:\Users\sgle6040\Documents\MTRX3_Major\CommanderMain.X\UISourcefiles\PrimaryInterfaceOutput.c
              __string_16   0x004711    program     static C:\Users\sgle6040\Documents\MTRX3_Major\CommanderMain.X\UISourcefiles\SecondaryInterfaceOutput.c
              __string_17   0x004399    program     static C:\Users\sgle6040\Documents\MTRX3_Major\CommanderMain.X\UISourcefiles\PrimaryInterfaceOutput.c
              __string_17   0x0046ff    program     static C:\Users\sgle6040\Documents\MTRX3_Major\CommanderMain.X\UISourcefiles\SecondaryInterfaceOutput.c
              __string_18   0x004388    program     static C:\Users\sgle6040\Documents\MTRX3_Major\CommanderMain.X\UISourcefiles\PrimaryInterfaceOutput.c
              __string_18   0x00464d    program     static C:\Users\sgle6040\Documents\MTRX3_Major\CommanderMain.X\UISourcefiles\SecondaryInterfaceOutput.c
              __string_19   0x004377    program     static C:\Users\sgle6040\Documents\MTRX3_Major\CommanderMain.X\UISourcefiles\PrimaryInterfaceOutput.c
              __string_19   0x00463c    program     static C:\Users\sgle6040\Documents\MTRX3_Major\CommanderMain.X\UISourcefiles\SecondaryInterfaceOutput.c
               __string_2   0x0048c5    program     static C:\Users\sgle6040\Documents\MTRX3_Major\CommanderMain.X\UISourcefiles\SecondaryInterfaceOutput.c
               __string_2   0x00448c    program     static C:\Users\sgle6040\Documents\MTRX3_Major\CommanderMain.X\UISourcefiles\PrimaryInterfaceOutput.c
               __string_2   0x00498c    program     static C:\Users\sgle6040\Documents\MTRX3_Major\CommanderMain.X\UISourcefiles\UserInput.c
              __string_20   0x00462b    program     static C:\Users\sgle6040\Documents\MTRX3_Major\CommanderMain.X\UISourcefiles\SecondaryInterfaceOutput.c
              __string_20   0x004366    program     static C:\Users\sgle6040\Documents\MTRX3_Major\CommanderMain.X\UISourcefiles\PrimaryInterfaceOutput.c
              __string_21   0x004617    program     static C:\Users\sgle6040\Documents\MTRX3_Major\CommanderMain.X\UISourcefiles\SecondaryInterfaceOutput.c
              __string_21   0x004355    program     static C:\Users\sgle6040\Documents\MTRX3_Major\CommanderMain.X\UISourcefiles\PrimaryInterfaceOutput.c
              __string_22   0x0045f8    program     static C:\Users\sgle6040\Documents\MTRX3_Major\CommanderMain.X\UISourcefiles\SecondaryInterfaceOutput.c
              __string_22   0x004344    program     static C:\Users\sgle6040\Documents\MTRX3_Major\CommanderMain.X\UISourcefiles\PrimaryInterfaceOutput.c
              __string_23   0x0045e2    program     static C:\Users\sgle6040\Documents\MTRX3_Major\CommanderMain.X\UISourcefiles\SecondaryInterfaceOutput.c
              __string_23   0x004333    program     static C:\Users\sgle6040\Documents\MTRX3_Major\CommanderMain.X\UISourcefiles\PrimaryInterfaceOutput.c
              __string_24   0x004322    program     static C:\Users\sgle6040\Documents\MTRX3_Major\CommanderMain.X\UISourcefiles\PrimaryInterfaceOutput.c
              __string_24   0x0045c3    program     static C:\Users\sgle6040\Documents\MTRX3_Major\CommanderMain.X\UISourcefiles\SecondaryInterfaceOutput.c
              __string_25   0x004311    program     static C:\Users\sgle6040\Documents\MTRX3_Major\CommanderMain.X\UISourcefiles\PrimaryInterfaceOutput.c
              __string_25   0x0045ab    program     static C:\Users\sgle6040\Documents\MTRX3_Major\CommanderMain.X\UISourcefiles\SecondaryInterfaceOutput.c
              __string_26   0x004300    program     static C:\Users\sgle6040\Documents\MTRX3_Major\CommanderMain.X\UISourcefiles\PrimaryInterfaceOutput.c
              __string_26   0x004599    program     static C:\Users\sgle6040\Documents\MTRX3_Major\CommanderMain.X\UISourcefiles\SecondaryInterfaceOutput.c
              __string_27   0x0042ef    program     static C:\Users\sgle6040\Documents\MTRX3_Major\CommanderMain.X\UISourcefiles\PrimaryInterfaceOutput.c
              __string_27   0x00457c    program     static C:\Users\sgle6040\Documents\MTRX3_Major\CommanderMain.X\UISourcefiles\SecondaryInterfaceOutput.c
              __string_28   0x0042de    program     static C:\Users\sgle6040\Documents\MTRX3_Major\CommanderMain.X\UISourcefiles\PrimaryInterfaceOutput.c
              __string_28   0x004568    program     static C:\Users\sgle6040\Documents\MTRX3_Major\CommanderMain.X\UISourcefiles\SecondaryInterfaceOutput.c
              __string_29   0x0042cd    program     static C:\Users\sgle6040\Documents\MTRX3_Major\CommanderMain.X\UISourcefiles\PrimaryInterfaceOutput.c
              __string_29   0x00454b    program     static C:\Users\sgle6040\Documents\MTRX3_Major\CommanderMain.X\UISourcefiles\SecondaryInterfaceOutput.c
               __string_3   0x00447b    program     static C:\Users\sgle6040\Documents\MTRX3_Major\CommanderMain.X\UISourcefiles\PrimaryInterfaceOutput.c
               __string_3   0x00498a    program     static C:\Users\sgle6040\Documents\MTRX3_Major\CommanderMain.X\UISourcefiles\UserInput.c
               __string_3   0x004853    program     static C:\Users\sgle6040\Documents\MTRX3_Major\CommanderMain.X\UISourcefiles\SecondaryInterfaceOutput.c
              __string_30   0x0042bc    program     static C:\Users\sgle6040\Documents\MTRX3_Major\CommanderMain.X\UISourcefiles\PrimaryInterfaceOutput.c
              __string_30   0x004534    program     static C:\Users\sgle6040\Documents\MTRX3_Major\CommanderMain.X\UISourcefiles\SecondaryInterfaceOutput.c
              __string_31   0x004521    program     static C:\Users\sgle6040\Documents\MTRX3_Major\CommanderMain.X\UISourcefiles\SecondaryInterfaceOutput.c
              __string_31   0x0042ab    program     static C:\Users\sgle6040\Documents\MTRX3_Major\CommanderMain.X\UISourcefiles\PrimaryInterfaceOutput.c
              __string_32   0x00450c    program     static C:\Users\sgle6040\Documents\MTRX3_Major\CommanderMain.X\UISourcefiles\SecondaryInterfaceOutput.c
              __string_32   0x00429a    program     static C:\Users\sgle6040\Documents\MTRX3_Major\CommanderMain.X\UISourcefiles\PrimaryInterfaceOutput.c
              __string_33   0x0044fa    program     static C:\Users\sgle6040\Documents\MTRX3_Major\CommanderMain.X\UISourcefiles\SecondaryInterfaceOutput.c
              __string_33   0x004289    program     static C:\Users\sgle6040\Documents\MTRX3_Major\CommanderMain.X\UISourcefiles\PrimaryInterfaceOutput.c
              __string_34   0x0044dd    program     static C:\Users\sgle6040\Documents\MTRX3_Major\CommanderMain.X\UISourcefiles\SecondaryInterfaceOutput.c
              __string_34   0x004278    program     static C:\Users\sgle6040\Documents\MTRX3_Major\CommanderMain.X\UISourcefiles\PrimaryInterfaceOutput.c
              __string_35   0x0044cd    program     static C:\Users\sgle6040\Documents\MTRX3_Major\CommanderMain.X\UISourcefiles\SecondaryInterfaceOutput.c
              __string_35   0x004267    program     static C:\Users\sgle6040\Documents\MTRX3_Major\CommanderMain.X\UISourcefiles\PrimaryInterfaceOutput.c
              __string_36   0x0044bf    program     static C:\Users\sgle6040\Documents\MTRX3_Major\CommanderMain.X\UISourcefiles\SecondaryInterfaceOutput.c
              __string_36   0x004256    program     static C:\Users\sgle6040\Documents\MTRX3_Major\CommanderMain.X\UISourcefiles\PrimaryInterfaceOutput.c
               __string_4   0x004988    program     static C:\Users\sgle6040\Documents\MTRX3_Major\CommanderMain.X\UISourcefiles\UserInput.c
               __string_4   0x00446a    program     static C:\Users\sgle6040\Documents\MTRX3_Major\CommanderMain.X\UISourcefiles\PrimaryInterfaceOutput.c
               __string_4   0x00480f    program     static C:\Users\sgle6040\Documents\MTRX3_Major\CommanderMain.X\UISourcefiles\SecondaryInterfaceOutput.c
               __string_5   0x0047ff    program     static C:\Users\sgle6040\Documents\MTRX3_Major\CommanderMain.X\UISourcefiles\SecondaryInterfaceOutput.c
               __string_5   0x004459    program     static C:\Users\sgle6040\Documents\MTRX3_Major\CommanderMain.X\UISourcefiles\PrimaryInterfaceOutput.c
               __string_5   0x004986    program     static C:\Users\sgle6040\Documents\MTRX3_Major\CommanderMain.X\UISourcefiles\UserInput.c
               __string_6   0x0047ee    program     static C:\Users\sgle6040\Documents\MTRX3_Major\CommanderMain.X\UISourcefiles\SecondaryInterfaceOutput.c
               __string_6   0x004984    program     static C:\Users\sgle6040\Documents\MTRX3_Major\CommanderMain.X\UISourcefiles\UserInput.c
               __string_6   0x004448    program     static C:\Users\sgle6040\Documents\MTRX3_Major\CommanderMain.X\UISourcefiles\PrimaryInterfaceOutput.c
               __string_7   0x004982    program     static C:\Users\sgle6040\Documents\MTRX3_Major\CommanderMain.X\UISourcefiles\UserInput.c
               __string_7   0x0047de    program     static C:\Users\sgle6040\Documents\MTRX3_Major\CommanderMain.X\UISourcefiles\SecondaryInterfaceOutput.c
               __string_7   0x004437    program     static C:\Users\sgle6040\Documents\MTRX3_Major\CommanderMain.X\UISourcefiles\PrimaryInterfaceOutput.c
               __string_8   0x0047c9    program     static C:\Users\sgle6040\Documents\MTRX3_Major\CommanderMain.X\UISourcefiles\SecondaryInterfaceOutput.c
               __string_8   0x004426    program     static C:\Users\sgle6040\Documents\MTRX3_Major\CommanderMain.X\UISourcefiles\PrimaryInterfaceOutput.c
               __string_9   0x00441c    program     static C:\Users\sgle6040\Documents\MTRX3_Major\CommanderMain.X\UISourcefiles\PrimaryInterfaceOutput.c
               __string_9   0x0047b6    program     static C:\Users\sgle6040\Documents\MTRX3_Major\CommanderMain.X\UISourcefiles\SecondaryInterfaceOutput.c
              __tmplbl_35   0x002148    program     static                          
              __tmplbl_40   0x00175c    program     static                          
              __tmplbl_41   0x00175c    program     static                          
              __tmplbl_42   0x003092    program     static                          
              __tmplbl_43   0x002eda    program     static                          
              __tmplbl_44   0x0016e0    program     static                          
              __tmplbl_44   0x002ec0    program     static                          
              __tmplbl_47   0x0016e0    program     static                          
              __tmplbl_49   0x0016e0    program     static                          
              __tmplbl_52   0x0016de    program     static                          
              __tmplbl_53   0x0016de    program     static                          
              __tmplbl_54   0x0016de    program     static                          
              __tmplbl_85   0x002612    program     static                          
            __zero_memory   0x006290    program     extern E:\c18v3.46\pic18-lt\cxx-framework\src\traditional\proc\p18f4520.asm
                _do_cinit   0x005b38    program     extern E:\c18v3.46\pic18-lt\cxx-framework\src\traditional\startup\c018i.c
                   _entry   0x000000    program     extern E:\c18v3.46\pic18-lt\cxx-framework\src\traditional\startup\c018i.c
                   _false   0x006104    program     static                          
                 _startup   0x0062b0    program     extern E:\c18v3.46\pic18-lt\cxx-framework\src\traditional\startup\c018i.c
              _usart_putc   0x0062cc    program     extern E:\c18v3.46\pic18-lt\cxx-framework\src\pmc_common\USART\_usartpc.asm
               _user_putc   0x000006    program     extern E:\c18v3.46\pic18-lt\cxx-framework\src\traditional\stdclib\_user_putc.c
            autoAlgorithm   0x004dee    program     extern C:\Users\sgle6040\Documents\MTRX3_Major\CommanderMain.X\Navigation.c
                checkScan   0x004b58    program     extern C:\Users\sgle6040\Documents\MTRX3_Major\CommanderMain.X\Navigation.c
                commSetup   0x005802    program     extern C:\Users\sgle6040\Documents\MTRX3_Major\CommanderMain.X\Communications.c
                compare_l   0x0062a6    program     static E:\c18v3.46\pic18-lt\cxx-framework\src\traditional\proc\p18f4520.asm
                copy_loop   0x005baa    program     static                          
            copy_one_byte   0x005bb0    program     static                          
       degrees2pulse_HIGH   0x005426    program     extern C:\Users\sgle6040\Documents\MTRX3_Major\CommanderMain.X\UISourcefiles\servo.c
        degrees2pulse_LOW   0x00530a    program     extern C:\Users\sgle6040\Documents\MTRX3_Major\CommanderMain.X\UISourcefiles\servo.c
                     done   0x005bd4    program     static                          
             done_copying   0x005bbe    program     static                          
                  endloop   0x00631a    program     static                          
            goto_high_ISR   0x000008    program     extern C:\Users\sgle6040\Documents\MTRX3_Major\CommanderMain.X\main.c
             goto_low_ISR   0x000018    program     extern C:\Users\sgle6040\Documents\MTRX3_Major\CommanderMain.X\main.c
           high_interrupt   0x004186    program     extern C:\Users\sgle6040\Documents\MTRX3_Major\CommanderMain.X\main.c
               initialise   0x000010    program     extern C:\Users\sgle6040\Documents\MTRX3_Major\CommanderMain.X\UISourcefiles\XLCD\UserinterfaceInitialise.c
           initialiseCCP2   0x005304    program     extern C:\Users\sgle6040\Documents\MTRX3_Major\CommanderMain.X\UISourcefiles\servo.c
           initialiseComs   0x0031de    program     extern C:\Users\sgle6040\Documents\MTRX3_Major\CommanderMain.X\UISourcefiles\SecondaryInterfaceOutput.c
       initialising_state   0x0000bc    program     extern C:\Users\sgle6040\Documents\MTRX3_Major\CommanderMain.X\UISourcefiles\StateTransition.c
                  inputUI   0x00571c    program     extern C:\Users\sgle6040\Documents\MTRX3_Major\CommanderMain.X\UISourcefiles\UserInterface.c
                  isdigit   0x00626c    program     extern E:\c18v3.46\pic18-lt\cxx-framework\src\traditional\stdclib\isdigit.asm
                     jEnd   0x005eec    program     static E:\c18v3.46\pic18-lt\cxx-framework\src\traditional\stdclib\strlen.asm
                     jEnd   0x005f24    program     static E:\c18v3.46\pic18-lt\cxx-framework\src\traditional\stdclib\slenpgm.asm
                    jLoop   0x005f0c    program     static E:\c18v3.46\pic18-lt\cxx-framework\src\traditional\stdclib\slenpgm.asm
                    jLoop   0x005ee2    program     static E:\c18v3.46\pic18-lt\cxx-framework\src\traditional\stdclib\strlen.asm
                   jMatch   0x00628c    program     static E:\c18v3.46\pic18-lt\cxx-framework\src\traditional\stdclib\isdigit.asm
                 jNoMatch   0x00628e    program     static E:\c18v3.46\pic18-lt\cxx-framework\src\traditional\stdclib\isdigit.asm
                     loop   0x0062c0    program     static                          
                     loop   0x0062dc    program     static E:\c18v3.46\pic18-lt\cxx-framework\src\pmc_common\USART\_usartpc.asm
                     loop   0x00630c    program     static                          
                     loop   0x0060d0    program     static                          
                   loop_h   0x00629e    program     static E:\c18v3.46\pic18-lt\cxx-framework\src\traditional\proc\p18f4520.asm
                   loop_l   0x0062a8    program     static E:\c18v3.46\pic18-lt\cxx-framework\src\traditional\proc\p18f4520.asm
            low_interrupt   0x00408e    program     extern C:\Users\sgle6040\Documents\MTRX3_Major\CommanderMain.X\main.c
                     main   0x003ada    program     extern C:\Users\sgle6040\Documents\MTRX3_Major\CommanderMain.X\main.c
               move0_HIGH   0x005542    program     extern C:\Users\sgle6040\Documents\MTRX3_Major\CommanderMain.X\UISourcefiles\servo.c
                move0_LOW   0x005574    program     extern C:\Users\sgle6040\Documents\MTRX3_Major\CommanderMain.X\UISourcefiles\servo.c
             move135_HIGH   0x005560    program     extern C:\Users\sgle6040\Documents\MTRX3_Major\CommanderMain.X\UISourcefiles\servo.c
              move135_LOW   0x005592    program     extern C:\Users\sgle6040\Documents\MTRX3_Major\CommanderMain.X\UISourcefiles\servo.c
             move180_HIGH   0x00556a    program     extern C:\Users\sgle6040\Documents\MTRX3_Major\CommanderMain.X\UISourcefiles\servo.c
              move180_LOW   0x00559c    program     extern C:\Users\sgle6040\Documents\MTRX3_Major\CommanderMain.X\UISourcefiles\servo.c
              move45_HIGH   0x00554c    program     extern C:\Users\sgle6040\Documents\MTRX3_Major\CommanderMain.X\UISourcefiles\servo.c
               move45_LOW   0x00557e    program     extern C:\Users\sgle6040\Documents\MTRX3_Major\CommanderMain.X\UISourcefiles\servo.c
              move90_HIGH   0x005556    program     extern C:\Users\sgle6040\Documents\MTRX3_Major\CommanderMain.X\UISourcefiles\servo.c
               move90_LOW   0x005588    program     extern C:\Users\sgle6040\Documents\MTRX3_Major\CommanderMain.X\UISourcefiles\servo.c
                 navSetup   0x004992    program     extern C:\Users\sgle6040\Documents\MTRX3_Major\CommanderMain.X\Navigation.c
                 outputUI   0x005784    program     extern C:\Users\sgle6040\Documents\MTRX3_Major\CommanderMain.X\UISourcefiles\UserInterface.c
         parseUIDirection   0x004c38    program     extern C:\Users\sgle6040\Documents\MTRX3_Major\CommanderMain.X\Navigation.c
          processReceived   0x00588e    program     extern C:\Users\sgle6040\Documents\MTRX3_Major\CommanderMain.X\Communications.c
                     putc   0x005d76    program     extern E:\c18v3.46\pic18-lt\cxx-framework\src\traditional\stdclib\putc.c
                putrsXLCD   0x005e6a    program     extern C:\Users\sgle6040\Documents\MTRX3_Major\CommanderMain.X\UISourcefiles\XLCD\putrxlcd.c
                 putsUART   0x0061d4    program     extern C:\Users\sgle6040\Documents\MTRX3_Major\CommanderMain.X\putsuart.c
                 putsXLCD   0x006074    program     extern C:\Users\sgle6040\Documents\MTRX3_Major\CommanderMain.X\UISourcefiles\XLCD\putsxlcd.c
             receiveComms   0x00581e    program     extern C:\Users\sgle6040\Documents\MTRX3_Major\CommanderMain.X\Communications.c
                robotMove   0x004994    program     extern C:\Users\sgle6040\Documents\MTRX3_Major\CommanderMain.X\Navigation.c
                 s_digits   0x006336    program     static E:\c18v3.46\pic18-lt\cxx-framework\src\traditional\stdclib\vfprintf.c
            s_put_n_chars   0x0025bc    program     static E:\c18v3.46\pic18-lt\cxx-framework\src\traditional\stdclib\vfprintf.c
              servoOutput   0x0052a2    program     extern C:\Users\sgle6040\Documents\MTRX3_Major\CommanderMain.X\UISourcefiles\servo.c
               servoSetup   0x0052e6    program     extern C:\Users\sgle6040\Documents\MTRX3_Major\CommanderMain.X\UISourcefiles\servo.c
                  sprintf   0x005a8c    program     extern E:\c18v3.46\pic18-lt\cxx-framework\src\traditional\stdclib\sprintf.c
             stateControl   0x004240    program     extern C:\Users\sgle6040\Documents\MTRX3_Major\CommanderMain.X\main.c
                  storeUI   0x005708    program     extern C:\Users\sgle6040\Documents\MTRX3_Major\CommanderMain.X\UISourcefiles\UserInterface.c
                   strlen   0x005ed2    program     extern E:\c18v3.46\pic18-lt\cxx-framework\src\traditional\stdclib\strlen.asm
                strlenpgm   0x005eee    program     extern E:\c18v3.46\pic18-lt\cxx-framework\src\traditional\stdclib\slenpgm.asm
                     test   0x005b52    program     static                          
            transmitComms   0x00587e    program     extern C:\Users\sgle6040\Documents\MTRX3_Major\CommanderMain.X\Communications.c
                 vfprintf   0x0025e8    program     extern E:\c18v3.46\pic18-lt\cxx-framework\src\traditional\stdclib\vfprintf.c
               zero_block   0x00629e    program     static E:\c18v3.46\pic18-lt\cxx-framework\src\traditional\proc\p18f4520.asm
                   ADCON0   0x000fc2       data     extern E:\c18v3.46\pic18-lt\cxx-framework\src\traditional\proc\p18f4520.asm
               ADCON0bits   0x000fc2       data     extern E:\c18v3.46\pic18-lt\cxx-framework\src\traditional\proc\p18f4520.asm
                   ADCON1   0x000fc1       data     extern E:\c18v3.46\pic18-lt\cxx-framework\src\traditional\proc\p18f4520.asm
               ADCON1bits   0x000fc1       data     extern E:\c18v3.46\pic18-lt\cxx-framework\src\traditional\proc\p18f4520.asm
                   ADCON2   0x000fc0       data     extern E:\c18v3.46\pic18-lt\cxx-framework\src\traditional\proc\p18f4520.asm
               ADCON2bits   0x000fc0       data     extern E:\c18v3.46\pic18-lt\cxx-framework\src\traditional\proc\p18f4520.asm
                    ADRES   0x000fc3       data     extern E:\c18v3.46\pic18-lt\cxx-framework\src\traditional\proc\p18f4520.asm
                   ADRESH   0x000fc4       data     extern E:\c18v3.46\pic18-lt\cxx-framework\src\traditional\proc\p18f4520.asm
                   ADRESL   0x000fc3       data     extern E:\c18v3.46\pic18-lt\cxx-framework\src\traditional\proc\p18f4520.asm
                  BAUDCON   0x000fb8       data     extern E:\c18v3.46\pic18-lt\cxx-framework\src\traditional\proc\p18f4520.asm
              BAUDCONbits   0x000fb8       data     extern E:\c18v3.46\pic18-lt\cxx-framework\src\traditional\proc\p18f4520.asm
                  BAUDCTL   0x000fb8       data     extern E:\c18v3.46\pic18-lt\cxx-framework\src\traditional\proc\p18f4520.asm
              BAUDCTLbits   0x000fb8       data     extern E:\c18v3.46\pic18-lt\cxx-framework\src\traditional\proc\p18f4520.asm
                      BSR   0x000fe0       data     extern E:\c18v3.46\pic18-lt\cxx-framework\src\traditional\proc\p18f4520.asm
                 BitCount   0x00012b       data     extern E:\c18v3.46\pic18-lt\cxx-framework\src\pmc_common\SW_UART\uartdata.asm
                  CCP1CON   0x000fbd       data     extern E:\c18v3.46\pic18-lt\cxx-framework\src\traditional\proc\p18f4520.asm
              CCP1CONbits   0x000fbd       data     extern E:\c18v3.46\pic18-lt\cxx-framework\src\traditional\proc\p18f4520.asm
                  CCP2CON   0x000fba       data     extern E:\c18v3.46\pic18-lt\cxx-framework\src\traditional\proc\p18f4520.asm
              CCP2CONbits   0x000fba       data     extern E:\c18v3.46\pic18-lt\cxx-framework\src\traditional\proc\p18f4520.asm
                    CCPR1   0x000fbe       data     extern E:\c18v3.46\pic18-lt\cxx-framework\src\traditional\proc\p18f4520.asm
                   CCPR1H   0x000fbf       data     extern E:\c18v3.46\pic18-lt\cxx-framework\src\traditional\proc\p18f4520.asm
                   CCPR1L   0x000fbe       data     extern E:\c18v3.46\pic18-lt\cxx-framework\src\traditional\proc\p18f4520.asm
                    CCPR2   0x000fbb       data     extern E:\c18v3.46\pic18-lt\cxx-framework\src\traditional\proc\p18f4520.asm
                   CCPR2H   0x000fbc       data     extern E:\c18v3.46\pic18-lt\cxx-framework\src\traditional\proc\p18f4520.asm
                   CCPR2L   0x000fbb       data     extern E:\c18v3.46\pic18-lt\cxx-framework\src\traditional\proc\p18f4520.asm
                    CMCON   0x000fb4       data     extern E:\c18v3.46\pic18-lt\cxx-framework\src\traditional\proc\p18f4520.asm
                CMCONbits   0x000fb4       data     extern E:\c18v3.46\pic18-lt\cxx-framework\src\traditional\proc\p18f4520.asm
                   CVRCON   0x000fb5       data     extern E:\c18v3.46\pic18-lt\cxx-framework\src\traditional\proc\p18f4520.asm
               CVRCONbits   0x000fb5       data     extern E:\c18v3.46\pic18-lt\cxx-framework\src\traditional\proc\p18f4520.asm
                     DDRA   0x000f92       data     extern E:\c18v3.46\pic18-lt\cxx-framework\src\traditional\proc\p18f4520.asm
                 DDRAbits   0x000f92       data     extern E:\c18v3.46\pic18-lt\cxx-framework\src\traditional\proc\p18f4520.asm
                     DDRB   0x000f93       data     extern E:\c18v3.46\pic18-lt\cxx-framework\src\traditional\proc\p18f4520.asm
                 DDRBbits   0x000f93       data     extern E:\c18v3.46\pic18-lt\cxx-framework\src\traditional\proc\p18f4520.asm
                     DDRC   0x000f94       data     extern E:\c18v3.46\pic18-lt\cxx-framework\src\traditional\proc\p18f4520.asm
                 DDRCbits   0x000f94       data     extern E:\c18v3.46\pic18-lt\cxx-framework\src\traditional\proc\p18f4520.asm
                     DDRD   0x000f95       data     extern E:\c18v3.46\pic18-lt\cxx-framework\src\traditional\proc\p18f4520.asm
                 DDRDbits   0x000f95       data     extern E:\c18v3.46\pic18-lt\cxx-framework\src\traditional\proc\p18f4520.asm
                     DDRE   0x000f96       data     extern E:\c18v3.46\pic18-lt\cxx-framework\src\traditional\proc\p18f4520.asm
                 DDREbits   0x000f96       data     extern E:\c18v3.46\pic18-lt\cxx-framework\src\traditional\proc\p18f4520.asm
            DelayCounter1   0x00001d       data     extern E:\c18v3.46\pic18-lt\cxx-framework\src\traditional\delays\delayd1.asm
            DelayCounter2   0x00001c       data     extern E:\c18v3.46\pic18-lt\cxx-framework\src\traditional\delays\delayd2.asm
                  ECCP1AS   0x000fb6       data     extern E:\c18v3.46\pic18-lt\cxx-framework\src\traditional\proc\p18f4520.asm
              ECCP1ASbits   0x000fb6       data     extern E:\c18v3.46\pic18-lt\cxx-framework\src\traditional\proc\p18f4520.asm
                 ECCP1DEL   0x000fb7       data     extern E:\c18v3.46\pic18-lt\cxx-framework\src\traditional\proc\p18f4520.asm
             ECCP1DELbits   0x000fb7       data     extern E:\c18v3.46\pic18-lt\cxx-framework\src\traditional\proc\p18f4520.asm
                   ECCPAS   0x000fb6       data     extern E:\c18v3.46\pic18-lt\cxx-framework\src\traditional\proc\p18f4520.asm
               ECCPASbits   0x000fb6       data     extern E:\c18v3.46\pic18-lt\cxx-framework\src\traditional\proc\p18f4520.asm
                    EEADR   0x000fa9       data     extern E:\c18v3.46\pic18-lt\cxx-framework\src\traditional\proc\p18f4520.asm
                   EECON1   0x000fa6       data     extern E:\c18v3.46\pic18-lt\cxx-framework\src\traditional\proc\p18f4520.asm
               EECON1bits   0x000fa6       data     extern E:\c18v3.46\pic18-lt\cxx-framework\src\traditional\proc\p18f4520.asm
                   EECON2   0x000fa7       data     extern E:\c18v3.46\pic18-lt\cxx-framework\src\traditional\proc\p18f4520.asm
                   EEDATA   0x000fa8       data     extern E:\c18v3.46\pic18-lt\cxx-framework\src\traditional\proc\p18f4520.asm
                     FSR0   0x000fe9       data     extern E:\c18v3.46\pic18-lt\cxx-framework\src\traditional\proc\p18f4520.asm
                    FSR0H   0x000fea       data     extern E:\c18v3.46\pic18-lt\cxx-framework\src\traditional\proc\p18f4520.asm
                    FSR0L   0x000fe9       data     extern E:\c18v3.46\pic18-lt\cxx-framework\src\traditional\proc\p18f4520.asm
                     FSR1   0x000fe1       data     extern E:\c18v3.46\pic18-lt\cxx-framework\src\traditional\proc\p18f4520.asm
                    FSR1H   0x000fe2       data     extern E:\c18v3.46\pic18-lt\cxx-framework\src\traditional\proc\p18f4520.asm
                    FSR1L   0x000fe1       data     extern E:\c18v3.46\pic18-lt\cxx-framework\src\traditional\proc\p18f4520.asm
                     FSR2   0x000fd9       data     extern E:\c18v3.46\pic18-lt\cxx-framework\src\traditional\proc\p18f4520.asm
                    FSR2H   0x000fda       data     extern E:\c18v3.46\pic18-lt\cxx-framework\src\traditional\proc\p18f4520.asm
                    FSR2L   0x000fd9       data     extern E:\c18v3.46\pic18-lt\cxx-framework\src\traditional\proc\p18f4520.asm
                  HLVDCON   0x000fd2       data     extern E:\c18v3.46\pic18-lt\cxx-framework\src\traditional\proc\p18f4520.asm
              HLVDCONbits   0x000fd2       data     extern E:\c18v3.46\pic18-lt\cxx-framework\src\traditional\proc\p18f4520.asm
                    INDF0   0x000fef       data     extern E:\c18v3.46\pic18-lt\cxx-framework\src\traditional\proc\p18f4520.asm
                    INDF1   0x000fe7       data     extern E:\c18v3.46\pic18-lt\cxx-framework\src\traditional\proc\p18f4520.asm
                    INDF2   0x000fdf       data     extern E:\c18v3.46\pic18-lt\cxx-framework\src\traditional\proc\p18f4520.asm
                   INTCON   0x000ff2       data     extern E:\c18v3.46\pic18-lt\cxx-framework\src\traditional\proc\p18f4520.asm
                  INTCON2   0x000ff1       data     extern E:\c18v3.46\pic18-lt\cxx-framework\src\traditional\proc\p18f4520.asm
              INTCON2bits   0x000ff1       data     extern E:\c18v3.46\pic18-lt\cxx-framework\src\traditional\proc\p18f4520.asm
                  INTCON3   0x000ff0       data     extern E:\c18v3.46\pic18-lt\cxx-framework\src\traditional\proc\p18f4520.asm
              INTCON3bits   0x000ff0       data     extern E:\c18v3.46\pic18-lt\cxx-framework\src\traditional\proc\p18f4520.asm
               INTCONbits   0x000ff2       data     extern E:\c18v3.46\pic18-lt\cxx-framework\src\traditional\proc\p18f4520.asm
                     IPR1   0x000f9f       data     extern E:\c18v3.46\pic18-lt\cxx-framework\src\traditional\proc\p18f4520.asm
                 IPR1bits   0x000f9f       data     extern E:\c18v3.46\pic18-lt\cxx-framework\src\traditional\proc\p18f4520.asm
                     IPR2   0x000fa2       data     extern E:\c18v3.46\pic18-lt\cxx-framework\src\traditional\proc\p18f4520.asm
                 IPR2bits   0x000fa2       data     extern E:\c18v3.46\pic18-lt\cxx-framework\src\traditional\proc\p18f4520.asm
                     LATA   0x000f89       data     extern E:\c18v3.46\pic18-lt\cxx-framework\src\traditional\proc\p18f4520.asm
                 LATAbits   0x000f89       data     extern E:\c18v3.46\pic18-lt\cxx-framework\src\traditional\proc\p18f4520.asm
                     LATB   0x000f8a       data     extern E:\c18v3.46\pic18-lt\cxx-framework\src\traditional\proc\p18f4520.asm
                 LATBbits   0x000f8a       data     extern E:\c18v3.46\pic18-lt\cxx-framework\src\traditional\proc\p18f4520.asm
                     LATC   0x000f8b       data     extern E:\c18v3.46\pic18-lt\cxx-framework\src\traditional\proc\p18f4520.asm
                 LATCbits   0x000f8b       data     extern E:\c18v3.46\pic18-lt\cxx-framework\src\traditional\proc\p18f4520.asm
                     LATD   0x000f8c       data     extern E:\c18v3.46\pic18-lt\cxx-framework\src\traditional\proc\p18f4520.asm
                 LATDbits   0x000f8c       data     extern E:\c18v3.46\pic18-lt\cxx-framework\src\traditional\proc\p18f4520.asm
                     LATE   0x000f8d       data     extern E:\c18v3.46\pic18-lt\cxx-framework\src\traditional\proc\p18f4520.asm
                 LATEbits   0x000f8d       data     extern E:\c18v3.46\pic18-lt\cxx-framework\src\traditional\proc\p18f4520.asm
                   LVDCON   0x000fd2       data     extern E:\c18v3.46\pic18-lt\cxx-framework\src\traditional\proc\p18f4520.asm
               LVDCONbits   0x000fd2       data     extern E:\c18v3.46\pic18-lt\cxx-framework\src\traditional\proc\p18f4520.asm
                   OSCCON   0x000fd3       data     extern E:\c18v3.46\pic18-lt\cxx-framework\src\traditional\proc\p18f4520.asm
               OSCCONbits   0x000fd3       data     extern E:\c18v3.46\pic18-lt\cxx-framework\src\traditional\proc\p18f4520.asm
                  OSCTUNE   0x000f9b       data     extern E:\c18v3.46\pic18-lt\cxx-framework\src\traditional\proc\p18f4520.asm
              OSCTUNEbits   0x000f9b       data     extern E:\c18v3.46\pic18-lt\cxx-framework\src\traditional\proc\p18f4520.asm
                       PC   0x000ff9       data     extern E:\c18v3.46\pic18-lt\cxx-framework\src\traditional\proc\p18f4520.asm
                      PCL   0x000ff9       data     extern E:\c18v3.46\pic18-lt\cxx-framework\src\traditional\proc\p18f4520.asm
                   PCLATH   0x000ffa       data     extern E:\c18v3.46\pic18-lt\cxx-framework\src\traditional\proc\p18f4520.asm
                   PCLATU   0x000ffb       data     extern E:\c18v3.46\pic18-lt\cxx-framework\src\traditional\proc\p18f4520.asm
                     PIE1   0x000f9d       data     extern E:\c18v3.46\pic18-lt\cxx-framework\src\traditional\proc\p18f4520.asm
                 PIE1bits   0x000f9d       data     extern E:\c18v3.46\pic18-lt\cxx-framework\src\traditional\proc\p18f4520.asm
                     PIE2   0x000fa0       data     extern E:\c18v3.46\pic18-lt\cxx-framework\src\traditional\proc\p18f4520.asm
                 PIE2bits   0x000fa0       data     extern E:\c18v3.46\pic18-lt\cxx-framework\src\traditional\proc\p18f4520.asm
                     PIR1   0x000f9e       data     extern E:\c18v3.46\pic18-lt\cxx-framework\src\traditional\proc\p18f4520.asm
                 PIR1bits   0x000f9e       data     extern E:\c18v3.46\pic18-lt\cxx-framework\src\traditional\proc\p18f4520.asm
                     PIR2   0x000fa1       data     extern E:\c18v3.46\pic18-lt\cxx-framework\src\traditional\proc\p18f4520.asm
                 PIR2bits   0x000fa1       data     extern E:\c18v3.46\pic18-lt\cxx-framework\src\traditional\proc\p18f4520.asm
                   PLUSW0   0x000feb       data     extern E:\c18v3.46\pic18-lt\cxx-framework\src\traditional\proc\p18f4520.asm
                   PLUSW1   0x000fe3       data     extern E:\c18v3.46\pic18-lt\cxx-framework\src\traditional\proc\p18f4520.asm
                   PLUSW2   0x000fdb       data     extern E:\c18v3.46\pic18-lt\cxx-framework\src\traditional\proc\p18f4520.asm
                    PORTA   0x000f80       data     extern E:\c18v3.46\pic18-lt\cxx-framework\src\traditional\proc\p18f4520.asm
                PORTAbits   0x000f80       data     extern E:\c18v3.46\pic18-lt\cxx-framework\src\traditional\proc\p18f4520.asm
                    PORTB   0x000f81       data     extern E:\c18v3.46\pic18-lt\cxx-framework\src\traditional\proc\p18f4520.asm
                PORTBbits   0x000f81       data     extern E:\c18v3.46\pic18-lt\cxx-framework\src\traditional\proc\p18f4520.asm
                    PORTC   0x000f82       data     extern E:\c18v3.46\pic18-lt\cxx-framework\src\traditional\proc\p18f4520.asm
                PORTCbits   0x000f82       data     extern E:\c18v3.46\pic18-lt\cxx-framework\src\traditional\proc\p18f4520.asm
                    PORTD   0x000f83       data     extern E:\c18v3.46\pic18-lt\cxx-framework\src\traditional\proc\p18f4520.asm
                PORTDbits   0x000f83       data     extern E:\c18v3.46\pic18-lt\cxx-framework\src\traditional\proc\p18f4520.asm
                    PORTE   0x000f84       data     extern E:\c18v3.46\pic18-lt\cxx-framework\src\traditional\proc\p18f4520.asm
                PORTEbits   0x000f84       data     extern E:\c18v3.46\pic18-lt\cxx-framework\src\traditional\proc\p18f4520.asm
                 POSTDEC0   0x000fed       data     extern E:\c18v3.46\pic18-lt\cxx-framework\src\traditional\proc\p18f4520.asm
                 POSTDEC1   0x000fe5       data     extern E:\c18v3.46\pic18-lt\cxx-framework\src\traditional\proc\p18f4520.asm
                 POSTDEC2   0x000fdd       data     extern E:\c18v3.46\pic18-lt\cxx-framework\src\traditional\proc\p18f4520.asm
                 POSTINC0   0x000fee       data     extern E:\c18v3.46\pic18-lt\cxx-framework\src\traditional\proc\p18f4520.asm
                 POSTINC1   0x000fe6       data     extern E:\c18v3.46\pic18-lt\cxx-framework\src\traditional\proc\p18f4520.asm
                 POSTINC2   0x000fde       data     extern E:\c18v3.46\pic18-lt\cxx-framework\src\traditional\proc\p18f4520.asm
                      PR2   0x000fcb       data     extern E:\c18v3.46\pic18-lt\cxx-framework\src\traditional\proc\p18f4520.asm
                  PREINC0   0x000fec       data     extern E:\c18v3.46\pic18-lt\cxx-framework\src\traditional\proc\p18f4520.asm
                  PREINC1   0x000fe4       data     extern E:\c18v3.46\pic18-lt\cxx-framework\src\traditional\proc\p18f4520.asm
                  PREINC2   0x000fdc       data     extern E:\c18v3.46\pic18-lt\cxx-framework\src\traditional\proc\p18f4520.asm
                     PROD   0x000ff3       data     extern E:\c18v3.46\pic18-lt\cxx-framework\src\traditional\proc\p18f4520.asm
                    PRODH   0x000ff4       data     extern E:\c18v3.46\pic18-lt\cxx-framework\src\traditional\proc\p18f4520.asm
                    PRODL   0x000ff3       data     extern E:\c18v3.46\pic18-lt\cxx-framework\src\traditional\proc\p18f4520.asm
                  PWM1CON   0x000fb7       data     extern E:\c18v3.46\pic18-lt\cxx-framework\src\traditional\proc\p18f4520.asm
              PWM1CONbits   0x000fb7       data     extern E:\c18v3.46\pic18-lt\cxx-framework\src\traditional\proc\p18f4520.asm
                     RCON   0x000fd0       data     extern E:\c18v3.46\pic18-lt\cxx-framework\src\traditional\proc\p18f4520.asm
                 RCONbits   0x000fd0       data     extern E:\c18v3.46\pic18-lt\cxx-framework\src\traditional\proc\p18f4520.asm
                    RCREG   0x000fae       data     extern E:\c18v3.46\pic18-lt\cxx-framework\src\traditional\proc\p18f4520.asm
                    RCSTA   0x000fab       data     extern E:\c18v3.46\pic18-lt\cxx-framework\src\traditional\proc\p18f4520.asm
                RCSTAbits   0x000fab       data     extern E:\c18v3.46\pic18-lt\cxx-framework\src\traditional\proc\p18f4520.asm
                     SIGN   0x000000       data     extern E:\c18v3.46\pic18-lt\cxx-framework\src\traditional\math\cmath18.asm
                    SPBRG   0x000faf       data     extern E:\c18v3.46\pic18-lt\cxx-framework\src\traditional\proc\p18f4520.asm
                   SPBRGH   0x000fb0       data     extern E:\c18v3.46\pic18-lt\cxx-framework\src\traditional\proc\p18f4520.asm
                   SSPADD   0x000fc8       data     extern E:\c18v3.46\pic18-lt\cxx-framework\src\traditional\proc\p18f4520.asm
                   SSPBUF   0x000fc9       data     extern E:\c18v3.46\pic18-lt\cxx-framework\src\traditional\proc\p18f4520.asm
                  SSPCON1   0x000fc6       data     extern E:\c18v3.46\pic18-lt\cxx-framework\src\traditional\proc\p18f4520.asm
              SSPCON1bits   0x000fc6       data     extern E:\c18v3.46\pic18-lt\cxx-framework\src\traditional\proc\p18f4520.asm
                  SSPCON2   0x000fc5       data     extern E:\c18v3.46\pic18-lt\cxx-framework\src\traditional\proc\p18f4520.asm
              SSPCON2bits   0x000fc5       data     extern E:\c18v3.46\pic18-lt\cxx-framework\src\traditional\proc\p18f4520.asm
                  SSPSTAT   0x000fc7       data     extern E:\c18v3.46\pic18-lt\cxx-framework\src\traditional\proc\p18f4520.asm
              SSPSTATbits   0x000fc7       data     extern E:\c18v3.46\pic18-lt\cxx-framework\src\traditional\proc\p18f4520.asm
                   STATUS   0x000fd8       data     extern E:\c18v3.46\pic18-lt\cxx-framework\src\traditional\proc\p18f4520.asm
               STATUSbits   0x000fd8       data     extern E:\c18v3.46\pic18-lt\cxx-framework\src\traditional\proc\p18f4520.asm
                   STKPTR   0x000ffc       data     extern E:\c18v3.46\pic18-lt\cxx-framework\src\traditional\proc\p18f4520.asm
               STKPTRbits   0x000ffc       data     extern E:\c18v3.46\pic18-lt\cxx-framework\src\traditional\proc\p18f4520.asm
                    T0CON   0x000fd5       data     extern E:\c18v3.46\pic18-lt\cxx-framework\src\traditional\proc\p18f4520.asm
                T0CONbits   0x000fd5       data     extern E:\c18v3.46\pic18-lt\cxx-framework\src\traditional\proc\p18f4520.asm
                    T1CON   0x000fcd       data     extern E:\c18v3.46\pic18-lt\cxx-framework\src\traditional\proc\p18f4520.asm
                T1CONbits   0x000fcd       data     extern E:\c18v3.46\pic18-lt\cxx-framework\src\traditional\proc\p18f4520.asm
                    T2CON   0x000fca       data     extern E:\c18v3.46\pic18-lt\cxx-framework\src\traditional\proc\p18f4520.asm
                T2CONbits   0x000fca       data     extern E:\c18v3.46\pic18-lt\cxx-framework\src\traditional\proc\p18f4520.asm
                    T3CON   0x000fb1       data     extern E:\c18v3.46\pic18-lt\cxx-framework\src\traditional\proc\p18f4520.asm
                T3CONbits   0x000fb1       data     extern E:\c18v3.46\pic18-lt\cxx-framework\src\traditional\proc\p18f4520.asm
                   TABLAT   0x000ff5       data     extern E:\c18v3.46\pic18-lt\cxx-framework\src\traditional\proc\p18f4520.asm
                   TBLPTR   0x000ff6       data     extern E:\c18v3.46\pic18-lt\cxx-framework\src\traditional\proc\p18f4520.asm
                  TBLPTRH   0x000ff7       data     extern E:\c18v3.46\pic18-lt\cxx-framework\src\traditional\proc\p18f4520.asm
                  TBLPTRL   0x000ff6       data     extern E:\c18v3.46\pic18-lt\cxx-framework\src\traditional\proc\p18f4520.asm
                  TBLPTRU   0x000ff8       data     extern E:\c18v3.46\pic18-lt\cxx-framework\src\traditional\proc\p18f4520.asm
                    TMR0H   0x000fd7       data     extern E:\c18v3.46\pic18-lt\cxx-framework\src\traditional\proc\p18f4520.asm
                    TMR0L   0x000fd6       data     extern E:\c18v3.46\pic18-lt\cxx-framework\src\traditional\proc\p18f4520.asm
                    TMR1H   0x000fcf       data     extern E:\c18v3.46\pic18-lt\cxx-framework\src\traditional\proc\p18f4520.asm
[...]
                     DDRD   0x000f95       data     extern E:\c18v3.46\pic18-lt\cxx-framework\src\traditional\proc\p18f4520.asm
                    TRISD   0x000f95       data     extern E:\c18v3.46\pic18-lt\cxx-framework\src\traditional\proc\p18f4520.asm
                TRISDbits   0x000f95       data     extern E:\c18v3.46\pic18-lt\cxx-framework\src\traditional\proc\p18f4520.asm
                    TRISE   0x000f96       data     extern E:\c18v3.46\pic18-lt\cxx-framework\src\traditional\proc\p18f4520.asm
                 DDREbits   0x000f96       data     extern E:\c18v3.46\pic18-lt\cxx-framework\src\traditional\proc\p18f4520.asm
                     DDRE   0x000f96       data     extern E:\c18v3.46\pic18-lt\cxx-framework\src\traditional\proc\p18f4520.asm
                TRISEbits   0x000f96       data     extern E:\c18v3.46\pic18-lt\cxx-framework\src\traditional\proc\p18f4520.asm
                  OSCTUNE   0x000f9b       data     extern E:\c18v3.46\pic18-lt\cxx-framework\src\traditional\proc\p18f4520.asm
              OSCTUNEbits   0x000f9b       data     extern E:\c18v3.46\pic18-lt\cxx-framework\src\traditional\proc\p18f4520.asm
                 PIE1bits   0x000f9d       data     extern E:\c18v3.46\pic18-lt\cxx-framework\src\traditional\proc\p18f4520.asm
                     PIE1   0x000f9d       data     extern E:\c18v3.46\pic18-lt\cxx-framework\src\traditional\proc\p18f4520.asm
                 PIR1bits   0x000f9e       data     extern E:\c18v3.46\pic18-lt\cxx-framework\src\traditional\proc\p18f4520.asm
                     PIR1   0x000f9e       data     extern E:\c18v3.46\pic18-lt\cxx-framework\src\traditional\proc\p18f4520.asm
                     IPR1   0x000f9f       data     extern E:\c18v3.46\pic18-lt\cxx-framework\src\traditional\proc\p18f4520.asm
                 IPR1bits   0x000f9f       data     extern E:\c18v3.46\pic18-lt\cxx-framework\src\traditional\proc\p18f4520.asm
                 PIE2bits   0x000fa0       data     extern E:\c18v3.46\pic18-lt\cxx-framework\src\traditional\proc\p18f4520.asm
                     PIE2   0x000fa0       data     extern E:\c18v3.46\pic18-lt\cxx-framework\src\traditional\proc\p18f4520.asm
                 PIR2bits   0x000fa1       data     extern E:\c18v3.46\pic18-lt\cxx-framework\src\traditional\proc\p18f4520.asm
                     PIR2   0x000fa1       data     extern E:\c18v3.46\pic18-lt\cxx-framework\src\traditional\proc\p18f4520.asm
                     IPR2   0x000fa2       data     extern E:\c18v3.46\pic18-lt\cxx-framework\src\traditional\proc\p18f4520.asm
                 IPR2bits   0x000fa2       data     extern E:\c18v3.46\pic18-lt\cxx-framework\src\traditional\proc\p18f4520.asm
                   EECON1   0x000fa6       data     extern E:\c18v3.46\pic18-lt\cxx-framework\src\traditional\proc\p18f4520.asm
               EECON1bits   0x000fa6       data     extern E:\c18v3.46\pic18-lt\cxx-framework\src\traditional\proc\p18f4520.asm
                   EECON2   0x000fa7       data     extern E:\c18v3.46\pic18-lt\cxx-framework\src\traditional\proc\p18f4520.asm
                   EEDATA   0x000fa8       data     extern E:\c18v3.46\pic18-lt\cxx-framework\src\traditional\proc\p18f4520.asm
                    EEADR   0x000fa9       data     extern E:\c18v3.46\pic18-lt\cxx-framework\src\traditional\proc\p18f4520.asm
                RCSTAbits   0x000fab       data     extern E:\c18v3.46\pic18-lt\cxx-framework\src\traditional\proc\p18f4520.asm
                    RCSTA   0x000fab       data     extern E:\c18v3.46\pic18-lt\cxx-framework\src\traditional\proc\p18f4520.asm
                TXSTAbits   0x000fac       data     extern E:\c18v3.46\pic18-lt\cxx-framework\src\traditional\proc\p18f4520.asm
                    TXSTA   0x000fac       data     extern E:\c18v3.46\pic18-lt\cxx-framework\src\traditional\proc\p18f4520.asm
                    TXREG   0x000fad       data     extern E:\c18v3.46\pic18-lt\cxx-framework\src\traditional\proc\p18f4520.asm
                    RCREG   0x000fae       data     extern E:\c18v3.46\pic18-lt\cxx-framework\src\traditional\proc\p18f4520.asm
                    SPBRG   0x000faf       data     extern E:\c18v3.46\pic18-lt\cxx-framework\src\traditional\proc\p18f4520.asm
                   SPBRGH   0x000fb0       data     extern E:\c18v3.46\pic18-lt\cxx-framework\src\traditional\proc\p18f4520.asm
                    T3CON   0x000fb1       data     extern E:\c18v3.46\pic18-lt\cxx-framework\src\traditional\proc\p18f4520.asm
                T3CONbits   0x000fb1       data     extern E:\c18v3.46\pic18-lt\cxx-framework\src\traditional\proc\p18f4520.asm
                    TMR3L   0x000fb2       data     extern E:\c18v3.46\pic18-lt\cxx-framework\src\traditional\proc\p18f4520.asm
                    TMR3H   0x000fb3       data     extern E:\c18v3.46\pic18-lt\cxx-framework\src\traditional\proc\p18f4520.asm
                    CMCON   0x000fb4       data     extern E:\c18v3.46\pic18-lt\cxx-framework\src\traditional\proc\p18f4520.asm
                CMCONbits   0x000fb4       data     extern E:\c18v3.46\pic18-lt\cxx-framework\src\traditional\proc\p18f4520.asm
                   CVRCON   0x000fb5       data     extern E:\c18v3.46\pic18-lt\cxx-framework\src\traditional\proc\p18f4520.asm
               CVRCONbits   0x000fb5       data     extern E:\c18v3.46\pic18-lt\cxx-framework\src\traditional\proc\p18f4520.asm
               ECCPASbits   0x000fb6       data     extern E:\c18v3.46\pic18-lt\cxx-framework\src\traditional\proc\p18f4520.asm
                   ECCPAS   0x000fb6       data     extern E:\c18v3.46\pic18-lt\cxx-framework\src\traditional\proc\p18f4520.asm
                  ECCP1AS   0x000fb6       data     extern E:\c18v3.46\pic18-lt\cxx-framework\src\traditional\proc\p18f4520.asm
              ECCP1ASbits   0x000fb6       data     extern E:\c18v3.46\pic18-lt\cxx-framework\src\traditional\proc\p18f4520.asm
                  PWM1CON   0x000fb7       data     extern E:\c18v3.46\pic18-lt\cxx-framework\src\traditional\proc\p18f4520.asm
              PWM1CONbits   0x000fb7       data     extern E:\c18v3.46\pic18-lt\cxx-framework\src\traditional\proc\p18f4520.asm
                 ECCP1DEL   0x000fb7       data     extern E:\c18v3.46\pic18-lt\cxx-framework\src\traditional\proc\p18f4520.asm
             ECCP1DELbits   0x000fb7       data     extern E:\c18v3.46\pic18-lt\cxx-framework\src\traditional\proc\p18f4520.asm
                  BAUDCON   0x000fb8       data     extern E:\c18v3.46\pic18-lt\cxx-framework\src\traditional\proc\p18f4520.asm
              BAUDCONbits   0x000fb8       data     extern E:\c18v3.46\pic18-lt\cxx-framework\src\traditional\proc\p18f4520.asm
                  BAUDCTL   0x000fb8       data     extern E:\c18v3.46\pic18-lt\cxx-framework\src\traditional\proc\p18f4520.asm
              BAUDCTLbits   0x000fb8       data     extern E:\c18v3.46\pic18-lt\cxx-framework\src\traditional\proc\p18f4520.asm
                  CCP2CON   0x000fba       data     extern E:\c18v3.46\pic18-lt\cxx-framework\src\traditional\proc\p18f4520.asm
              CCP2CONbits   0x000fba       data     extern E:\c18v3.46\pic18-lt\cxx-framework\src\traditional\proc\p18f4520.asm
                   CCPR2L   0x000fbb       data     extern E:\c18v3.46\pic18-lt\cxx-framework\src\traditional\proc\p18f4520.asm
                    CCPR2   0x000fbb       data     extern E:\c18v3.46\pic18-lt\cxx-framework\src\traditional\proc\p18f4520.asm
                   CCPR2H   0x000fbc       data     extern E:\c18v3.46\pic18-lt\cxx-framework\src\traditional\proc\p18f4520.asm
                  CCP1CON   0x000fbd       data     extern E:\c18v3.46\pic18-lt\cxx-framework\src\traditional\proc\p18f4520.asm
              CCP1CONbits   0x000fbd       data     extern E:\c18v3.46\pic18-lt\cxx-framework\src\traditional\proc\p18f4520.asm
                   CCPR1L   0x000fbe       data     extern E:\c18v3.46\pic18-lt\cxx-framework\src\traditional\proc\p18f4520.asm
                    CCPR1   0x000fbe       data     extern E:\c18v3.46\pic18-lt\cxx-framework\src\traditional\proc\p18f4520.asm
                   CCPR1H   0x000fbf       data     extern E:\c18v3.46\pic18-lt\cxx-framework\src\traditional\proc\p18f4520.asm
                   ADCON2   0x000fc0       data     extern E:\c18v3.46\pic18-lt\cxx-framework\src\traditional\proc\p18f4520.asm
               ADCON2bits   0x000fc0       data     extern E:\c18v3.46\pic18-lt\cxx-framework\src\traditional\proc\p18f4520.asm
                   ADCON1   0x000fc1       data     extern E:\c18v3.46\pic18-lt\cxx-framework\src\traditional\proc\p18f4520.asm
               ADCON1bits   0x000fc1       data     extern E:\c18v3.46\pic18-lt\cxx-framework\src\traditional\proc\p18f4520.asm
                   ADCON0   0x000fc2       data     extern E:\c18v3.46\pic18-lt\cxx-framework\src\traditional\proc\p18f4520.asm
               ADCON0bits   0x000fc2       data     extern E:\c18v3.46\pic18-lt\cxx-framework\src\traditional\proc\p18f4520.asm
                    ADRES   0x000fc3       data     extern E:\c18v3.46\pic18-lt\cxx-framework\src\traditional\proc\p18f4520.asm
                   ADRESL   0x000fc3       data     extern E:\c18v3.46\pic18-lt\cxx-framework\src\traditional\proc\p18f4520.asm
                   ADRESH   0x000fc4       data     extern E:\c18v3.46\pic18-lt\cxx-framework\src\traditional\proc\p18f4520.asm
                  SSPCON2   0x000fc5       data     extern E:\c18v3.46\pic18-lt\cxx-framework\src\traditional\proc\p18f4520.asm
              SSPCON2bits   0x000fc5       data     extern E:\c18v3.46\pic18-lt\cxx-framework\src\traditional\proc\p18f4520.asm
                  SSPCON1   0x000fc6       data     extern E:\c18v3.46\pic18-lt\cxx-framework\src\traditional\proc\p18f4520.asm
              SSPCON1bits   0x000fc6       data     extern E:\c18v3.46\pic18-lt\cxx-framework\src\traditional\proc\p18f4520.asm
                  SSPSTAT   0x000fc7       data     extern E:\c18v3.46\pic18-lt\cxx-framework\src\traditional\proc\p18f4520.asm
              SSPSTATbits   0x000fc7       data     extern E:\c18v3.46\pic18-lt\cxx-framework\src\traditional\proc\p18f4520.asm
                   SSPADD   0x000fc8       data     extern E:\c18v3.46\pic18-lt\cxx-framework\src\traditional\proc\p18f4520.asm
                   SSPBUF   0x000fc9       data     extern E:\c18v3.46\pic18-lt\cxx-framework\src\traditional\proc\p18f4520.asm
                T2CONbits   0x000fca       data     extern E:\c18v3.46\pic18-lt\cxx-framework\src\traditional\proc\p18f4520.asm
                    T2CON   0x000fca       data     extern E:\c18v3.46\pic18-lt\cxx-framework\src\traditional\proc\p18f4520.asm
                      PR2   0x000fcb       data     extern E:\c18v3.46\pic18-lt\cxx-framework\src\traditional\proc\p18f4520.asm
                     TMR2   0x000fcc       data     extern E:\c18v3.46\pic18-lt\cxx-framework\src\traditional\proc\p18f4520.asm
                T1CONbits   0x000fcd       data     extern E:\c18v3.46\pic18-lt\cxx-framework\src\traditional\proc\p18f4520.asm
                    T1CON   0x000fcd       data     extern E:\c18v3.46\pic18-lt\cxx-framework\src\traditional\proc\p18f4520.asm
                    TMR1L   0x000fce       data     extern E:\c18v3.46\pic18-lt\cxx-framework\src\traditional\proc\p18f4520.asm
                    TMR1H   0x000fcf       data     extern E:\c18v3.46\pic18-lt\cxx-framework\src\traditional\proc\p18f4520.asm
                     RCON   0x000fd0       data     extern E:\c18v3.46\pic18-lt\cxx-framework\src\traditional\proc\p18f4520.asm
                 RCONbits   0x000fd0       data     extern E:\c18v3.46\pic18-lt\cxx-framework\src\traditional\proc\p18f4520.asm
                   WDTCON   0x000fd1       data     extern E:\c18v3.46\pic18-lt\cxx-framework\src\traditional\proc\p18f4520.asm
               WDTCONbits   0x000fd1       data     extern E:\c18v3.46\pic18-lt\cxx-framework\src\traditional\proc\p18f4520.asm
                  HLVDCON   0x000fd2       data     extern E:\c18v3.46\pic18-lt\cxx-framework\src\traditional\proc\p18f4520.asm
              HLVDCONbits   0x000fd2       data     extern E:\c18v3.46\pic18-lt\cxx-framework\src\traditional\proc\p18f4520.asm
                   LVDCON   0x000fd2       data     extern E:\c18v3.46\pic18-lt\cxx-framework\src\traditional\proc\p18f4520.asm
               LVDCONbits   0x000fd2       data     extern E:\c18v3.46\pic18-lt\cxx-framework\src\traditional\proc\p18f4520.asm
                   OSCCON   0x000fd3       data     extern E:\c18v3.46\pic18-lt\cxx-framework\src\traditional\proc\p18f4520.asm
               OSCCONbits   0x000fd3       data     extern E:\c18v3.46\pic18-lt\cxx-framework\src\traditional\proc\p18f4520.asm
                T0CONbits   0x000fd5       data     extern E:\c18v3.46\pic18-lt\cxx-framework\src\traditional\proc\p18f4520.asm
                    T0CON   0x000fd5       data     extern E:\c18v3.46\pic18-lt\cxx-framework\src\traditional\proc\p18f4520.asm
                    TMR0L   0x000fd6       data     extern E:\c18v3.46\pic18-lt\cxx-framework\src\traditional\proc\p18f4520.asm
                    TMR0H   0x000fd7       data     extern E:\c18v3.46\pic18-lt\cxx-framework\src\traditional\proc\p18f4520.asm
               STATUSbits   0x000fd8       data     extern E:\c18v3.46\pic18-lt\cxx-framework\src\traditional\proc\p18f4520.asm
                   STATUS   0x000fd8       data     extern E:\c18v3.46\pic18-lt\cxx-framework\src\traditional\proc\p18f4520.asm
                    FSR2L   0x000fd9       data     extern E:\c18v3.46\pic18-lt\cxx-framework\src\traditional\proc\p18f4520.asm
                     FSR2   0x000fd9       data     extern E:\c18v3.46\pic18-lt\cxx-framework\src\traditional\proc\p18f4520.asm
                    FSR2H   0x000fda       data     extern E:\c18v3.46\pic18-lt\cxx-framework\src\traditional\proc\p18f4520.asm
                   PLUSW2   0x000fdb       data     extern E:\c18v3.46\pic18-lt\cxx-framework\src\traditional\proc\p18f4520.asm
                  PREINC2   0x000fdc       data     extern E:\c18v3.46\pic18-lt\cxx-framework\src\traditional\proc\p18f4520.asm
                 POSTDEC2   0x000fdd       data     extern E:\c18v3.46\pic18-lt\cxx-framework\src\traditional\proc\p18f4520.asm
                 POSTINC2   0x000fde       data     extern E:\c18v3.46\pic18-lt\cxx-framework\src\traditional\proc\p18f4520.asm
                    INDF2   0x000fdf       data     extern E:\c18v3.46\pic18-lt\cxx-framework\src\traditional\proc\p18f4520.asm
                      BSR   0x000fe0       data     extern E:\c18v3.46\pic18-lt\cxx-framework\src\traditional\proc\p18f4520.asm
                    FSR1L   0x000fe1       data     extern E:\c18v3.46\pic18-lt\cxx-framework\src\traditional\proc\p18f4520.asm
                     FSR1   0x000fe1       data     extern E:\c18v3.46\pic18-lt\cxx-framework\src\traditional\proc\p18f4520.asm
                    FSR1H   0x000fe2       data     extern E:\c18v3.46\pic18-lt\cxx-framework\src\traditional\proc\p18f4520.asm
                   PLUSW1   0x000fe3       data     extern E:\c18v3.46\pic18-lt\cxx-framework\src\traditional\proc\p18f4520.asm
                  PREINC1   0x000fe4       data     extern E:\c18v3.46\pic18-lt\cxx-framework\src\traditional\proc\p18f4520.asm
                 POSTDEC1   0x000fe5       data     extern E:\c18v3.46\pic18-lt\cxx-framework\src\traditional\proc\p18f4520.asm
                 POSTINC1   0x000fe6       data     extern E:\c18v3.46\pic18-lt\cxx-framework\src\traditional\proc\p18f4520.asm
                    INDF1   0x000fe7       data     extern E:\c18v3.46\pic18-lt\cxx-framework\src\traditional\proc\p18f4520.asm
                        W   0x000fe8       data     extern E:\c18v3.46\pic18-lt\cxx-framework\src\traditional\proc\p18f4520.asm
                     WREG   0x000fe8       data     extern E:\c18v3.46\pic18-lt\cxx-framework\src\traditional\proc\p18f4520.asm
                     FSR0   0x000fe9       data     extern E:\c18v3.46\pic18-lt\cxx-framework\src\traditional\proc\p18f4520.asm
                    FSR0L   0x000fe9       data     extern E:\c18v3.46\pic18-lt\cxx-framework\src\traditional\proc\p18f4520.asm
                    FSR0H   0x000fea       data     extern E:\c18v3.46\pic18-lt\cxx-framework\src\traditional\proc\p18f4520.asm
                   PLUSW0   0x000feb       data     extern E:\c18v3.46\pic18-lt\cxx-framework\src\traditional\proc\p18f4520.asm
                  PREINC0   0x000fec       data     extern E:\c18v3.46\pic18-lt\cxx-framework\src\traditional\proc\p18f4520.asm
                 POSTDEC0   0x000fed       data     extern E:\c18v3.46\pic18-lt\cxx-framework\src\traditional\proc\p18f4520.asm
                 POSTINC0   0x000fee       data     extern E:\c18v3.46\pic18-lt\cxx-framework\src\traditional\proc\p18f4520.asm
                    INDF0   0x000fef       data     extern E:\c18v3.46\pic18-lt\cxx-framework\src\traditional\proc\p18f4520.asm
              INTCON3bits   0x000ff0       data     extern E:\c18v3.46\pic18-lt\cxx-framework\src\traditional\proc\p18f4520.asm
                  INTCON3   0x000ff0       data     extern E:\c18v3.46\pic18-lt\cxx-framework\src\traditional\proc\p18f4520.asm
              INTCON2bits   0x000ff1       data     extern E:\c18v3.46\pic18-lt\cxx-framework\src\traditional\proc\p18f4520.asm
                  INTCON2   0x000ff1       data     extern E:\c18v3.46\pic18-lt\cxx-framework\src\traditional\proc\p18f4520.asm
               INTCONbits   0x000ff2       data     extern E:\c18v3.46\pic18-lt\cxx-framework\src\traditional\proc\p18f4520.asm
                   INTCON   0x000ff2       data     extern E:\c18v3.46\pic18-lt\cxx-framework\src\traditional\proc\p18f4520.asm
                     PROD   0x000ff3       data     extern E:\c18v3.46\pic18-lt\cxx-framework\src\traditional\proc\p18f4520.asm
                    PRODL   0x000ff3       data     extern E:\c18v3.46\pic18-lt\cxx-framework\src\traditional\proc\p18f4520.asm
                    PRODH   0x000ff4       data     extern E:\c18v3.46\pic18-lt\cxx-framework\src\traditional\proc\p18f4520.asm
                   TABLAT   0x000ff5       data     extern E:\c18v3.46\pic18-lt\cxx-framework\src\traditional\proc\p18f4520.asm
                   TBLPTR   0x000ff6       data     extern E:\c18v3.46\pic18-lt\cxx-framework\src\traditional\proc\p18f4520.asm
                  TBLPTRL   0x000ff6       data     extern E:\c18v3.46\pic18-lt\cxx-framework\src\traditional\proc\p18f4520.asm
                  TBLPTRH   0x000ff7       data     extern E:\c18v3.46\pic18-lt\cxx-framework\src\traditional\proc\p18f4520.asm
                  TBLPTRU   0x000ff8       data     extern E:\c18v3.46\pic18-lt\cxx-framework\src\traditional\proc\p18f4520.asm
                       PC   0x000ff9       data     extern E:\c18v3.46\pic18-lt\cxx-framework\src\traditional\proc\p18f4520.asm
                      PCL   0x000ff9       data     extern E:\c18v3.46\pic18-lt\cxx-framework\src\traditional\proc\p18f4520.asm
                   PCLATH   0x000ffa       data     extern E:\c18v3.46\pic18-lt\cxx-framework\src\traditional\proc\p18f4520.asm
                   PCLATU   0x000ffb       data     extern E:\c18v3.46\pic18-lt\cxx-framework\src\traditional\proc\p18f4520.asm
               STKPTRbits   0x000ffc       data     extern E:\c18v3.46\pic18-lt\cxx-framework\src\traditional\proc\p18f4520.asm
                   STKPTR   0x000ffc       data     extern E:\c18v3.46\pic18-lt\cxx-framework\src\traditional\proc\p18f4520.asm
                     TOSL   0x000ffd       data     extern E:\c18v3.46\pic18-lt\cxx-framework\src\traditional\proc\p18f4520.asm
                      TOS   0x000ffd       data     extern E:\c18v3.46\pic18-lt\cxx-framework\src\traditional\proc\p18f4520.asm
                     TOSH   0x000ffe       data     extern E:\c18v3.46\pic18-lt\cxx-framework\src\traditional\proc\p18f4520.asm
                     TOSU   0x000fff       data     extern E:\c18v3.46\pic18-lt\cxx-framework\src\traditional\proc\p18f4520.asm


